
 Start         Length     Name                   Class
 0001:00000000 00046AC8H .text                   CODE
 0002:00000000 00000FDCH .data                   DATA
 0002:00000FDC 00000171H .bss                    BSS


Detailed map of segments

 0001:00000000 00000286 C=CODE     S=.text    G=(none)   M=System   ACBP=A9
 0001:00000288 000001EC C=CODE     S=.text    G=(none)   M=SysInit  ACBP=A9
 0001:00000474 000001A4 C=CODE     S=.text    G=(none)   M=Windows  ACBP=A9
 0001:00000618 0000000E C=CODE     S=.text    G=(none)   M=Types    ACBP=A9
 0001:00000628 0000012E C=CODE     S=.text    G=(none)   M=SysUtils ACBP=A9
 0001:00000758 0000000E C=CODE     S=.text    G=(none)   M=SysConst ACBP=A9
 0001:00000768 00000356 C=CODE     S=.text    G=(none)   M=Classes  ACBP=A9
 0001:00000AC0 0000000E C=CODE     S=.text    G=(none)   M=ActiveX  ACBP=A9
 0001:00000AD0 00000038 C=CODE     S=.text    G=(none)   M=Messages ACBP=A9
 0001:00000B08 0000000E C=CODE     S=.text    G=(none)   M=TypInfo  ACBP=A9
 0001:00000B18 0000000E C=CODE     S=.text    G=(none)   M=Variants ACBP=A9
 0001:00000B28 0000000E C=CODE     S=.text    G=(none)   M=VarUtils ACBP=A9
 0001:00000B38 0000000E C=CODE     S=.text    G=(none)   M=RTLConsts ACBP=A9
 0001:00000B48 0000001E C=CODE     S=.text    G=(none)   M=Dialogs  ACBP=A9
 0001:00000B68 00000038 C=CODE     S=.text    G=(none)   M=ShlObj   ACBP=A9
 0001:00000BA0 00000038 C=CODE     S=.text    G=(none)   M=UrlMon   ACBP=A9
 0001:00000BD8 00000038 C=CODE     S=.text    G=(none)   M=WinInet  ACBP=A9
 0001:00000C10 00000038 C=CODE     S=.text    G=(none)   M=RegStr   ACBP=A9
 0001:00000C48 00000038 C=CODE     S=.text    G=(none)   M=ShellAPI ACBP=A9
 0001:00000C80 00000050 C=CODE     S=.text    G=(none)   M=CommCtrl ACBP=A9
 0001:00000CD0 0000000E C=CODE     S=.text    G=(none)   M=Printers ACBP=A9
 0001:00000CE0 0000015E C=CODE     S=.text    G=(none)   M=Forms    ACBP=A9
 0001:00000E40 0000000E C=CODE     S=.text    G=(none)   M=HelpIntfs ACBP=A9
 0001:00000E50 0000000E C=CODE     S=.text    G=(none)   M=Contnrs  ACBP=A9
 0001:00000E60 0000000E C=CODE     S=.text    G=(none)   M=Math     ACBP=A9
 0001:00000E70 0000000E C=CODE     S=.text    G=(none)   M=MultiMon ACBP=A9
 0001:00000E80 0000000E C=CODE     S=.text    G=(none)   M=ActnList ACBP=A9
 0001:00000E90 0000001E C=CODE     S=.text    G=(none)   M=ImgList  ACBP=A9
 0001:00000EB0 00000076 C=CODE     S=.text    G=(none)   M=Graphics ACBP=A9
 0001:00000F28 0000000E C=CODE     S=.text    G=(none)   M=Consts   ACBP=A9
 0001:00000F38 000002B6 C=CODE     S=.text    G=(none)   M=Controls ACBP=A9
 0001:000011F0 00000038 C=CODE     S=.text    G=(none)   M=Imm      ACBP=A9
 0001:00001228 00000026 C=CODE     S=.text    G=(none)   M=Menus    ACBP=A9
 0001:00001250 0000000E C=CODE     S=.text    G=(none)   M=WinHelpViewer ACBP=A9
 0001:00001260 0000000E C=CODE     S=.text    G=(none)   M=StdActns ACBP=A9
 0001:00001270 00000038 C=CODE     S=.text    G=(none)   M=WinSpool ACBP=A9
 0001:000012A8 00000106 C=CODE     S=.text    G=(none)   M=StdCtrls ACBP=A9
 0001:000013B0 00000038 C=CODE     S=.text    G=(none)   M=CommDlg  ACBP=A9
 0001:000013E8 00000038 C=CODE     S=.text    G=(none)   M=Dlgs     ACBP=A9
 0001:00001420 00000036 C=CODE     S=.text    G=(none)   M=ExtCtrls ACBP=A9
 0001:00001458 0000000E C=CODE     S=.text    G=(none)   M=StrUtils ACBP=A9
 0001:00001468 00000016 C=CODE     S=.text    G=(none)   M=Clipbrd  ACBP=A9
 0001:00001480 0000000E C=CODE     S=.text    G=(none)   M=FlatSB   ACBP=A9
 0001:00001490 00000016 C=CODE     S=.text    G=(none)   M=IniFiles ACBP=A9
 0001:000014A8 0000000E C=CODE     S=.text    G=(none)   M=EditIntf ACBP=A9
 0001:000014B8 00000036 C=CODE     S=.text    G=(none)   M=VirtIntf ACBP=A9
 0001:000014F0 0000000E C=CODE     S=.text    G=(none)   M=ExptIntf ACBP=A9
 0001:00001500 0000000E C=CODE     S=.text    G=(none)   M=ToolIntf ACBP=A9
 0001:00001510 0000000E C=CODE     S=.text    G=(none)   M=FileIntf ACBP=A9
 0001:00001520 00000038 C=CODE     S=.text    G=(none)   M=RefObject ACBP=A9
 0001:00001558 00000040 C=CODE     S=.text    G=(none)   M=MMSystem ACBP=A9
 0001:00001598 00000086 C=CODE     S=.text    G=(none)   M=Registry ACBP=A9
 0001:00001620 000002C0 C=CODE     S=.text    G=(none)   M=ShellTools ACBP=A9
 0001:000018E0 00000C30 C=CODE     S=.text    G=(none)   M=constant_strings ACBP=A9
 0001:00002510 000009FC C=CODE     S=.text    G=(none)   M=Constant ACBP=A9
 0001:00002F0C 000002AE C=CODE     S=.text    G=(none)   M=ComCtrls ACBP=A9
 0001:000031BC 0000000E C=CODE     S=.text    G=(none)   M=ListActns ACBP=A9
 0001:000031CC 0000000E C=CODE     S=.text    G=(none)   M=ToolWin  ACBP=A9
 0001:000031DC 00000038 C=CODE     S=.text    G=(none)   M=RichEdit ACBP=A9
 0001:00003214 0000000E C=CODE     S=.text    G=(none)   M=ExtActns ACBP=A9
 0001:00003224 0000000E C=CODE     S=.text    G=(none)   M=ExtDlgs  ACBP=A9
 0001:00003234 0000000E C=CODE     S=.text    G=(none)   M=Buttons  ACBP=A9
 0001:00003244 0000000E C=CODE     S=.text    G=(none)   M=Mapi     ACBP=A9
 0001:00003254 0000000E C=CODE     S=.text    G=(none)   M=ComStrs  ACBP=A9
 0001:00003264 000008F0 C=CODE     S=.text    G=(none)   M=SimpleIPC ACBP=A9
 0001:00003B54 00000B70 C=CODE     S=.text    G=(none)   M=Tools    ACBP=A9
 0001:000046C4 000008D0 C=CODE     S=.text    G=(none)   M=Representation ACBP=A9
 0001:00004F94 00001238 C=CODE     S=.text    G=(none)   M=AdvancedClasses ACBP=A9
 0001:000061CC 00000838 C=CODE     S=.text    G=(none)   M=Lists    ACBP=A9
 0001:00006A04 00000C68 C=CODE     S=.text    G=(none)   M=Graphs   ACBP=A9
 0001:0000766C 00000668 C=CODE     S=.text    G=(none)   M=StreamTools ACBP=A9
 0001:00007CD4 00001174 C=CODE     S=.text    G=(none)   M=VersionResource ACBP=A9
 0001:00008E48 00001204 C=CODE     S=.text    G=(none)   M=Filtering ACBP=A9
 0001:0000A04C 00000240 C=CODE     S=.text    G=(none)   M=TokenizerUtils ACBP=A9
 0001:0000A28C 00000038 C=CODE     S=.text    G=(none)   M=Tokens   ACBP=A9
 0001:0000A2C4 000004F0 C=CODE     S=.text    G=(none)   M=Tokenizer ACBP=A9
 0001:0000A7B4 00000038 C=CODE     S=.text    G=(none)   M=PascalTokens ACBP=A9
 0001:0000A7EC 00002594 C=CODE     S=.text    G=(none)   M=PascalTokenizer ACBP=A9
 0001:0000CD80 000007F8 C=CODE     S=.text    G=(none)   M=PascalCodeFinder ACBP=A9
 0001:0000D578 00000038 C=CODE     S=.text    G=(none)   M=CPPTokens ACBP=A9
 0001:0000D5B0 00002644 C=CODE     S=.text    G=(none)   M=CPPTokenizer ACBP=A9
 0001:0000FBF4 00004A64 C=CODE     S=.text    G=(none)   M=CPPParser ACBP=A9
 0001:00014658 00000A10 C=CODE     S=.text    G=(none)   M=CPPCodeFinder ACBP=A9
 0001:00015068 0000089C C=CODE     S=.text    G=(none)   M=FindInFile ACBP=A9
 0001:00015904 00000E60 C=CODE     S=.text    G=(none)   M=CodeMarkers ACBP=A9
 0001:00016764 0000000E C=CODE     S=.text    G=(none)   M=EK       ACBP=A9
 0001:00016774 00000026 C=CODE     S=.text    G=(none)   M=EnvOptions ACBP=A9
 0001:0001679C 0000000E C=CODE     S=.text    G=(none)   M=ComponentDesigner ACBP=A9
 0001:000167AC 0000001E C=CODE     S=.text    G=(none)   M=Events   ACBP=A9
 0001:000167CC 0000000E C=CODE     S=.text    G=(none)   M=ToolUtils ACBP=A9
 0001:000167DC 0000000E C=CODE     S=.text    G=(none)   M=DesignIntf ACBP=A9
 0001:000167EC 0000000E C=CODE     S=.text    G=(none)   M=DesignMenus ACBP=A9
 0001:000167FC 0000000E C=CODE     S=.text    G=(none)   M=ToolsAPI ACBP=A9
 0001:0001680C 0000000E C=CODE     S=.text    G=(none)   M=Update   ACBP=A9
 0001:0001681C 0000000E C=CODE     S=.text    G=(none)   M=LibConst ACBP=A9
 0001:0001682C 0000000E C=CODE     S=.text    G=(none)   M=DesignEditors ACBP=A9
 0001:0001683C 0000000E C=CODE     S=.text    G=(none)   M=Proxies  ACBP=A9
 0001:0001684C 0000000E C=CODE     S=.text    G=(none)   M=DesignConst ACBP=A9
 0001:0001685C 0000000E C=CODE     S=.text    G=(none)   M=Designer ACBP=A9
 0001:0001686C 0000000E C=CODE     S=.text    G=(none)   M=TopLevels ACBP=A9
 0001:0001687C 0000000E C=CODE     S=.text    G=(none)   M=StFilSys ACBP=A9
 0001:0001688C 0000000E C=CODE     S=.text    G=(none)   M=IStreams ACBP=A9
 0001:0001689C 0000000E C=CODE     S=.text    G=(none)   M=AxCtrls  ACBP=A9
 0001:000168AC 0000000E C=CODE     S=.text    G=(none)   M=StdVCL   ACBP=A9
 0001:000168BC 0000000E C=CODE     S=.text    G=(none)   M=ComObj   ACBP=A9
 0001:000168CC 0000000E C=CODE     S=.text    G=(none)   M=ComConst ACBP=A9
 0001:000168DC 0000000E C=CODE     S=.text    G=(none)   M=TreeIntf ACBP=A9
 0001:000168EC 0000000E C=CODE     S=.text    G=(none)   M=AddInEnvOptions ACBP=A9
 0001:000168FC 0000000E C=CODE     S=.text    G=(none)   M=BaseEnvironDialog ACBP=A9
 0001:0001690C 0000004E C=CODE     S=.text    G=(none)   M=DeskForm ACBP=A9
 0001:0001695C 0000000E C=CODE     S=.text    G=(none)   M=DeskStrs ACBP=A9
 0001:0001696C 00000056 C=CODE     S=.text    G=(none)   M=IDEPropSheet ACBP=A9
 0001:000169C4 0000000E C=CODE     S=.text    G=(none)   M=IDEConst ACBP=A9
 0001:000169D4 0000000E C=CODE     S=.text    G=(none)   M=OptIntf  ACBP=A9
 0001:000169E4 0000000E C=CODE     S=.text    G=(none)   M=IDEHistoryManager ACBP=A9
 0001:000169F4 0000000E C=CODE     S=.text    G=(none)   M=IDERegIniPropSet ACBP=A9
 0001:00016A04 0000001E C=CODE     S=.text    G=(none)   M=IDEPropSet ACBP=A9
 0001:00016A24 0000000E C=CODE     S=.text    G=(none)   M=Mask     ACBP=A9
 0001:00016A34 0000000E C=CODE     S=.text    G=(none)   M=MaskUtils ACBP=A9
 0001:00016A44 0000000E C=CODE     S=.text    G=(none)   M=PackageList ACBP=A9
 0001:00016A54 0000000E C=CODE     S=.text    G=(none)   M=UIUtils  ACBP=A9
 0001:00016A64 0000000E C=CODE     S=.text    G=(none)   M=VerInf   ACBP=A9
 0001:00016A74 0000000E C=CODE     S=.text    G=(none)   M=ComTypes ACBP=A9
 0001:00016A84 0000000E C=CODE     S=.text    G=(none)   M=DbkHelper ACBP=A9
 0001:00016A94 0000000E C=CODE     S=.text    G=(none)   M=dbk_tlb  ACBP=A9
 0001:00016AA4 0000000E C=CODE     S=.text    G=(none)   M=OleCtrls ACBP=A9
 0001:00016AB4 0000000E C=CODE     S=.text    G=(none)   M=OleConst ACBP=A9
 0001:00016AC4 0000000E C=CODE     S=.text    G=(none)   M=ResUtils ACBP=A9
 0001:00016AD4 0000000E C=CODE     S=.text    G=(none)   M=Grids    ACBP=A9
 0001:00016AE4 0000000E C=CODE     S=.text    G=(none)   M=IDEVersionInfo ACBP=A9
 0001:00016AF4 00000016 C=CODE     S=.text    G=(none)   M=AppStrs  ACBP=A9
 0001:00016B0C 0000000E C=CODE     S=.text    G=(none)   M=RegistryEx ACBP=A9
 0001:00016B1C 0000000E C=CODE     S=.text    G=(none)   M=AppConst ACBP=A9
 0001:00016B2C 0000000E C=CODE     S=.text    G=(none)   M=FileCtrl ACBP=A9
 0001:00016B3C 0000000E C=CODE     S=.text    G=(none)   M=EnvVariableFrame ACBP=A9
 0001:00016B4C 0000000E C=CODE     S=.text    G=(none)   M=EnvVariableEntry ACBP=A9
 0001:00016B5C 0000000E C=CODE     S=.text    G=(none)   M=KbClient ACBP=A9
 0001:00016B6C 0000000E C=CODE     S=.text    G=(none)   M=IDEServices ACBP=A9
 0001:00016B7C 0000000E C=CODE     S=.text    G=(none)   M=CodeMgr  ACBP=A9
 0001:00016B8C 0000000E C=CODE     S=.text    G=(none)   M=IDEModel ACBP=A9
 0001:00016B9C 0000000E C=CODE     S=.text    G=(none)   M=IDEEvent ACBP=A9
 0001:00016BAC 0000000E C=CODE     S=.text    G=(none)   M=IDEUtil  ACBP=A9
 0001:00016BBC 0000000E C=CODE     S=.text    G=(none)   M=Containers ACBP=A9
 0001:00016BCC 0000000E C=CODE     S=.text    G=(none)   M=MakeObjs ACBP=A9
 0001:00016BDC 0000000E C=CODE     S=.text    G=(none)   M=ProjectMgr ACBP=A9
 0001:00016BEC 0000000E C=CODE     S=.text    G=(none)   M=IDEControl ACBP=A9
 0001:00016BFC 0000000E C=CODE     S=.text    G=(none)   M=IDEPeer  ACBP=A9
 0001:00016C0C 0000000E C=CODE     S=.text    G=(none)   M=IDEItem  ACBP=A9
 0001:00016C1C 0000000E C=CODE     S=.text    G=(none)   M=IDEUIEvent ACBP=A9
 0001:00016C2C 0000000E C=CODE     S=.text    G=(none)   M=IDEFixups ACBP=A9
 0001:00016C3C 0000000E C=CODE     S=.text    G=(none)   M=IDEMulticast ACBP=A9
 0001:00016C4C 0000000E C=CODE     S=.text    G=(none)   M=IDEMessages ACBP=A9
 0001:00016C5C 0000000E C=CODE     S=.text    G=(none)   M=IDEViewImpl ACBP=A9
 0001:00016C6C 0000000E C=CODE     S=.text    G=(none)   M=IDEUtil2 ACBP=A9
 0001:00016C7C 0000000E C=CODE     S=.text    G=(none)   M=IDESubfocus ACBP=A9
 0001:00016C8C 0000000E C=CODE     S=.text    G=(none)   M=IDESelection ACBP=A9
 0001:00016C9C 0000000E C=CODE     S=.text    G=(none)   M=IDEModelEvent ACBP=A9
 0001:00016CAC 0000000E C=CODE     S=.text    G=(none)   M=IDEViewManager ACBP=A9
 0001:00016CBC 0000000E C=CODE     S=.text    G=(none)   M=IDEView  ACBP=A9
 0001:00016CCC 0000000E C=CODE     S=.text    G=(none)   M=IDEItemEditors ACBP=A9
 0001:00016CDC 0000000E C=CODE     S=.text    G=(none)   M=IDEItemPainters ACBP=A9
 0001:00016CEC 0000000E C=CODE     S=.text    G=(none)   M=IDEGraphImpl ACBP=A9
 0001:00016CFC 0000000E C=CODE     S=.text    G=(none)   M=IDEJgl   ACBP=A9
 0001:00016D0C 0000000E C=CODE     S=.text    G=(none)   M=IDESelectionImpl ACBP=A9
 0001:00016D1C 0000000E C=CODE     S=.text    G=(none)   M=IDESubfocusImpl ACBP=A9
 0001:00016D2C 0000000E C=CODE     S=.text    G=(none)   M=IDEModelImpl ACBP=A9
 0001:00016D3C 0000000E C=CODE     S=.text    G=(none)   M=IDEVectorImpl ACBP=A9
 0001:00016D4C 0000000E C=CODE     S=.text    G=(none)   M=IDESingletonImpl ACBP=A9
 0001:00016D5C 0000000E C=CODE     S=.text    G=(none)   M=IDEViewManagerImpl ACBP=A9
 0001:00016D6C 00000016 C=CODE     S=.text    G=(none)   M=Modules  ACBP=A9
 0001:00016D84 0000000E C=CODE     S=.text    G=(none)   M=EditorViewSupport ACBP=A9
 0001:00016D94 0000000E C=CODE     S=.text    G=(none)   M=CompIntf ACBP=A9
 0001:00016DA4 0000000E C=CODE     S=.text    G=(none)   M=ExplorerIntf ACBP=A9
 0001:00016DB4 0000000E C=CODE     S=.text    G=(none)   M=Updaters ACBP=A9
 0001:00016DC4 0000000E C=CODE     S=.text    G=(none)   M=Symbols  ACBP=A9
 0001:00016DD4 0000000E C=CODE     S=.text    G=(none)   M=Context  ACBP=A9
 0001:00016DE4 0000000E C=CODE     S=.text    G=(none)   M=ProjectIntf ACBP=A9
 0001:00016DF4 0000000E C=CODE     S=.text    G=(none)   M=ComInOut ACBP=A9
 0001:00016E04 0000000E C=CODE     S=.text    G=(none)   M=SyncObjs ACBP=A9
 0001:00016E14 0000000E C=CODE     S=.text    G=(none)   M=ComMgr   ACBP=A9
 0001:00016E24 0000000E C=CODE     S=.text    G=(none)   M=TypeLib  ACBP=A9
 0001:00016E34 0000000E C=CODE     S=.text    G=(none)   M=tlberror ACBP=A9
 0001:00016E44 0000000E C=CODE     S=.text    G=(none)   M=TlbConst ACBP=A9
 0001:00016E54 0000000E C=CODE     S=.text    G=(none)   M=regutl   ACBP=A9
 0001:00016E64 0000000E C=CODE     S=.text    G=(none)   M=TlbHash  ACBP=A9
 0001:00016E74 0000000E C=CODE     S=.text    G=(none)   M=tlbdebug ACBP=A9
 0001:00016E84 0000000E C=CODE     S=.text    G=(none)   M=guidutl  ACBP=A9
 0001:00016E94 0000000E C=CODE     S=.text    G=(none)   M=ComPlusUtl ACBP=A9
 0001:00016EA4 0000000E C=CODE     S=.text    G=(none)   M=DTLWrite ACBP=A9
 0001:00016EB4 0000000E C=CODE     S=.text    G=(none)   M=TlbWrite ACBP=A9
 0001:00016EC4 0000000E C=CODE     S=.text    G=(none)   M=TlbUtils ACBP=A9
 0001:00016ED4 0000000E C=CODE     S=.text    G=(none)   M=AgeCache ACBP=A9
 0001:00016EE4 0000000E C=CODE     S=.text    G=(none)   M=StatIntf ACBP=A9
 0001:00016EF4 0000000E C=CODE     S=.text    G=(none)   M=Creators ACBP=A9
 0001:00016F04 0000000E C=CODE     S=.text    G=(none)   M=Debug    ACBP=A9
 0001:00016F14 0000000E C=CODE     S=.text    G=(none)   M=PakLoad  ACBP=A9
 0001:00016F24 0000000E C=CODE     S=.text    G=(none)   M=VEdOpts  ACBP=A9
 0001:00016F34 0000000E C=CODE     S=.text    G=(none)   M=EdKrnl   ACBP=A9
 0001:00016F44 0000000E C=CODE     S=.text    G=(none)   M=VEdTypes ACBP=A9
 0001:00016F54 0000000E C=CODE     S=.text    G=(none)   M=IDEKbd   ACBP=A9
 0001:00016F64 0000000E C=CODE     S=.text    G=(none)   M=MsgLines ACBP=A9
 0001:00016F74 0000000E C=CODE     S=.text    G=(none)   M=MsgLinesIntf ACBP=A9
 0001:00016F84 0000000E C=CODE     S=.text    G=(none)   M=MsgViewForm ACBP=A9
 0001:00016F94 0000000E C=CODE     S=.text    G=(none)   M=Tabs     ACBP=A9
 0001:00016FA4 0000000E C=CODE     S=.text    G=(none)   M=MsgView  ACBP=A9
 0001:00016FB4 0000000E C=CODE     S=.text    G=(none)   M=AppUtils ACBP=A9
 0001:00016FC4 0000002E C=CODE     S=.text    G=(none)   M=Editors  ACBP=A9
 0001:00016FF4 0000000E C=CODE     S=.text    G=(none)   M=IDEMenuAction ACBP=A9
 0001:00017004 0000000E C=CODE     S=.text    G=(none)   M=IDEDockPanel ACBP=A9
 0001:00017014 0000000E C=CODE     S=.text    G=(none)   M=TabDock  ACBP=A9
 0001:00017024 00000046 C=CODE     S=.text    G=(none)   M=DockForm ACBP=A9
 0001:0001706C 0000000E C=CODE     S=.text    G=(none)   M=DeskUtil ACBP=A9
 0001:0001707C 0000000E C=CODE     S=.text    G=(none)   M=IDEDockCtrls ACBP=A9
 0001:0001708C 0000000E C=CODE     S=.text    G=(none)   M=BaseDock ACBP=A9
 0001:0001709C 0000000E C=CODE     S=.text    G=(none)   M=JoinDock ACBP=A9
 0001:000170AC 0000000E C=CODE     S=.text    G=(none)   M=IDETabControl ACBP=A9
 0001:000170BC 0000003E C=CODE     S=.text    G=(none)   M=BaseModExplorerForm ACBP=A9
 0001:000170FC 0000000E C=CODE     S=.text    G=(none)   M=PakUtil  ACBP=A9
 0001:0001710C 0000000E C=CODE     S=.text    G=(none)   M=DocModul ACBP=A9
 0001:0001711C 0000000E C=CODE     S=.text    G=(none)   M=VirtFile ACBP=A9
 0001:0001712C 0000000E C=CODE     S=.text    G=(none)   M=ToolMain ACBP=A9
 0001:0001713C 0000000E C=CODE     S=.text    G=(none)   M=Gallery  ACBP=A9
 0001:0001714C 0000000E C=CODE     S=.text    G=(none)   M=CmdConst ACBP=A9
 0001:0001715C 0000000E C=CODE     S=.text    G=(none)   M=EdTrackr ACBP=A9
 0001:0001716C 0000000E C=CODE     S=.text    G=(none)   M=EdProcs  ACBP=A9
 0001:0001717C 0000000E C=CODE     S=.text    G=(none)   M=EdToken  ACBP=A9
 0001:0001718C 0000000E C=CODE     S=.text    G=(none)   M=MsgWnds  ACBP=A9
 0001:0001719C 0000000E C=CODE     S=.text    G=(none)   M=FileFind ACBP=A9
 0001:000171AC 0000000E C=CODE     S=.text    G=(none)   M=DebugOpts ACBP=A9
 0001:000171BC 0000000E C=CODE     S=.text    G=(none)   M=ExprDlg  ACBP=A9
 0001:000171CC 0000000E C=CODE     S=.text    G=(none)   M=IDEPropCtrls ACBP=A9
 0001:000171DC 0000000E C=CODE     S=.text    G=(none)   M=ColorGrd ACBP=A9
 0001:000171EC 0000000E C=CODE     S=.text    G=(none)   M=EvalMod  ACBP=A9
 0001:000171FC 0000000E C=CODE     S=.text    G=(none)   M=DockToolForm ACBP=A9
 0001:0001720C 0000000E C=CODE     S=.text    G=(none)   M=IDECommandButton ACBP=A9
 0001:0001721C 0000000E C=CODE     S=.text    G=(none)   M=IDEIntf  ACBP=A9
 0001:0001722C 0000000E C=CODE     S=.text    G=(none)   M=DebugFindFile ACBP=A9
 0001:0001723C 0000000E C=CODE     S=.text    G=(none)   M=DataBPModify ACBP=A9
 0001:0001724C 0000000E C=CODE     S=.text    G=(none)   M=DataBPAdd ACBP=A9
 0001:0001725C 0000000E C=CODE     S=.text    G=(none)   M=AdrBPAdd ACBP=A9
 0001:0001726C 0000000E C=CODE     S=.text    G=(none)   M=Verify   ACBP=A9
 0001:0001727C 0000000E C=CODE     S=.text    G=(none)   M=ComDebug ACBP=A9
 0001:0001728C 0000000E C=CODE     S=.text    G=(none)   M=BPModify ACBP=A9
 0001:0001729C 0000000E C=CODE     S=.text    G=(none)   M=BPAdd    ACBP=A9
 0001:000172AC 0000000E C=CODE     S=.text    G=(none)   M=AdrBPModify ACBP=A9
 0001:000172BC 0000000E C=CODE     S=.text    G=(none)   M=GetAddr  ACBP=A9
 0001:000172CC 0000000E C=CODE     S=.text    G=(none)   M=DisView  ACBP=A9
 0001:000172DC 0000000E C=CODE     S=.text    G=(none)   M=PkgProjects ACBP=A9
 0001:000172EC 0000000E C=CODE     S=.text    G=(none)   M=Desktop  ACBP=A9
 0001:000172FC 0000000E C=CODE     S=.text    G=(none)   M=ProjectFrm ACBP=A9
 0001:0001730C 0000000E C=CODE     S=.text    G=(none)   M=TreeSearch ACBP=A9
 0001:0001731C 0000000E C=CODE     S=.text    G=(none)   M=PkgEditors ACBP=A9
 0001:0001732C 0000000E C=CODE     S=.text    G=(none)   M=PkgContainers ACBP=A9
 0001:0001733C 0000000E C=CODE     S=.text    G=(none)   M=CompHelp ACBP=A9
 0001:0001734C 0000000E C=CODE     S=.text    G=(none)   M=WinHelpTester ACBP=A9
 0001:0001735C 0000000E C=CODE     S=.text    G=(none)   M=HelpList ACBP=A9
 0001:0001736C 0000000E C=CODE     S=.text    G=(none)   M=PrintSel ACBP=A9
 0001:0001737C 0000000E C=CODE     S=.text    G=(none)   M=HelpSelector ACBP=A9
 0001:0001738C 0000000E C=CODE     S=.text    G=(none)   M=ComPrgrs ACBP=A9
 0001:0001739C 0000000E C=CODE     S=.text    G=(none)   M=Compiler ACBP=A9
 0001:000173AC 0000000E C=CODE     S=.text    G=(none)   M=PackageState ACBP=A9
 0001:000173BC 0000000E C=CODE     S=.text    G=(none)   M=PakMgr   ACBP=A9
 0001:000173CC 0000000E C=CODE     S=.text    G=(none)   M=ExpertReg ACBP=A9
 0001:000173DC 0000000E C=CODE     S=.text    G=(none)   M=CompList ACBP=A9
 0001:000173EC 0000000E C=CODE     S=.text    G=(none)   M=PalMgr   ACBP=A9
 0001:000173FC 0000000E C=CODE     S=.text    G=(none)   M=ViewDlg  ACBP=A9
 0001:0001740C 0000000E C=CODE     S=.text    G=(none)   M=Palettes ACBP=A9
 0001:0001741C 0000000E C=CODE     S=.text    G=(none)   M=PakWarn  ACBP=A9
 0001:0001742C 0000000E C=CODE     S=.text    G=(none)   M=AddRequires ACBP=A9
 0001:0001743C 0000000E C=CODE     S=.text    G=(none)   M=AddContainsRequiresBase ACBP=A9
 0001:0001744C 0000000E C=CODE     S=.text    G=(none)   M=PackageAddBase ACBP=A9
 0001:0001745C 0000000E C=CODE     S=.text    G=(none)   M=AddContains ACBP=A9
 0001:0001746C 0000000E C=CODE     S=.text    G=(none)   M=AddContainsRequires ACBP=A9
 0001:0001747C 0000000E C=CODE     S=.text    G=(none)   M=PakAnaly ACBP=A9
 0001:0001748C 0000000E C=CODE     S=.text    G=(none)   M=PakList  ACBP=A9
 0001:0001749C 0000000E C=CODE     S=.text    G=(none)   M=CheckLst ACBP=A9
 0001:000174AC 0000000E C=CODE     S=.text    G=(none)   M=PakRemRu ACBP=A9
 0001:000174BC 0000000E C=CODE     S=.text    G=(none)   M=InstColl ACBP=A9
 0001:000174CC 0000000E C=CODE     S=.text    G=(none)   M=Archiver ACBP=A9
 0001:000174DC 0000000E C=CODE     S=.text    G=(none)   M=ZLib     ACBP=A9
 0001:000174EC 0000000E C=CODE     S=.text    G=(none)   M=ZLibConst ACBP=A9
 0001:000174FC 0000000E C=CODE     S=.text    G=(none)   M=PCEGlobs ACBP=A9
 0001:0001750C 0000000E C=CODE     S=.text    G=(none)   M=PakCust  ACBP=A9
 0001:0001751C 0000000E C=CODE     S=.text    G=(none)   M=PkgDir   ACBP=A9
 0001:0001752C 0000000E C=CODE     S=.text    G=(none)   M=PakComp  ACBP=A9
 0001:0001753C 0000000E C=CODE     S=.text    G=(none)   M=FileHist ACBP=A9
 0001:0001754C 0000000E C=CODE     S=.text    G=(none)   M=ProjectItem ACBP=A9
 0001:0001755C 0000000E C=CODE     S=.text    G=(none)   M=PrefOptDlg ACBP=A9
 0001:0001756C 0000000E C=CODE     S=.text    G=(none)   M=ReposCfg ACBP=A9
 0001:0001757C 0000000E C=CODE     S=.text    G=(none)   M=EditTpl  ACBP=A9
 0001:0001758C 0000000E C=CODE     S=.text    G=(none)   M=Template ACBP=A9
 0001:0001759C 0000000E C=CODE     S=.text    G=(none)   M=PrjTpl   ACBP=A9
 0001:000175AC 0000000E C=CODE     S=.text    G=(none)   M=FormTpl  ACBP=A9
 0001:000175BC 0000000E C=CODE     S=.text    G=(none)   M=PalEdit  ACBP=A9
 0001:000175CC 0000000E C=CODE     S=.text    G=(none)   M=GalBrow  ACBP=A9
 0001:000175DC 0000000E C=CODE     S=.text    G=(none)   M=ExptMain ACBP=A9
 0001:000175EC 0000000E C=CODE     S=.text    G=(none)   M=ParserThread ACBP=A9
 0001:000175FC 0000000E C=CODE     S=.text    G=(none)   M=EditMain ACBP=A9
 0001:0001760C 0000000E C=CODE     S=.text    G=(none)   M=VcsMain  ACBP=A9
 0001:0001761C 0000000E C=CODE     S=.text    G=(none)   M=VcsIntf  ACBP=A9
 0001:0001762C 0000000E C=CODE     S=.text    G=(none)   M=NewFile  ACBP=A9
 0001:0001763C 0000000E C=CODE     S=.text    G=(none)   M=DisComp  ACBP=A9
 0001:0001764C 0000000E C=CODE     S=.text    G=(none)   M=SelectTh ACBP=A9
 0001:0001765C 0000000E C=CODE     S=.text    G=(none)   M=WinMsg   ACBP=A9
 0001:0001766C 0000000E C=CODE     S=.text    G=(none)   M=EdScript ACBP=A9
 0001:0001767C 0000000E C=CODE     S=.text    G=(none)   M=GotoLine ACBP=A9
 0001:0001768C 0000000E C=CODE     S=.text    G=(none)   M=VClient  ACBP=A9
 0001:0001769C 0000000E C=CODE     S=.text    G=(none)   M=SrchPrgs ACBP=A9
 0001:000176AC 0000000E C=CODE     S=.text    G=(none)   M=SrchDlg  ACBP=A9
 0001:000176BC 0000000E C=CODE     S=.text    G=(none)   M=WinList  ACBP=A9
 0001:000176CC 0000000E C=CODE     S=.text    G=(none)   M=BarFrm   ACBP=A9
 0001:000176DC 0000000E C=CODE     S=.text    G=(none)   M=BottomBarFrm ACBP=A9
 0001:000176EC 0000000E C=CODE     S=.text    G=(none)   M=RightBarFrm ACBP=A9
 0001:000176FC 0000000E C=CODE     S=.text    G=(none)   M=LeftBarFrm ACBP=A9
 0001:0001770C 0000000E C=CODE     S=.text    G=(none)   M=MainWorkFrm ACBP=A9
 0001:0001771C 0000000E C=CODE     S=.text    G=(none)   M=WorkFrm  ACBP=A9
 0001:0001772C 0000000E C=CODE     S=.text    G=(none)   M=PrintSes ACBP=A9
 0001:0001773C 0000000E C=CODE     S=.text    G=(none)   M=PrintSts ACBP=A9
 0001:0001774C 0000000E C=CODE     S=.text    G=(none)   M=OptStr   ACBP=A9
 0001:0001775C 0000000E C=CODE     S=.text    G=(none)   M=RplcDlg  ACBP=A9
 0001:0001776C 0000000E C=CODE     S=.text    G=(none)   M=FileMain ACBP=A9
 0001:0001777C 0000000E C=CODE     S=.text    G=(none)   M=WorkspaceCrtrs ACBP=A9
 0001:0001778C 000007A4 C=CODE     S=.text    G=(none)   M=CodeBuilder ACBP=A9
 0001:00017F30 000008D0 C=CODE     S=.text    G=(none)   M=PascalCodeBuilders ACBP=A9
 0001:00018800 00000968 C=CODE     S=.text    G=(none)   M=CPPCodeBuilders ACBP=A9
 0001:00019168 00000ABC C=CODE     S=.text    G=(none)   M=TreeViewExt ACBP=A9
 0001:00019C24 000000C0 C=CODE     S=.text    G=(none)   M=DirectIDEHelper ACBP=A9
 0001:00019CE4 00001410 C=CODE     S=.text    G=(none)   M=settings ACBP=A9
 0001:0001B0F4 00000930 C=CODE     S=.text    G=(none)   M=Hierarchy ACBP=A9
 0001:0001BA24 00000FFC C=CODE     S=.text    G=(none)   M=CBServices ACBP=A9
 0001:0001CA20 0000B733 C=CODE     S=.text    G=(none)   M=ClassDescription ACBP=A9
 0001:00028154 00001EB0 C=CODE     S=.text    G=(none)   M=ToolsApiTools ACBP=A9
 0001:0002A004 00000D2C C=CODE     S=.text    G=(none)   M=StructureViewers ACBP=A9
 0001:0002AD30 00001D64 C=CODE     S=.text    G=(none)   M=PascalParser ACBP=A9
 0001:0002CA94 00000C54 C=CODE     S=.text    G=(none)   M=ParserThreads ACBP=A9
 0001:0002D6E8 00003C98 C=CODE     S=.text    G=(none)   M=CodeGenerator ACBP=A9
 0001:00031380 00000648 C=CODE     S=.text    G=(none)   M=SelectFile ACBP=A9
 0001:000319C8 000008A0 C=CODE     S=.text    G=(none)   M=NewDialog ACBP=A9
 0001:00032268 00000370 C=CODE     S=.text    G=(none)   M=CustomRepresentationForm ACBP=A9
 0001:000325D8 000012D4 C=CODE     S=.text    G=(none)   M=ClassDescriptionViewing ACBP=A9
 0001:000338AC 00000370 C=CODE     S=.text    G=(none)   M=SplitterControl ACBP=A9
 0001:00033C1C 000000D8 C=CODE     S=.text    G=(none)   M=TreeTools ACBP=A9
 0001:00033CF4 00000104 C=CODE     S=.text    G=(none)   M=Help     ACBP=A9
 0001:00033DF8 000003FC C=CODE     S=.text    G=(none)   M=IdleDetect ACBP=A9
 0001:000341F4 00000BF4 C=CODE     S=.text    G=(none)   M=LiveParserThreads ACBP=A9
 0001:00034DE8 00000C34 C=CODE     S=.text    G=(none)   M=AddField ACBP=A9
 0001:00035A1C 00002144 C=CODE     S=.text    G=(none)   M=AddMethod ACBP=A9
 0001:00037B60 00003688 C=CODE     S=.text    G=(none)   M=AddProperty ACBP=A9
 0001:0003B1E8 00002224 C=CODE     S=.text    G=(none)   M=ClassHierarchy ACBP=A9
 0001:0003D40C 00002BCC C=CODE     S=.text    G=(none)   M=ClassBrowserForm ACBP=A9
 0001:0003FFD8 00002DB4 C=CODE     S=.text    G=(none)   M=Manager2 ACBP=A9
 0001:00042D8C 00000B3C C=CODE     S=.text    G=(none)   M=CustomClassForm ACBP=A9
 0001:000438C8 000002C8 C=CODE     S=.text    G=(none)   M=CustomClassDetailsForm ACBP=A9
 0001:00043B90 000005C4 C=CODE     S=.text    G=(none)   M=DialogServices ACBP=A9
 0001:00044154 0000133C C=CODE     S=.text    G=(none)   M=ToolsInterface ACBP=A9
 0001:00045490 00000038 C=CODE     S=.text    G=(none)   M=ResourceServices ACBP=A9
 0001:000454C8 00000038 C=CODE     S=.text    G=(none)   M=RES__IDS ACBP=A9
 0001:00045500 00000038 C=CODE     S=.text    G=(none)   M=CommonParseTools ACBP=A9
 0001:00045538 000005CC C=CODE     S=.text    G=(none)   M=DirectIDEOptions ACBP=A9
 0001:00045B04 00000238 C=CODE     S=.text    G=(none)   M=DirectIDEEnvOptions ACBP=A9
 0001:00045D3C 0000000E C=CODE     S=.text    G=(none)   M=RegExplorerController ACBP=A9
 0001:00045D4C 000001F4 C=CODE     S=.text    G=(none)   M=CodeExplorerReg ACBP=A9
 0001:00045F40 00000B85 C=CODE     S=.text    G=(none)   M=bcbcxp   ACBP=A9
 0002:00000000 00000028 C=DATA     S=.data    G=DGROUP   M=SysInit  ACBP=A9
 0002:00000028 00000128 C=DATA     S=.data    G=DGROUP   M=Constant ACBP=A9
 0002:00000150 00000004 C=DATA     S=.data    G=DGROUP   M=SimpleIPC ACBP=A9
 0002:00000154 00000040 C=DATA     S=.data    G=DGROUP   M=PascalTokens ACBP=A9
 0002:00000194 00000060 C=DATA     S=.data    G=DGROUP   M=CPPTokens ACBP=A9
 0002:000001F4 00000020 C=DATA     S=.data    G=DGROUP   M=CPPCodeFinder ACBP=A9
 0002:00000214 00000060 C=DATA     S=.data    G=DGROUP   M=CodeMarkers ACBP=A9
 0002:00000274 000004E0 C=DATA     S=.data    G=DGROUP   M=PascalCodeBuilders ACBP=A9
 0002:00000754 000005A0 C=DATA     S=.data    G=DGROUP   M=CPPCodeBuilders ACBP=A9
 0002:00000CF4 00000008 C=DATA     S=.data    G=DGROUP   M=TreeViewExt ACBP=A9
 0002:00000CFC 00000004 C=DATA     S=.data    G=DGROUP   M=settings ACBP=A9
 0002:00000D00 0000000C C=DATA     S=.data    G=DGROUP   M=CBServices ACBP=A9
 0002:00000D0C 00000044 C=DATA     S=.data    G=DGROUP   M=ClassDescription ACBP=A9
 0002:00000D50 00000014 C=DATA     S=.data    G=DGROUP   M=CodeGenerator ACBP=A9
 0002:00000D64 00000010 C=DATA     S=.data    G=DGROUP   M=Manager2 ACBP=A9
 0002:00000D74 00000004 C=DATA     S=.data    G=DGROUP   M=ToolsInterface ACBP=A9
 0002:00001000 00000018 C=BSS      S=.bss     G=DGROUP   M=SysInit  ACBP=A9
 0002:00001018 00000004 C=BSS      S=.bss     G=DGROUP   M=Windows  ACBP=A9
 0002:0000101C 00000004 C=BSS      S=.bss     G=DGROUP   M=Messages ACBP=A9
 0002:00001020 00000004 C=BSS      S=.bss     G=DGROUP   M=ShlObj   ACBP=A9
 0002:00001024 00000004 C=BSS      S=.bss     G=DGROUP   M=UrlMon   ACBP=A9
 0002:00001028 00000004 C=BSS      S=.bss     G=DGROUP   M=WinInet  ACBP=A9
 0002:0000102C 00000004 C=BSS      S=.bss     G=DGROUP   M=RegStr   ACBP=A9
 0002:00001030 00000004 C=BSS      S=.bss     G=DGROUP   M=ShellAPI ACBP=A9
 0002:00001034 00000004 C=BSS      S=.bss     G=DGROUP   M=CommCtrl ACBP=A9
 0002:00001038 00000004 C=BSS      S=.bss     G=DGROUP   M=Imm      ACBP=A9
 0002:0000103C 00000004 C=BSS      S=.bss     G=DGROUP   M=WinSpool ACBP=A9
 0002:00001040 00000004 C=BSS      S=.bss     G=DGROUP   M=CommDlg  ACBP=A9
 0002:00001044 00000004 C=BSS      S=.bss     G=DGROUP   M=Dlgs     ACBP=A9
 0002:00001048 00000004 C=BSS      S=.bss     G=DGROUP   M=RefObject ACBP=A9
 0002:0000104C 00000004 C=BSS      S=.bss     G=DGROUP   M=MMSystem ACBP=A9
 0002:00001050 00000004 C=BSS      S=.bss     G=DGROUP   M=ShellTools ACBP=A9
 0002:00001054 00000004 C=BSS      S=.bss     G=DGROUP   M=constant_strings ACBP=A9
 0002:00001058 00000014 C=BSS      S=.bss     G=DGROUP   M=Constant ACBP=A9
 0002:0000106C 00000004 C=BSS      S=.bss     G=DGROUP   M=RichEdit ACBP=A9
 0002:00001070 00000004 C=BSS      S=.bss     G=DGROUP   M=SimpleIPC ACBP=A9
 0002:00001074 00000004 C=BSS      S=.bss     G=DGROUP   M=Tools    ACBP=A9
 0002:00001078 00000004 C=BSS      S=.bss     G=DGROUP   M=Representation ACBP=A9
 0002:0000107C 00000004 C=BSS      S=.bss     G=DGROUP   M=AdvancedClasses ACBP=A9
 0002:00001080 00000004 C=BSS      S=.bss     G=DGROUP   M=Lists    ACBP=A9
 0002:00001084 00000004 C=BSS      S=.bss     G=DGROUP   M=Graphs   ACBP=A9
 0002:00001088 00000004 C=BSS      S=.bss     G=DGROUP   M=StreamTools ACBP=A9
 0002:0000108C 00000004 C=BSS      S=.bss     G=DGROUP   M=VersionResource ACBP=A9
 0002:00001090 00000004 C=BSS      S=.bss     G=DGROUP   M=Filtering ACBP=A9
 0002:00001094 00000004 C=BSS      S=.bss     G=DGROUP   M=TokenizerUtils ACBP=A9
 0002:00001098 00000004 C=BSS      S=.bss     G=DGROUP   M=Tokens   ACBP=A9
 0002:0000109C 00000004 C=BSS      S=.bss     G=DGROUP   M=Tokenizer ACBP=A9
 0002:000010A0 00000004 C=BSS      S=.bss     G=DGROUP   M=PascalTokens ACBP=A9
 0002:000010A4 00000004 C=BSS      S=.bss     G=DGROUP   M=PascalTokenizer ACBP=A9
 0002:000010A8 00000004 C=BSS      S=.bss     G=DGROUP   M=PascalCodeFinder ACBP=A9
 0002:000010AC 00000004 C=BSS      S=.bss     G=DGROUP   M=CPPTokens ACBP=A9
 0002:000010B0 00000004 C=BSS      S=.bss     G=DGROUP   M=CPPTokenizer ACBP=A9
 0002:000010B4 00000004 C=BSS      S=.bss     G=DGROUP   M=CPPParser ACBP=A9
 0002:000010B8 00000004 C=BSS      S=.bss     G=DGROUP   M=CPPCodeFinder ACBP=A9
 0002:000010BC 00000004 C=BSS      S=.bss     G=DGROUP   M=FindInFile ACBP=A9
 0002:000010C0 00000004 C=BSS      S=.bss     G=DGROUP   M=CodeMarkers ACBP=A9
 0002:000010C4 00000004 C=BSS      S=.bss     G=DGROUP   M=CodeBuilder ACBP=A9
 0002:000010C8 00000004 C=BSS      S=.bss     G=DGROUP   M=PascalCodeBuilders ACBP=A9
 0002:000010CC 00000004 C=BSS      S=.bss     G=DGROUP   M=CPPCodeBuilders ACBP=A9
 0002:000010D0 00000004 C=BSS      S=.bss     G=DGROUP   M=TreeViewExt ACBP=A9
 0002:000010D4 00000004 C=BSS      S=.bss     G=DGROUP   M=DirectIDEHelper ACBP=A9
 0002:000010D8 00000004 C=BSS      S=.bss     G=DGROUP   M=settings ACBP=A9
 0002:000010DC 00000004 C=BSS      S=.bss     G=DGROUP   M=Hierarchy ACBP=A9
 0002:000010E0 00000004 C=BSS      S=.bss     G=DGROUP   M=CBServices ACBP=A9
 0002:000010E4 00000004 C=BSS      S=.bss     G=DGROUP   M=ClassDescription ACBP=A9
 0002:000010E8 00000004 C=BSS      S=.bss     G=DGROUP   M=ToolsApiTools ACBP=A9
 0002:000010EC 00000004 C=BSS      S=.bss     G=DGROUP   M=StructureViewers ACBP=A9
 0002:000010F0 00000004 C=BSS      S=.bss     G=DGROUP   M=PascalParser ACBP=A9
 0002:000010F4 00000004 C=BSS      S=.bss     G=DGROUP   M=ParserThreads ACBP=A9
 0002:000010F8 00000004 C=BSS      S=.bss     G=DGROUP   M=CodeGenerator ACBP=A9
 0002:000010FC 00000004 C=BSS      S=.bss     G=DGROUP   M=SelectFile ACBP=A9
 0002:00001100 00000004 C=BSS      S=.bss     G=DGROUP   M=NewDialog ACBP=A9
 0002:00001104 00000004 C=BSS      S=.bss     G=DGROUP   M=CustomRepresentationForm ACBP=A9
 0002:00001108 00000004 C=BSS      S=.bss     G=DGROUP   M=ClassDescriptionViewing ACBP=A9
 0002:0000110C 00000004 C=BSS      S=.bss     G=DGROUP   M=SplitterControl ACBP=A9
 0002:00001110 00000004 C=BSS      S=.bss     G=DGROUP   M=TreeTools ACBP=A9
 0002:00001114 00000004 C=BSS      S=.bss     G=DGROUP   M=Help     ACBP=A9
 0002:00001118 00000004 C=BSS      S=.bss     G=DGROUP   M=IdleDetect ACBP=A9
 0002:0000111C 00000004 C=BSS      S=.bss     G=DGROUP   M=LiveParserThreads ACBP=A9
 0002:00001120 00000004 C=BSS      S=.bss     G=DGROUP   M=AddField ACBP=A9
 0002:00001124 00000004 C=BSS      S=.bss     G=DGROUP   M=AddMethod ACBP=A9
 0002:00001128 00000004 C=BSS      S=.bss     G=DGROUP   M=AddProperty ACBP=A9
 0002:0000112C 00000004 C=BSS      S=.bss     G=DGROUP   M=ClassHierarchy ACBP=A9
 0002:00001130 00000004 C=BSS      S=.bss     G=DGROUP   M=ClassBrowserForm ACBP=A9
 0002:00001134 0000000C C=BSS      S=.bss     G=DGROUP   M=Manager2 ACBP=A9
 0002:00001140 00000004 C=BSS      S=.bss     G=DGROUP   M=CustomClassForm ACBP=A9
 0002:00001144 00000004 C=BSS      S=.bss     G=DGROUP   M=CustomClassDetailsForm ACBP=A9
 0002:00001148 00000004 C=BSS      S=.bss     G=DGROUP   M=DialogServices ACBP=A9
 0002:0000114C 00000004 C=BSS      S=.bss     G=DGROUP   M=ToolsInterface ACBP=A9
 0002:00001150 00000004 C=BSS      S=.bss     G=DGROUP   M=ResourceServices ACBP=A9
 0002:00001154 00000004 C=BSS      S=.bss     G=DGROUP   M=RES__IDS ACBP=A9
 0002:00001158 00000004 C=BSS      S=.bss     G=DGROUP   M=CommonParseTools ACBP=A9
 0002:0000115C 00000004 C=BSS      S=.bss     G=DGROUP   M=DirectIDEOptions ACBP=A9
 0002:00001160 00000008 C=BSS      S=.bss     G=DGROUP   M=DirectIDEEnvOptions ACBP=A9
 0002:00001168 00000008 C=BSS      S=.bss     G=DGROUP   M=CodeExplorerReg ACBP=A9


  Address         Publics by Name

 0002:000010A0       .1
 0002:00001098       .1
 0002:000010AC       .1
 0002:000010BC       .1
 0002:000010C8       .1
 0002:00001010       .1
 0002:000010CC       .1
 0002:000010D4       .1
 0002:000010E0       .1
 0002:00001110       .1
 0002:00001114       .1
 0002:0000106C       .1
 0002:00001168       .1
 0002:00001068       .1
 0002:00001054       .1
 0002:00001050       .1
 0002:00001048       .1
 0002:00001044       .1
 0002:00001040       .1
 0002:00001038       .1
 0002:00001034       .1
 0002:00001148       .1
 0002:00001030       .1
 0002:0000102C       .1
 0002:00001028       .1
 0002:00001024       .1
 0002:00001020       .1
 0002:0000101C       .1
 0002:00001150       .1
 0002:00001154       .1
 0002:00001158       .1
 0002:0000108C       .2
 0002:00001120       .2
 0002:00001094       .2
 0002:000010B8       .2
 0002:000010FC       .2
 0002:0000110C       .2
 0002:000010D0       .2
 0002:00001144       .2
 0002:00001118       .2
 0002:00001164       .2
 0002:00001100       .2
 0002:0000115C       .2
 0002:0000109C       .2
 0002:00001130       .2
 0002:00001124       .2
 0002:000010A8       .2
 0002:00001128       .2
 0002:0000112C       .2
 0002:00001104       .2
 0002:000010B0       .3
 0002:00001018       .3
 0002:00001080       .3
 0002:00001140       .3
 0002:00001074       .3
 0002:0000103C       .3
 0002:00001088       .3
 0002:000010A4       .3
 0002:000010EC       .3
 0002:000010C4       .4
 0002:000010DC       .4
 0002:00001108       .4
 0002:000010F0       .5
 0002:000010F4       .5
 0002:0000107C       .5
 0002:00001090       .5
 0002:000010D8       .5
 0002:000010E8       .5
 0002:0000111C       .5
 0002:00001078       .5
 0002:0000114C       .6
 0002:000010C0       .6
 0002:00001084       .6
 0002:00001134       .6
 0002:000010E4       .62
 0002:000010B4       .7
 0002:0000104C       .7
 0002:00001070       .8
 0002:000010F8       .81
 0001:00046AA0       @GetPackageInfoTable
 0001:000003C0       @InitPkg
 0001:00046AA8       @PackageLoad
 0001:00000424       @PackageLoad
 0001:00000430       @PackageUnload
 0001:00046AB4       @PackageUnload
 0002:00000028       ACTIVEPAGE_DEFAULT
 0001:00022054       AddCppPropSpec
 0001:00035A14       AddField
 0001:00037B58       AddMethod
 0001:0003B1E0       AddProperty
 0001:0002E934       AddPropSpec
 0001:0002F2B0       AddStr
 0001:00029508       AddToProject
 0001:000061C4       AdvancedClasses
 0001:000002C0       AllocTlsBuffer
 0002:00001064       AppCEThreadTerminateSemaporeName
 0002:00001060       AppIdleThreadMutexName
 0002:0000105C       AppManagerThreadMutexName
 0002:00001058       AppParseSemName
 0001:0001B4A8       BaseHierarchyNodeSortProc
 0002:00000D4C       BASESUBCLASSFMTNAME
 0001:00046AC0       bcbcxp
 0002:000001D4       BCBDirectives
 0002:00000194       BCBModifiers
 0002:000001B4       BCBTypeIdents
 0001:00017978       BuildCode
 0001:0002F324       BuildParameterCode
 0001:0001CA18       CBServices
 0001:0001C380       CB_RemoveCommentDelimiters
 0001:0001E4E8       CEClassTypeToString
 0002:00000CFC       CESettings
 0002:00000D74       ClassBrowserExpert
 0001:0003FFD0       ClassBrowserForm
 0001:00028138       ClassDescription
 0001:000338A4       ClassDescriptionViewing
 0002:00001160       ClassExplorerEnvOptions
 0001:0003D404       ClassHierarchy
 0001:0001F28C       ClassInfoFileError
 0001:0001F2E4       ClassInfoFileFormatError
 0002:0000002C       CLASSINFOFILE_REGEXTENTION
 0001:00028FFC       CloseEditor
 0001:00000474       CloseHandle
 0001:00017F28       CodeBuilder
 0002:00000754       CODEBUILD_CPP_CODETEMPLATE_DEFAULTS
 0002:00000274       CODEBUILD_PASCAL_CODETEMPLATE_DEFAULTS
 0001:00045F38       CodeExplorerReg
 0001:00031378       CodeGenerator
 0001:0001675C       CodeMarkers
 0002:00000214       CODE_GEN_COMMENTBEGINNINGS
 0002:00000228       CODE_GEN_COMMENTENDINGS
 0002:00000258       CODE_GEN_MARKERARGUMENTS
 0002:0000023C       CODE_GEN_MARKERS
 0001:00000CC8       CommCtrl
 0001:000013E0       CommDlg
 0001:00045530       CommonParseTools
 0001:00002D78       Constant
 0001:00002508       constant_strings
 0001:00019154       CPPCodeBuilders
 0001:00015060       CPPCodeFinder
 0001:00014650       CPPParser
 0001:0000FF80       CPPParseToMatchingClosePar
 0001:00010198       CPPParseToValue
 0001:000100EC       CPPSkipTo
 0001:000100AC       CPPSkipToMatchingClosePar
 0001:0000FBEC       CPPTokenizer
 0001:0000D5A8       CPPTokens
 0001:0000047C       CreateEvent
 0001:00000484       CreateFileMapping
 0001:0001C0C8       CreateForm
 0001:00000494       CreateMutex
 0001:000004B4       CreateProcess
 0001:000004BC       CreateSemaphore
 0002:00000D08       CR_REP_STR
 0001:00033938       CToC
 0001:00043B88       CustomClassDetailsForm
 0001:000438C0       CustomClassForm
 0001:000325D0       CustomRepresentationForm
 0001:0003C840       CustomSortProc
 0002:0000005C       DEFAULT_CLASSINFO_FILENAME
 0001:000004C4       DeleteCriticalSection
 0001:0004414C       DialogServices
 0001:00045D34       DirectIDEEnvOptions
 0001:00019CDC       DirectIDEHelper
 0001:00045AF0       DirectIDEOptions
 0001:000289BC       DisplayFile
 0001:00028754       DisplayFileAt
 0001:00001418       Dlgs
 0001:000327CC       DoAddSubNode
 0001:0001E148       DoCompareString
 0001:00007114       DoCompareStringGraphNodes
 0001:00029858       DoesFileExist
 0001:00029A1C       DoGetCurrentFile
 0001:00029870       DoGetEditorInterface
 0001:00029794       DoGetModuleInterface
 0001:00029924       DoIsFileOpen
 0002:00000D18       DomainHeaderInfo
 0002:00000D10       DomainHeaderInfoNr
 0002:00000D14       DomainHeaderVersionNr
 0002:0000003C       DOMAININFOFILE_REGEXTENTION
 0001:00029934       DoOpenFile
 0001:000297A4       DoShowSource
 0001:0003067C       DoSortCodeInsertObjectList
 0001:000307C0       DoSortImplementationInsertObjectList
 0001:0000058C       DrawText
 0001:00043F7C       DS_DisplayUnitAtLine
 0001:00043EC0       DS_Jump
 0001:00043B90       DS_JumptoClass
 0001:00043C58       DS_JumptoField
 0001:00043D24       DS_JumptoMethod
 0001:0001F210       EClassInfoFileError.Create
 0001:00015838       EndOfUnitPositionInFile
 0001:000157A4       EndOfUnitPositionInStream
 0001:000290A4       EnsureOpenFile
 0001:000004CC       EnterCriticalSection
 0001:00033D34       ExecHelpEx
 0001:0001C25C       ExecuteApp
 0001:00033CF4       ExecuteHelp
 0001:00044068       ExecuteNewDialog
 0001:00033D14       ExecutePopup
 0001:0001C13C       ExistsFormFile
 0001:0001C194       ExistsFormFilename
 0001:0000036C       ExitProcessTLS
 0001:00000344       ExitThreadTLS
 0001:00033C1C       ExpandRecursive
 0001:0001BF00       ExpandTabs
 0001:00036980       FailsString
 0001:000393F0       FailsString
 0001:00015568       FF_FindMethodLineInFile
 0001:00015248       FF_FindMethodLineInStream
 0001:000153D8       FF_FindMethodPositionInStream
 0001:0000A044       Filtering
 0001:000280E0       Finalization
 0001:00006194       Finalization
 0001:0001C9D4       Finalization
 0001:00004F5C       Finalization
 0001:00029FCC       Finalization
 0001:0002ACF8       Finalization
 0001:000069CC       Finalization
 0001:0002CA5C       Finalization
 0001:0002D6B0       Finalization
 0001:00031990       Finalization
 0001:00032230       Finalization
 0001:000325A0       Finalization
 0001:00033874       Finalization
 0001:00033BE4       Finalization
 0001:00033CBC       Finalization
 0001:0000468C       Finalization
 0001:00045EE8       Finalization
 0001:00033DC0       Finalization
 0001:000341BC       Finalization
 0001:00034DB0       Finalization
 0001:0001B9EC       Finalization
 0001:0001B0BC       Finalization
 0001:000359E4       Finalization
 0001:00003B1C       Finalization
 0001:00037B28       Finalization
 0001:0003B1B0       Finalization
 0001:0003D3D4       Finalization
 0001:0003FFA0       Finalization
 0001:00019CAC       Finalization
 0001:00019BEC       Finalization
 0001:00019010       Finalization
 0001:000031DC       Finalization
 0001:00002B10       Finalization
 0001:000186C8       Finalization
 0001:00042D1C       Finalization
 0001:00007634       Finalization
 0001:00017EF8       Finalization
 0001:000166D8       Finalization
 0001:00007C9C       Finalization
 0001:00008E10       Finalization
 0001:000158CC       Finalization
 0001:00015030       Finalization
 0001:00014620       Finalization
 0001:000024D8       Finalization
 0001:000018A8       Finalization
 0001:00043890       Finalization
 0001:00001560       Finalization
 0001:00001520       Finalization
 0001:000013E8       Finalization
 0001:000013B0       Finalization
 0001:00043B58       Finalization
 0001:00001270       Finalization
 0001:0000FBBC       Finalization
 0001:000011F0       Finalization
 0001:00000C98       Finalization
 0001:00045D04       Finalization
 0001:00000C48       Finalization
 0001:0000A014       Finalization
 0001:00000C10       Finalization
 0001:00000BD8       Finalization
 0001:00000BA0       Finalization
 0001:00000B68       Finalization
 0001:00000AD0       Finalization
 0001:0000043C       Finalization
 0001:000005E0       Finalization
 0001:0004411C       Finalization
 0001:0000D578       Finalization
 0001:0000D540       Finalization
 0001:00045458       Finalization
 0001:00045490       Finalization
 0001:000454C8       Finalization
 0001:00045500       Finalization
 0001:00045AB4       Finalization
 0001:0000A254       Finalization
 0001:0000CD48       Finalization
 0001:0000A28C       Finalization
 0001:0000A7B4       Finalization
 0001:0000A77C       Finalization
 0001:00031348       Finalization
 0001:00015068       FindClass
 0001:00043AF4       FindControlRec
 0001:00029DD8       FindEditorLineNumberbyPosition
 0001:00029CC8       FindEditorLineStartPosition
 0001:000150A4       FindField
 0001:000158FC       FindInFile
 0001:00016450       FindMarker
 0001:00015624       FindMethodInFileOrEditor
 0001:000156CC       FindMethodInProject
 0001:00029EDC       FindPositionByLineNumber
 0001:000151A0       FindSingleTokenInFile
 0001:000150E0       FindSingleTokenInStream
 0001:00000288       FreeLibrary
 0001:00000594       GetAsyncKeyState
 0001:0001C4D0       GetCEFileType
 0001:0001BCC4       GetClassDescFromObject
 0001:0001ECE4       GetClassImage
 0001:00028A6C       GetCurrentEditorInfo
 0001:000004E4       GetCurrentProcessId
 0001:0000059C       GetCursorPos
 0001:000005A4       GetDCEx
 0001:00003E74       GetDelphiRootDir
 0001:00003D24       GetDelphiRootDirEx
 0001:00004004       GetDirectories
 0001:00004210       GetDirectoriesFiles
 0001:00003EC4       GetDirectoryFiles
 0001:0001EE6C       GetDomainImage
 0001:000283B0       GetEditorLine2
 0001:000293E8       GetEditorSnapShot
 0001:00042CF4       GetExplorerController
 0001:0002E3AC       GetFieldDeclInsertIndex
 0001:0001ED4C       GetFieldImage
 0001:0000440C       GetFileData
 0001:0001EE7C       GetFileImage
 0001:0001BC14       GetFilenameFromObject
 0001:0001EED4       GetFileNameImage
 0001:00000574       GetFileVersionInfo
 0001:0000057C       GetFileVersionInfoSize
 0001:0001BDF4       GetInsertStr
 0001:0001BD18       GetInsertViewStr
 0001:000004EC       GetLastError
 0001:000284FC       GetLineAtCursor
 0001:00015DE4       GetMarkerStr
 0001:0002F478       GetMethodCodeParts
 0001:0002E3E8       GetMethodDeclInsertIndex
 0001:0001EDA4       GetMethodImage
 0001:0001654C       GetMethodMarkerPosition
 0001:000004F4       GetModuleFileName
 0001:0002C278       GetNext
 0001:0001C7C0       GetProjectIncludeDirectories
 0001:0002E43C       GetPropertyDeclInsertIndex
 0001:0001F174       GetRootClass
 0001:0001EE74       GetRoutineImage
 0001:0001BB34       GetSymbolNameFromObject
 0001:000002CC       GetTlsSize
 0001:00033C44       GetTreeNodeCountRec
 0001:00033C80       GetTreeNodeObject
 0001:00015ED8       GetValueFromMarker
 0001:000004FC       GetVersionEx
 0001:00019C24       GetViewIndexByEditWindow
 0001:000286A0       GetWordAtCursor
 0001:0001BFC8       GetWordAtPos
 0001:000284EC       GetWordFromEditorCursorPosition
 0001:00007664       Graphs
 0001:00033DF0       Help
 0001:00015BFC       HelpGenRemoveCRLF
 0001:0001BA1C       Hierarchy
 0002:0000100C       HInstance
 0001:000005DC       HiWord
 0002:00000D2C       IDENT_CHAR
 0001:00045EB0       IDERegister
 0001:000341EC       IdleDetect
 0001:00001220       Imm
 0001:00000504       InitializeCriticalSection
 0001:00000390       InitializeModule
 0001:00000318       InitProcessTLS
 0001:000002D4       InitThreadTLS
 0001:000292F4       InsertIntoCurrentEditor
 0001:000291A4       InsertStringIntoEditorAbsolute
 0001:0002913C       InsertStringIntoEditorFileInfo
 0001:000004D4       InterlockedDecrement
 0001:000004DC       InterlockedIncrement
 0001:00044F80       IsDisplayableSourceFile
 0001:00029050       IsFileOpen
 0001:0001C20C       IsFileWritable
 0001:00016034       IsMarkerBegin
 0001:00028F0C       IsModifiedFile
 0001:00015FAC       IsRawMarkerValid
 0001:0001EFD4       IsRootClass
 0001:0001061C       KeyHash
 0001:000005AC       KillTimer
 0001:0001ECA0       LanguageModeToStr
 0001:0000050C       LeaveCriticalSection
 0001:0001BA74       LimitText
 0001:000069FC       Lists
 0001:00034DE0       LiveParserThreads
 0001:0001F36C       LoadClassFileInfo
 0001:00028D34       LoadEditorIntoStream
 0001:00028C54       LoadFileOrEditorIntoStream
 0001:00007B5C       LoadStreamToString
 0001:000077CC       LoadStringFromStream
 0001:00007918       LoadStringFromStreamMax
 0001:000079D8       LoadStringFromTextStream
 0001:00000290       LocalAlloc
 0001:00000298       LocalFree
 0001:0000056C       lstrcmp
 0001:0001C58C       MakeFilenameAbsolute
 0002:00000D64       Manager
 0001:00042D60       Manager2
 0002:0000113C       ManagerThreadSynchCS
 0002:00000D6C       ManagerThreadTerminated
 0002:00001138       ManagerThreadTicketCS
 0002:00000D68       ManagerThreadValidTicketID
 0001:000420B4       ManagerThreadVerifyTicket
 0001:00000514       MapViewOfFile
 0001:000092E0       MatchAncestorRecFilter
 0001:000092F4       MatchClassFilter
 0001:0000923C       MatchFilter
 0001:00000B00       Messages
 0001:0001E5B8       MethodDirectiveToStr
 0001:0001E8EC       MethodFlagsToStrEx
 0001:0001E418       MethodTypeToStr
 0002:00000140       MII_CEAboutMenuItem
 0002:000000F8       MII_CEAddDescriptionMenuItem
 0002:000000E0       MII_CEAddFieldMenuItem
 0002:000000F0       MII_CEAddMethodMenuItem
 0002:000000E8       MII_CEAddPropertyMenuItem
 0002:000000C8       MII_CEBrowseBackMenuItem
 0002:000000D0       MII_CEBrowseHistoryMenuItem
 0002:00000070       MII_CEClassExplorerMenuItem
 0002:00000078       MII_CEClassHierarchyMenuItem
 0002:00000118       MII_CECodeInsertClassMarkerMenuItem
 0002:00000110       MII_CECodeInsertGlobalMarkerMenuItem
 0002:00000128       MII_CECodeInsertHelpDescriptionMenuItem
 0002:00000108       MII_CECodeInsertMenuItem
 0002:00000120       MII_CECodeInsertMethodMarkerMenuItem
 0002:00000080       MII_CEContextBarMenuItem
 0002:000000A0       MII_CEExportHelpMenuItem
 0002:000000B0       MII_CEFindMenuItem
 0002:00000138       MII_CEHelpMenuItem
 0002:00000088       MII_CEOptionsMenuItem
 0002:00000090       MII_CEProjectOptionsMenuItem
 0002:000000B8       MII_CEQuickFindCodeMenuItem
 0002:000000C0       MII_CEQuickFindTreeMenuItem
 0002:00000060       MII_CERootMenuItem
 0002:00000068       MII_CESeparatorMenuItem1
 0002:00000098       MII_CESeparatorMenuItem2
 0002:000000A8       MII_CESeparatorMenuItem3
 0002:000000D8       MII_CESeparatorMenuItem4
 0002:00000100       MII_CESeparatorMenuItem5
 0002:00000130       MII_CESeparatorMenuItem6
 0001:00001590       MMSystem
 0002:00000000       Module
 0002:00001000       ModuleIsLib
 0002:00001001       ModuleIsPackage
 0001:00032260       NewDialog
 0001:000440E4       NewField
 0001:000440C8       NewMethod
 0001:00044100       NewProperty
 0001:000295E0       OpenFormForUnit
 0001:0000051C       OpenMutex
 0001:00000524       OpenSemaphore
 0001:00019C7C       OpenViewOnEditWindow
 0001:0002D6E0       ParserThreads
 0001:0002CD48       ParseUnit2
 0001:000187EC       PascalCodeBuilders
 0001:0000D570       PascalCodeFinder
 0001:0002CA8C       PascalParser
 0001:0002AFA4       PascalParseToMatchingClosePar
 0001:0002B1B4       PascalParseToValue
 0001:0002B108       PascalSkipTo
 0001:0002B0C8       PascalSkipToMatchingClosePar
 0001:0000CD78       PascalTokenizer
 0001:0000A7E4       PascalTokens
 0001:00004568       PointerSortProc
 0002:0000116C       ProductStartup
 0002:0000004C       PROJECTSETTINGSFILE_REGEXTENTION
 0001:00045054       ProjModuleEnumProc
 0002:00000154       ptksIdentifiers
 0002:00000174       ptksKeywords
 0001:00033D24       QuitHelp
 0001:00001550       RefObject
 0001:00019460       Register
 0001:0002A9A4       Register
 0001:00001658       RegisterFileExtention
 0001:00000C40       RegStr
 0001:000005B4       ReleaseDC
 0001:0000052C       ReleaseMutex
 0001:00000534       ReleaseSemaphore
 0001:00004F8C       Representation
 0001:0000053C       ResetEvent
 0001:000454C0       ResourceServices
 0002:00000148       RES_BMP_CLASSDESC_BACKGROUNDCOLOR
 0002:0000014C       RES_BMP_FILEDESC_BACKGROUNDCOLOR
 0001:000454F8       RES__IDS
 0001:000063C0       ReturnAddr
 0001:0000320C       RichEdit
 0001:0001F388       SaveClassFileInfo
 0001:00007878       SaveStringToStream
 0001:00007AB8       SaveStringToTextStream
 0001:000319C0       SelectFile
 0002:00000150       SEMAPHORE_ALL_ACCESS
 0001:000005BC       SendMessage
 0001:00000544       SetEvent
 0001:00019490       SetNodeBoldState
 0001:000005C4       SetTimer
 0001:0001B0EC       settings
 0001:000005CC       SetWindowPos
 0002:00000D1C       SF_CLASSINFO_HEADER
 0002:00000D28       SF_CLASSLIST_VERSION
 0002:00000D24       SF_DOMAINLIST_VERSION
 0002:00000D20       SF_FILELIST_VERSION
 0001:00000C78       ShellAPI
 0001:000018D8       ShellTools
 0001:00000B98       ShlObj
 0001:00003B4C       SimpleIPC
 0001:0000054C       Sleep
 0001:00025F98       SortDomain
 0001:00026648       SortDomainList
 0001:00003C8C       SplitStr
 0001:00033C14       SplitterControl
 0001:00007CCC       StreamTools
 0001:0001E204       StripTypeParans
 0001:0001E160       StripTypeStrSpaces
 0001:0002AD28       StructureViewers
 0001:0000046C       SysInit
 0001:000308E0       TAbstractCodeGenerator.AddField
 0001:00030A34       TAbstractCodeGenerator.AddHelpDescription
 0001:00030928       TAbstractCodeGenerator.AddMethod
 0001:00030904       TAbstractCodeGenerator.AddProperty
 0001:00030814       TAbstractCodeGenerator.Create
 0001:00030B58       TAbstractCodeGenerator.Delete
 0001:000308A0       TAbstractCodeGenerator.Destroy
 0001:00031010       TAbstractCodeGenerator.DoImplemenationInsert
 0001:00030E68       TAbstractCodeGenerator.DoInsertDeclarations
 0001:00030D0C       TAbstractCodeGenerator.DoInsertInsertObject
 0001:000310F0       TAbstractCodeGenerator.Execute
 0001:00030C44       TAbstractCodeGenerator.GetInsertDeclarationObjectPositions
 0001:00030CA8       TAbstractCodeGenerator.GetInsertImplementationObjectPositions
 0001:00030B5C       TAbstractCodeGenerator.GetPrepared
 0001:000308DC       TAbstractCodeGenerator.InsertPlainText
 0001:00030B64       TAbstractCodeGenerator.PrepareInsert
 0001:00030F08       TAbstractCodeGenerator.ResolveUnresolvedDeclarationObjectPositions
 0001:00030C28       TAbstractCodeGenerator.UnprepareInsert
 0001:0003456C       TAbstractLiveParserThread.Create
 0001:000346A0       TAbstractLiveParserThread.Destroy
 0001:0003475C       TAbstractLiveParserThread.DoGetParseData
 0001:00034700       TAbstractLiveParserThread.DoParse
 0001:000347F8       TAbstractLiveParserThread.Execute
 0001:000347F0       TAbstractLiveParserThread.GetParseDataNow
 0001:00034864       TAbstractLiveParserThread.GetStopable
 0001:00034870       TAbstractLiveParserThread.Lock
 0001:00034858       TAbstractLiveParserThread.Stop
 0001:000346E8       TAbstractLiveParserThread.TriggerOnParseComplete
 0001:0003487C       TAbstractLiveParserThread.UnLock
 0001:000328D4       TAbstractNodeManager.AddSubNode
 0001:00032894       TAbstractNodeManager.CheckUpdateState
 0001:00032848       TAbstractNodeManager.Create
 0001:000328B4       TAbstractNodeManager.FinalizeUpdateState
 0001:0002CE28       TAbstractParserThread.Create
 0001:0002CF80       TAbstractParserThread.Destroy
 0001:0002CFF0       TAbstractParserThread.DoParse
 0001:0002CFC4       TAbstractParserThread.DoStartParser
 0001:0002D2A0       TAbstractParserThread.Execute
 0001:0002D018       TAbstractParserThread.ExistsIncludeFile
 0001:0002D1B8       TAbstractParserThread.Process
 0002:00000D04       TAB_REP_STR
 0001:00035710       TAddFieldDLG.Add
 0001:000353B8       TAddFieldDLG.ApplyBTNClick
 0001:00035980       TAddFieldDLG.ClassesCOBGetItemViewProps
 0001:00035224       TAddFieldDLG.Execute
 0001:00035998       TAddFieldDLG.FormCreate
 0001:00035968       TAddFieldDLG.FormKeyDown
 0001:00035108       TAddFieldDLG.GenerateFieldDesc
 0001:000359DC       TAddFieldDLG.GetClassesCOB
 0001:00035964       TAddFieldDLG.IdentSyntaxCheckCHBClick
 0001:000358FC       TAddFieldDLG.InitState
 0001:000351F4       TAddFieldDLG.LoadWindowState
 0001:000355B0       TAddFieldDLG.MemberExists
 0001:00035364       TAddFieldDLG.OkBTNClick
 0001:00035294       TAddFieldDLG.OkEnabled
 0001:00035384       TAddFieldDLG.OnChangeValue
 0001:00035958       TAddFieldDLG.ResetBTNClick
 0001:0003520C       TAddFieldDLG.SaveWindowState
 0001:000353D8       TAddFieldDLG.SyntaxCheck
 0001:00044504       TAddInNotifier.Create
 0001:00044594       TAddInNotifier.EventNotification
 0001:00044540       TAddInNotifier.FileNotification
 0001:000370D8       TAddMethodDLG.Add
 0001:00036960       TAddMethodDLG.ApplyBTNClick
 0001:000368DC       TAddMethodDLG.ClassesCOBChange
 0001:0003764C       TAddMethodDLG.ClassesCOBGetItemViewProps
 0001:00036884       TAddMethodDLG.Dir1CHBClick
 0001:00036420       TAddMethodDLG.Execute
 0001:00037664       TAddMethodDLG.FormCreate
 0001:0003756C       TAddMethodDLG.FormKeyDown
 0001:000368AC       TAddMethodDLG.FunctionResultTypeEditChange
 0001:00036058       TAddMethodDLG.GenerateMethodDesc
 0001:00037A24       TAddMethodDLG.GetClassesCOB
 0001:00036E5C       TAddMethodDLG.GetInheritedCall
 0001:00037568       TAddMethodDLG.IdentSyntaxCheckCHBClick
 0001:00037A2C       TAddMethodDLG.ImplementationTargetBTNClick
 0001:0003740C       TAddMethodDLG.InitState
 0001:00037A04       TAddMethodDLG.InlineCHBClick
 0001:000363F0       TAddMethodDLG.LoadWindowState
 0001:00036CCC       TAddMethodDLG.MemberExists
 0001:0003672C       TAddMethodDLG.messageCHBClick
 0001:00036910       TAddMethodDLG.MessageIDEditChange
 0001:000366FC       TAddMethodDLG.MethodnameEditChange
 0001:000367A8       TAddMethodDLG.MethodTypeClick
 0001:00036940       TAddMethodDLG.OkBTNClick
 0001:00036498       TAddMethodDLG.OkEnabled
 0001:00037AD8       TAddMethodDLG.pbImplementationTargetPaint
 0001:00037558       TAddMethodDLG.ResetBTNClick
 0001:00036408       TAddMethodDLG.SaveWindowState
 0001:00037AB4       TAddMethodDLG.SetImplementationTarget
 0001:000369C4       TAddMethodDLG.SyntaxCheck
 0001:000376A8       TAddMethodDLG.UpdateLanguageModeDependencies
 0001:00037584       TAddMethodDLG.vdoCheckboxClick
 0001:00039F18       TAddPropertyDLG.Add
 0001:000393D0       TAddPropertyDLG.ApplyBTNClick
 0001:0003A634       TAddPropertyDLG.AutoSetNames
 0001:0003A958       TAddPropertyDLG.CheckState
 0001:00039114       TAddPropertyDLG.ClassesCOBChange
 0001:0003AE20       TAddPropertyDLG.ClassesCOBGetItemViewProps
 0001:0003A778       TAddPropertyDLG.CreateFieldCHBClick
 0001:0003A950       TAddPropertyDLG.CreateFieldNameEditChange
 0001:0003AC9C       TAddPropertyDLG.CreateGetMethodCHBClick
 0001:0003ACD4       TAddPropertyDLG.CreateSetMethodCHBClick
 0001:00039080       TAddPropertyDLG.Execute
 0001:0003ADF4       TAddPropertyDLG.FieldNameEditChange
 0001:0003AE38       TAddPropertyDLG.FormCreate
 0001:0003AE08       TAddPropertyDLG.FormKeyDown
 0001:00038C38       TAddPropertyDLG.GeneratePropertyDesc
 0001:0003AE7C       TAddPropertyDLG.GetClassesCOB
 0001:00038454       TAddPropertyDLG.GetGetMethod
 0001:0003822C       TAddPropertyDLG.GetGetterArguments
 0001:0003AFDC       TAddPropertyDLG.GetReadCode
 0001:00038B58       TAddPropertyDLG.GetReadWriteField
 0001:00038988       TAddPropertyDLG.GetSetMethod
 0001:00038628       TAddPropertyDLG.GetSetterArguments
 0001:0003B08C       TAddPropertyDLG.GetWriteCode
 0001:0003AC98       TAddPropertyDLG.IdentSyntaxCheckCHBClick
 0001:0003AF74       TAddPropertyDLG.ImplementationTargetBTNClick
 0001:0003AD0C       TAddPropertyDLG.ImplementReadCHBClick
 0001:0003AD80       TAddPropertyDLG.ImplementWriteCHBClick
 0001:0003A814       TAddPropertyDLG.InitState
 0001:00039050       TAddPropertyDLG.LoadWindowState
 0001:00039A6C       TAddPropertyDLG.MemberExists
 0001:000390EC       TAddPropertyDLG.OkBTNClick
 0001:0003910C       TAddPropertyDLG.OnChangeValue
 0001:0003B160       TAddPropertyDLG.pbImplementationTargetPaint
 0001:0003A944       TAddPropertyDLG.ResetBTNClick
 0001:00039068       TAddPropertyDLG.SaveWindowState
 0001:0003B13C       TAddPropertyDLG.SetImplementationTarget
 0001:00039434       TAddPropertyDLG.SyntaxCheck
 0001:0003AE84       TAddPropertyDLG.UpdateLanguageModeDependencies
 0001:00005550       TAdvancedStringList.Add
 0001:000055EC       TAdvancedStringList.Clear
 0001:00005618       TAdvancedStringList.Delete
 0001:000054F0       TAdvancedStringList.Destroy
 0001:00005694       TAdvancedStringList.Exchange
 0001:00005704       TAdvancedStringList.ExchangeItems
 0001:00005728       TAdvancedStringList.Find
 0001:0000554C       TAdvancedStringList.FindLast
 0001:00005790       TAdvancedStringList.Get
 0001:000057EC       TAdvancedStringList.GetCapacity
 0001:000057F0       TAdvancedStringList.GetCount
 0001:000057F4       TAdvancedStringList.GetObject
 0001:00005844       TAdvancedStringList.Grow
 0001:00005878       TAdvancedStringList.IndexOf
 0001:000058B4       TAdvancedStringList.Insert
 0001:00005954       TAdvancedStringList.InsertItem
 0001:000059AC       TAdvancedStringList.Put
 0001:00005A50       TAdvancedStringList.PutObject
 0001:00005AA4       TAdvancedStringList.QuickSort
 0001:00005B60       TAdvancedStringList.SetCapacity
 0001:00005B7C       TAdvancedStringList.SetSorted
 0001:00005B9C       TAdvancedStringList.Sort
 0001:0001B85C       TBaseHierarchy.AddHierarchyNode
 0001:0001B7A4       TBaseHierarchy.BuildHierarchy
 0001:0001B654       TBaseHierarchy.Clear
 0001:0001B5C0       TBaseHierarchy.Create
 0001:0001B618       TBaseHierarchy.Destroy
 0001:0001B690       TBaseHierarchy.Find
 0001:0001B6F8       TBaseHierarchy.FindIndex
 0001:0001B66C       TBaseHierarchy.GetNode
 0001:0001B904       TBaseHierarchy.RemoveHierarchyNode
 0001:0001B680       TBaseHierarchy.SortList
 0001:0001B798       TBaseHierarchy.SortNodes
 0001:0001B39C       TBaseHierarchyNode.AddNode
 0001:0001B358       TBaseHierarchyNode.Clear
 0001:0001B2B4       TBaseHierarchyNode.Create
 0001:0001B578       TBaseHierarchyNode.Delete
 0001:0001B308       TBaseHierarchyNode.Destroy
 0001:0001B3FC       TBaseHierarchyNode.FindByName
 0001:0001B3B0       TBaseHierarchyNode.FindByObject
 0001:0001B33C       TBaseHierarchyNode.GetChild
 0001:0001B350       TBaseHierarchyNode.GetCount
 0001:0001B38C       TBaseHierarchyNode.GetName
 0001:0001B3A8       TBaseHierarchyNode.GetRootNode
 0001:0001B5A0       TBaseHierarchyNode.Remove
 0001:0001B398       TBaseHierarchyNode.SetData
 0001:0001B524       TBaseHierarchyNode.Sort
 0001:00005BB4       TCaseStringlist.Create
 0001:00005BF8       TCaseStringlist.DoCaseModeCompare
 0001:00005CB0       TCaseStringlist.Find
 0001:00005C14       TCaseStringlist.FindLast
 0001:00005D64       TCaseStringlist.QuickSortCaseSensitive
 0001:00005E50       TCaseStringlist.Sort
 0001:00042A84       TCEExplorerController.CompleteClass
 0001:00042A60       TCEExplorerController.Create
 0001:00042AAC       TCEExplorerController.EditorClosed
 0001:00042AD4       TCEExplorerController.ExplorerVisibleChanged
 0001:00042AFC       TCEExplorerController.ModelNodeFocused
 0001:00042B38       TCEExplorerController.ModuleCaretChanged
 0001:00042B60       TCEExplorerController.ModuleChanged
 0001:00042C0C       TCEExplorerController.ModuleModified
 0001:00042C34       TCEExplorerController.Navigate
 0001:00042C5C       TCEExplorerController.ShowSource
 0001:00042C98       TCEGraphModel.AddModelListener
 0001:00042CC0       TCEGraphModel.Find
 0001:00042CC4       TCEGraphModel.Get
 0001:00042CC8       TCEGraphModel.GetRoot
 0001:00042CCC       TCEGraphModel.RemoveModelListener
 0001:00041DA4       TCEManager.ActivateEditor
 0001:00040E24       TCEManager.CloseProject
 0001:000404E4       TCEManager.Create
 0001:0004186C       TCEManager.CreateClassBrowser
 0001:00041944       TCEManager.CreateClassHierarchy
 0001:00041834       TCEManager.CreateWindowClassInstance
 0001:00041958       TCEManager.DesktopLoad
 0001:00041A68       TCEManager.DesktopSave
 0001:0004061C       TCEManager.Destroy
 0001:00041DE4       TCEManager.DisplayUnitAtLine
 0001:00041DB4       TCEManager.DoActivateEditorControl
 0001:00041F34       TCEManager.DoBeforeDeleteClasses
 0001:00041F88       TCEManager.DoBeforeDeleteFiles
 0001:00042048       TCEManager.DoFinishChangesClasses
 0001:00041E6C       TCEManager.DoOnClearClasses
 0001:00041E78       TCEManager.DoOnClearFiles
 0001:00042060       TCEManager.DoOnFileSelected
 0001:00041E84       TCEManager.DoOnFinishedUpdateClasses
 0001:00041EE0       TCEManager.DoOnFinishedUpdateFiles
 0001:00041E10       TCEManager.DoOnProgress
 0001:00042054       TCEManager.DoOnRenameProject
 0001:0004203C       TCEManager.DoPrepareChangesClasses
 0001:00041F94       TCEManager.DoUpdateClasses
 0001:00041FE8       TCEManager.DoUpdateFiles
 0001:00041B7C       TCEManager.EditorCreated
 0001:000406B4       TCEManager.FileModified
 0001:00040720       TCEManager.FileSelected
 0001:00041858       TCEManager.FindClassBrowser
 0001:000418C0       TCEManager.FindClassHierarchy
 0001:000418D4       TCEManager.FindClassHierarchyEx
 0001:000417DC       TCEManager.FindWindowClassInstance
 0001:00041018       TCEManager.GetClassList
 0001:00041BB0       TCEManager.GetCommonClasslistFromObject
 0001:00041030       TCEManager.GetDifferenceFiles
 0001:00041024       TCEManager.GetFilesList
 0001:00041C74       TCEManager.GetFileslistFromObject
 0001:00040970       TCEManager.IsProjectFile
 0001:000409C8       TCEManager.IsProjectFileEx
 0001:000406B0       TCEManager.IsSystemIdle
 0001:00041D8C       TCEManager.Jump
 0001:00041CBC       TCEManager.JumpWithoutSave
 0001:00040A7C       TCEManager.LoadFile
 0001:0004079C       TCEManager.LoadProject
 0001:00041178       TCEManager.OnLiveParseComplete
 0001:00041528       TCEManager.OnParseComplete
 0001:00040EF8       TCEManager.RedrawTrees
 0001:00040F74       TCEManager.RefreshUnit
 0001:00040C0C       TCEManager.RemoveFile
 0001:00040DD8       TCEManager.RenameFile
 0001:00040910       TCEManager.RenameProject
 0001:00041708       TCEManager.StartParserThread
 0001:00041894       TCEManager.ToggleWindow
 0001:00040FE4       TCEManager.UpdateNodes
 0001:000420DC       TCEManagerThread.Create
 0001:00042300       TCEManagerThread.Destroy
 0001:00042390       TCEManagerThread.DoParseFiles
 0001:000427D8       TCEManagerThread.Execute
 0001:000427D0       TCEManagerThread.StopIfTerminating
 0001:00042368       TCEManagerThread.TriggerOnParseComplete
 0001:0001A504       TCESettings.Create
 0001:0001A710       TCESettings.Destroy
 0001:0001A794       TCESettings.DoLoad
 0001:0001B054       TCESettings.GetIDERootPath
 0001:0001A760       TCESettings.GetRootRegKey
 0001:0001AF60       TCESettings.GetTabWidth
 0001:0001AB38       TCESettings.Load
 0001:0001ABC8       TCESettings.Save
 0001:0001B028       TCESettings.SetSysShowTreeToolTips
 0001:00042894       TCEThreadList.Create
 0001:00042920       TCEThreadList.DeleteThreads
 0001:000428F4       TCEThreadList.Destroy
 0001:00042A44       TCEThreadList.NewTicket
 0001:00042980       TCEThreadList.OnParseComplete
 0001:00042A04       TCEThreadList.Start
 0001:00042960       TCEThreadList.StartNext
 0001:000241F0       TClassAncestor.Compare
 0001:00024128       TClassAncestor.Create
 0001:0002416C       TClassAncestor.Destroy
 0001:00024218       TClassAncestor.GetDisplayText
 0001:00024194       TClassAncestor.LoadFromStream
 0001:000241CC       TClassAncestor.SaveToStream
 0001:0002440C       TClassAncestorList.Add
 0001:00024468       TClassAncestorList.AddEx
 0001:0002457C       TClassAncestorList.Assign
 0001:000242A4       TClassAncestorList.Clear
 0001:00024390       TClassAncestorList.Compare
 0001:0002421C       TClassAncestorList.Create
 0001:00024270       TClassAncestorList.Destroy
 0001:000244F4       TClassAncestorList.Find
 0001:000243F8       TClassAncestorList.GetAncestor
 0001:000243F0       TClassAncestorList.GetCount
 0001:000245C8       TClassAncestorList.GetDisplayText
 0001:000242D8       TClassAncestorList.LoadFromStream
 0001:0002433C       TClassAncestorList.SaveToStream
 0001:0003E94C       TClassBrowser.AttachClassListToTree
 0001:0003FAA0       TClassBrowser.ClassesPMClassHierarchyClick
 0001:0003F1B4       TClassBrowser.ClassesPMDefinitionClick
 0001:0003FBC0       TClassBrowser.ClassesPMDetachMethodsClick
 0001:0003FB18       TClassBrowser.ClassesPMDomainsClick
 0001:0003FDE0       TClassBrowser.ClassesPMFilterClassesClick
 0001:0003F7B8       TClassBrowser.ClassesPMFindClick
 0001:0003F21C       TClassBrowser.ClassesPMGotoDescriptionClick
 0001:0003F1E8       TClassBrowser.ClassesPMGotoimplementClick
 0001:0003FB94       TClassBrowser.ClassesPMInheritanceClick
 0001:0003FBC4       TClassBrowser.ClassesPMNewDescriptionClick
 0001:0003F7BC       TClassBrowser.ClassesPMNewFieldClick
 0001:0003F808       TClassBrowser.ClassesPMNewMethodClick
 0001:0003F854       TClassBrowser.ClassesPMNewPropertyClick
 0001:0003FD24       TClassBrowser.ClassesPMNodeCollapseAllClick
 0001:0003FC18       TClassBrowser.ClassesPMNodeCollapseClick
 0001:0003FC68       TClassBrowser.ClassesPMNodeExpandAllClick
 0001:0003FBC8       TClassBrowser.ClassesPMNodeExpandClick
 0001:0003FB98       TClassBrowser.ClassesPMOpenFormClick
 0001:0003F8A0       TClassBrowser.ClassesPMPopup
 0001:0003F224       TClassBrowser.ClassesPMPropertiesClick
 0001:0003FBB4       TClassBrowser.ClassesPMToolbarClick
 0001:0003FF28       TClassBrowser.ClassesPMViewModeAllClick
 0001:0003FF5C       TClassBrowser.ClassesPMViewModeCurrentClick
 0001:0003FE04       TClassBrowser.ClassFilterBTNClick
 0001:0003FDE8       TClassBrowser.ClassFilterCOBChange
 0001:0003FDE4       TClassBrowser.ClassFilterPanelResize
 0001:0003FE0C       TClassBrowser.ClassFilterPMAddFilterClick
 0001:0003FE10       TClassBrowser.ClassFilterPMDeleteFilterClick
 0001:0003FE08       TClassBrowser.ClassFilterPMEditFilterClick
 0001:0003F638       TClassBrowser.ClassTREEChange
 0001:0003F5D4       TClassBrowser.ClassTREECollapsing
 0001:0003E7B0       TClassBrowser.ClassTreeCreateWnd
 0001:0003F104       TClassBrowser.ClassTREEDblClick
 0001:0003E7D4       TClassBrowser.ClassTreeDestroyWnd
 0001:0003F35C       TClassBrowser.ClassTREEExpanding
 0001:0003EF14       TClassBrowser.ClassTREEKeyDown
 0001:0003F310       TClassBrowser.ClassTreeMouseDown
 0001:0003F2A8       TClassBrowser.ClassTREEMouseMove
 0001:0003EC5C       TClassBrowser.Clear
 0001:0003EDD0       TClassBrowser.Create
 0001:0003E7DC       TClassBrowser.DeleteClassTreeNodes
 0001:0003E2CC       TClassBrowser.DoBeforeDeleteClasses
 0001:0003E320       TClassBrowser.DoBeforeDeleteFiles
 0001:0003FA64       TClassBrowser.DockFormPMPopup
 0001:0003FA7C       TClassBrowser.DockPMAlignLeftClick
 0001:0003FA80       TClassBrowser.DockPMAlignRightClick
 0001:0003FA84       TClassBrowser.DockPMAlignTopClick
 0001:0003FA6C       TClassBrowser.DockPMCloseClick
 0001:0003FA68       TClassBrowser.DockPMDockFloatClick
 0001:0003FA70       TClassBrowser.DockPMHelpClick
 0001:0003E3B4       TClassBrowser.DoFinishChangesClasses
 0001:0003E1A4       TClassBrowser.DoOnClearClasses
 0001:0003E1EC       TClassBrowser.DoOnClearFiles
 0001:0003E42C       TClassBrowser.DoOnFileSelected
 0001:0003E234       TClassBrowser.DoOnFinishedUpdateClasses
 0001:0003E2A4       TClassBrowser.DoOnFinishedUpdateFiles
 0001:0003E09C       TClassBrowser.DoOnProgress
 0001:0003E3C8       TClassBrowser.DoOnRenameProject
 0001:0003E3A0       TClassBrowser.DoPrepareChangesClasses
 0001:0003E324       TClassBrowser.DoUpdateClasses
 0001:0003E378       TClassBrowser.DoUpdateFiles
 0001:0003FE14       TClassBrowser.EditorIntegrationPMDockClick
 0001:0003FB14       TClassBrowser.FilesPMAddClick
 0001:0003F220       TClassBrowser.FilesPMGotoDescriptionClick
 0001:0003FBBC       TClassBrowser.FilesPMGotoImplementationClick
 0001:0003FBB8       TClassBrowser.FilesPMGotoInterfaceClick
 0001:0003FA9C       TClassBrowser.FilesPMLoadExternalsClick
 0001:0003FA88       TClassBrowser.FilesPMManageExternalClick
 0001:0003F228       TClassBrowser.FilesPMOpenClick
 0001:0003F230       TClassBrowser.FilesPMOpenFormClick
 0001:0003FA90       TClassBrowser.FilesPMPopup
 0001:0003F284       TClassBrowser.FilesPMPropertiesClick
 0001:0003FA94       TClassBrowser.FilesPMRemoveClick
 0001:0003FA98       TClassBrowser.FilesPMReparseFileClick
 0001:0003FA8C       TClassBrowser.FilesPMUpdateExternalsClick
 0001:0003F280       TClassBrowser.FilesTreeChange
 0001:0003F620       TClassBrowser.FilesTreeCollapsed
 0001:0003FF98       TClassBrowser.FilesTreeCreateWnd
 0001:0003F234       TClassBrowser.FilesTreeDblClick
 0001:0003FF9C       TClassBrowser.FilesTreeDestroyWnd
 0001:0003F600       TClassBrowser.FilesTreeExpanded
 0001:0003F238       TClassBrowser.FilesTreeKeyDown
 0001:0003F278       TClassBrowser.FilesTreeMouseDown
 0001:0003FE24       TClassBrowser.FocusNode
 0001:0003FB9C       TClassBrowser.FormClose
 0001:0003EEBC       TClassBrowser.FormCreate
 0001:0003EEE4       TClassBrowser.FormDestroy
 0001:0003FDEC       TClassBrowser.FormKeyDown
 0001:0003FB1C       TClassBrowser.FormShow
 0001:0003FE28       TClassBrowser.GetFocusedLocation
 0001:0003FE34       TClassBrowser.GetModel
 0001:0003EC34       TClassBrowser.GetRootNode
 0001:0003FE18       TClassBrowser.InvokeHelp
 0001:0003EC30       TClassBrowser.IsInternalTreeNode
 0001:0003FEA0       TClassBrowser.LoadWindowState
 0001:0003FF90       TClassBrowser.LocalMenuPopup
 0001:0003EB0C       TClassBrowser.MakeRootitem
 0001:0003FE38       TClassBrowser.NewModel
 0001:0003F67C       TClassBrowser.OpenNodeRec
 0001:0003FB10       TClassBrowser.PageControlChange
 0001:0003F000       TClassBrowser.ProcessCopyOperation
 0001:0003E738       TClassBrowser.ReAssignRepresentations
 0001:0003E4B4       TClassBrowser.RecursiveDeleteClassTreeNodes
 0001:0003FE3C       TClassBrowser.SaveWindowState
 0001:0003F63C       TClassBrowser.SelectNode
 0001:0003F740       TClassBrowser.SelectObject
 0001:0003F288       TClassBrowser.WMGetMinMaxInfo
 0001:000452A4       TClassBrowserExpert.AddedToProject
 0001:00045248       TClassBrowserExpert.CloseProject
 0001:00044B88       TClassBrowserExpert.Create
 0001:0004533C       TClassBrowserExpert.CreateManager
 0001:00044CB4       TClassBrowserExpert.Destroy
 0001:00045014       TClassBrowserExpert.EnumProc
 0001:00045450       TClassBrowserExpert.Execute
 0001:000452A0       TClassBrowserExpert.FileClose
 0001:00045288       TClassBrowserExpert.FileOpen
 0001:000453CC       TClassBrowserExpert.GetAuthor
 0001:0004541C       TClassBrowserExpert.GetComment
 0001:0004542C       TClassBrowserExpert.GetGlyph
 0001:00045394       TClassBrowserExpert.GetIDString
 0001:00045448       TClassBrowserExpert.GetMenuText
 0001:0004535C       TClassBrowserExpert.GetName
 0001:00045424       TClassBrowserExpert.GetPage
 0001:00045438       TClassBrowserExpert.GetState
 0001:00045388       TClassBrowserExpert.GetStyle
 0001:00044D74       TClassBrowserExpert.OnActiveProjectChanged
 0001:00045070       TClassBrowserExpert.OpenProject
 0001:00044F34       TClassBrowserExpert.ProjectClose
 0001:00044DFC       TClassBrowserExpert.ReloadUnit
 0001:000452F4       TClassBrowserExpert.RemovedFromProject
 0001:00044E88       TClassBrowserExpert.RenameProject
 0001:00044E30       TClassBrowserExpert.RenameUnit
 0001:00044EE0       TClassBrowserExpert.ReopenProject
 0001:00024A94       TClassDescription.Assign
 0001:00024E30       TClassDescription.ClearRepresentations
 0001:00024BB0       TClassDescription.Compare
 0001:000246A0       TClassDescription.Create
 0001:00024A10       TClassDescription.DeleteWatchRecursive
 0001:00024784       TClassDescription.Destroy
 0001:000247DC       TClassDescription.GetAncestorName
 0001:00025194       TClassDescription.GetClassPathStr
 0001:00024E70       TClassDescription.GetDeclaration
 0001:0002516C       TClassDescription.GetExistsSubclasses
 0001:00024884       TClassDescription.GetField
 0001:0002509C       TClassDescription.GetHasActiveChildren
 0001:00025188       TClassDescription.GetIsSubClass
 0001:0002513C       TClassDescription.GetItemCountRecursive
 0001:00025174       TClassDescription.GetLevel
 0001:00024918       TClassDescription.GetMethod
 0001:000248F0       TClassDescription.GetSubClasses
 0001:000251F4       TClassDescription.GetUniqueSubClassName
 0001:00024C80       TClassDescription.LoadFromStream
 0001:00024D9C       TClassDescription.SaveToStream
 0001:00024814       TClassDescription.SetAncestorName
 0001:0002508C       TClassDescription.SetDomain
 0001:00024984       TClassDescription.SetWatchRecursive
 0001:00024B34       TClassDescription.UpdateFrom
 0001:00045C64       TClassExplorerEnvOptions.CustomizeDialog
 0001:00045C44       TClassExplorerEnvOptions.EnvironmentOptionsDestroy
 0001:00045C18       TClassExplorerEnvOptions.GetIsModified
 0001:00045C2C       TClassExplorerEnvOptions.LoadOptions
 0001:00045C38       TClassExplorerEnvOptions.SaveOptions
 0001:00045898       TClassExplorerOptionsPage.ClassExplorerOptionsPageBroadcast
 0001:000457DC       TClassExplorerOptionsPage.ClassExplorerOptionsPageCreate
 0001:0000967C       TClassFilterDescription.AddFilter
 0001:00009708       TClassFilterDescription.Clear
[...]
 0001:0003FA84       TClassBrowser.DockPMAlignTopClick
 0001:0003FA88       TClassBrowser.FilesPMManageExternalClick
 0001:0003FA8C       TClassBrowser.FilesPMUpdateExternalsClick
 0001:0003FA90       TClassBrowser.FilesPMPopup
 0001:0003FA94       TClassBrowser.FilesPMRemoveClick
 0001:0003FA98       TClassBrowser.FilesPMReparseFileClick
 0001:0003FA9C       TClassBrowser.FilesPMLoadExternalsClick
 0001:0003FAA0       TClassBrowser.ClassesPMClassHierarchyClick
 0001:0003FB10       TClassBrowser.PageControlChange
 0001:0003FB14       TClassBrowser.FilesPMAddClick
 0001:0003FB18       TClassBrowser.ClassesPMDomainsClick
 0001:0003FB1C       TClassBrowser.FormShow
 0001:0003FB94       TClassBrowser.ClassesPMInheritanceClick
 0001:0003FB98       TClassBrowser.ClassesPMOpenFormClick
 0001:0003FB9C       TClassBrowser.FormClose
 0001:0003FBB4       TClassBrowser.ClassesPMToolbarClick
 0001:0003FBB8       TClassBrowser.FilesPMGotoInterfaceClick
 0001:0003FBBC       TClassBrowser.FilesPMGotoImplementationClick
 0001:0003FBC0       TClassBrowser.ClassesPMDetachMethodsClick
 0001:0003FBC4       TClassBrowser.ClassesPMNewDescriptionClick
 0001:0003FBC8       TClassBrowser.ClassesPMNodeExpandClick
 0001:0003FC18       TClassBrowser.ClassesPMNodeCollapseClick
 0001:0003FC68       TClassBrowser.ClassesPMNodeExpandAllClick
 0001:0003FD24       TClassBrowser.ClassesPMNodeCollapseAllClick
 0001:0003FDE0       TClassBrowser.ClassesPMFilterClassesClick
 0001:0003FDE4       TClassBrowser.ClassFilterPanelResize
 0001:0003FDE8       TClassBrowser.ClassFilterCOBChange
 0001:0003FDEC       TClassBrowser.FormKeyDown
 0001:0003FE04       TClassBrowser.ClassFilterBTNClick
 0001:0003FE08       TClassBrowser.ClassFilterPMEditFilterClick
 0001:0003FE0C       TClassBrowser.ClassFilterPMAddFilterClick
 0001:0003FE10       TClassBrowser.ClassFilterPMDeleteFilterClick
 0001:0003FE14       TClassBrowser.EditorIntegrationPMDockClick
 0001:0003FE18       TClassBrowser.InvokeHelp
 0001:0003FE24       TClassBrowser.FocusNode
 0001:0003FE28       TClassBrowser.GetFocusedLocation
 0001:0003FE34       TClassBrowser.GetModel
 0001:0003FE38       TClassBrowser.NewModel
 0001:0003FE3C       TClassBrowser.SaveWindowState
 0001:0003FEA0       TClassBrowser.LoadWindowState
 0001:0003FF28       TClassBrowser.ClassesPMViewModeAllClick
 0001:0003FF5C       TClassBrowser.ClassesPMViewModeCurrentClick
 0001:0003FF90       TClassBrowser.LocalMenuPopup
 0001:0003FF98       TClassBrowser.FilesTreeCreateWnd
 0001:0003FF9C       TClassBrowser.FilesTreeDestroyWnd
 0001:0003FFA0       Finalization
 0001:0003FFD0       ClassBrowserForm
 0001:000404E4       TCEManager.Create
 0001:0004061C       TCEManager.Destroy
 0001:000406B0       TCEManager.IsSystemIdle
 0001:000406B4       TCEManager.FileModified
 0001:00040720       TCEManager.FileSelected
 0001:0004079C       TCEManager.LoadProject
 0001:00040910       TCEManager.RenameProject
 0001:00040970       TCEManager.IsProjectFile
 0001:000409C8       TCEManager.IsProjectFileEx
 0001:00040A7C       TCEManager.LoadFile
 0001:00040C0C       TCEManager.RemoveFile
 0001:00040DD8       TCEManager.RenameFile
 0001:00040E24       TCEManager.CloseProject
 0001:00040EF8       TCEManager.RedrawTrees
 0001:00040F74       TCEManager.RefreshUnit
 0001:00040FE4       TCEManager.UpdateNodes
 0001:00041018       TCEManager.GetClassList
 0001:00041024       TCEManager.GetFilesList
 0001:00041030       TCEManager.GetDifferenceFiles
 0001:00041178       TCEManager.OnLiveParseComplete
 0001:00041528       TCEManager.OnParseComplete
 0001:00041708       TCEManager.StartParserThread
 0001:000417DC       TCEManager.FindWindowClassInstance
 0001:00041834       TCEManager.CreateWindowClassInstance
 0001:00041858       TCEManager.FindClassBrowser
 0001:0004186C       TCEManager.CreateClassBrowser
 0001:00041894       TCEManager.ToggleWindow
 0001:000418C0       TCEManager.FindClassHierarchy
 0001:000418D4       TCEManager.FindClassHierarchyEx
 0001:00041944       TCEManager.CreateClassHierarchy
 0001:00041958       TCEManager.DesktopLoad
 0001:00041A68       TCEManager.DesktopSave
 0001:00041B7C       TCEManager.EditorCreated
 0001:00041BB0       TCEManager.GetCommonClasslistFromObject
 0001:00041C74       TCEManager.GetFileslistFromObject
 0001:00041CBC       TCEManager.JumpWithoutSave
 0001:00041D8C       TCEManager.Jump
 0001:00041DA4       TCEManager.ActivateEditor
 0001:00041DB4       TCEManager.DoActivateEditorControl
 0001:00041DE4       TCEManager.DisplayUnitAtLine
 0001:00041E10       TCEManager.DoOnProgress
 0001:00041E6C       TCEManager.DoOnClearClasses
 0001:00041E78       TCEManager.DoOnClearFiles
 0001:00041E84       TCEManager.DoOnFinishedUpdateClasses
 0001:00041EE0       TCEManager.DoOnFinishedUpdateFiles
 0001:00041F34       TCEManager.DoBeforeDeleteClasses
 0001:00041F88       TCEManager.DoBeforeDeleteFiles
 0001:00041F94       TCEManager.DoUpdateClasses
 0001:00041FE8       TCEManager.DoUpdateFiles
 0001:0004203C       TCEManager.DoPrepareChangesClasses
 0001:00042048       TCEManager.DoFinishChangesClasses
 0001:00042054       TCEManager.DoOnRenameProject
 0001:00042060       TCEManager.DoOnFileSelected
 0001:000420B4       ManagerThreadVerifyTicket
 0001:000420DC       TCEManagerThread.Create
 0001:00042300       TCEManagerThread.Destroy
 0001:00042368       TCEManagerThread.TriggerOnParseComplete
 0001:00042390       TCEManagerThread.DoParseFiles
 0001:000427D0       TCEManagerThread.StopIfTerminating
 0001:000427D8       TCEManagerThread.Execute
 0001:00042894       TCEThreadList.Create
 0001:000428F4       TCEThreadList.Destroy
 0001:00042920       TCEThreadList.DeleteThreads
 0001:00042960       TCEThreadList.StartNext
 0001:00042980       TCEThreadList.OnParseComplete
 0001:00042A04       TCEThreadList.Start
 0001:00042A44       TCEThreadList.NewTicket
 0001:00042A60       TCEExplorerController.Create
 0001:00042A84       TCEExplorerController.CompleteClass
 0001:00042AAC       TCEExplorerController.EditorClosed
 0001:00042AD4       TCEExplorerController.ExplorerVisibleChanged
 0001:00042AFC       TCEExplorerController.ModelNodeFocused
 0001:00042B38       TCEExplorerController.ModuleCaretChanged
 0001:00042B60       TCEExplorerController.ModuleChanged
 0001:00042C0C       TCEExplorerController.ModuleModified
 0001:00042C34       TCEExplorerController.Navigate
 0001:00042C5C       TCEExplorerController.ShowSource
 0001:00042C98       TCEGraphModel.AddModelListener
 0001:00042CC0       TCEGraphModel.Find
 0001:00042CC4       TCEGraphModel.Get
 0001:00042CC8       TCEGraphModel.GetRoot
 0001:00042CCC       TCEGraphModel.RemoveModelListener
 0001:00042CF4       GetExplorerController
 0001:00042D1C       Finalization
 0001:00042D60       Manager2
 0001:00043080       TCustomDisplayForm.Create
 0001:000430D0       TCustomDisplayForm.Destroy
 0001:00043110       TCustomDisplayForm.DockToolbar
 0001:00043114       TCustomDisplayForm.UndockToolbar
 0001:00043118       TCustomDisplayForm.ToolBarDestroyed
 0001:0004311C       TCustomDisplayForm.DoOnProgress
 0001:00043148       TCustomDisplayForm.DoOnClearClasses
 0001:0004314C       TCustomDisplayForm.DoOnClearFiles
 0001:00043150       TCustomDisplayForm.DoOnFinishedUpdateClasses
 0001:00043178       TCustomDisplayForm.DoOnFinishedUpdateFiles
 0001:000431A0       TCustomDisplayForm.DoBeforeDeleteClasses
 0001:000431C8       TCustomDisplayForm.DoBeforeDeleteFiles
 0001:000431CC       TCustomDisplayForm.DoUpdateClasses
 0001:000431F4       TCustomDisplayForm.DoUpdateFiles
 0001:0004321C       TCustomDisplayForm.DoPrepareChangesClasses
 0001:00043220       TCustomDisplayForm.DoFinishChangesClasses
 0001:00043224       TCustomDisplayForm.DoOnRenameProject
 0001:00043228       TCustomDisplayForm.DoOnFileSelected
 0001:00043250       TCustomDisplayForm.CheckActive
 0001:00043258       TCustomDisplayForm.InvokeHelp
 0001:0004325C       TCustomDisplayFormList.Create
 0001:000432A4       TCustomDisplayFormList.Destroy
 0001:000432D8       TCustomDisplayFormList.Add
 0001:00043308       TCustomDisplayFormList.Remove
 0001:00043338       TCustomDisplayFormList.Clear
 0001:00043344       TCustomDisplayFormList.GetCount
 0001:0004334C       TCustomDisplayFormList.GetForms
 0001:00043360       TCustomDisplayFormList.OnFormDestroy
 0001:0004336C       TCustomDisplayFormList.FreeAllForms
 0001:000433DC       TCustomDisplayFormList.DoOnProgress
 0001:00043460       TCustomDisplayFormList.DoOnClearClasses
 0001:00043494       TCustomDisplayFormList.DoOnClearFiles
 0001:000434C8       TCustomDisplayFormList.DoOnFinishedUpdateClasses
 0001:00043540       TCustomDisplayFormList.DoOnFinishedUpdateFiles
 0001:000435B8       TCustomDisplayFormList.DoBeforeDeleteClasses
 0001:00043630       TCustomDisplayFormList.DoBeforeDeleteFiles
 0001:00043664       TCustomDisplayFormList.DoUpdateClasses
 0001:000436DC       TCustomDisplayFormList.DoUpdateFiles
 0001:00043754       TCustomDisplayFormList.DoPrepareChangesClasses
 0001:00043788       TCustomDisplayFormList.DoFinishChangesClasses
 0001:000437BC       TCustomDisplayFormList.DoOnRenameProject
 0001:000437EC       TCustomDisplayFormList.DoOnFileSelected
 0001:00043890       Finalization
 0001:000438C0       CustomClassForm
 0001:00043AF4       FindControlRec
 0001:00043B58       Finalization
 0001:00043B88       CustomClassDetailsForm
 0001:00043B90       DS_JumptoClass
 0001:00043C58       DS_JumptoField
 0001:00043D24       DS_JumptoMethod
 0001:00043EC0       DS_Jump
 0001:00043F7C       DS_DisplayUnitAtLine
 0001:00044068       ExecuteNewDialog
 0001:000440C8       NewMethod
 0001:000440E4       NewField
 0001:00044100       NewProperty
 0001:0004411C       Finalization
 0001:0004414C       DialogServices
 0001:00044504       TAddInNotifier.Create
 0001:00044540       TAddInNotifier.FileNotification
 0001:00044594       TAddInNotifier.EventNotification
 0001:0004459C       TProjectNotifier.Create
 0001:000445D8       TProjectNotifier.Notify
 0001:00044698       TProjectNotifier.ComponentRenamed
 0001:000446A0       TCommonModuleNotifier.Create
 0001:00044758       TCommonModuleNotifier.Destroy
 0001:000447A8       TCommonModuleNotifier.Notify
 0001:00044848       TCommonModuleNotifier.ComponentRenamed
 0001:00044850       TCommonModuleNotifier.Rename
 0001:000448F8       TCommonModuleList.Create
 0001:0004495C       TCommonModuleList.Destroy
 0001:00044990       TCommonModuleList.DoFreeModule
 0001:000449A4       TCommonModuleList.OnModuleNotifierDeleted
 0001:000449E0       TCommonModuleList.Clear
 0001:00044A18       TCommonModuleList.GetCount
 0001:00044A24       TCommonModuleList.GetModule
 0001:00044A38       TCommonModuleList.Add
 0001:00044AA8       TCommonModuleList.Remove
 0001:00044B1C       TCommonModuleList.Find
 0001:00044B88       TClassBrowserExpert.Create
 0001:00044CB4       TClassBrowserExpert.Destroy
 0001:00044D74       TClassBrowserExpert.OnActiveProjectChanged
 0001:00044DFC       TClassBrowserExpert.ReloadUnit
 0001:00044E30       TClassBrowserExpert.RenameUnit
 0001:00044E88       TClassBrowserExpert.RenameProject
 0001:00044EE0       TClassBrowserExpert.ReopenProject
 0001:00044F34       TClassBrowserExpert.ProjectClose
 0001:00044F80       IsDisplayableSourceFile
 0001:00045014       TClassBrowserExpert.EnumProc
 0001:00045054       ProjModuleEnumProc
 0001:00045070       TClassBrowserExpert.OpenProject
 0001:00045248       TClassBrowserExpert.CloseProject
 0001:00045288       TClassBrowserExpert.FileOpen
 0001:000452A0       TClassBrowserExpert.FileClose
 0001:000452A4       TClassBrowserExpert.AddedToProject
 0001:000452F4       TClassBrowserExpert.RemovedFromProject
 0001:0004533C       TClassBrowserExpert.CreateManager
 0001:0004535C       TClassBrowserExpert.GetName
 0001:00045388       TClassBrowserExpert.GetStyle
 0001:00045394       TClassBrowserExpert.GetIDString
 0001:000453CC       TClassBrowserExpert.GetAuthor
 0001:0004541C       TClassBrowserExpert.GetComment
 0001:00045424       TClassBrowserExpert.GetPage
 0001:0004542C       TClassBrowserExpert.GetGlyph
 0001:00045438       TClassBrowserExpert.GetState
 0001:00045448       TClassBrowserExpert.GetMenuText
 0001:00045450       TClassBrowserExpert.Execute
 0001:00045458       Finalization
 0001:00045488       ToolsInterface
 0001:00045490       Finalization
 0001:000454C0       ResourceServices
 0001:000454C8       Finalization
 0001:000454F8       RES__IDS
 0001:00045500       Finalization
 0001:00045530       CommonParseTools
 0001:000457DC       TClassExplorerOptionsPage.ClassExplorerOptionsPageCreate
 0001:00045898       TClassExplorerOptionsPage.ClassExplorerOptionsPageBroadcast
 0001:00045AB4       Finalization
 0001:00045AF0       DirectIDEOptions
 0001:00045C18       TClassExplorerEnvOptions.GetIsModified
 0001:00045C2C       TClassExplorerEnvOptions.LoadOptions
 0001:00045C38       TClassExplorerEnvOptions.SaveOptions
 0001:00045C44       TClassExplorerEnvOptions.EnvironmentOptionsDestroy
 0001:00045C64       TClassExplorerEnvOptions.CustomizeDialog
 0001:00045D04       Finalization
 0001:00045D34       DirectIDEEnvOptions
 0001:00045DA8       TProductStartup.Create
 0001:00045E00       TProductStartup.Destroy
 0001:00045E70       TProductStartup.ProductStartup
 0001:00045EB0       IDERegister
 0001:00045EE8       Finalization
 0001:00045F38       CodeExplorerReg
 0001:00046AA0       @GetPackageInfoTable
 0001:00046AA8       @PackageLoad
 0001:00046AB4       @PackageUnload
 0001:00046AC0       bcbcxp
 0002:00000000       Module
 0002:00000018       TlsProc
 0002:00000028       ACTIVEPAGE_DEFAULT
 0002:0000002C       CLASSINFOFILE_REGEXTENTION
 0002:0000003C       DOMAININFOFILE_REGEXTENTION
 0002:0000004C       PROJECTSETTINGSFILE_REGEXTENTION
 0002:0000005C       DEFAULT_CLASSINFO_FILENAME
 0002:00000060       MII_CERootMenuItem
 0002:00000068       MII_CESeparatorMenuItem1
 0002:00000070       MII_CEClassExplorerMenuItem
 0002:00000078       MII_CEClassHierarchyMenuItem
 0002:00000080       MII_CEContextBarMenuItem
 0002:00000088       MII_CEOptionsMenuItem
 0002:00000090       MII_CEProjectOptionsMenuItem
 0002:00000098       MII_CESeparatorMenuItem2
 0002:000000A0       MII_CEExportHelpMenuItem
 0002:000000A8       MII_CESeparatorMenuItem3
 0002:000000B0       MII_CEFindMenuItem
 0002:000000B8       MII_CEQuickFindCodeMenuItem
 0002:000000C0       MII_CEQuickFindTreeMenuItem
 0002:000000C8       MII_CEBrowseBackMenuItem
 0002:000000D0       MII_CEBrowseHistoryMenuItem
 0002:000000D8       MII_CESeparatorMenuItem4
 0002:000000E0       MII_CEAddFieldMenuItem
 0002:000000E8       MII_CEAddPropertyMenuItem
 0002:000000F0       MII_CEAddMethodMenuItem
 0002:000000F8       MII_CEAddDescriptionMenuItem
 0002:00000100       MII_CESeparatorMenuItem5
 0002:00000108       MII_CECodeInsertMenuItem
 0002:00000110       MII_CECodeInsertGlobalMarkerMenuItem
 0002:00000118       MII_CECodeInsertClassMarkerMenuItem
 0002:00000120       MII_CECodeInsertMethodMarkerMenuItem
 0002:00000128       MII_CECodeInsertHelpDescriptionMenuItem
 0002:00000130       MII_CESeparatorMenuItem6
 0002:00000138       MII_CEHelpMenuItem
 0002:00000140       MII_CEAboutMenuItem
 0002:00000148       RES_BMP_CLASSDESC_BACKGROUNDCOLOR
 0002:0000014C       RES_BMP_FILEDESC_BACKGROUNDCOLOR
 0002:00000150       SEMAPHORE_ALL_ACCESS
 0002:00000154       ptksIdentifiers
 0002:00000174       ptksKeywords
 0002:00000194       BCBModifiers
 0002:000001B4       BCBTypeIdents
 0002:000001D4       BCBDirectives
 0002:000001F4       TOKENS_THAT_MUST_NOT_FOLLOW_HEADERS
 0002:00000214       CODE_GEN_COMMENTBEGINNINGS
 0002:00000228       CODE_GEN_COMMENTENDINGS
 0002:0000023C       CODE_GEN_MARKERS
 0002:00000258       CODE_GEN_MARKERARGUMENTS
 0002:00000274       CODEBUILD_PASCAL_CODETEMPLATE_DEFAULTS
 0002:00000754       CODEBUILD_CPP_CODETEMPLATE_DEFAULTS
 0002:00000CF4       TREEVIEWEXT_TOOLTIP_SHOWING_ENABLED
 0002:00000CF8       _Internal_ComCtlVersion
 0002:00000CFC       CESettings
 0002:00000D00       TREENODE_MAX_CHARS
 0002:00000D04       TAB_REP_STR
 0002:00000D08       CR_REP_STR
 0002:00000D0C       TheRepresentationManager
 0002:00000D10       DomainHeaderInfoNr
 0002:00000D14       DomainHeaderVersionNr
 0002:00000D18       DomainHeaderInfo
 0002:00000D1C       SF_CLASSINFO_HEADER
 0002:00000D20       SF_FILELIST_VERSION
 0002:00000D24       SF_DOMAINLIST_VERSION
 0002:00000D28       SF_CLASSLIST_VERSION
 0002:00000D2C       IDENT_CHAR
 0002:00000D4C       BASESUBCLASSFMTNAME
 0002:00000D50       VISIMAP
 0002:00000D64       Manager
 0002:00000D68       ManagerThreadValidTicketID
 0002:00000D6C       ManagerThreadTerminated
 0002:00000D70       _ThreadsRunning
 0002:00000D74       ClassBrowserExpert
 0002:00001000       ModuleIsLib
 0002:00001001       ModuleIsPackage
 0002:00001004       TlsIndex
 0002:0000100C       HInstance
 0002:00001010       .1
 0002:00001014       tlsBuffer
 0002:00001018       .3
 0002:0000101C       .1
 0002:00001020       .1
 0002:00001024       .1
 0002:00001028       .1
 0002:0000102C       .1
 0002:00001030       .1
 0002:00001034       .1
 0002:00001038       .1
 0002:0000103C       .3
 0002:00001040       .1
 0002:00001044       .1
 0002:00001048       .1
 0002:0000104C       .7
 0002:00001050       .1
 0002:00001054       .1
 0002:00001058       AppParseSemName
 0002:0000105C       AppManagerThreadMutexName
 0002:00001060       AppIdleThreadMutexName
 0002:00001064       AppCEThreadTerminateSemaporeName
 0002:00001068       .1
 0002:0000106C       .1
 0002:00001070       .8
 0002:00001074       .3
 0002:00001078       .5
 0002:0000107C       .5
 0002:00001080       .3
 0002:00001084       .6
 0002:00001088       .3
 0002:0000108C       .2
 0002:00001090       .5
 0002:00001094       .2
 0002:00001098       .1
 0002:0000109C       .2
 0002:000010A0       .1
 0002:000010A4       .3
 0002:000010A8       .2
 0002:000010AC       .1
 0002:000010B0       .3
 0002:000010B4       .7
 0002:000010B8       .2
 0002:000010BC       .1
 0002:000010C0       .6
 0002:000010C4       .4
 0002:000010C8       .1
 0002:000010CC       .1
 0002:000010D0       .2
 0002:000010D4       .1
 0002:000010D8       .5
 0002:000010DC       .4
 0002:000010E0       .1
 0002:000010E4       .62
 0002:000010E8       .5
 0002:000010EC       .3
 0002:000010F0       .5
 0002:000010F4       .5
 0002:000010F8       .81
 0002:000010FC       .2
 0002:00001100       .2
 0002:00001104       .2
 0002:00001108       .4
 0002:0000110C       .2
 0002:00001110       .1
 0002:00001114       .1
 0002:00001118       .2
 0002:0000111C       .5
 0002:00001120       .2
 0002:00001124       .2
 0002:00001128       .2
 0002:0000112C       .2
 0002:00001130       .2
 0002:00001134       .6
 0002:00001138       ManagerThreadTicketCS
 0002:0000113C       ManagerThreadSynchCS
 0002:00001140       .3
 0002:00001144       .2
 0002:00001148       .1
 0002:0000114C       .6
 0002:00001150       .1
 0002:00001154       .1
 0002:00001158       .1
 0002:0000115C       .2
 0002:00001160       ClassExplorerEnvOptions
 0002:00001164       .2
 0002:00001168       .1
 0002:0000116C       ProductStartup


Bound resource files

SelectFile.dfm
CustomRepresentationForm.DFM
AddField.dfm
AddMethod.DFM
AddProperty.DFM
ClassHierarchy.DFM
ClassBrowserForm.dfm
CustomClassForm.DFM
CustomClassDetailsForm.DFM
DirectIDEOptions.DFM
DirectIDEEnvOptions.dfm
bcbcxp.res
lviewlt.res
C:\DOCUME~1\~storm\LOCALS~1\Temp\dtf71C3.tmp


Program entry point at 0001:00046AC0
