
 Start         Length     Name                   Class
 0001:00000000 00020518H .text                   CODE
 0002:00000000 0000019CH .data                   DATA
 0002:0000019C 000000A5H .bss                    BSS


Detailed map of segments

 0001:00000000 000001DE C=CODE     S=.text    G=(none)   M=System   ACBP=A9
 0001:000001E0 000001EC C=CODE     S=.text    G=(none)   M=SysInit  ACBP=A9
 0001:000003CC 000002EE C=CODE     S=.text    G=(none)   M=Classes  ACBP=A9
 0001:000006BC 0000000E C=CODE     S=.text    G=(none)   M=ActiveX  ACBP=A9
 0001:000006CC 00000038 C=CODE     S=.text    G=(none)   M=Messages ACBP=A9
 0001:00000704 00000140 C=CODE     S=.text    G=(none)   M=Windows  ACBP=A9
 0001:00000844 0000000E C=CODE     S=.text    G=(none)   M=Types    ACBP=A9
 0001:00000854 0000000E C=CODE     S=.text    G=(none)   M=TypInfo  ACBP=A9
 0001:00000864 0000008E C=CODE     S=.text    G=(none)   M=SysUtils ACBP=A9
 0001:000008F4 0000000E C=CODE     S=.text    G=(none)   M=SysConst ACBP=A9
 0001:00000904 0000000E C=CODE     S=.text    G=(none)   M=Variants ACBP=A9
 0001:00000914 0000000E C=CODE     S=.text    G=(none)   M=VarUtils ACBP=A9
 0001:00000924 0000000E C=CODE     S=.text    G=(none)   M=RTLConsts ACBP=A9
 0001:00000934 000001C6 C=CODE     S=.text    G=(none)   M=Forms    ACBP=A9
 0001:00000AFC 0000000E C=CODE     S=.text    G=(none)   M=HelpIntfs ACBP=A9
 0001:00000B0C 00000056 C=CODE     S=.text    G=(none)   M=Contnrs  ACBP=A9
 0001:00000B64 00000016 C=CODE     S=.text    G=(none)   M=Math     ACBP=A9
 0001:00000B7C 0000000E C=CODE     S=.text    G=(none)   M=MultiMon ACBP=A9
 0001:00000B8C 0000018E C=CODE     S=.text    G=(none)   M=ActnList ACBP=A9
 0001:00000D1C 00000046 C=CODE     S=.text    G=(none)   M=ImgList  ACBP=A9
 0001:00000D64 00000040 C=CODE     S=.text    G=(none)   M=CommCtrl ACBP=A9
 0001:00000DA4 00000106 C=CODE     S=.text    G=(none)   M=Graphics ACBP=A9
 0001:00000EAC 0000000E C=CODE     S=.text    G=(none)   M=Consts   ACBP=A9
 0001:00000EBC 0000054E C=CODE     S=.text    G=(none)   M=Controls ACBP=A9
 0001:0000140C 00000038 C=CODE     S=.text    G=(none)   M=Imm      ACBP=A9
 0001:00001444 00000046 C=CODE     S=.text    G=(none)   M=Menus    ACBP=A9
 0001:0000148C 0000000E C=CODE     S=.text    G=(none)   M=WinHelpViewer ACBP=A9
 0001:0000149C 0000000E C=CODE     S=.text    G=(none)   M=StdActns ACBP=A9
 0001:000014AC 0000001E C=CODE     S=.text    G=(none)   M=Dialogs  ACBP=A9
 0001:000014CC 00000038 C=CODE     S=.text    G=(none)   M=ShlObj   ACBP=A9
 0001:00001504 00000038 C=CODE     S=.text    G=(none)   M=UrlMon   ACBP=A9
 0001:0000153C 00000038 C=CODE     S=.text    G=(none)   M=WinInet  ACBP=A9
 0001:00001574 00000038 C=CODE     S=.text    G=(none)   M=RegStr   ACBP=A9
 0001:000015AC 00000038 C=CODE     S=.text    G=(none)   M=ShellAPI ACBP=A9
 0001:000015E4 0000000E C=CODE     S=.text    G=(none)   M=Printers ACBP=A9
 0001:000015F4 00000038 C=CODE     S=.text    G=(none)   M=WinSpool ACBP=A9
 0001:0000162C 0000009E C=CODE     S=.text    G=(none)   M=StdCtrls ACBP=A9
 0001:000016CC 00000038 C=CODE     S=.text    G=(none)   M=CommDlg  ACBP=A9
 0001:00001704 00000038 C=CODE     S=.text    G=(none)   M=Dlgs     ACBP=A9
 0001:0000173C 0000002E C=CODE     S=.text    G=(none)   M=ExtCtrls ACBP=A9
 0001:0000176C 0000000E C=CODE     S=.text    G=(none)   M=StrUtils ACBP=A9
 0001:0000177C 00000026 C=CODE     S=.text    G=(none)   M=Clipbrd  ACBP=A9
 0001:000017A4 0000000E C=CODE     S=.text    G=(none)   M=FlatSB   ACBP=A9
 0001:000017B4 0000005E C=CODE     S=.text    G=(none)   M=ToolWin  ACBP=A9
 0001:00001814 0000000E C=CODE     S=.text    G=(none)   M=Buttons  ACBP=A9
 0001:00001824 0000003E C=CODE     S=.text    G=(none)   M=GraphUtil ACBP=A9
 0001:00001864 00000066 C=CODE     S=.text    G=(none)   M=Registry ACBP=A9
 0001:000018CC 0000000E C=CODE     S=.text    G=(none)   M=IniFiles ACBP=A9
 0001:000018DC 0000009E C=CODE     S=.text    G=(none)   M=ComCtrls ACBP=A9
 0001:0000197C 0000000E C=CODE     S=.text    G=(none)   M=ListActns ACBP=A9
 0001:0000198C 00000038 C=CODE     S=.text    G=(none)   M=RichEdit ACBP=A9
 0001:000019C4 0000000E C=CODE     S=.text    G=(none)   M=ExtActns ACBP=A9
 0001:000019D4 0000000E C=CODE     S=.text    G=(none)   M=ExtDlgs  ACBP=A9
 0001:000019E4 0000000E C=CODE     S=.text    G=(none)   M=Mapi     ACBP=A9
 0001:000019F4 0000000E C=CODE     S=.text    G=(none)   M=ComStrs  ACBP=A9
 0001:00001A04 00000040 C=CODE     S=.text    G=(none)   M=MMSystem ACBP=A9
 0001:00001A44 0000167F C=CODE     S=.text    G=(none)   M=StdActnMenus ACBP=A9
 0001:000030C4 00003D80 C=CODE     S=.text    G=(none)   M=ActnCtrls ACBP=A9
 0001:00006E44 00006C76 C=CODE     S=.text    G=(none)   M=ActnMenus ACBP=A9
 0001:0000DABC 0000926C C=CODE     S=.text    G=(none)   M=ActnMan  ACBP=A9
 0001:00016D28 00000046 C=CODE     S=.text    G=(none)   M=DesignIntf ACBP=A9
 0001:00016D70 0000000E C=CODE     S=.text    G=(none)   M=DesignMenus ACBP=A9
 0001:00016D80 0000000E C=CODE     S=.text    G=(none)   M=DesignWindows ACBP=A9
 0001:00016D90 00000016 C=CODE     S=.text    G=(none)   M=ComponentDesigner ACBP=A9
 0001:00016DA8 0000000E C=CODE     S=.text    G=(none)   M=EditIntf ACBP=A9
 0001:00016DB8 0000000E C=CODE     S=.text    G=(none)   M=VirtIntf ACBP=A9
 0001:00016DC8 0000000E C=CODE     S=.text    G=(none)   M=Events   ACBP=A9
 0001:00016DD8 0000000E C=CODE     S=.text    G=(none)   M=ToolUtils ACBP=A9
 0001:00016DE8 0000000E C=CODE     S=.text    G=(none)   M=ToolsAPI ACBP=A9
 0001:00016DF8 0000000E C=CODE     S=.text    G=(none)   M=Update   ACBP=A9
 0001:00016E08 0000000E C=CODE     S=.text    G=(none)   M=LibConst ACBP=A9
 0001:00016E18 00000076 C=CODE     S=.text    G=(none)   M=DesignEditors ACBP=A9
 0001:00016E90 0000000E C=CODE     S=.text    G=(none)   M=Proxies  ACBP=A9
 0001:00016EA0 0000000E C=CODE     S=.text    G=(none)   M=DesignConst ACBP=A9
 0001:00016EB0 0000000E C=CODE     S=.text    G=(none)   M=Designer ACBP=A9
 0001:00016EC0 0000000E C=CODE     S=.text    G=(none)   M=TopLevels ACBP=A9
 0001:00016ED0 0000000E C=CODE     S=.text    G=(none)   M=StFilSys ACBP=A9
 0001:00016EE0 0000000E C=CODE     S=.text    G=(none)   M=IStreams ACBP=A9
 0001:00016EF0 0000000E C=CODE     S=.text    G=(none)   M=AxCtrls  ACBP=A9
 0001:00016F00 0000000E C=CODE     S=.text    G=(none)   M=StdVCL   ACBP=A9
 0001:00016F10 0000000E C=CODE     S=.text    G=(none)   M=ComObj   ACBP=A9
 0001:00016F20 0000000E C=CODE     S=.text    G=(none)   M=ComConst ACBP=A9
 0001:00016F30 0000000E C=CODE     S=.text    G=(none)   M=TreeIntf ACBP=A9
 0001:00016F40 00000026 C=CODE     S=.text    G=(none)   M=VCLEditors ACBP=A9
 0001:00016F68 00000026 C=CODE     S=.text    G=(none)   M=CheckLst ACBP=A9
 0001:00016F90 0000289E C=CODE     S=.text    G=(none)   M=CustomizeDlg ACBP=A9
 0001:00019830 00000220 C=CODE     S=.text    G=(none)   M=BandActn ACBP=A9
 0001:00019A50 0000000E C=CODE     S=.text    G=(none)   M=ActnEdit ACBP=A9
 0001:00019A60 0000000E C=CODE     S=.text    G=(none)   M=ToolWnds ACBP=A9
 0001:00019A70 0000000E C=CODE     S=.text    G=(none)   M=StdConst ACBP=A9
 0001:00019A80 0000000E C=CODE     S=.text    G=(none)   M=ActnDrag ACBP=A9
 0001:00019A90 0000000E C=CODE     S=.text    G=(none)   M=NewStdAc ACBP=A9
 0001:00019AA0 0000000E C=CODE     S=.text    G=(none)   M=DsnConst ACBP=A9
 0001:00019AB0 0000000E C=CODE     S=.text    G=(none)   M=StringsEdit ACBP=A9
 0001:00019AC0 0000000E C=CODE     S=.text    G=(none)   M=StrEdit  ACBP=A9
 0001:00019AD0 0000000E C=CODE     S=.text    G=(none)   M=ValueEdit ACBP=A9
 0001:00019AE0 0000000E C=CODE     S=.text    G=(none)   M=ValEdit  ACBP=A9
 0001:00019AF0 0000000E C=CODE     S=.text    G=(none)   M=Grids    ACBP=A9
 0001:00019B00 0000000E C=CODE     S=.text    G=(none)   M=Mask     ACBP=A9
 0001:00019B10 0000000E C=CODE     S=.text    G=(none)   M=MaskUtils ACBP=A9
 0001:00019B20 000009F8 C=CODE     S=.text    G=(none)   M=CustActnEdit ACBP=A9
 0001:0001A518 0000000E C=CODE     S=.text    G=(none)   M=ActnRes  ACBP=A9
 0001:0001A528 00004A10 C=CODE     S=.text    G=(none)   M=CustomizeActnEdit ACBP=A9
 0001:0001EF38 00001268 C=CODE     S=.text    G=(none)   M=ActnBReg ACBP=A9
 0001:000201A0 00000375 C=CODE     S=.text    G=(none)   M=dclact   ACBP=A9
 0002:00000000 00000028 C=DATA     S=.data    G=DGROUP   M=SysInit  ACBP=A9
 0002:00000028 00000038 C=DATA     S=.data    G=DGROUP   M=StdActnMenus ACBP=A9
 0002:00000060 00000020 C=DATA     S=.data    G=DGROUP   M=ActnCtrls ACBP=A9
 0002:00000080 00000038 C=DATA     S=.data    G=DGROUP   M=ActnMenus ACBP=A9
 0002:000000B8 00000020 C=DATA     S=.data    G=DGROUP   M=ActnMan  ACBP=A9
 0002:000000D8 00000008 C=DATA     S=.data    G=DGROUP   M=CustomizeDlg ACBP=A9
 0002:000000E0 00000006 C=DATA     S=.data    G=DGROUP   M=CustActnEdit ACBP=A9
 0002:000000E8 00000006 C=DATA     S=.data    G=DGROUP   M=CustomizeActnEdit ACBP=A9
 0002:000000F0 00000008 C=DATA     S=.data    G=DGROUP   M=ActnBReg ACBP=A9
 0002:00001000 00000018 C=BSS      S=.bss     G=DGROUP   M=SysInit  ACBP=A9
 0002:00001018 00000004 C=BSS      S=.bss     G=DGROUP   M=Messages ACBP=A9
 0002:0000101C 00000004 C=BSS      S=.bss     G=DGROUP   M=Windows  ACBP=A9
 0002:00001020 00000004 C=BSS      S=.bss     G=DGROUP   M=CommCtrl ACBP=A9
 0002:00001024 00000004 C=BSS      S=.bss     G=DGROUP   M=Imm      ACBP=A9
 0002:00001028 00000004 C=BSS      S=.bss     G=DGROUP   M=ShlObj   ACBP=A9
 0002:0000102C 00000004 C=BSS      S=.bss     G=DGROUP   M=UrlMon   ACBP=A9
 0002:00001030 00000004 C=BSS      S=.bss     G=DGROUP   M=WinInet  ACBP=A9
 0002:00001034 00000004 C=BSS      S=.bss     G=DGROUP   M=RegStr   ACBP=A9
 0002:00001038 00000004 C=BSS      S=.bss     G=DGROUP   M=ShellAPI ACBP=A9
 0002:0000103C 00000004 C=BSS      S=.bss     G=DGROUP   M=WinSpool ACBP=A9
 0002:00001040 00000004 C=BSS      S=.bss     G=DGROUP   M=CommDlg  ACBP=A9
 0002:00001044 00000004 C=BSS      S=.bss     G=DGROUP   M=Dlgs     ACBP=A9
 0002:00001048 00000004 C=BSS      S=.bss     G=DGROUP   M=RichEdit ACBP=A9
 0002:0000104C 00000004 C=BSS      S=.bss     G=DGROUP   M=MMSystem ACBP=A9
 0002:00001050 00000004 C=BSS      S=.bss     G=DGROUP   M=StdActnMenus ACBP=A9
 0002:00001054 00000004 C=BSS      S=.bss     G=DGROUP   M=ActnCtrls ACBP=A9
 0002:00001058 0000002C C=BSS      S=.bss     G=DGROUP   M=ActnMenus ACBP=A9
 0002:00001084 00000004 C=BSS      S=.bss     G=DGROUP   M=ActnMan  ACBP=A9
 0002:00001088 00000008 C=BSS      S=.bss     G=DGROUP   M=CustomizeDlg ACBP=A9
 0002:00001090 00000004 C=BSS      S=.bss     G=DGROUP   M=BandActn ACBP=A9
 0002:00001094 00000004 C=BSS      S=.bss     G=DGROUP   M=CustActnEdit ACBP=A9
 0002:00001098 00000004 C=BSS      S=.bss     G=DGROUP   M=CustomizeActnEdit ACBP=A9
 0002:0000109C 00000008 C=BSS      S=.bss     G=DGROUP   M=ActnBReg ACBP=A9


  Address         Publics by Name

 0002:00001054       .01
 0002:00001038       .1
 0002:00001020       .1
 0002:00001018       .1
 0002:00001010       .1
 0002:0000109C       .1
 0002:00001024       .1
 0002:00001048       .1
 0002:00001044       .1
 0002:00001028       .1
 0002:00001034       .1
 0002:0000102C       .1
 0002:00001030       .1
 0002:00001040       .1
 0002:00001090       .2
 0002:00001094       .2
 0002:00001088       .3
 0002:0000103C       .3
 0002:0000101C       .3
 0002:00001070       .31
 0002:00001098       .4
 0002:00001050       .6
 0002:0000104C       .7
 0002:00001084       .91
 0001:000204F0       @GetPackageInfoTable
 0001:00000318       @InitPkg
 0001:0000037C       @PackageLoad
 0001:000204F8       @PackageLoad
 0001:00000388       @PackageUnload
 0001:00020504       @PackageUnload
 0002:000000C0       ActionBarDesigner
 0001:0001C664       ActionsSelected
 0002:00001080       ActiveMenu
 0001:000200FC       ActnBReg
 0001:00006E3C       ActnCtrls
 0001:00016D20       ActnMan
 0001:0000DA94       ActnMenus
 0001:00018844       AddActions
 0001:0000BF44       AddItems
 0001:00008E84       AddMenuToList
 0001:0000BF18       AddSeparator
 0001:00000218       AllocTlsBuffer
 0002:000000A0       ArrowColor
 0002:0000007C       ArrowDirection
 0002:00000070       ArrowDirection
 0001:00019A48       BandActn
 0002:000000CC       BrushStyle
 0002:00000060       BrushStyle
 0002:00000078       BtnAlignment
 0001:0000072C       CallNextHookEx
 0001:00008CDC       CallWndHook
 0002:000000BC       cDefaultSchedule
 0001:00018C8C       CheckAction
 0001:000089DC       CheckForm
 0001:00000D9C       CommCtrl
 0001:000016FC       CommDlg
 0002:000000B8       ControlDragMode
 0001:000105B4       CopyToBest
 0002:00000058       Ctl3DStyles
 0001:0001A510       CustActnEdit
 0001:0001EF30       CustomizeActnEdit
 0001:00019814       CustomizeDlg
 0002:0000108C       CustomizeFrm
 0001:00020510       dclact
 0001:00009028       DefaultSystemAnimation
 0002:000000E8       DesignersList
 0001:00000734       DispatchMessage
 0001:00001734       Dlgs
 0001:00009158       DoAnimation
 0002:000000D0       DrawDisabledState
 0001:0000073C       DrawEdge
 0001:00000744       DrawState
 0001:0000074C       DrawText
 0002:000000A8       Edge
 0002:00000038       EdgesOffset
 0001:00000714       ExcludeClipRect
 0001:000002C4       ExitProcessTLS
 0001:0000029C       ExitThreadTLS
 0001:00000704       ExpandEnvironmentStrings
 0002:00000098       FadeAnimationStyle
 0001:0001BC74       FetchItems
 0001:00000754       FillRect
 0002:00000028       FillStyles
 0001:000200C0       Finalization
 0001:000006CC       Finalization
 0001:00001574       Finalization
 0001:0000DA64       Finalization
 0001:000015AC       Finalization
 0001:000015F4       Finalization
 0001:00016CDC       Finalization
 0001:0000080C       Finalization
 0001:000016CC       Finalization
 0001:0001EEEC       Finalization
 0001:000197E4       Finalization
 0001:00001704       Finalization
 0001:000014CC       Finalization
 0001:0000198C       Finalization
 0001:00000D6C       Finalization
 0001:00006E0C       Finalization
 0001:00001A0C       Finalization
 0001:00003084       Finalization
 0001:0000153C       Finalization
 0001:00000394       Finalization
 0001:0001A4E0       Finalization
 0001:00001504       Finalization
 0001:00019A18       Finalization
 0001:0000140C       Finalization
 0001:0000BD68       FindItem
 0002:00000030       FrameStyle
 0001:000001E0       FreeLibrary
 0001:0000075C       GetCapture
 0001:00000764       GetClientRect
 0001:0000070C       GetCurrentThreadId
 0001:0000076C       GetCursorPos
 0001:00000774       GetForegroundWindow
 0001:000027D4       GetHotkey
 0001:00008A80       GetMsgHook
 0001:0000077C       GetSystemMetrics
 0001:00000224       GetTlsSize
 0001:00000784       GetWindowLong
 0001:0000078C       GetWindowRect
 0001:00008978       HandleMsg
 0001:00000794       HideCaret
 0001:00006428       HideItem
 0002:00000080       HideShow
 0002:0000100C       HInstance
 0001:00010584       IfHotkeyAvailable
 0001:00000D64       ImageList_DrawEx
 0002:000000B0       ImageOffset
 0001:0000143C       Imm
 0001:0000079C       InflateRect
 0001:000002E8       InitializeModule
 0001:00000270       InitProcessTLS
 0001:0000022C       InitThreadTLS
 0002:00000040       InnerStyles
 0001:00010638       InsertHotkeyFarEastFormat
 0001:0000071C       IntersectClipRect
 0001:0001B7C4       IsValidAction
 0002:000000F0       ItemOffset
 0001:0001BCF4       ItemsEqual
 0002:000010A0       LastClosed
 0002:000000EC       ListDragMode
 0001:0001BDA4       LoadActionList
 0001:0001BE04       LoadActions
 0001:000001E8       LocalAlloc
 0001:000001F0       LocalFree
 0001:000007A4       MapWindowPoints
 0002:0000105C       MenuAddRemoveItemClass
 0002:00001060       MenuButtonControlClass
 0002:00001078       MenuCallWndHook
 0002:00001068       MenuCustomizePopupClass
 0002:00001058       MenuItemControlClass
 0002:00001074       MenuKeyHook
 0002:0000107C       MenuList
 0002:00001064       MenuPopupClass
 0001:000006FC       Messages
 0001:00001A3C       MMSystem
 0002:00000000       Module
 0002:00001000       ModuleIsLib
 0002:00001001       ModuleIsPackage
 0001:0000B1FC       MonitorSize
 0001:0000F51C       NotifyDesigner
 0002:00000068       Offset
 0001:000007AC       OffsetRect
 0002:0000004C       OuterStyles
 0001:000089A8       ParentFormEnabled
 0001:00000724       PatBlt
 0001:000007B4       PeekMessage
 0001:000141FC       PointToRow
 0001:000007BC       PostMessage
 0001:0000FF10       PrioritySort
 0001:000007C4       PtInRect
 0001:000099D4       ReadSoundSetting
 0001:0001FFA0       Register
 0001:00003040       RegisterStandardMenus
 0001:000015A4       RegStr
 0001:00008EC4       RemoveMenuFromList
 0001:000019BC       RichEdit
 0001:0001888C       SelectCategory
 0002:000000C4       SepSize
 0001:000007CC       SetFocus
 0001:000007D4       SetWindowsHookEx
 0001:000015DC       ShellAPI
 0001:000014FC       ShlObj
 0001:0001B11C       ShowActionManagerDesigner
 0001:000007DC       ShowCaret
 0002:000000E0       ShowCommands
 0001:000007E4       ShowWindow
 0001:0000A450       SkipItems
 0002:00000090       SlideAnimationStyle
 0001:00001A04       sndPlaySound
 0002:00000064       StateFlag
 0001:000030B4       StdActnMenus
 0001:000003C4       SysInit
 0001:000007EC       SystemParametersInfo
 0001:0001F3AC       TActionBarDesigner.Create
 0001:0001F460       TActionBarDesigner.CreateAction
 0001:0001F418       TActionBarDesigner.Destroy
 0001:0001F490       TActionBarDesigner.EditAction
 0001:0001F5F0       TActionBarDesigner.Modified
 0001:0001F4F0       TActionBarDesigner.SetActiveMenu
 0001:0001F518       TActionBarDesigner.SetItemSelection
 0001:0001F590       TActionBarDesigner.SetSelection
 0001:0001FE58       TActionBarDesignNotifier.Create
 0001:0001FE94       TActionBarDesignNotifier.DesignerClosed
 0001:0001FEC4       TActionBarDesignNotifier.DesignerOpened
 0001:0001FEE0       TActionBarDesignNotifier.ItemDeleted
 0001:0001FEE4       TActionBarDesignNotifier.ItemInserted
 0001:0001FEE8       TActionBarDesignNotifier.ItemsModified
 0001:0001FEEC       TActionBarDesignNotifier.SelectionChanged
 0001:000114D8       TActionBarItem.ColorChanged
 0001:00011500       TActionBarItem.Create
 0001:0001153C       TActionBarItem.Destroy
 0001:00011570       TActionBarItem.GetActionBars
 0001:00011574       TActionBarItem.GetDisplayName
 0001:000115B8       TActionBarItem.Refresh
 0001:000115D4       TActionBarItem.SetAutoSize
 0001:000115F0       TActionBarItem.SetGlyphLayout
 0001:000116F8       TActionBarItem.SetVisible
 0001:0001176C       TActionBars.Add
 0001:00011714       TActionBars.Create
 0001:00011778       TActionBars.DoShowHint
 0001:000117B0       TActionBars.GetActionBar
 0001:000117C4       TActionBars.GetHintShortCuts
 0001:000117DC       TActionBars.Notify
 0001:00011838       TActionBars.SetHintShortCuts
 0001:00011820       TActionBars.SetShowHints
 0001:0001FC78       TActionBarSelectionEditor.IsSelectionMessage
 0001:00010EAC       TActionClient.AreContextItemsStored
 0001:00010ECC       TActionClient.Assign
 0001:00010FB4       TActionClient.ClearActionBar
 0001:00010FBC       TActionClient.ColorChanged
 0001:00010E00       TActionClient.Create
 0001:00010E58       TActionClient.Destroy
 0001:00010FC0       TActionClient.FreeChildren
 0001:00011020       TActionClient.GetBackground
 0001:00011040       TActionClient.GetContextItems
 0001:00011074       TActionClient.GetHasItems
 0001:000110B4       TActionClient.GetItems
 0001:00011140       TActionClient.GetOwningCollection
 0001:00011144       TActionClient.HasBackground
 0001:0001116C       TActionClient.HasVisibleItems
 0001:000111E0       TActionClient.IsBackgroundStored
 0001:00011208       TActionClient.IsChildItem
 0001:00011258       TActionClient.IsItemsStored
 0001:00011278       TActionClient.Refresh
 0001:0001127C       TActionClient.SetActionBar
 0001:00011380       TActionClient.SetBackground
 0001:000113FC       TActionClient.SetBackgroundLayout
 0001:00011498       TActionClient.SetChangesAllowed
 0001:000114B0       TActionClient.SetColor
 0001:000114C4       TActionClient.SetContextItems
 0001:00011368       TActionClient.SetItems
 0001:000114C8       TActionClient.SetVisible
 0001:000121BC       TActionClientItem.ActionChange
 0001:000122DC       TActionClientItem.Assign
 0001:00012420       TActionClientItem.ColorChanged
 0001:00012128       TActionClientItem.Create
 0001:00012184       TActionClientItem.Destroy
 0001:00012458       TActionClientItem.DoActionChange
 0001:00012488       TActionClientItem.GetAction
 0001:0001247C       TActionClientItem.GetActionClients
 0001:00012480       TActionClientItem.GetActionLinkClass
 0001:00012498       TActionClientItem.GetCaption
 0001:00012510       TActionClientItem.GetDisplayName
 0001:00011094       TActionClientItem.GetParentItem
 0001:000125B8       TActionClientItem.HasGlyph
 0001:00012620       TActionClientItem.InitiateAction
 0001:00012630       TActionClientItem.IsCaptionStored
 0001:000126B4       TActionClientItem.Refresh
 0001:000126CC       TActionClientItem.ResetUsageData
 0001:0001277C       TActionClientItem.SetAction
 0001:00012888       TActionClientItem.SetCaption
 0001:00012BCC       TActionClientItem.SetChangesAllowed
 0001:00012C24       TActionClientItem.SetCollection
 0001:00012918       TActionClientItem.SetControl
 0001:0001295C       TActionClientItem.SetImageIndex
 0001:00012984       TActionClientItem.SetIndex
 0001:000129A8       TActionClientItem.SetLastSession
 0001:000129B8       TActionClientItem.SetMergeIndex
 0001:00012A44       TActionClientItem.SetShortCut
 0001:00012AA8       TActionClientItem.SetShowCaption
 0001:00012C04       TActionClientItem.SetShowGlyph
 0001:00012B00       TActionClientItem.SetShowShortCut
 0001:00012B2C       TActionClientItem.SetUsageCount
 0001:00012B54       TActionClientItem.SetVisible
 0001:00012C58       TActionClientItem.Unused
 0001:00011D94       TActionClientLink.AssignClient
 0001:00011DB0       TActionClientLink.IsCaptionLinked
 0001:00011E9C       TActionClientLink.IsEnabledLinked
 0001:00011EDC       TActionClientLink.IsHintLinked
 0001:00011F20       TActionClientLink.IsImageIndexLinked
 0001:00011F64       TActionClientLink.IsOnExecuteLinked
 0001:00011F98       TActionClientLink.IsShortCutLinked
 0001:00011FCC       TActionClientLink.IsVisibleLinked
 0001:00012000       TActionClientLink.SetCaption
 0001:00012020       TActionClientLink.SetChecked
 0001:0001204C       TActionClientLink.SetEnabled
 0001:00012070       TActionClientLink.SetHint
 0001:00012098       TActionClientLink.SetImageIndex
 0001:000120B8       TActionClientLink.SetOnExecute
 0001:000120E8       TActionClientLink.SetShortCut
 0001:00012108       TActionClientLink.SetVisible
 0001:000118A0       TActionClients.Add
 0001:000118AC       TActionClients.Assign
 0001:00011850       TActionClients.Create
 0001:00011904       TActionClients.DoHideUnused
 0001:00011948       TActionClients.DoShowCaptions
 0001:00011984       TActionClients.GetActionClient
 0001:00011998       TActionClients.Notify
 0001:00011B24       TActionClients.SetActionClient
 0001:00011B2C       TActionClients.SetAutoHotKeys
 0001:00011B3C       TActionClients.SetCaptionOptions
 0001:00011BC8       TActionClients.SetHideUnused
 0001:00011BF4       TActionClients.SetSmallIcons
 0001:00011CA0       TActionClients.ToggleSmallIcons
 0001:00011D60       TActionClients.VisibleCount
 0001:00010C94       TActionClientsCollection.AfterConstruction
 0001:00010558       TActionClientsCollection.GetActionClient
 0001:0001056C       TActionClientsCollection.GetActionManager
 0001:00010798       TActionClientsCollection.InternalRethinkHotkeys
 0001:00010CDC       TActionClientsCollection.IterateClients
 0001:00010550       TActionClientsCollection.SetActionClient
 0001:0001F6DC       TActionClientSelectionEditor.IsSelectionMessage
 0001:00012E28       TActionDragObject.AddAction
 0001:00012E34       TActionDragObject.AddActionClass
 0001:00012DB8       TActionDragObject.Create
 0001:00012DF8       TActionDragObject.Destroy
 0001:00012E40       TActionDragObject.GetAction
 0001:00012E74       TActionDragObject.GetActionCount
 0001:0001B2BC       TActionImageListListener.Create
 0001:0001B324       TActionImageListListener.Destroy
 0001:0001B368       TActionImageListListener.ImageListChanged
 0001:00012EF8       TActionItemDragObject.Finished
 0001:00010510       TActionListCollection.GetActionManager
 0001:0001051C       TActionListCollection.GetListItem
 0001:00010530       TActionListCollection.SetListItem
 0001:00010350       TActionListItem.Assign
 0001:00010418       TActionListItem.GetCaption
 0001:00010458       TActionListItem.GetDisplayName
 0001:0001047C       TActionListItem.Owner
 0001:00010480       TActionListItem.SetActionList
 0001:00012E7C       TCategoryDragObject.Create
 0001:00013088       TCustomActionBar.AlignControls
 0001:000130B4       TCustomActionBar.AutoSizingChanged
 0001:000130B8       TCustomActionBar.BackgroundSize
 0001:000130C8       TCustomActionBar.CalcInsertPosition
 0001:0001319C       TCustomActionBar.Clear
 0001:000131E8       TCustomActionBar.CMEnabledchanged
 0001:00015080       TCustomActionBar.CMResetBar
 0001:00012F98       TCustomActionBar.Create
 0001:00013204       TCustomActionBar.CreateControl
 0001:00013304       TCustomActionBar.CreateControls
 0001:00013414       TCustomActionBar.CustomAlignInsertBefore
 0001:00013550       TCustomActionBar.CustomAlignPosition
 0001:0001304C       TCustomActionBar.Destroy
 0001:00013E4C       TCustomActionBar.DoControlCreated
 0001:00014BF0       TCustomActionBar.DoDropActions
 0001:00014CA0       TCustomActionBar.DoDropCategory
 0001:00013E10       TCustomActionBar.DoGetControlClass
 0001:00013BA4       TCustomActionBar.DragDrop
 0001:00013B50       TCustomActionBar.DragOver
 0001:000139E4       TCustomActionBar.DrawBackground
 0001:00013E70       TCustomActionBar.FindAccelItem
 0001:00013F38       TCustomActionBar.FindFirst
 0001:000141C8       TCustomActionBar.FindFirstVisibleItem
 0001:00013F70       TCustomActionBar.FindItemAt
 0001:00013F98       TCustomActionBar.FindItemCaption
 0001:00014034       TCustomActionBar.FindLast
 0001:00014190       TCustomActionBar.FindLastVisibleItem
 0001:0001406C       TCustomActionBar.FindLeastUsedItem
 0001:00014298       TCustomActionBar.FindNearestControl
 0001:000144D0       TCustomActionBar.FindNext
 0001:00014498       TCustomActionBar.FindNextVisibleItem
 0001:0001455C       TCustomActionBar.FindPrevious
 0001:00014DE0       TCustomActionBar.FindPreviousVisibleItem
 0001:000145D8       TCustomActionBar.GetActionControl
 0001:00015228       TCustomActionBar.GetAutoSizing
 0001:0001460C       TCustomActionBar.GetBannerWidth
 0001:00014E54       TCustomActionBar.GetBarHeight
 0001:00014F04       TCustomActionBar.GetBarWidth
 0001:00014684       TCustomActionBar.GetControlClass
 0001:00014FC8       TCustomActionBar.GetDesignMode
 0001:0001468C       TCustomActionBar.GetItems
 0001:000146B8       TCustomActionBar.HasItems
 0001:000146FC       TCustomActionBar.ItemCount
 0001:00014728       TCustomActionBar.Loaded
 0001:00014748       TCustomActionBar.Notification
 0001:00014780       TCustomActionBar.Paint
 0001:000147A8       TCustomActionBar.PaintWindow
 0001:0001508C       TCustomActionBar.Reset
 0001:00015118       TCustomActionBar.Resize
 0001:00014854       TCustomActionBar.SetActionClient
 0001:00014BA0       TCustomActionBar.SetActionManager
 0001:00015254       TCustomActionBar.SetAutoSizing
 0001:00014E10       TCustomActionBar.SetBiDiMode
 0001:000148BC       TCustomActionBar.SetDesignMode
 0001:00014FE0       TCustomActionBar.SetHorzMargin
 0001:00015030       TCustomActionBar.SetHorzSeparator
 0001:00014AF8       TCustomActionBar.SetOrientation
 0001:00014BDC       TCustomActionBar.SetPersistentHotKeys
 0001:00014B8C       TCustomActionBar.SetSpacing
 0001:00015008       TCustomActionBar.SetVertMargin
 0001:00015058       TCustomActionBar.SetVertSeparator
 0001:00015120       TCustomActionBar.VisibleChanging
 0001:000151A0       TCustomActionBar.WMContextMenu
 0001:0000583C       TCustomActionCombo.BeginAutoDrag
 0001:00005A8C       TCustomActionCombo.ComboWndProc
 0001:00005850       TCustomActionCombo.DesignWndProc
 0001:00005868       TCustomActionCombo.DragDrop
 0001:00005890       TCustomActionCombo.DragOver
 0001:00015418       TCustomActionControl.ActualSpacing
 0001:00015364       TCustomActionControl.BeginAutoDrag
 0001:00016960       TCustomActionControl.CalcBounds
 0001:00015448       TCustomActionControl.CalcLayout
 0001:000153D0       TCustomActionControl.CaptionHeight
 0001:00015388       TCustomActionControl.CaptionLength
 0001:000156FC       TCustomActionControl.Click
 0001:000163EC       TCustomActionControl.CMDesignHitTest
 0001:000156DC       TCustomActionControl.CMFontChanged
 0001:00016278       TCustomActionControl.CMItemSelected
 0001:0001685C       TCustomActionControl.CMTextChanged
 0001:00015280       TCustomActionControl.Create
 0001:00015750       TCustomActionControl.DesignWndProc
 0001:00015328       TCustomActionControl.Destroy
 0001:00016A70       TCustomActionControl.DoDragDrop
 0001:000166FC       TCustomActionControl.DoStartDrag
 0001:000164D4       TCustomActionControl.DragDrop
 0001:00016508       TCustomActionControl.DragOver
 0001:000157DC       TCustomActionControl.DrawBackground
 0001:000163F4       TCustomActionControl.DrawDesignFocus
 0001:000165D0       TCustomActionControl.DrawDragDropPoint
 0001:00015870       TCustomActionControl.DrawGlyph
 0001:00015C4C       TCustomActionControl.DrawSeparator
 0001:00015E58       TCustomActionControl.DrawText
 0001:0001681C       TCustomActionControl.GetAction
 0001:00016848       TCustomActionControl.GetActionBar
 0001:000160B8       TCustomActionControl.GetImageSize
 0001:00016760       TCustomActionControl.GetSeparator
 0001:00016774       TCustomActionControl.GetShowCaption
 0001:000167B4       TCustomActionControl.GetShowShortCut
 0001:00016728       TCustomActionControl.HasGlyph
 0001:00016834       TCustomActionControl.InitiateAction
 0001:000167E0       TCustomActionControl.IsChecked
 0001:00015ED8       TCustomActionControl.IsGrouped
 0001:000163C0       TCustomActionControl.Keyed
 0001:00015F08       TCustomActionControl.Paint
 0001:00016070       TCustomActionControl.PositionChanged
 0001:00016474       TCustomActionControl.ResetUsageData
 0001:00016148       TCustomActionControl.SetActionClient
 0001:00016364       TCustomActionControl.SetGlyphLayout
 0001:000162CC       TCustomActionControl.SetMargins
 0001:00016220       TCustomActionControl.SetSelected
 0001:00016C38       TCustomActionControl.SetSmallIcon
 0001:0001632C       TCustomActionControl.SetSpacing
 0001:0001607C       TCustomActionControl.SetTransparent
 0001:00016248       TCustomActionControl.UpdateSelection
 0001:00016880       TCustomActionControl.UpdateTextBounds
 0001:00016C64       TCustomActionControl.WMContextMenu
 0001:00016740       TCustomActionControl.WMSetText
 0001:00005C6C       TCustomActionDockBar.Create
 0001:00005CB4       TCustomActionDockBar.Dock
 0001:00005D5C       TCustomActionDockBar.DoEndDock
 0001:00005D88       TCustomActionDockBar.DoStartDock
 0001:00005E4C       TCustomActionDockBar.GetFloatingDockSiteClass
 0001:00005DB4       TCustomActionDockBar.GetSiteInfo
 0001:00005E14       TCustomActionDockBar.Loaded
 0001:0000C304       TCustomActionMainMenuBar.AlignControls
 0001:0000C5FC       TCustomActionMainMenuBar.CanAutoSize
 0001:0000DA50       TCustomActionMainMenuBar.CloseMenu
 0001:0000C5D0       TCustomActionMainMenuBar.CMWininichange
 0001:0000C210       TCustomActionMainMenuBar.Create
 0001:0000C4A0       TCustomActionMainMenuBar.CreateControl
 0001:0000C4D8       TCustomActionMainMenuBar.DesignWndProc
 0001:0000C500       TCustomActionMainMenuBar.DoneMenuLoop
 0001:0000C534       TCustomActionMainMenuBar.GetControlClass
 0001:0000C564       TCustomActionMainMenuBar.ProcessMouseMsg
 0001:0000C634       TCustomActionMainMenuBar.SetDesignMode
 0001:0000C66C       TCustomActionMainMenuBar.SetInActive
 0001:0000C330       TCustomActionMainMenuBar.WMKeyDown
 0001:0000C53C       TCustomActionMainMenuBar.WMNCHitTest
 0001:0000F5F8       TCustomActionManager.Assign
 0001:000102E8       TCustomActionManager.Change
 0001:0000F534       TCustomActionManager.Create
 0001:0000F658       TCustomActionManager.CreateActionBars
 0001:0000F5B8       TCustomActionManager.Destroy
 0001:0000F720       TCustomActionManager.FindActionBar
 0001:0000F678       TCustomActionManager.FindActionClient
 0001:00010320       TCustomActionManager.GetActionBarItemClass
 0001:00010318       TCustomActionManager.GetActionBarsClass
 0001:00010310       TCustomActionManager.GetActionClientItemClass
 0001:00010308       TCustomActionManager.GetActionClientsClass
 0001:0001007C       TCustomActionManager.GetUsage
 0001:0001033C       TCustomActionManager.IsActionBarsStored
 0001:00010328       TCustomActionManager.IsLinkedActionListsStored
 0001:00010154       TCustomActionManager.IsPriorityScheduleStored
 0001:0000F9AC       TCustomActionManager.Loaded
 0001:0000F7B0       TCustomActionManager.LoadFromFile
 0001:0000F8C0       TCustomActionManager.LoadFromStream
 0001:0000F9F4       TCustomActionManager.LoadMenu
 0001:0000FAA8       TCustomActionManager.Notification
 0001:000101AC       TCustomActionManager.ResetActionBar
 0001:00010278       TCustomActionManager.ResetUsageData
 0001:0000FC5C       TCustomActionManager.SaveToFile
 0001:0000FD5C       TCustomActionManager.SaveToStream
 0001:0000FE5C       TCustomActionManager.SetActionBars
 0001:0000FE6C       TCustomActionManager.SetImages
 0001:000102D8       TCustomActionManager.SetLinkedActionLists
 0001:0000FF80       TCustomActionManager.SetPrioritySchedule
 0001:0000FDD0       TCustomActionManager.SetupActionBars
 0001:0001EFBC       TCustomActionManagerEditor.ExecuteVerb
 0001:0001F01C       TCustomActionManagerEditor.GetVerb
 0001:0001F05C       TCustomActionManagerEditor.GetVerbCount
 0001:0000929C       TCustomActionMenuBar.Animate
 0001:00009308       TCustomActionMenuBar.CleanupStack
 0001:00009334       TCustomActionMenuBar.ClearSubMenus
 0001:00009378       TCustomActionMenuBar.CloseMenu
 0001:00009440       TCustomActionMenuBar.CMEnterMenuLoop
 0001:0000940C       TCustomActionMenuBar.CMItemClicked
 0001:0000944C       TCustomActionMenuBar.CMItemKeyed
 0001:00008F64       TCustomActionMenuBar.Create
 0001:00009480       TCustomActionMenuBar.CreateControl
 0001:000094F0       TCustomActionMenuBar.CreatePopup
 0001:00008FDC       TCustomActionMenuBar.Destroy
 0001:00009814       TCustomActionMenuBar.DoGetPopupClass
 0001:00009840       TCustomActionMenuBar.DoItemClicked
 0001:0000998C       TCustomActionMenuBar.DoItemKeyed
 0001:00009700       TCustomActionMenuBar.DoItemSelected
 0001:00009C6C       TCustomActionMenuBar.DoMenuDelay
 0001:00009D58       TCustomActionMenuBar.DoneMenuLoop
 0001:000097B8       TCustomActionMenuBar.ExecAction
 0001:00009DB8       TCustomActionMenuBar.Expand
 0001:00009E74       TCustomActionMenuBar.ExpandTimer
 0001:00009EE4       TCustomActionMenuBar.GetControlClass
 0001:00009B0C       TCustomActionMenuBar.GetDefaultSounds
 0001:00009EEC       TCustomActionMenuBar.GetDesignMode
 0001:00009F14       TCustomActionMenuBar.GetMouseHoverItem
 0001:00009FCC       TCustomActionMenuBar.GetPopupClass
 0001:00009FD4       TCustomActionMenuBar.GetSelected
 0001:0000A034       TCustomActionMenuBar.InitMenuLoop
 0001:00009BC8       TCustomActionMenuBar.IsDesignMsg
 0001:0000D9C0       TCustomActionMenuBar.NewPopup
 0001:0000A230       TCustomActionMenuBar.ProcessMenuLoop
 0001:0000A134       TCustomActionMenuBar.ProcessMouseMsg
 0001:0000A4B4       TCustomActionMenuBar.Select
 0001:0000A618       TCustomActionMenuBar.SelectItem
 0001:0000A64C       TCustomActionMenuBar.SetDesignMode
 0001:0000A684       TCustomActionMenuBar.SetParentMenu
 0001:0000A6F0       TCustomActionMenuBar.SetPersistentHotkeys
 0001:0000A754       TCustomActionMenuBar.TrackMenu
 0001:0000A7A8       TCustomActionMenuBar.WMKeyDown
 0001:0000A904       TCustomActionMenuBar.WMMouseActivate
 0001:0000A928       TCustomActionMenuBar.WMSysKeyDown
 0001:0000A790       TCustomActionMenuBar.WndProc
 0001:0000AB54       TCustomActionPopupMenu.AddEdges
 0001:0000BB08       TCustomActionPopupMenu.CloseMenu
 0001:0000ACC0       TCustomActionPopupMenu.CMMouseLeave
 0001:0000ACF8       TCustomActionPopupMenu.CMVisibleChanged
 0001:0000AA4C       TCustomActionPopupMenu.Create
 0001:0000AD48       TCustomActionPopupMenu.CreateControl
 0001:0000AE50       TCustomActionPopupMenu.CreateControls
 0001:0000AF10       TCustomActionPopupMenu.CreateParams
 0001:0000AF68       TCustomActionPopupMenu.DesignWndProc
 0001:0000AB0C       TCustomActionPopupMenu.Destroy
 0001:0000AF6C       TCustomActionPopupMenu.ExecAction
 0001:0000AF88       TCustomActionPopupMenu.Expand
 0001:0000B108       TCustomActionPopupMenu.ExpandClick
 0001:0000B148       TCustomActionPopupMenu.GetBarHeight
 0001:0000BB00       TCustomActionPopupMenu.GetControlClass
 0001:0000D968       TCustomActionPopupMenu.Notification
 0001:0000B174       TCustomActionPopupMenu.Popup
 0001:0000B208       TCustomActionPopupMenu.PositionPopup
 0001:0000B450       TCustomActionPopupMenu.SetActionClient
 0001:0000B460       TCustomActionPopupMenu.SetBounds
 0001:0000B548       TCustomActionPopupMenu.SetOrientation
 0001:0000B49C       TCustomActionPopupMenu.SetupExpandBtn
 0001:0000BA74       TCustomActionPopupMenu.VisibleChanging
 0001:0000B558       TCustomActionPopupMenu.WMKeyDown
 0001:0000B9A0       TCustomActionPopupMenu.WMPrint
 0001:0000B9C0       TCustomActionPopupMenu.WMPrintClient
 0001:00005F24       TCustomActionToolBar.AdjustClientRect
 0001:00005F64       TCustomActionToolBar.AutoSizingChanged
 0001:00005FD0       TCustomActionToolBar.CalcButtonWidth
 0001:00006D00       TCustomActionToolBar.CMColorchanged
 0001:00005E54       TCustomActionToolBar.Create
 0001:00006018       TCustomActionToolBar.CreateControl
 0001:00005EE0       TCustomActionToolBar.Destroy
 0001:00006088       TCustomActionToolBar.DisableHiding
 0001:000060E0       TCustomActionToolBar.DoDropCategory
 0001:00006DE4       TCustomActionToolBar.DragDrop
 0001:00006164       TCustomActionToolBar.DrawBackground
 0001:000062A4       TCustomActionToolBar.DrawSeparator
 0001:000063F0       TCustomActionToolBar.EnableHiding
 0001:00006090       TCustomActionToolBar.GetControlClass
 0001:00006410       TCustomActionToolBar.GetHiddenCount
 0001:00006630       TCustomActionToolBar.HideUnusedItems
 0001:00006C78       TCustomActionToolBar.Reset
 0001:00006830       TCustomActionToolBar.ScrollBtnClick
 0001:00006D38       TCustomActionToolBar.SetBounds
 0001:00006A9C       TCustomActionToolBar.SetOrientation
 0001:00006B74       TCustomActionToolBar.SetupDropDownBtn
 0001:0000BB20       TCustomAddRemoveItem.CalcBounds
 0001:0000BB98       TCustomAddRemoveItem.IsActionVisible
 0001:0000BC18       TCustomAddRemoveItem.MouseUp
 0001:0000BC44       TCustomAddRemoveItem.SetEnabled
 0001:00004748       TCustomButtonControl.CalcBounds
 0001:00004760       TCustomButtonControl.Click
 0001:00004780       TCustomButtonControl.CMEnabledChanged
 0001:000047F8       TCustomButtonControl.CMMouseEnter
 0001:00004844       TCustomButtonControl.CMMouseLeave
 0001:0000479C       TCustomButtonControl.CMTextChanged
 0001:000046F8       TCustomButtonControl.Create
 0001:00004898       TCustomButtonControl.DrawBackground
 0001:00004930       TCustomButtonControl.DrawDesignFocus
 0001:00004958       TCustomButtonControl.DrawFrame
 0001:00004A78       TCustomButtonControl.DrawGlyph
 0001:00004ABC       TCustomButtonControl.DrawText
 0001:00004C50       TCustomButtonControl.GetLabelText
 0001:00004C64       TCustomButtonControl.GetShowShortCut
 0001:00004C68       TCustomButtonControl.Loaded
 0001:00004C98       TCustomButtonControl.MouseDown
 0001:00004CE8       TCustomButtonControl.MouseMove
 0001:00004D84       TCustomButtonControl.MouseUp
 0001:00004EC8       TCustomButtonControl.Paint
 0001:00004F40       TCustomButtonControl.SetActionClient
 0001:00004F7C       TCustomButtonControl.SetAllowAllUp
 0001:00005058       TCustomButtonControl.SetBounds
 0001:00004F8C       TCustomButtonControl.SetDown
 0001:00004FF4       TCustomButtonControl.SetFlat
 0001:00005010       TCustomButtonControl.SetSelected
 0001:0000503C       TCustomButtonControl.SetState
 0001:0000507C       TCustomButtonControl.UpdateTracking
 0001:000050E0       TCustomButtonControl.WMLButtonDblClk
 0001:000059D0       TCustomComboControl.CalcBounds
 0001:00005A20       TCustomComboControl.Click
 0001:00005A40       TCustomComboControl.CMVisiblechanged
 0001:00005A5C       TCustomComboControl.ComboClick
 0001:00005908       TCustomComboControl.Create
 0001:000059A0       TCustomComboControl.Destroy
 0001:00005AB4       TCustomComboControl.DrawText
 0001:00005B0C       TCustomComboControl.Paint
 0001:00005B3C       TCustomComboControl.SetActionClient
 0001:00005B80       TCustomComboControl.SetBounds
 0001:00005C1C       TCustomComboControl.SetDragMode
 0001:00005C3C       TCustomComboControl.SetParent
 0001:00005C64       TCustomComboControl.VisibleChanging
 0001:00005574       TCustomDropDownButton.CalcBounds
 0001:00005590       TCustomDropDownButton.Click
 0001:000055B4       TCustomDropDownButton.CMMouseleave
 0001:000055C8       TCustomDropDownButton.DrawFrame
 0001:00005630       TCustomDropDownButton.DropDownClick
 0001:00005730       TCustomDropDownButton.MouseDown
 0001:00005778       TCustomDropDownButton.MouseOverDropDown
 0001:000057E0       TCustomDropDownButton.Paint
 0001:00019940       TCustomizeActionBars.Create
 0001:000199C0       TCustomizeActionBars.ExecuteTarget
 0001:00019A04       TCustomizeActionBars.HandlesTarget
 0001:0000C208       TCustomizeActionClientItem.GetActionLinkClass
 0001:0000C1F0       TCustomizeActionLink.SetEnabled
 0001:0000D9BC       TCustomizeActionToolBar.CanAutoSize
 0001:0000BCD0       TCustomizeActionToolBar.Clear
 0001:0000C1E8       TCustomizeActionToolBar.CloseMenu
 0001:0000BCD4       TCustomizeActionToolBar.CMItemSelected
 0001:0000BC4C       TCustomizeActionToolBar.Create
 0001:0000BCA0       TCustomizeActionToolBar.Destroy
 0001:0000BF10       TCustomizeActionToolBar.DoGetPopupClass
 0001:0000BDE8       TCustomizeActionToolBar.DoItemClicked
 0001:0000BCE0       TCustomizeActionToolBar.GetActionControl
 0001:0000BD3C       TCustomizeActionToolBar.GetControlClass
 0001:0000D9F8       TCustomizeActionToolBar.GetSubMenuControlClass
 0001:0000BD18       TCustomizeActionToolBar.ItemCount
 0001:0000D9DC       TCustomizeActionToolBar.NewPopup
 0001:0000BFF8       TCustomizeActionToolBar.SetActionClient
 0001:0001EDE8       TCustomizeActnEditDesigner.ActionBarListClick
 0001:0001EE10       TCustomizeActnEditDesigner.ActionBarListClickCheck
 0001:0001DF04       TCustomizeActnEditDesigner.ActionsListClick
 0001:0001E660       TCustomizeActnEditDesigner.ActionsListDblClick
 0001:0001ECCC       TCustomizeActnEditDesigner.ActionsListDrawItem
 0001:0001BC2C       TCustomizeActnEditDesigner.ActionVisible
 0001:0001B378       TCustomizeActnEditDesigner.Activated
 0001:0001B768       TCustomizeActnEditDesigner.AMDeferUpdate
 0001:0001E880       TCustomizeActnEditDesigner.AssignActnExecute
 0001:0001E6EC       TCustomizeActnEditDesigner.AssignActnUpdate
 0001:0001DE80       TCustomizeActnEditDesigner.BeginUpdate
 0001:0001DAD0       TCustomizeActnEditDesigner.CatListClick
 0001:0001E4D8       TCustomizeActnEditDesigner.CatListDragDrop
 0001:0001E398       TCustomizeActnEditDesigner.CatListDragOver
 0001:0001C2FC       TCustomizeActnEditDesigner.Clear
 0001:0001E6E8       TCustomizeActnEditDesigner.ClearCatList
 0001:0001D99C       TCustomizeActnEditDesigner.ComponentRead
 0001:0001CBBC       TCustomizeActnEditDesigner.Copy
 0001:0001CEB0       TCustomizeActnEditDesigner.CopyItemClick
 0001:0001CBA8       TCustomizeActnEditDesigner.Cut
 0001:0001CEB8       TCustomizeActnEditDesigner.CutItemClick
 0001:0001E210       TCustomizeActnEditDesigner.DeleteActnExecute
 0001:0001C598       TCustomizeActnEditDesigner.DeleteClick
 0001:0001B3D4       TCustomizeActnEditDesigner.DesignerClosed
 0001:0001C338       TCustomizeActnEditDesigner.DoNewAction
 0001:0001C700       TCustomizeActnEditDesigner.EditAction
 0001:0001DE88       TCustomizeActnEditDesigner.EndUpdate
 0001:0001EA28       TCustomizeActnEditDesigner.FillShortCutList
 0001:0001B3F8       TCustomizeActnEditDesigner.FocusAction
 0001:0001EDFC       TCustomizeActnEditDesigner.FormActivate
 0001:0001D3E4       TCustomizeActnEditDesigner.FormClose
 0001:0001D380       TCustomizeActnEditDesigner.FormCreate
 0001:0001D604       TCustomizeActnEditDesigner.FormDestroy
 0001:0001C5A0       TCustomizeActnEditDesigner.FormKeyPress
 0001:0001E9FC       TCustomizeActnEditDesigner.FormResize
 0001:0001DFCC       TCustomizeActnEditDesigner.FormShow
 0001:0001B7A0       TCustomizeActnEditDesigner.GetActionIndex
 0001:0001C6B4       TCustomizeActnEditDesigner.GetEditState
 0001:0001B660       TCustomizeActnEditDesigner.GetItemName
 0001:0001B668       TCustomizeActnEditDesigner.GetRegKey
 0001:0001B818       TCustomizeActnEditDesigner.GetSelection
 0001:0001B71C       TCustomizeActnEditDesigner.IndexOfAction
 0001:0001B390       TCustomizeActnEditDesigner.ItemDeleted
 0001:0001B5E8       TCustomizeActnEditDesigner.ItemsModified
 0001:0001EEA4       TCustomizeActnEditDesigner.LargeIconsActnExecute
 0001:0001D62C       TCustomizeActnEditDesigner.ListView1Change
 0001:0001D634       TCustomizeActnEditDesigner.ListView1Click
 0001:0001D638       TCustomizeActnEditDesigner.ListView1DblClick
 0001:0001D63C       TCustomizeActnEditDesigner.ListView1DragDrop
 0001:0001D644       TCustomizeActnEditDesigner.ListView1DragOver
 0001:0001D64C       TCustomizeActnEditDesigner.ListView1EndDrag
 0001:0001D654       TCustomizeActnEditDesigner.ListView1KeyPress
 0001:0001D658       TCustomizeActnEditDesigner.ListView1Resize
 0001:0001D65C       TCustomizeActnEditDesigner.ListView1StartDrag
 0001:0001CEC0       TCustomizeActnEditDesigner.LoadFromClipboard
 0001:0001B9C0       TCustomizeActnEditDesigner.LockState
 0001:0001EE8C       TCustomizeActnEditDesigner.MenuAnimationStylesChange
 0001:0001D660       TCustomizeActnEditDesigner.MoveDownClick
 0001:0001D74C       TCustomizeActnEditDesigner.MoveDownUpdate
 0001:0001D7B4       TCustomizeActnEditDesigner.MoveUpClick
 0001:0001D87C       TCustomizeActnEditDesigner.MoveUpUpdate
 0001:0001C4E8       TCustomizeActnEditDesigner.NewActionExecute
 0001:0001DE90       TCustomizeActnEditDesigner.NewActionsPopupPopup
 0001:0001E324       TCustomizeActnEditDesigner.NewActnExecute
 0001:0001D8E4       TCustomizeActnEditDesigner.NewCommonActionExecute
 0001:0001DC0C       TCustomizeActnEditDesigner.NewStdActionExecute
 0001:0001CC6C       TCustomizeActnEditDesigner.Paste
 0001:0001CEA8       TCustomizeActnEditDesigner.PasteItemClick
 0001:0001D178       TCustomizeActnEditDesigner.ReaderSetName
 0001:0001D188       TCustomizeActnEditDesigner.ReaderSetName2
 0001:0001CF1C       TCustomizeActnEditDesigner.ReadStream
 0001:0001EEBC       TCustomizeActnEditDesigner.RecentlyUsedActnExecute
 0001:0001C834       TCustomizeActnEditDesigner.Remove
 0001:0001E950       TCustomizeActnEditDesigner.RemoveActnExecute
 0001:0001E9C8       TCustomizeActnEditDesigner.RemoveActnUpdate
 0001:0001EED4       TCustomizeActnEditDesigner.ResetUsageDataActnExecute
 0001:0001C75C       TCustomizeActnEditDesigner.SelectAll
 0001:0001DA9C       TCustomizeActnEditDesigner.SelectAllActionUpdate
 0001:0001DEF4       TCustomizeActnEditDesigner.SelectAllItemClick
 0001:0001E1B4       TCustomizeActnEditDesigner.SelectComponent
 0001:0001DA6C       TCustomizeActnEditDesigner.SelectedUpdate
 0001:0001C810       TCustomizeActnEditDesigner.SelectNone
 0001:0001D1E0       TCustomizeActnEditDesigner.SetCommonActionClass
 0001:0001B9C8       TCustomizeActnEditDesigner.SetSelection
 0001:0001E73C       TCustomizeActnEditDesigner.ShortcutEditChange
 0001:0001EE5C       TCustomizeActnEditDesigner.ShowHintsActnExecute
 0001:0001EE74       TCustomizeActnEditDesigner.ShowShortCutsInTipsActnExecute
 0001:0001EBF0       TCustomizeActnEditDesigner.TabShow
 0001:0001C5C8       TCustomizeActnEditDesigner.UniqueName
 0001:0001BC24       TCustomizeActnEditDesigner.UnlockState
 0001:0001CDD4       TCustomizeActnEditDesigner.UpdateCaption
 0001:0001DEFC       TCustomizeActnEditDesigner.UpdateDialog
 0001:0001BE74       TCustomizeActnEditDesigner.UpdateView
 0001:00019658       TCustomizeDlg.Notification
 0001:000196A4       TCustomizeDlg.SetActionManager
 0001:000196D0       TCustomizeDlg.SetStayOnTop
 0001:000196F4       TCustomizeDlg.SetupDlg
 0001:000197D0       TCustomizeDlg.Show
 0001:0001934C       TCustomizeFrm.ActionBarListClick
 0001:00018710       TCustomizeFrm.ActionBarListClickCheck
 0001:00018F84       TCustomizeFrm.ActionsListClick
 0001:000193B8       TCustomizeFrm.ActionsListData
 0001:00017BE0       TCustomizeFrm.ActionsListDrawItem
 0001:000187FC       TCustomizeFrm.ActionsListMeasureItem
 0001:00017B3C       TCustomizeFrm.ActionsListStartDrag
 0001:000178B0       TCustomizeFrm.AddAction
 0001:0001956C       TCustomizeFrm.CaptionOptionsComboChange
 0001:00017A68       TCustomizeFrm.CatListClick
 0001:00018558       TCustomizeFrm.CatListStartDrag
 0001:00018B4C       TCustomizeFrm.ClearCatList
 0001:00018368       TCustomizeFrm.CloseBtnClick
 0001:00018C70       TCustomizeFrm.CMVisiblechanged
 0001:00018050       TCustomizeFrm.FindActionBars
 0001:000182A0       TCustomizeFrm.FormClose
 0001:00018F54       TCustomizeFrm.FormCreate
 0001:0001964C       TCustomizeFrm.FormResize
 0001:00018C90       TCustomizeFrm.IsDupShortCut
 0001:00019430       TCustomizeFrm.LargeIconsActnExecute
 0001:000194B0       TCustomizeFrm.LargeIconsActnUpdate
 0001:0001953C       TCustomizeFrm.ListComboSelect
 0001:00019058       TCustomizeFrm.MenuAnimationStylesChange
 0001:00018370       TCustomizeFrm.Notification
 0001:000191A8       TCustomizeFrm.RecentlyUsedActnExecute
 0001:000192AC       TCustomizeFrm.RecentlyUsedActnUpdate
 0001:00019118       TCustomizeFrm.ResetActnExecute
 0001:000190D8       TCustomizeFrm.ResetActnUpdate
 0001:00019138       TCustomizeFrm.ResetUsageDataActnExecute
 0001:00017A00       TCustomizeFrm.SetActionManager
 0001:00018DC0       TCustomizeFrm.SetActiveActionList
 0001:00018DD8       TCustomizeFrm.SetupListCombo
 0001:00019234       TCustomizeFrm.ShowHintsActnExecute
 0001:0001924C       TCustomizeFrm.ShowHintsActnUpdate
 0001:00019294       TCustomizeFrm.ShowShortCutsInTipsActnExecute
 0001:00018934       TCustomizeFrm.UpdateDialog
 0001:0001A044       TCustomizeFrm2.Activated
 0001:0001A078       TCustomizeFrm2.ActivateInspector
 0001:0001A09C       TCustomizeFrm2.ClipboardComponents
 0001:0001A278       TCustomizeFrm2.ComponentRead
 0001:0001A144       TCustomizeFrm2.CopyComponents
 0001:00019F30       TCustomizeFrm2.Create
 0001:0001A450       TCustomizeFrm2.DesignerClosed
 0001:0001A400       TCustomizeFrm2.DesignerOpened
 0001:0001A00C       TCustomizeFrm2.Destroy
 0001:0001A22C       TCustomizeFrm2.EditAction
 0001:0001A220       TCustomizeFrm2.GetEditState
 0001:0001A460       TCustomizeFrm2.ItemDeleted
 0001:0001A3FC       TCustomizeFrm2.ItemInserted
 0001:0001A464       TCustomizeFrm2.ItemsModified
 0001:0001A308       TCustomizeFrm2.PasteComponents
 0001:0001A284       TCustomizeFrm2.ReaderSetName
 0001:0001A3C8       TCustomizeFrm2.SelectionChanged
 0001:0001A3CC       TCustomizeFrm2.SetSelection
 0001:0001A468       TCustomizeFrm2.UniqueName
 0001:0001A230       TCustomizeFrm2.WindowHide
 0001:0001A24C       TCustomizeFrm2.WindowShow
 0001:0001A048       TCustomizeFrm2.WMActivate
 0001:0000D584       TCustomMenuButton.BeginAutoDrag
 0001:0000D5A0       TCustomMenuButton.Click
 0001:0000D5EC       TCustomMenuButton.CMMouseEnter
 0001:0000D65C       TCustomMenuButton.Destroy
 0001:0000D6AC       TCustomMenuButton.DoDragDrop
 0001:0000D724       TCustomMenuButton.DragOver
 0001:0000D7E8       TCustomMenuButton.DrawText
 0001:0000D8C0       TCustomMenuButton.Keyed
 0001:0000D8D8       TCustomMenuButton.MouseDown
 0001:0000D938       TCustomMenuButton.Paint
 0001:0000A9A4       TCustomMenuExpandBtn.DragOver
 0001:0000A9AC       TCustomMenuExpandBtn.DrawBackground
 0001:0000AA08       TCustomMenuExpandBtn.DrawFrame
 0001:0000CE5C       TCustomMenuItem.CalcBounds
 0001:0000CFC4       TCustomMenuItem.CalcLayout
 0001:0000C970       TCustomMenuItem.Click
 0001:0000CA98       TCustomMenuItem.CMMouseEnter
 0001:0000CE18       TCustomMenuItem.CMTextchanged
 0001:0000C680       TCustomMenuItem.Create
 0001:0000C71C       TCustomMenuItem.Destroy
 0001:0000D2EC       TCustomMenuItem.DoDragDrop
 0001:0000CCB0       TCustomMenuItem.DragDrop
 0001:0000CD10       TCustomMenuItem.DragOver
 0001:0000CB50       TCustomMenuItem.DrawDesignFocus
 0001:0000D01C       TCustomMenuItem.DrawEdge
 0001:0000C76C       TCustomMenuItem.DrawSubMenuGlyph
 0001:0000C8D0       TCustomMenuItem.DrawUnusedEdges
 0001:0000C990       TCustomMenuItem.GetImageSize
 0001:0000C9B4       TCustomMenuItem.Keyed
 0001:0000D4F8       TCustomMenuItem.MouseUp
 0001:0000C7F4       TCustomMenuItem.Paint
 0001:0000D2B4       TCustomMenuItem.PositionChanged
 0001:0000CA08       TCustomMenuItem.SetEdges
 0001:0000CB28       TCustomMenuItem.SetSelected
 0001:00005438       TCustomToolScrollBtn.DrawArrows
 0001:00005540       TCustomToolScrollBtn.DrawBackground
 0001:000051C0       TCustomUtilityButton.Click
 0001:000051E0       TCustomUtilityButton.CMMouseEnter
 0001:00005204       TCustomUtilityButton.CMMouseLeave
 0001:00005100       TCustomUtilityButton.Create
 0001:00005190       TCustomUtilityButton.Destroy
 0001:00005220       TCustomUtilityButton.DrawArrows
 0001:0000532C       TCustomUtilityButton.MouseDown
 0001:00005368       TCustomUtilityButton.OnDelay
 0001:000053FC       TCustomUtilityButton.Paint
 0001:000053A8       TCustomUtilityButton.SetArrowSize
 0001:000053C4       TCustomUtilityButton.SetArrowType
 0001:000053E0       TCustomUtilityButton.SetDirection
 0001:0001F120       TDestroyObserver.Create
 0001:0001F158       TDestroyObserver.Notification
 0001:0001F18C       TDestroyObserver.SetLocation
 0002:000000D8       TextColor
 0001:0001EDD4       TImageListListeners.GetListener
 0001:000001F8       TlsAlloc
 0002:00001014       tlsBuffer
 0001:00000200       TlsFree
 0001:00000208       TlsGetValue
 0002:00001004       TlsIndex
 0002:FFBDE000       TlsLast
 0002:00000018       TlsProc
 0001:00000210       TlsSetValue
 0001:00008964       TMenuList.GetMenu
 0001:00008EF0       TMenuList.Notify
 0001:000088C8       TMenuStack.GetBars
 0001:000088DC       TMenuStack.Peek
 0001:000088E8       TMenuStack.Pop
 0001:000088F4       TMenuStack.Push
 0001:000007F4       TranslateMessage
 0001:00010234       TResetComponent.ResetClientUsageData
 0001:00002E08       TStandardAddRemoveItem.DrawBackground
 0001:00002B44       TStandardAddRemoveItem.DrawGlyph
 0001:00002EB0       TStandardAddRemoveItem.DrawText
 0001:00002FF4       TStandardCustomizePopup.Create
 0001:00002828       TStandardMenuItem.CMTextchanged
 0001:000022C0       TStandardMenuItem.DrawBackground
 0001:0000242C       TStandardMenuItem.DrawGlyph
 0001:000022B4       TStandardMenuItem.DrawSeparator
 0001:00002620       TStandardMenuItem.DrawText
 0001:000028B8       TStandardMenuPopup.Create
 0001:00002904       TStandardMenuPopup.NCPaint
 0001:00002B1C       TStandardMenuPopup.WMNCCalcSize
 0001:0000F4E8       TXToolDockForm.CMDialogChar
 0002:00000088       UnfoldAnimationStyle
 0001:000007FC       UnhookWindowsHookEx
 0001:000002F4       UninitializeModule
 0001:00010CA4       UpdateActionBar
 0002:0000106C       UpdateActnMenusProc
 0001:00001534       UrlMon
 0001:00000804       WindowFromPoint
 0001:0000083C       Windows
 0001:0000156C       WinInet
 0001:00001624       WinSpool


  Address         Publics by Value

 0002:FFBDE000       TlsLast
 0001:000001E0       FreeLibrary
 0001:000001E8       LocalAlloc
 0001:000001F0       LocalFree
 0001:000001F8       TlsAlloc
 0001:00000200       TlsFree
 0001:00000208       TlsGetValue
 0001:00000210       TlsSetValue
 0001:00000218       AllocTlsBuffer
 0001:00000224       GetTlsSize
 0001:0000022C       InitThreadTLS
 0001:00000270       InitProcessTLS
 0001:0000029C       ExitThreadTLS
 0001:000002C4       ExitProcessTLS
 0001:000002E8       InitializeModule
 0001:000002F4       UninitializeModule
 0001:00000318       @InitPkg
 0001:0000037C       @PackageLoad
 0001:00000388       @PackageUnload
 0001:00000394       Finalization
 0001:000003C4       SysInit
 0001:000006CC       Finalization
 0001:000006FC       Messages
 0001:00000704       ExpandEnvironmentStrings
 0001:0000070C       GetCurrentThreadId
 0001:00000714       ExcludeClipRect
 0001:0000071C       IntersectClipRect
 0001:00000724       PatBlt
 0001:0000072C       CallNextHookEx
 0001:00000734       DispatchMessage
 0001:0000073C       DrawEdge
 0001:00000744       DrawState
 0001:0000074C       DrawText
 0001:00000754       FillRect
 0001:0000075C       GetCapture
 0001:00000764       GetClientRect
 0001:0000076C       GetCursorPos
 0001:00000774       GetForegroundWindow
 0001:0000077C       GetSystemMetrics
 0001:00000784       GetWindowLong
 0001:0000078C       GetWindowRect
 0001:00000794       HideCaret
 0001:0000079C       InflateRect
 0001:000007A4       MapWindowPoints
 0001:000007AC       OffsetRect
 0001:000007B4       PeekMessage
 0001:000007BC       PostMessage
 0001:000007C4       PtInRect
 0001:000007CC       SetFocus
 0001:000007D4       SetWindowsHookEx
 0001:000007DC       ShowCaret
 0001:000007E4       ShowWindow
 0001:000007EC       SystemParametersInfo
 0001:000007F4       TranslateMessage
 0001:000007FC       UnhookWindowsHookEx
 0001:00000804       WindowFromPoint
 0001:0000080C       Finalization
 0001:0000083C       Windows
 0001:00000D64       ImageList_DrawEx
 0001:00000D6C       Finalization
 0001:00000D9C       CommCtrl
 0001:0000140C       Finalization
 0001:0000143C       Imm
 0001:000014CC       Finalization
 0001:000014FC       ShlObj
 0001:00001504       Finalization
 0001:00001534       UrlMon
 0001:0000153C       Finalization
 0001:0000156C       WinInet
 0001:00001574       Finalization
 0001:000015A4       RegStr
 0001:000015AC       Finalization
 0001:000015DC       ShellAPI
 0001:000015F4       Finalization
 0001:00001624       WinSpool
 0001:000016CC       Finalization
 0001:000016FC       CommDlg
 0001:00001704       Finalization
 0001:00001734       Dlgs
 0001:0000198C       Finalization
 0001:000019BC       RichEdit
 0001:00001A04       sndPlaySound
 0001:00001A0C       Finalization
 0001:00001A3C       MMSystem
 0001:000022B4       TStandardMenuItem.DrawSeparator
 0001:000022C0       TStandardMenuItem.DrawBackground
 0001:0000242C       TStandardMenuItem.DrawGlyph
 0001:00002620       TStandardMenuItem.DrawText
 0001:000027D4       GetHotkey
 0001:00002828       TStandardMenuItem.CMTextchanged
 0001:000028B8       TStandardMenuPopup.Create
 0001:00002904       TStandardMenuPopup.NCPaint
 0001:00002B1C       TStandardMenuPopup.WMNCCalcSize
 0001:00002B44       TStandardAddRemoveItem.DrawGlyph
 0001:00002E08       TStandardAddRemoveItem.DrawBackground
 0001:00002EB0       TStandardAddRemoveItem.DrawText
 0001:00002FF4       TStandardCustomizePopup.Create
 0001:00003040       RegisterStandardMenus
 0001:00003084       Finalization
 0001:000030B4       StdActnMenus
 0001:000046F8       TCustomButtonControl.Create
 0001:00004748       TCustomButtonControl.CalcBounds
 0001:00004760       TCustomButtonControl.Click
 0001:00004780       TCustomButtonControl.CMEnabledChanged
 0001:0000479C       TCustomButtonControl.CMTextChanged
 0001:000047F8       TCustomButtonControl.CMMouseEnter
 0001:00004844       TCustomButtonControl.CMMouseLeave
 0001:00004898       TCustomButtonControl.DrawBackground
 0001:00004930       TCustomButtonControl.DrawDesignFocus
 0001:00004958       TCustomButtonControl.DrawFrame
 0001:00004A78       TCustomButtonControl.DrawGlyph
 0001:00004ABC       TCustomButtonControl.DrawText
 0001:00004C50       TCustomButtonControl.GetLabelText
 0001:00004C64       TCustomButtonControl.GetShowShortCut
 0001:00004C68       TCustomButtonControl.Loaded
 0001:00004C98       TCustomButtonControl.MouseDown
 0001:00004CE8       TCustomButtonControl.MouseMove
 0001:00004D84       TCustomButtonControl.MouseUp
 0001:00004EC8       TCustomButtonControl.Paint
 0001:00004F40       TCustomButtonControl.SetActionClient
 0001:00004F7C       TCustomButtonControl.SetAllowAllUp
 0001:00004F8C       TCustomButtonControl.SetDown
 0001:00004FF4       TCustomButtonControl.SetFlat
 0001:00005010       TCustomButtonControl.SetSelected
 0001:0000503C       TCustomButtonControl.SetState
 0001:00005058       TCustomButtonControl.SetBounds
 0001:0000507C       TCustomButtonControl.UpdateTracking
 0001:000050E0       TCustomButtonControl.WMLButtonDblClk
 0001:00005100       TCustomUtilityButton.Create
 0001:00005190       TCustomUtilityButton.Destroy
 0001:000051C0       TCustomUtilityButton.Click
 0001:000051E0       TCustomUtilityButton.CMMouseEnter
 0001:00005204       TCustomUtilityButton.CMMouseLeave
 0001:00005220       TCustomUtilityButton.DrawArrows
 0001:0000532C       TCustomUtilityButton.MouseDown
 0001:00005368       TCustomUtilityButton.OnDelay
 0001:000053A8       TCustomUtilityButton.SetArrowSize
 0001:000053C4       TCustomUtilityButton.SetArrowType
 0001:000053E0       TCustomUtilityButton.SetDirection
 0001:000053FC       TCustomUtilityButton.Paint
 0001:00005438       TCustomToolScrollBtn.DrawArrows
 0001:00005540       TCustomToolScrollBtn.DrawBackground
 0001:00005574       TCustomDropDownButton.CalcBounds
 0001:00005590       TCustomDropDownButton.Click
 0001:000055B4       TCustomDropDownButton.CMMouseleave
 0001:000055C8       TCustomDropDownButton.DrawFrame
 0001:00005630       TCustomDropDownButton.DropDownClick
 0001:00005730       TCustomDropDownButton.MouseDown
 0001:00005778       TCustomDropDownButton.MouseOverDropDown
 0001:000057E0       TCustomDropDownButton.Paint
 0001:0000583C       TCustomActionCombo.BeginAutoDrag
 0001:00005850       TCustomActionCombo.DesignWndProc
 0001:00005868       TCustomActionCombo.DragDrop
 0001:00005890       TCustomActionCombo.DragOver
 0001:00005908       TCustomComboControl.Create
 0001:000059A0       TCustomComboControl.Destroy
 0001:000059D0       TCustomComboControl.CalcBounds
 0001:00005A20       TCustomComboControl.Click
 0001:00005A40       TCustomComboControl.CMVisiblechanged
 0001:00005A5C       TCustomComboControl.ComboClick
 0001:00005A8C       TCustomActionCombo.ComboWndProc
 0001:00005AB4       TCustomComboControl.DrawText
 0001:00005B0C       TCustomComboControl.Paint
 0001:00005B3C       TCustomComboControl.SetActionClient
 0001:00005B80       TCustomComboControl.SetBounds
 0001:00005C1C       TCustomComboControl.SetDragMode
 0001:00005C3C       TCustomComboControl.SetParent
 0001:00005C64       TCustomComboControl.VisibleChanging
 0001:00005C6C       TCustomActionDockBar.Create
 0001:00005CB4       TCustomActionDockBar.Dock
 0001:00005D5C       TCustomActionDockBar.DoEndDock
 0001:00005D88       TCustomActionDockBar.DoStartDock
 0001:00005DB4       TCustomActionDockBar.GetSiteInfo
 0001:00005E14       TCustomActionDockBar.Loaded
 0001:00005E4C       TCustomActionDockBar.GetFloatingDockSiteClass
 0001:00005E54       TCustomActionToolBar.Create
 0001:00005EE0       TCustomActionToolBar.Destroy
 0001:00005F24       TCustomActionToolBar.AdjustClientRect
 0001:00005F64       TCustomActionToolBar.AutoSizingChanged
 0001:00005FD0       TCustomActionToolBar.CalcButtonWidth
 0001:00006018       TCustomActionToolBar.CreateControl
 0001:00006088       TCustomActionToolBar.DisableHiding
 0001:00006090       TCustomActionToolBar.GetControlClass
 0001:000060E0       TCustomActionToolBar.DoDropCategory
 0001:00006164       TCustomActionToolBar.DrawBackground
 0001:000062A4       TCustomActionToolBar.DrawSeparator
 0001:000063F0       TCustomActionToolBar.EnableHiding
 0001:00006410       TCustomActionToolBar.GetHiddenCount
 0001:00006428       HideItem
 0001:00006630       TCustomActionToolBar.HideUnusedItems
 0001:00006830       TCustomActionToolBar.ScrollBtnClick
 0001:00006A9C       TCustomActionToolBar.SetOrientation
 0001:00006B74       TCustomActionToolBar.SetupDropDownBtn
 0001:00006C78       TCustomActionToolBar.Reset
 0001:00006D00       TCustomActionToolBar.CMColorchanged
 0001:00006D38       TCustomActionToolBar.SetBounds
 0001:00006DE4       TCustomActionToolBar.DragDrop
 0001:00006E0C       Finalization
 0001:00006E3C       ActnCtrls
 0001:000088C8       TMenuStack.GetBars
 0001:000088DC       TMenuStack.Peek
 0001:000088E8       TMenuStack.Pop
 0001:000088F4       TMenuStack.Push
 0001:00008964       TMenuList.GetMenu
 0001:00008978       HandleMsg
 0001:000089A8       ParentFormEnabled
 0001:000089DC       CheckForm
 0001:00008A80       GetMsgHook
 0001:00008CDC       CallWndHook
 0001:00008E84       AddMenuToList
 0001:00008EC4       RemoveMenuFromList
 0001:00008EF0       TMenuList.Notify
 0001:00008F64       TCustomActionMenuBar.Create
 0001:00008FDC       TCustomActionMenuBar.Destroy
 0001:00009028       DefaultSystemAnimation
 0001:00009158       DoAnimation
 0001:0000929C       TCustomActionMenuBar.Animate
 0001:00009308       TCustomActionMenuBar.CleanupStack
 0001:00009334       TCustomActionMenuBar.ClearSubMenus
 0001:00009378       TCustomActionMenuBar.CloseMenu
 0001:0000940C       TCustomActionMenuBar.CMItemClicked
 0001:00009440       TCustomActionMenuBar.CMEnterMenuLoop
 0001:0000944C       TCustomActionMenuBar.CMItemKeyed
 0001:00009480       TCustomActionMenuBar.CreateControl
 0001:000094F0       TCustomActionMenuBar.CreatePopup
 0001:00009700       TCustomActionMenuBar.DoItemSelected
 0001:000097B8       TCustomActionMenuBar.ExecAction
 0001:00009814       TCustomActionMenuBar.DoGetPopupClass
 0001:00009840       TCustomActionMenuBar.DoItemClicked
 0001:0000998C       TCustomActionMenuBar.DoItemKeyed
 0001:000099D4       ReadSoundSetting
 0001:00009B0C       TCustomActionMenuBar.GetDefaultSounds
 0001:00009BC8       TCustomActionMenuBar.IsDesignMsg
 0001:00009C6C       TCustomActionMenuBar.DoMenuDelay
 0001:00009D58       TCustomActionMenuBar.DoneMenuLoop
 0001:00009DB8       TCustomActionMenuBar.Expand
 0001:00009E74       TCustomActionMenuBar.ExpandTimer
 0001:00009EE4       TCustomActionMenuBar.GetControlClass
 0001:00009EEC       TCustomActionMenuBar.GetDesignMode
 0001:00009F14       TCustomActionMenuBar.GetMouseHoverItem
 0001:00009FCC       TCustomActionMenuBar.GetPopupClass
 0001:00009FD4       TCustomActionMenuBar.GetSelected
 0001:0000A034       TCustomActionMenuBar.InitMenuLoop
 0001:0000A134       TCustomActionMenuBar.ProcessMouseMsg
 0001:0000A230       TCustomActionMenuBar.ProcessMenuLoop
 0001:0000A450       SkipItems
 0001:0000A4B4       TCustomActionMenuBar.Select
 0001:0000A618       TCustomActionMenuBar.SelectItem
 0001:0000A64C       TCustomActionMenuBar.SetDesignMode
 0001:0000A684       TCustomActionMenuBar.SetParentMenu
 0001:0000A6F0       TCustomActionMenuBar.SetPersistentHotkeys
 0001:0000A754       TCustomActionMenuBar.TrackMenu
 0001:0000A790       TCustomActionMenuBar.WndProc
 0001:0000A7A8       TCustomActionMenuBar.WMKeyDown
 0001:0000A904       TCustomActionMenuBar.WMMouseActivate
 0001:0000A928       TCustomActionMenuBar.WMSysKeyDown
 0001:0000A9A4       TCustomMenuExpandBtn.DragOver
 0001:0000A9AC       TCustomMenuExpandBtn.DrawBackground
 0001:0000AA08       TCustomMenuExpandBtn.DrawFrame
 0001:0000AA4C       TCustomActionPopupMenu.Create
 0001:0000AB0C       TCustomActionPopupMenu.Destroy
 0001:0000AB54       TCustomActionPopupMenu.AddEdges
 0001:0000ACC0       TCustomActionPopupMenu.CMMouseLeave
 0001:0000ACF8       TCustomActionPopupMenu.CMVisibleChanged
 0001:0000AD48       TCustomActionPopupMenu.CreateControl
 0001:0000AE50       TCustomActionPopupMenu.CreateControls
 0001:0000AF10       TCustomActionPopupMenu.CreateParams
 0001:0000AF68       TCustomActionPopupMenu.DesignWndProc
 0001:0000AF6C       TCustomActionPopupMenu.ExecAction
 0001:0000AF88       TCustomActionPopupMenu.Expand
 0001:0000B108       TCustomActionPopupMenu.ExpandClick
 0001:0000B148       TCustomActionPopupMenu.GetBarHeight
 0001:0000B174       TCustomActionPopupMenu.Popup
 0001:0000B1FC       MonitorSize
 0001:0000B208       TCustomActionPopupMenu.PositionPopup
 0001:0000B450       TCustomActionPopupMenu.SetActionClient
 0001:0000B460       TCustomActionPopupMenu.SetBounds
 0001:0000B49C       TCustomActionPopupMenu.SetupExpandBtn
 0001:0000B548       TCustomActionPopupMenu.SetOrientation
 0001:0000B558       TCustomActionPopupMenu.WMKeyDown
 0001:0000B9A0       TCustomActionPopupMenu.WMPrint
 0001:0000B9C0       TCustomActionPopupMenu.WMPrintClient
 0001:0000BA74       TCustomActionPopupMenu.VisibleChanging
 0001:0000BB00       TCustomActionPopupMenu.GetControlClass
 0001:0000BB08       TCustomActionPopupMenu.CloseMenu
 0001:0000BB20       TCustomAddRemoveItem.CalcBounds
 0001:0000BB98       TCustomAddRemoveItem.IsActionVisible
 0001:0000BC18       TCustomAddRemoveItem.MouseUp
 0001:0000BC44       TCustomAddRemoveItem.SetEnabled
 0001:0000BC4C       TCustomizeActionToolBar.Create
 0001:0000BCA0       TCustomizeActionToolBar.Destroy
 0001:0000BCD0       TCustomizeActionToolBar.Clear
 0001:0000BCD4       TCustomizeActionToolBar.CMItemSelected
 0001:0000BCE0       TCustomizeActionToolBar.GetActionControl
 0001:0000BD18       TCustomizeActionToolBar.ItemCount
 0001:0000BD3C       TCustomizeActionToolBar.GetControlClass
 0001:0000BD68       FindItem
 0001:0000BDE8       TCustomizeActionToolBar.DoItemClicked
 0001:0000BF10       TCustomizeActionToolBar.DoGetPopupClass
 0001:0000BF18       AddSeparator
 0001:0000BF44       AddItems
 0001:0000BFF8       TCustomizeActionToolBar.SetActionClient
 0001:0000C1E8       TCustomizeActionToolBar.CloseMenu
 0001:0000C1F0       TCustomizeActionLink.SetEnabled
 0001:0000C208       TCustomizeActionClientItem.GetActionLinkClass
 0001:0000C210       TCustomActionMainMenuBar.Create
 0001:0000C304       TCustomActionMainMenuBar.AlignControls
 0001:0000C330       TCustomActionMainMenuBar.WMKeyDown
 0001:0000C4A0       TCustomActionMainMenuBar.CreateControl
 0001:0000C4D8       TCustomActionMainMenuBar.DesignWndProc
 0001:0000C500       TCustomActionMainMenuBar.DoneMenuLoop
 0001:0000C534       TCustomActionMainMenuBar.GetControlClass
 0001:0000C53C       TCustomActionMainMenuBar.WMNCHitTest
 0001:0000C564       TCustomActionMainMenuBar.ProcessMouseMsg
 0001:0000C5D0       TCustomActionMainMenuBar.CMWininichange
 0001:0000C5FC       TCustomActionMainMenuBar.CanAutoSize
 0001:0000C634       TCustomActionMainMenuBar.SetDesignMode
 0001:0000C66C       TCustomActionMainMenuBar.SetInActive
 0001:0000C680       TCustomMenuItem.Create
 0001:0000C71C       TCustomMenuItem.Destroy
 0001:0000C76C       TCustomMenuItem.DrawSubMenuGlyph
 0001:0000C7F4       TCustomMenuItem.Paint
 0001:0000C8D0       TCustomMenuItem.DrawUnusedEdges
 0001:0000C970       TCustomMenuItem.Click
 0001:0000C990       TCustomMenuItem.GetImageSize
 0001:0000C9B4       TCustomMenuItem.Keyed
 0001:0000CA08       TCustomMenuItem.SetEdges
 0001:0000CA98       TCustomMenuItem.CMMouseEnter
 0001:0000CB28       TCustomMenuItem.SetSelected
 0001:0000CB50       TCustomMenuItem.DrawDesignFocus
 0001:0000CCB0       TCustomMenuItem.DragDrop
 0001:0000CD10       TCustomMenuItem.DragOver
 0001:0000CE18       TCustomMenuItem.CMTextchanged
 0001:0000CE5C       TCustomMenuItem.CalcBounds
 0001:0000CFC4       TCustomMenuItem.CalcLayout
 0001:0000D01C       TCustomMenuItem.DrawEdge
 0001:0000D2B4       TCustomMenuItem.PositionChanged
 0001:0000D2EC       TCustomMenuItem.DoDragDrop
 0001:0000D4F8       TCustomMenuItem.MouseUp
 0001:0000D584       TCustomMenuButton.BeginAutoDrag
 0001:0000D5A0       TCustomMenuButton.Click
 0001:0000D5EC       TCustomMenuButton.CMMouseEnter
 0001:0000D65C       TCustomMenuButton.Destroy
 0001:0000D6AC       TCustomMenuButton.DoDragDrop
 0001:0000D724       TCustomMenuButton.DragOver
 0001:0000D7E8       TCustomMenuButton.DrawText
 0001:0000D8C0       TCustomMenuButton.Keyed
 0001:0000D8D8       TCustomMenuButton.MouseDown
 0001:0000D938       TCustomMenuButton.Paint
 0001:0000D968       TCustomActionPopupMenu.Notification
 0001:0000D9BC       TCustomizeActionToolBar.CanAutoSize
 0001:0000D9C0       TCustomActionMenuBar.NewPopup
 0001:0000D9DC       TCustomizeActionToolBar.NewPopup
 0001:0000D9F8       TCustomizeActionToolBar.GetSubMenuControlClass
 0001:0000DA50       TCustomActionMainMenuBar.CloseMenu
 0001:0000DA64       Finalization
 0001:0000DA94       ActnMenus
 0001:0000F4E8       TXToolDockForm.CMDialogChar
 0001:0000F51C       NotifyDesigner
 0001:0000F534       TCustomActionManager.Create
 0001:0000F5B8       TCustomActionManager.Destroy
 0001:0000F5F8       TCustomActionManager.Assign
 0001:0000F658       TCustomActionManager.CreateActionBars
 0001:0000F678       TCustomActionManager.FindActionClient
 0001:0000F720       TCustomActionManager.FindActionBar
 0001:0000F7B0       TCustomActionManager.LoadFromFile
 0001:0000F8C0       TCustomActionManager.LoadFromStream
 0001:0000F9AC       TCustomActionManager.Loaded
 0001:0000F9F4       TCustomActionManager.LoadMenu
 0001:0000FAA8       TCustomActionManager.Notification
 0001:0000FC5C       TCustomActionManager.SaveToFile
 0001:0000FD5C       TCustomActionManager.SaveToStream
 0001:0000FDD0       TCustomActionManager.SetupActionBars
 0001:0000FE5C       TCustomActionManager.SetActionBars
 0001:0000FE6C       TCustomActionManager.SetImages
 0001:0000FF10       PrioritySort
 0001:0000FF80       TCustomActionManager.SetPrioritySchedule
 0001:0001007C       TCustomActionManager.GetUsage
 0001:00010154       TCustomActionManager.IsPriorityScheduleStored
 0001:000101AC       TCustomActionManager.ResetActionBar
 0001:00010234       TResetComponent.ResetClientUsageData
 0001:00010278       TCustomActionManager.ResetUsageData
 0001:000102D8       TCustomActionManager.SetLinkedActionLists
 0001:000102E8       TCustomActionManager.Change
 0001:00010308       TCustomActionManager.GetActionClientsClass
 0001:00010310       TCustomActionManager.GetActionClientItemClass
 0001:00010318       TCustomActionManager.GetActionBarsClass
 0001:00010320       TCustomActionManager.GetActionBarItemClass
 0001:00010328       TCustomActionManager.IsLinkedActionListsStored
 0001:0001033C       TCustomActionManager.IsActionBarsStored
 0001:00010350       TActionListItem.Assign
 0001:00010418       TActionListItem.GetCaption
 0001:00010458       TActionListItem.GetDisplayName
 0001:0001047C       TActionListItem.Owner
 0001:00010480       TActionListItem.SetActionList
 0001:00010510       TActionListCollection.GetActionManager
 0001:0001051C       TActionListCollection.GetListItem
 0001:00010530       TActionListCollection.SetListItem
 0001:00010550       TActionClientsCollection.SetActionClient
 0001:00010558       TActionClientsCollection.GetActionClient
 0001:0001056C       TActionClientsCollection.GetActionManager
 0001:00010584       IfHotkeyAvailable
 0001:000105B4       CopyToBest
 0001:00010638       InsertHotkeyFarEastFormat
 0001:00010798       TActionClientsCollection.InternalRethinkHotkeys
 0001:00010C94       TActionClientsCollection.AfterConstruction
 0001:00010CA4       UpdateActionBar
 0001:00010CDC       TActionClientsCollection.IterateClients
 0001:00010E00       TActionClient.Create
 0001:00010E58       TActionClient.Destroy
 0001:00010EAC       TActionClient.AreContextItemsStored
 0001:00010ECC       TActionClient.Assign
 0001:00010FB4       TActionClient.ClearActionBar
 0001:00010FBC       TActionClient.ColorChanged
 0001:00010FC0       TActionClient.FreeChildren
 0001:00011020       TActionClient.GetBackground
 0001:00011040       TActionClient.GetContextItems
 0001:00011074       TActionClient.GetHasItems
 0001:00011094       TActionClientItem.GetParentItem
 0001:000110B4       TActionClient.GetItems
 0001:00011140       TActionClient.GetOwningCollection
 0001:00011144       TActionClient.HasBackground
 0001:0001116C       TActionClient.HasVisibleItems
 0001:000111E0       TActionClient.IsBackgroundStored
 0001:00011208       TActionClient.IsChildItem
 0001:00011258       TActionClient.IsItemsStored
 0001:00011278       TActionClient.Refresh
 0001:0001127C       TActionClient.SetActionBar
 0001:00011368       TActionClient.SetItems
 0001:00011380       TActionClient.SetBackground
 0001:000113FC       TActionClient.SetBackgroundLayout
 0001:00011498       TActionClient.SetChangesAllowed
 0001:000114B0       TActionClient.SetColor
 0001:000114C4       TActionClient.SetContextItems
 0001:000114C8       TActionClient.SetVisible
 0001:000114D8       TActionBarItem.ColorChanged
 0001:00011500       TActionBarItem.Create
 0001:0001153C       TActionBarItem.Destroy
 0001:00011570       TActionBarItem.GetActionBars
 0001:00011574       TActionBarItem.GetDisplayName
 0001:000115B8       TActionBarItem.Refresh
 0001:000115D4       TActionBarItem.SetAutoSize
 0001:000115F0       TActionBarItem.SetGlyphLayout
 0001:000116F8       TActionBarItem.SetVisible
 0001:00011714       TActionBars.Create
 0001:0001176C       TActionBars.Add
 0001:00011778       TActionBars.DoShowHint
 0001:000117B0       TActionBars.GetActionBar
 0001:000117C4       TActionBars.GetHintShortCuts
 0001:000117DC       TActionBars.Notify
 0001:00011820       TActionBars.SetShowHints
 0001:00011838       TActionBars.SetHintShortCuts
 0001:00011850       TActionClients.Create
 0001:000118A0       TActionClients.Add
 0001:000118AC       TActionClients.Assign
 0001:00011904       TActionClients.DoHideUnused
 0001:00011948       TActionClients.DoShowCaptions
 0001:00011984       TActionClients.GetActionClient
 0001:00011998       TActionClients.Notify
 0001:00011B24       TActionClients.SetActionClient
 0001:00011B2C       TActionClients.SetAutoHotKeys
 0001:00011B3C       TActionClients.SetCaptionOptions
[...]
 0001:00013414       TCustomActionBar.CustomAlignInsertBefore
 0001:00013550       TCustomActionBar.CustomAlignPosition
 0001:000139E4       TCustomActionBar.DrawBackground
 0001:00013B50       TCustomActionBar.DragOver
 0001:00013BA4       TCustomActionBar.DragDrop
 0001:00013E10       TCustomActionBar.DoGetControlClass
 0001:00013E4C       TCustomActionBar.DoControlCreated
 0001:00013E70       TCustomActionBar.FindAccelItem
 0001:00013F38       TCustomActionBar.FindFirst
 0001:00013F70       TCustomActionBar.FindItemAt
 0001:00013F98       TCustomActionBar.FindItemCaption
 0001:00014034       TCustomActionBar.FindLast
 0001:0001406C       TCustomActionBar.FindLeastUsedItem
 0001:00014190       TCustomActionBar.FindLastVisibleItem
 0001:000141C8       TCustomActionBar.FindFirstVisibleItem
 0001:000141FC       PointToRow
 0001:00014298       TCustomActionBar.FindNearestControl
 0001:00014498       TCustomActionBar.FindNextVisibleItem
 0001:000144D0       TCustomActionBar.FindNext
 0001:0001455C       TCustomActionBar.FindPrevious
 0001:000145D8       TCustomActionBar.GetActionControl
 0001:0001460C       TCustomActionBar.GetBannerWidth
 0001:00014684       TCustomActionBar.GetControlClass
 0001:0001468C       TCustomActionBar.GetItems
 0001:000146B8       TCustomActionBar.HasItems
 0001:000146FC       TCustomActionBar.ItemCount
 0001:00014728       TCustomActionBar.Loaded
 0001:00014748       TCustomActionBar.Notification
 0001:00014780       TCustomActionBar.Paint
 0001:000147A8       TCustomActionBar.PaintWindow
 0001:00014854       TCustomActionBar.SetActionClient
 0001:000148BC       TCustomActionBar.SetDesignMode
 0001:00014AF8       TCustomActionBar.SetOrientation
 0001:00014B8C       TCustomActionBar.SetSpacing
 0001:00014BA0       TCustomActionBar.SetActionManager
 0001:00014BDC       TCustomActionBar.SetPersistentHotKeys
 0001:00014BF0       TCustomActionBar.DoDropActions
 0001:00014CA0       TCustomActionBar.DoDropCategory
 0001:00014DE0       TCustomActionBar.FindPreviousVisibleItem
 0001:00014E10       TCustomActionBar.SetBiDiMode
 0001:00014E54       TCustomActionBar.GetBarHeight
 0001:00014F04       TCustomActionBar.GetBarWidth
 0001:00014FC8       TCustomActionBar.GetDesignMode
 0001:00014FE0       TCustomActionBar.SetHorzMargin
 0001:00015008       TCustomActionBar.SetVertMargin
 0001:00015030       TCustomActionBar.SetHorzSeparator
 0001:00015058       TCustomActionBar.SetVertSeparator
 0001:00015080       TCustomActionBar.CMResetBar
 0001:0001508C       TCustomActionBar.Reset
 0001:00015118       TCustomActionBar.Resize
 0001:00015120       TCustomActionBar.VisibleChanging
 0001:000151A0       TCustomActionBar.WMContextMenu
 0001:00015228       TCustomActionBar.GetAutoSizing
 0001:00015254       TCustomActionBar.SetAutoSizing
 0001:00015280       TCustomActionControl.Create
 0001:00015328       TCustomActionControl.Destroy
 0001:00015364       TCustomActionControl.BeginAutoDrag
 0001:00015388       TCustomActionControl.CaptionLength
 0001:000153D0       TCustomActionControl.CaptionHeight
 0001:00015418       TCustomActionControl.ActualSpacing
 0001:00015448       TCustomActionControl.CalcLayout
 0001:000156DC       TCustomActionControl.CMFontChanged
 0001:000156FC       TCustomActionControl.Click
 0001:00015750       TCustomActionControl.DesignWndProc
 0001:000157DC       TCustomActionControl.DrawBackground
 0001:00015870       TCustomActionControl.DrawGlyph
 0001:00015C4C       TCustomActionControl.DrawSeparator
 0001:00015E58       TCustomActionControl.DrawText
 0001:00015ED8       TCustomActionControl.IsGrouped
 0001:00015F08       TCustomActionControl.Paint
 0001:00016070       TCustomActionControl.PositionChanged
 0001:0001607C       TCustomActionControl.SetTransparent
 0001:000160B8       TCustomActionControl.GetImageSize
 0001:00016148       TCustomActionControl.SetActionClient
 0001:00016220       TCustomActionControl.SetSelected
 0001:00016248       TCustomActionControl.UpdateSelection
 0001:00016278       TCustomActionControl.CMItemSelected
 0001:000162CC       TCustomActionControl.SetMargins
 0001:0001632C       TCustomActionControl.SetSpacing
 0001:00016364       TCustomActionControl.SetGlyphLayout
 0001:000163C0       TCustomActionControl.Keyed
 0001:000163EC       TCustomActionControl.CMDesignHitTest
 0001:000163F4       TCustomActionControl.DrawDesignFocus
 0001:00016474       TCustomActionControl.ResetUsageData
 0001:000164D4       TCustomActionControl.DragDrop
 0001:00016508       TCustomActionControl.DragOver
 0001:000165D0       TCustomActionControl.DrawDragDropPoint
 0001:000166FC       TCustomActionControl.DoStartDrag
 0001:00016728       TCustomActionControl.HasGlyph
 0001:00016740       TCustomActionControl.WMSetText
 0001:00016760       TCustomActionControl.GetSeparator
 0001:00016774       TCustomActionControl.GetShowCaption
 0001:000167B4       TCustomActionControl.GetShowShortCut
 0001:000167E0       TCustomActionControl.IsChecked
 0001:0001681C       TCustomActionControl.GetAction
 0001:00016834       TCustomActionControl.InitiateAction
 0001:00016848       TCustomActionControl.GetActionBar
 0001:0001685C       TCustomActionControl.CMTextChanged
 0001:00016880       TCustomActionControl.UpdateTextBounds
 0001:00016960       TCustomActionControl.CalcBounds
 0001:00016A70       TCustomActionControl.DoDragDrop
 0001:00016C38       TCustomActionControl.SetSmallIcon
 0001:00016C64       TCustomActionControl.WMContextMenu
 0001:00016CDC       Finalization
 0001:00016D20       ActnMan
 0001:000178B0       TCustomizeFrm.AddAction
 0001:00017A00       TCustomizeFrm.SetActionManager
 0001:00017A68       TCustomizeFrm.CatListClick
 0001:00017B3C       TCustomizeFrm.ActionsListStartDrag
 0001:00017BE0       TCustomizeFrm.ActionsListDrawItem
 0001:00018050       TCustomizeFrm.FindActionBars
 0001:000182A0       TCustomizeFrm.FormClose
 0001:00018368       TCustomizeFrm.CloseBtnClick
 0001:00018370       TCustomizeFrm.Notification
 0001:00018558       TCustomizeFrm.CatListStartDrag
 0001:00018710       TCustomizeFrm.ActionBarListClickCheck
 0001:000187FC       TCustomizeFrm.ActionsListMeasureItem
 0001:00018844       AddActions
 0001:0001888C       SelectCategory
 0001:00018934       TCustomizeFrm.UpdateDialog
 0001:00018B4C       TCustomizeFrm.ClearCatList
 0001:00018C70       TCustomizeFrm.CMVisiblechanged
 0001:00018C8C       CheckAction
 0001:00018C90       TCustomizeFrm.IsDupShortCut
 0001:00018DC0       TCustomizeFrm.SetActiveActionList
 0001:00018DD8       TCustomizeFrm.SetupListCombo
 0001:00018F54       TCustomizeFrm.FormCreate
 0001:00018F84       TCustomizeFrm.ActionsListClick
 0001:00019058       TCustomizeFrm.MenuAnimationStylesChange
 0001:000190D8       TCustomizeFrm.ResetActnUpdate
 0001:00019118       TCustomizeFrm.ResetActnExecute
 0001:00019138       TCustomizeFrm.ResetUsageDataActnExecute
 0001:000191A8       TCustomizeFrm.RecentlyUsedActnExecute
 0001:00019234       TCustomizeFrm.ShowHintsActnExecute
 0001:0001924C       TCustomizeFrm.ShowHintsActnUpdate
 0001:00019294       TCustomizeFrm.ShowShortCutsInTipsActnExecute
 0001:000192AC       TCustomizeFrm.RecentlyUsedActnUpdate
 0001:0001934C       TCustomizeFrm.ActionBarListClick
 0001:000193B8       TCustomizeFrm.ActionsListData
 0001:00019430       TCustomizeFrm.LargeIconsActnExecute
 0001:000194B0       TCustomizeFrm.LargeIconsActnUpdate
 0001:0001953C       TCustomizeFrm.ListComboSelect
 0001:0001956C       TCustomizeFrm.CaptionOptionsComboChange
 0001:0001964C       TCustomizeFrm.FormResize
 0001:00019658       TCustomizeDlg.Notification
 0001:000196A4       TCustomizeDlg.SetActionManager
 0001:000196D0       TCustomizeDlg.SetStayOnTop
 0001:000196F4       TCustomizeDlg.SetupDlg
 0001:000197D0       TCustomizeDlg.Show
 0001:000197E4       Finalization
 0001:00019814       CustomizeDlg
 0001:00019940       TCustomizeActionBars.Create
 0001:000199C0       TCustomizeActionBars.ExecuteTarget
 0001:00019A04       TCustomizeActionBars.HandlesTarget
 0001:00019A18       Finalization
 0001:00019A48       BandActn
 0001:00019F30       TCustomizeFrm2.Create
 0001:0001A00C       TCustomizeFrm2.Destroy
 0001:0001A044       TCustomizeFrm2.Activated
 0001:0001A048       TCustomizeFrm2.WMActivate
 0001:0001A078       TCustomizeFrm2.ActivateInspector
 0001:0001A09C       TCustomizeFrm2.ClipboardComponents
 0001:0001A144       TCustomizeFrm2.CopyComponents
 0001:0001A220       TCustomizeFrm2.GetEditState
 0001:0001A22C       TCustomizeFrm2.EditAction
 0001:0001A230       TCustomizeFrm2.WindowHide
 0001:0001A24C       TCustomizeFrm2.WindowShow
 0001:0001A278       TCustomizeFrm2.ComponentRead
 0001:0001A284       TCustomizeFrm2.ReaderSetName
 0001:0001A308       TCustomizeFrm2.PasteComponents
 0001:0001A3C8       TCustomizeFrm2.SelectionChanged
 0001:0001A3CC       TCustomizeFrm2.SetSelection
 0001:0001A3FC       TCustomizeFrm2.ItemInserted
 0001:0001A400       TCustomizeFrm2.DesignerOpened
 0001:0001A450       TCustomizeFrm2.DesignerClosed
 0001:0001A460       TCustomizeFrm2.ItemDeleted
 0001:0001A464       TCustomizeFrm2.ItemsModified
 0001:0001A468       TCustomizeFrm2.UniqueName
 0001:0001A4E0       Finalization
 0001:0001A510       CustActnEdit
 0001:0001B11C       ShowActionManagerDesigner
 0001:0001B2BC       TActionImageListListener.Create
 0001:0001B324       TActionImageListListener.Destroy
 0001:0001B368       TActionImageListListener.ImageListChanged
 0001:0001B378       TCustomizeActnEditDesigner.Activated
 0001:0001B390       TCustomizeActnEditDesigner.ItemDeleted
 0001:0001B3D4       TCustomizeActnEditDesigner.DesignerClosed
 0001:0001B3F8       TCustomizeActnEditDesigner.FocusAction
 0001:0001B5E8       TCustomizeActnEditDesigner.ItemsModified
 0001:0001B660       TCustomizeActnEditDesigner.GetItemName
 0001:0001B668       TCustomizeActnEditDesigner.GetRegKey
 0001:0001B71C       TCustomizeActnEditDesigner.IndexOfAction
 0001:0001B768       TCustomizeActnEditDesigner.AMDeferUpdate
 0001:0001B7A0       TCustomizeActnEditDesigner.GetActionIndex
 0001:0001B7C4       IsValidAction
 0001:0001B818       TCustomizeActnEditDesigner.GetSelection
 0001:0001B9C0       TCustomizeActnEditDesigner.LockState
 0001:0001B9C8       TCustomizeActnEditDesigner.SetSelection
 0001:0001BC24       TCustomizeActnEditDesigner.UnlockState
 0001:0001BC2C       TCustomizeActnEditDesigner.ActionVisible
 0001:0001BC74       FetchItems
 0001:0001BCF4       ItemsEqual
 0001:0001BDA4       LoadActionList
 0001:0001BE04       LoadActions
 0001:0001BE74       TCustomizeActnEditDesigner.UpdateView
 0001:0001C2FC       TCustomizeActnEditDesigner.Clear
 0001:0001C338       TCustomizeActnEditDesigner.DoNewAction
 0001:0001C4E8       TCustomizeActnEditDesigner.NewActionExecute
 0001:0001C598       TCustomizeActnEditDesigner.DeleteClick
 0001:0001C5A0       TCustomizeActnEditDesigner.FormKeyPress
 0001:0001C5C8       TCustomizeActnEditDesigner.UniqueName
 0001:0001C664       ActionsSelected
 0001:0001C6B4       TCustomizeActnEditDesigner.GetEditState
 0001:0001C700       TCustomizeActnEditDesigner.EditAction
 0001:0001C75C       TCustomizeActnEditDesigner.SelectAll
 0001:0001C810       TCustomizeActnEditDesigner.SelectNone
 0001:0001C834       TCustomizeActnEditDesigner.Remove
 0001:0001CBA8       TCustomizeActnEditDesigner.Cut
 0001:0001CBBC       TCustomizeActnEditDesigner.Copy
 0001:0001CC6C       TCustomizeActnEditDesigner.Paste
 0001:0001CDD4       TCustomizeActnEditDesigner.UpdateCaption
 0001:0001CEA8       TCustomizeActnEditDesigner.PasteItemClick
 0001:0001CEB0       TCustomizeActnEditDesigner.CopyItemClick
 0001:0001CEB8       TCustomizeActnEditDesigner.CutItemClick
 0001:0001CEC0       TCustomizeActnEditDesigner.LoadFromClipboard
 0001:0001CF1C       TCustomizeActnEditDesigner.ReadStream
 0001:0001D178       TCustomizeActnEditDesigner.ReaderSetName
 0001:0001D188       TCustomizeActnEditDesigner.ReaderSetName2
 0001:0001D1E0       TCustomizeActnEditDesigner.SetCommonActionClass
 0001:0001D380       TCustomizeActnEditDesigner.FormCreate
 0001:0001D3E4       TCustomizeActnEditDesigner.FormClose
 0001:0001D604       TCustomizeActnEditDesigner.FormDestroy
 0001:0001D62C       TCustomizeActnEditDesigner.ListView1Change
 0001:0001D634       TCustomizeActnEditDesigner.ListView1Click
 0001:0001D638       TCustomizeActnEditDesigner.ListView1DblClick
 0001:0001D63C       TCustomizeActnEditDesigner.ListView1DragDrop
 0001:0001D644       TCustomizeActnEditDesigner.ListView1DragOver
 0001:0001D64C       TCustomizeActnEditDesigner.ListView1EndDrag
 0001:0001D654       TCustomizeActnEditDesigner.ListView1KeyPress
 0001:0001D658       TCustomizeActnEditDesigner.ListView1Resize
 0001:0001D65C       TCustomizeActnEditDesigner.ListView1StartDrag
 0001:0001D660       TCustomizeActnEditDesigner.MoveDownClick
 0001:0001D74C       TCustomizeActnEditDesigner.MoveDownUpdate
 0001:0001D7B4       TCustomizeActnEditDesigner.MoveUpClick
 0001:0001D87C       TCustomizeActnEditDesigner.MoveUpUpdate
 0001:0001D8E4       TCustomizeActnEditDesigner.NewCommonActionExecute
 0001:0001D99C       TCustomizeActnEditDesigner.ComponentRead
 0001:0001DA6C       TCustomizeActnEditDesigner.SelectedUpdate
 0001:0001DA9C       TCustomizeActnEditDesigner.SelectAllActionUpdate
 0001:0001DAD0       TCustomizeActnEditDesigner.CatListClick
 0001:0001DC0C       TCustomizeActnEditDesigner.NewStdActionExecute
 0001:0001DE80       TCustomizeActnEditDesigner.BeginUpdate
 0001:0001DE88       TCustomizeActnEditDesigner.EndUpdate
 0001:0001DE90       TCustomizeActnEditDesigner.NewActionsPopupPopup
 0001:0001DEF4       TCustomizeActnEditDesigner.SelectAllItemClick
 0001:0001DEFC       TCustomizeActnEditDesigner.UpdateDialog
 0001:0001DF04       TCustomizeActnEditDesigner.ActionsListClick
 0001:0001DFCC       TCustomizeActnEditDesigner.FormShow
 0001:0001E1B4       TCustomizeActnEditDesigner.SelectComponent
 0001:0001E210       TCustomizeActnEditDesigner.DeleteActnExecute
 0001:0001E324       TCustomizeActnEditDesigner.NewActnExecute
 0001:0001E398       TCustomizeActnEditDesigner.CatListDragOver
 0001:0001E4D8       TCustomizeActnEditDesigner.CatListDragDrop
 0001:0001E660       TCustomizeActnEditDesigner.ActionsListDblClick
 0001:0001E6E8       TCustomizeActnEditDesigner.ClearCatList
 0001:0001E6EC       TCustomizeActnEditDesigner.AssignActnUpdate
 0001:0001E73C       TCustomizeActnEditDesigner.ShortcutEditChange
 0001:0001E880       TCustomizeActnEditDesigner.AssignActnExecute
 0001:0001E950       TCustomizeActnEditDesigner.RemoveActnExecute
 0001:0001E9C8       TCustomizeActnEditDesigner.RemoveActnUpdate
 0001:0001E9FC       TCustomizeActnEditDesigner.FormResize
 0001:0001EA28       TCustomizeActnEditDesigner.FillShortCutList
 0001:0001EBF0       TCustomizeActnEditDesigner.TabShow
 0001:0001ECCC       TCustomizeActnEditDesigner.ActionsListDrawItem
 0001:0001EDD4       TImageListListeners.GetListener
 0001:0001EDE8       TCustomizeActnEditDesigner.ActionBarListClick
 0001:0001EDFC       TCustomizeActnEditDesigner.FormActivate
 0001:0001EE10       TCustomizeActnEditDesigner.ActionBarListClickCheck
 0001:0001EE5C       TCustomizeActnEditDesigner.ShowHintsActnExecute
 0001:0001EE74       TCustomizeActnEditDesigner.ShowShortCutsInTipsActnExecute
 0001:0001EE8C       TCustomizeActnEditDesigner.MenuAnimationStylesChange
 0001:0001EEA4       TCustomizeActnEditDesigner.LargeIconsActnExecute
 0001:0001EEBC       TCustomizeActnEditDesigner.RecentlyUsedActnExecute
 0001:0001EED4       TCustomizeActnEditDesigner.ResetUsageDataActnExecute
 0001:0001EEEC       Finalization
 0001:0001EF30       CustomizeActnEdit
 0001:0001EFBC       TCustomActionManagerEditor.ExecuteVerb
 0001:0001F01C       TCustomActionManagerEditor.GetVerb
 0001:0001F05C       TCustomActionManagerEditor.GetVerbCount
 0001:0001F120       TDestroyObserver.Create
 0001:0001F158       TDestroyObserver.Notification
 0001:0001F18C       TDestroyObserver.SetLocation
 0001:0001F3AC       TActionBarDesigner.Create
 0001:0001F418       TActionBarDesigner.Destroy
 0001:0001F460       TActionBarDesigner.CreateAction
 0001:0001F490       TActionBarDesigner.EditAction
 0001:0001F4F0       TActionBarDesigner.SetActiveMenu
 0001:0001F518       TActionBarDesigner.SetItemSelection
 0001:0001F590       TActionBarDesigner.SetSelection
 0001:0001F5F0       TActionBarDesigner.Modified
 0001:0001F6DC       TActionClientSelectionEditor.IsSelectionMessage
 0001:0001FC78       TActionBarSelectionEditor.IsSelectionMessage
 0001:0001FE58       TActionBarDesignNotifier.Create
 0001:0001FE94       TActionBarDesignNotifier.DesignerClosed
 0001:0001FEC4       TActionBarDesignNotifier.DesignerOpened
 0001:0001FEE0       TActionBarDesignNotifier.ItemDeleted
 0001:0001FEE4       TActionBarDesignNotifier.ItemInserted
 0001:0001FEE8       TActionBarDesignNotifier.ItemsModified
 0001:0001FEEC       TActionBarDesignNotifier.SelectionChanged
 0001:0001FFA0       Register
 0001:000200C0       Finalization
 0001:000200FC       ActnBReg
 0001:000204F0       @GetPackageInfoTable
 0001:000204F8       @PackageLoad
 0001:00020504       @PackageUnload
 0001:00020510       dclact
 0002:00000000       Module
 0002:00000018       TlsProc
 0002:00000028       FillStyles
 0002:00000030       FrameStyle
 0002:00000038       EdgesOffset
 0002:00000040       InnerStyles
 0002:0000004C       OuterStyles
 0002:00000058       Ctl3DStyles
 0002:00000060       BrushStyle
 0002:00000064       StateFlag
 0002:00000068       Offset
 0002:00000070       ArrowDirection
 0002:00000078       BtnAlignment
 0002:0000007C       ArrowDirection
 0002:00000080       HideShow
 0002:00000088       UnfoldAnimationStyle
 0002:00000090       SlideAnimationStyle
 0002:00000098       FadeAnimationStyle
 0002:000000A0       ArrowColor
 0002:000000A8       Edge
 0002:000000B0       ImageOffset
 0002:000000B8       ControlDragMode
 0002:000000BC       cDefaultSchedule
 0002:000000C0       ActionBarDesigner
 0002:000000C4       SepSize
 0002:000000CC       BrushStyle
 0002:000000D0       DrawDisabledState
 0002:000000D8       TextColor
 0002:000000E0       ShowCommands
 0002:000000E8       DesignersList
 0002:000000EC       ListDragMode
 0002:000000F0       ItemOffset
 0002:00001000       ModuleIsLib
 0002:00001001       ModuleIsPackage
 0002:00001004       TlsIndex
 0002:0000100C       HInstance
 0002:00001010       .1
 0002:00001014       tlsBuffer
 0002:00001018       .1
 0002:0000101C       .3
 0002:00001020       .1
 0002:00001024       .1
 0002:00001028       .1
 0002:0000102C       .1
 0002:00001030       .1
 0002:00001034       .1
 0002:00001038       .1
 0002:0000103C       .3
 0002:00001040       .1
 0002:00001044       .1
 0002:00001048       .1
 0002:0000104C       .7
 0002:00001050       .6
 0002:00001054       .01
 0002:00001058       MenuItemControlClass
 0002:0000105C       MenuAddRemoveItemClass
 0002:00001060       MenuButtonControlClass
 0002:00001064       MenuPopupClass
 0002:00001068       MenuCustomizePopupClass
 0002:0000106C       UpdateActnMenusProc
 0002:00001070       .31
 0002:00001074       MenuKeyHook
 0002:00001078       MenuCallWndHook
 0002:0000107C       MenuList
 0002:00001080       ActiveMenu
 0002:00001084       .91
 0002:00001088       .3
 0002:0000108C       CustomizeFrm
 0002:00001090       .2
 0002:00001094       .2
 0002:00001098       .4
 0002:0000109C       .1
 0002:000010A0       LastClosed


Bound resource files

CustomizeDlg.DFM
CustActnEdit.dfm
CustomizeActnEdit.dfm
dclact.res
actnbreg.dcr
C:\DOCUME~1\~storm\LOCALS~1\Temp\dtf711A.tmp


Program entry point at 0001:00020510
