
 Start         Length     Name                   Class
 0001:00000000 00018268H .text                   CODE
 0002:00000000 00000328H .data                   DATA
 0002:00000328 000000E9H .bss                    BSS


Detailed map of segments

 0001:00000000 0000029E C=CODE     S=.text    G=(none)   M=System   ACBP=A9
 0001:000002A0 000001EC C=CODE     S=.text    G=(none)   M=SysInit  ACBP=A9
 0001:0000048C 0000000E C=CODE     S=.text    G=(none)   M=ITEIDEInit ACBP=A9
 0001:0000049C 00000026 C=CODE     S=.text    G=(none)   M=ITEStrs  ACBP=A9
 0001:000004C4 00000166 C=CODE     S=.text    G=(none)   M=Forms    ACBP=A9
 0001:0000062C 0000000E C=CODE     S=.text    G=(none)   M=HelpIntfs ACBP=A9
 0001:0000063C 000000BE C=CODE     S=.text    G=(none)   M=Classes  ACBP=A9
 0001:000006FC 0000000E C=CODE     S=.text    G=(none)   M=ActiveX  ACBP=A9
 0001:0000070C 00000038 C=CODE     S=.text    G=(none)   M=Messages ACBP=A9
 0001:00000744 000000A8 C=CODE     S=.text    G=(none)   M=Windows  ACBP=A9
 0001:000007EC 0000000E C=CODE     S=.text    G=(none)   M=Types    ACBP=A9
 0001:000007FC 0000000E C=CODE     S=.text    G=(none)   M=TypInfo  ACBP=A9
 0001:0000080C 00000136 C=CODE     S=.text    G=(none)   M=SysUtils ACBP=A9
 0001:00000944 0000000E C=CODE     S=.text    G=(none)   M=SysConst ACBP=A9
 0001:00000954 0000000E C=CODE     S=.text    G=(none)   M=Variants ACBP=A9
 0001:00000964 0000000E C=CODE     S=.text    G=(none)   M=VarUtils ACBP=A9
 0001:00000974 0000000E C=CODE     S=.text    G=(none)   M=RTLConsts ACBP=A9
 0001:00000984 0000000E C=CODE     S=.text    G=(none)   M=Contnrs  ACBP=A9
 0001:00000994 0000000E C=CODE     S=.text    G=(none)   M=Math     ACBP=A9
 0001:000009A4 0000000E C=CODE     S=.text    G=(none)   M=MultiMon ACBP=A9
 0001:000009B4 0000001E C=CODE     S=.text    G=(none)   M=ActnList ACBP=A9
 0001:000009D4 0000000E C=CODE     S=.text    G=(none)   M=ImgList  ACBP=A9
 0001:000009E4 00000038 C=CODE     S=.text    G=(none)   M=CommCtrl ACBP=A9
 0001:00000A1C 00000076 C=CODE     S=.text    G=(none)   M=Graphics ACBP=A9
 0001:00000A94 0000000E C=CODE     S=.text    G=(none)   M=Consts   ACBP=A9
 0001:00000AA4 000001EE C=CODE     S=.text    G=(none)   M=Controls ACBP=A9
 0001:00000C94 00000038 C=CODE     S=.text    G=(none)   M=Imm      ACBP=A9
 0001:00000CCC 0000000E C=CODE     S=.text    G=(none)   M=Menus    ACBP=A9
 0001:00000CDC 0000000E C=CODE     S=.text    G=(none)   M=WinHelpViewer ACBP=A9
 0001:00000CEC 0000000E C=CODE     S=.text    G=(none)   M=StdActns ACBP=A9
 0001:00000CFC 0000002E C=CODE     S=.text    G=(none)   M=Dialogs  ACBP=A9
 0001:00000D2C 00000038 C=CODE     S=.text    G=(none)   M=ShlObj   ACBP=A9
 0001:00000D64 00000038 C=CODE     S=.text    G=(none)   M=UrlMon   ACBP=A9
 0001:00000D9C 00000038 C=CODE     S=.text    G=(none)   M=WinInet  ACBP=A9
 0001:00000DD4 00000038 C=CODE     S=.text    G=(none)   M=RegStr   ACBP=A9
 0001:00000E0C 00000038 C=CODE     S=.text    G=(none)   M=ShellAPI ACBP=A9
 0001:00000E44 0000000E C=CODE     S=.text    G=(none)   M=Printers ACBP=A9
 0001:00000E54 00000038 C=CODE     S=.text    G=(none)   M=WinSpool ACBP=A9
 0001:00000E8C 00000036 C=CODE     S=.text    G=(none)   M=StdCtrls ACBP=A9
 0001:00000EC4 00000038 C=CODE     S=.text    G=(none)   M=CommDlg  ACBP=A9
 0001:00000EFC 00000038 C=CODE     S=.text    G=(none)   M=Dlgs     ACBP=A9
 0001:00000F34 0000002E C=CODE     S=.text    G=(none)   M=ExtCtrls ACBP=A9
 0001:00000F64 0000000E C=CODE     S=.text    G=(none)   M=StrUtils ACBP=A9
 0001:00000F74 0000000E C=CODE     S=.text    G=(none)   M=Clipbrd  ACBP=A9
 0001:00000F84 0000000E C=CODE     S=.text    G=(none)   M=FlatSB   ACBP=A9
 0001:00000F94 0000001E C=CODE     S=.text    G=(none)   M=UIUtils  ACBP=A9
 0001:00000FB4 00000046 C=CODE     S=.text    G=(none)   M=VerInf   ACBP=A9
 0001:00000FFC 0000000E C=CODE     S=.text    G=(none)   M=OptIntf  ACBP=A9
 0001:0000100C 00000016 C=CODE     S=.text    G=(none)   M=IDEHistoryManager ACBP=A9
 0001:00001024 0000000E C=CODE     S=.text    G=(none)   M=IDERegIniPropSet ACBP=A9
 0001:00001034 00000016 C=CODE     S=.text    G=(none)   M=IniFiles ACBP=A9
 0001:0000104C 00000056 C=CODE     S=.text    G=(none)   M=Registry ACBP=A9
 0001:000010A4 0000001E C=CODE     S=.text    G=(none)   M=IDEPropSet ACBP=A9
 0001:000010C4 0000000E C=CODE     S=.text    G=(none)   M=IDEConst ACBP=A9
 0001:000010D4 0000000E C=CODE     S=.text    G=(none)   M=Mask     ACBP=A9
 0001:000010E4 0000000E C=CODE     S=.text    G=(none)   M=MaskUtils ACBP=A9
 0001:000010F4 0000000E C=CODE     S=.text    G=(none)   M=PackageList ACBP=A9
 0001:00001104 0000000E C=CODE     S=.text    G=(none)   M=ComTypes ACBP=A9
 0001:00001114 0000000E C=CODE     S=.text    G=(none)   M=DbkHelper ACBP=A9
 0001:00001124 0000000E C=CODE     S=.text    G=(none)   M=dbk_tlb  ACBP=A9
 0001:00001134 0000000E C=CODE     S=.text    G=(none)   M=StdVCL   ACBP=A9
 0001:00001144 0000000E C=CODE     S=.text    G=(none)   M=OleCtrls ACBP=A9
 0001:00001154 0000000E C=CODE     S=.text    G=(none)   M=AxCtrls  ACBP=A9
 0001:00001164 0000000E C=CODE     S=.text    G=(none)   M=ComObj   ACBP=A9
 0001:00001174 0000000E C=CODE     S=.text    G=(none)   M=ComConst ACBP=A9
 0001:00001184 0000000E C=CODE     S=.text    G=(none)   M=OleConst ACBP=A9
 0001:00001194 0000001E C=CODE     S=.text    G=(none)   M=ResUtils ACBP=A9
 0001:000011B4 0000002E C=CODE     S=.text    G=(none)   M=Events   ACBP=A9
 0001:000011E4 00000176 C=CODE     S=.text    G=(none)   M=ComCtrls ACBP=A9
 0001:0000135C 0000000E C=CODE     S=.text    G=(none)   M=ListActns ACBP=A9
 0001:0000136C 0000000E C=CODE     S=.text    G=(none)   M=ToolWin  ACBP=A9
 0001:0000137C 00000038 C=CODE     S=.text    G=(none)   M=RichEdit ACBP=A9
 0001:000013B4 0000000E C=CODE     S=.text    G=(none)   M=ExtActns ACBP=A9
 0001:000013C4 0000000E C=CODE     S=.text    G=(none)   M=ExtDlgs  ACBP=A9
 0001:000013D4 0000000E C=CODE     S=.text    G=(none)   M=Buttons  ACBP=A9
 0001:000013E4 0000000E C=CODE     S=.text    G=(none)   M=Mapi     ACBP=A9
 0001:000013F4 0000000E C=CODE     S=.text    G=(none)   M=ComStrs  ACBP=A9
 0001:00001404 00000036 C=CODE     S=.text    G=(none)   M=Grids    ACBP=A9
 0001:0000143C 0000000E C=CODE     S=.text    G=(none)   M=IDEVersionInfo ACBP=A9
 0001:0000144C 0000000E C=CODE     S=.text    G=(none)   M=AppStrs  ACBP=A9
 0001:0000145C 0000000E C=CODE     S=.text    G=(none)   M=RegistryEx ACBP=A9
 0001:0000146C 0000000E C=CODE     S=.text    G=(none)   M=AppConst ACBP=A9
 0001:0000147C 00000026 C=CODE     S=.text    G=(none)   M=FileCtrl ACBP=A9
 0001:000014A4 0000000E C=CODE     S=.text    G=(none)   M=EnvVariableFrame ACBP=A9
 0001:000014B4 0000000E C=CODE     S=.text    G=(none)   M=EnvVariableEntry ACBP=A9
 0001:000014C4 00000038 C=CODE     S=.text    G=(none)   M=ITEINTInit ACBP=A9
 0001:000014FC 00000016 C=CODE     S=.text    G=(none)   M=ExptIntf ACBP=A9
 0001:00001514 0000000E C=CODE     S=.text    G=(none)   M=ToolIntf ACBP=A9
 0001:00001524 0000000E C=CODE     S=.text    G=(none)   M=FileIntf ACBP=A9
 0001:00001534 0000003E C=CODE     S=.text    G=(none)   M=VirtIntf ACBP=A9
 0001:00001574 0000000E C=CODE     S=.text    G=(none)   M=EditIntf ACBP=A9
 0001:00001584 000000FE C=CODE     S=.text    G=(none)   M=ITECommon ACBP=A9
 0001:00001684 00000036 C=CODE     S=.text    G=(none)   M=ITEOTA   ACBP=A9
 0001:000016BC 0000000E C=CODE     S=.text    G=(none)   M=CheckLst ACBP=A9
 0001:000016CC 0000007E C=CODE     S=.text    G=(none)   M=ITEGridColor ACBP=A9
 0001:0000174C 00000036 C=CODE     S=.text    G=(none)   M=ITEIntlPars ACBP=A9
 0001:00001784 0000000E C=CODE     S=.text    G=(none)   M=ITEIntlStrm ACBP=A9
 0001:00001794 0000000E C=CODE     S=.text    G=(none)   M=ITEConst ACBP=A9
 0001:000017A4 00000036 C=CODE     S=.text    G=(none)   M=ToolsAPI ACBP=A9
 0001:000017DC 0000000E C=CODE     S=.text    G=(none)   M=DesignIntf ACBP=A9
 0001:000017EC 0000000E C=CODE     S=.text    G=(none)   M=DesignMenus ACBP=A9
 0001:000017FC 0000000E C=CODE     S=.text    G=(none)   M=ITERepositoryService ACBP=A9
 0001:0000180C 00000026 C=CODE     S=.text    G=(none)   M=ITERepositoryEngine ACBP=A9
 0001:00001834 0000000E C=CODE     S=.text    G=(none)   M=ITEXML   ACBP=A9
 0001:00001844 0000000E C=CODE     S=.text    G=(none)   M=ITEMSXML_TLB ACBP=A9
 0001:00001854 0000000E C=CODE     S=.text    G=(none)   M=IStreams ACBP=A9
 0001:00001864 00000026 C=CODE     S=.text    G=(none)   M=ITEINTOptionProp ACBP=A9
 0001:0000188C 0000000E C=CODE     S=.text    G=(none)   M=ITEGetTranslationDlg ACBP=A9
 0001:0000189C 0000001E C=CODE     S=.text    G=(none)   M=ITEControls ACBP=A9
 0001:000018BC 0000000E C=CODE     S=.text    G=(none)   M=ITESWFrm ACBP=A9
 0001:000018CC 0000000E C=CODE     S=.text    G=(none)   M=OpenGL   ACBP=A9
 0001:000018DC 00000046 C=CODE     S=.text    G=(none)   M=ITEGridFont ACBP=A9
 0001:00001924 0000000E C=CODE     S=.text    G=(none)   M=ITEAddTranslationDlg ACBP=A9
 0001:00001934 0000000E C=CODE     S=.text    G=(none)   M=Context  ACBP=A9
 0001:00001944 0000000E C=CODE     S=.text    G=(none)   M=IDEIntf  ACBP=A9
 0001:00001954 0000000E C=CODE     S=.text    G=(none)   M=Debug    ACBP=A9
 0001:00001964 0000000E C=CODE     S=.text    G=(none)   M=IDEMessages ACBP=A9
 0001:00001974 0000000E C=CODE     S=.text    G=(none)   M=IDEServices ACBP=A9
 0001:00001984 0000000E C=CODE     S=.text    G=(none)   M=ToolUtils ACBP=A9
 0001:00001994 0000002E C=CODE     S=.text    G=(none)   M=CodeMgr  ACBP=A9
 0001:000019C4 0000000E C=CODE     S=.text    G=(none)   M=IDEModel ACBP=A9
 0001:000019D4 0000000E C=CODE     S=.text    G=(none)   M=IDEEvent ACBP=A9
 0001:000019E4 0000000E C=CODE     S=.text    G=(none)   M=IDEUtil  ACBP=A9
 0001:000019F4 0000000E C=CODE     S=.text    G=(none)   M=Containers ACBP=A9
 0001:00001A04 0000000E C=CODE     S=.text    G=(none)   M=MakeObjs ACBP=A9
 0001:00001A14 0000000E C=CODE     S=.text    G=(none)   M=ProjectMgr ACBP=A9
 0001:00001A24 0000000E C=CODE     S=.text    G=(none)   M=IDEControl ACBP=A9
 0001:00001A34 0000000E C=CODE     S=.text    G=(none)   M=IDEPeer  ACBP=A9
 0001:00001A44 0000000E C=CODE     S=.text    G=(none)   M=IDEItem  ACBP=A9
 0001:00001A54 0000000E C=CODE     S=.text    G=(none)   M=IDEUIEvent ACBP=A9
 0001:00001A64 0000000E C=CODE     S=.text    G=(none)   M=IDEFixups ACBP=A9
 0001:00001A74 0000000E C=CODE     S=.text    G=(none)   M=IDEMulticast ACBP=A9
 0001:00001A84 0000000E C=CODE     S=.text    G=(none)   M=IDEViewImpl ACBP=A9
 0001:00001A94 0000000E C=CODE     S=.text    G=(none)   M=IDEUtil2 ACBP=A9
 0001:00001AA4 0000000E C=CODE     S=.text    G=(none)   M=IDESubfocus ACBP=A9
 0001:00001AB4 0000000E C=CODE     S=.text    G=(none)   M=IDESelection ACBP=A9
 0001:00001AC4 0000000E C=CODE     S=.text    G=(none)   M=IDEModelEvent ACBP=A9
 0001:00001AD4 0000000E C=CODE     S=.text    G=(none)   M=IDEViewManager ACBP=A9
 0001:00001AE4 0000000E C=CODE     S=.text    G=(none)   M=IDEView  ACBP=A9
 0001:00001AF4 0000000E C=CODE     S=.text    G=(none)   M=IDEItemEditors ACBP=A9
 0001:00001B04 0000000E C=CODE     S=.text    G=(none)   M=IDEItemPainters ACBP=A9
 0001:00001B14 0000000E C=CODE     S=.text    G=(none)   M=IDEGraphImpl ACBP=A9
 0001:00001B24 0000000E C=CODE     S=.text    G=(none)   M=IDEJgl   ACBP=A9
 0001:00001B34 0000000E C=CODE     S=.text    G=(none)   M=IDESelectionImpl ACBP=A9
 0001:00001B44 0000000E C=CODE     S=.text    G=(none)   M=IDESubfocusImpl ACBP=A9
 0001:00001B54 0000000E C=CODE     S=.text    G=(none)   M=IDEModelImpl ACBP=A9
 0001:00001B64 0000000E C=CODE     S=.text    G=(none)   M=IDEVectorImpl ACBP=A9
 0001:00001B74 0000000E C=CODE     S=.text    G=(none)   M=IDESingletonImpl ACBP=A9
 0001:00001B84 0000000E C=CODE     S=.text    G=(none)   M=IDEViewManagerImpl ACBP=A9
 0001:00001B94 0000003E C=CODE     S=.text    G=(none)   M=Modules  ACBP=A9
 0001:00001BD4 00000016 C=CODE     S=.text    G=(none)   M=ComponentDesigner ACBP=A9
 0001:00001BEC 0000000E C=CODE     S=.text    G=(none)   M=Update   ACBP=A9
 0001:00001BFC 0000000E C=CODE     S=.text    G=(none)   M=LibConst ACBP=A9
 0001:00001C0C 0000000E C=CODE     S=.text    G=(none)   M=DesignEditors ACBP=A9
 0001:00001C1C 0000000E C=CODE     S=.text    G=(none)   M=Proxies  ACBP=A9
 0001:00001C2C 0000000E C=CODE     S=.text    G=(none)   M=DesignConst ACBP=A9
 0001:00001C3C 0000000E C=CODE     S=.text    G=(none)   M=Designer ACBP=A9
 0001:00001C4C 0000000E C=CODE     S=.text    G=(none)   M=TopLevels ACBP=A9
 0001:00001C5C 0000000E C=CODE     S=.text    G=(none)   M=StFilSys ACBP=A9
 0001:00001C6C 0000000E C=CODE     S=.text    G=(none)   M=TreeIntf ACBP=A9
 0001:00001C7C 0000000E C=CODE     S=.text    G=(none)   M=EditorViewSupport ACBP=A9
 0001:00001C8C 0000000E C=CODE     S=.text    G=(none)   M=CompIntf ACBP=A9
 0001:00001C9C 0000000E C=CODE     S=.text    G=(none)   M=ExplorerIntf ACBP=A9
 0001:00001CAC 0000000E C=CODE     S=.text    G=(none)   M=Updaters ACBP=A9
 0001:00001CBC 0000000E C=CODE     S=.text    G=(none)   M=Symbols  ACBP=A9
 0001:00001CCC 0000000E C=CODE     S=.text    G=(none)   M=ProjectIntf ACBP=A9
 0001:00001CDC 0000000E C=CODE     S=.text    G=(none)   M=ComInOut ACBP=A9
 0001:00001CEC 0000000E C=CODE     S=.text    G=(none)   M=SyncObjs ACBP=A9
 0001:00001CFC 0000000E C=CODE     S=.text    G=(none)   M=ComMgr   ACBP=A9
 0001:00001D0C 0000000E C=CODE     S=.text    G=(none)   M=TypeLib  ACBP=A9
 0001:00001D1C 0000000E C=CODE     S=.text    G=(none)   M=tlberror ACBP=A9
 0001:00001D2C 0000000E C=CODE     S=.text    G=(none)   M=TlbConst ACBP=A9
 0001:00001D3C 0000000E C=CODE     S=.text    G=(none)   M=regutl   ACBP=A9
 0001:00001D4C 0000000E C=CODE     S=.text    G=(none)   M=TlbHash  ACBP=A9
 0001:00001D5C 0000000E C=CODE     S=.text    G=(none)   M=tlbdebug ACBP=A9
 0001:00001D6C 0000000E C=CODE     S=.text    G=(none)   M=guidutl  ACBP=A9
 0001:00001D7C 0000000E C=CODE     S=.text    G=(none)   M=ComPlusUtl ACBP=A9
 0001:00001D8C 0000000E C=CODE     S=.text    G=(none)   M=DTLWrite ACBP=A9
 0001:00001D9C 0000000E C=CODE     S=.text    G=(none)   M=TlbWrite ACBP=A9
 0001:00001DAC 0000000E C=CODE     S=.text    G=(none)   M=TlbUtils ACBP=A9
 0001:00001DBC 0000000E C=CODE     S=.text    G=(none)   M=AgeCache ACBP=A9
 0001:00001DCC 0000000E C=CODE     S=.text    G=(none)   M=StatIntf ACBP=A9
 0001:00001DDC 0000000E C=CODE     S=.text    G=(none)   M=Creators ACBP=A9
 0001:00001DEC 0000000E C=CODE     S=.text    G=(none)   M=PakLoad  ACBP=A9
 0001:00001DFC 0000000E C=CODE     S=.text    G=(none)   M=VEdOpts  ACBP=A9
 0001:00001E0C 0000000E C=CODE     S=.text    G=(none)   M=EK       ACBP=A9
 0001:00001E1C 0000000E C=CODE     S=.text    G=(none)   M=EdKrnl   ACBP=A9
 0001:00001E2C 0000000E C=CODE     S=.text    G=(none)   M=VEdTypes ACBP=A9
 0001:00001E3C 0000000E C=CODE     S=.text    G=(none)   M=IDEKbd   ACBP=A9
 0001:00001E4C 0000000E C=CODE     S=.text    G=(none)   M=KbClient ACBP=A9
 0001:00001E5C 0000000E C=CODE     S=.text    G=(none)   M=MsgLines ACBP=A9
 0001:00001E6C 0000000E C=CODE     S=.text    G=(none)   M=MsgLinesIntf ACBP=A9
 0001:00001E7C 0000000E C=CODE     S=.text    G=(none)   M=MsgViewForm ACBP=A9
 0001:00001E8C 00000066 C=CODE     S=.text    G=(none)   M=DeskForm ACBP=A9
 0001:00001EF4 0000000E C=CODE     S=.text    G=(none)   M=DeskStrs ACBP=A9
 0001:00001F04 0000000E C=CODE     S=.text    G=(none)   M=Tabs     ACBP=A9
 0001:00001F14 0000000E C=CODE     S=.text    G=(none)   M=MsgView  ACBP=A9
 0001:00001F24 0000000E C=CODE     S=.text    G=(none)   M=AppUtils ACBP=A9
 0001:00001F34 0000000E C=CODE     S=.text    G=(none)   M=Editors  ACBP=A9
 0001:00001F44 0000000E C=CODE     S=.text    G=(none)   M=IDEMenuAction ACBP=A9
 0001:00001F54 0000000E C=CODE     S=.text    G=(none)   M=IDEDockPanel ACBP=A9
 0001:00001F64 0000000E C=CODE     S=.text    G=(none)   M=TabDock  ACBP=A9
 0001:00001F74 0000000E C=CODE     S=.text    G=(none)   M=DockForm ACBP=A9
 0001:00001F84 0000000E C=CODE     S=.text    G=(none)   M=DeskUtil ACBP=A9
 0001:00001F94 0000000E C=CODE     S=.text    G=(none)   M=IDEDockCtrls ACBP=A9
 0001:00001FA4 0000000E C=CODE     S=.text    G=(none)   M=BaseDock ACBP=A9
 0001:00001FB4 0000000E C=CODE     S=.text    G=(none)   M=JoinDock ACBP=A9
 0001:00001FC4 0000000E C=CODE     S=.text    G=(none)   M=IDETabControl ACBP=A9
 0001:00001FD4 0000000E C=CODE     S=.text    G=(none)   M=BaseEnvironDialog ACBP=A9
 0001:00001FE4 00000046 C=CODE     S=.text    G=(none)   M=IDEPropSheet ACBP=A9
 0001:0000202C 0000000E C=CODE     S=.text    G=(none)   M=BaseModExplorerForm ACBP=A9
 0001:0000203C 0000000E C=CODE     S=.text    G=(none)   M=EnvOptions ACBP=A9
 0001:0000204C 0000000E C=CODE     S=.text    G=(none)   M=AddInEnvOptions ACBP=A9
 0001:0000205C 0000000E C=CODE     S=.text    G=(none)   M=PakUtil  ACBP=A9
 0001:0000206C 00000016 C=CODE     S=.text    G=(none)   M=DocModul ACBP=A9
 0001:00002084 0000000E C=CODE     S=.text    G=(none)   M=VirtFile ACBP=A9
 0001:00002094 0000000E C=CODE     S=.text    G=(none)   M=ToolMain ACBP=A9
 0001:000020A4 0000000E C=CODE     S=.text    G=(none)   M=Gallery  ACBP=A9
 0001:000020B4 0000000E C=CODE     S=.text    G=(none)   M=CmdConst ACBP=A9
 0001:000020C4 0000000E C=CODE     S=.text    G=(none)   M=EdTrackr ACBP=A9
 0001:000020D4 0000000E C=CODE     S=.text    G=(none)   M=EdProcs  ACBP=A9
 0001:000020E4 0000000E C=CODE     S=.text    G=(none)   M=EdToken  ACBP=A9
 0001:000020F4 0000000E C=CODE     S=.text    G=(none)   M=MsgWnds  ACBP=A9
 0001:00002104 0000000E C=CODE     S=.text    G=(none)   M=FileFind ACBP=A9
 0001:00002114 0000000E C=CODE     S=.text    G=(none)   M=DebugOpts ACBP=A9
 0001:00002124 0000000E C=CODE     S=.text    G=(none)   M=ExprDlg  ACBP=A9
 0001:00002134 0000000E C=CODE     S=.text    G=(none)   M=IDEPropCtrls ACBP=A9
 0001:00002144 0000000E C=CODE     S=.text    G=(none)   M=ColorGrd ACBP=A9
 0001:00002154 0000000E C=CODE     S=.text    G=(none)   M=EvalMod  ACBP=A9
 0001:00002164 0000000E C=CODE     S=.text    G=(none)   M=DockToolForm ACBP=A9
 0001:00002174 0000000E C=CODE     S=.text    G=(none)   M=IDECommandButton ACBP=A9
 0001:00002184 0000000E C=CODE     S=.text    G=(none)   M=DebugFindFile ACBP=A9
 0001:00002194 0000000E C=CODE     S=.text    G=(none)   M=DataBPModify ACBP=A9
 0001:000021A4 0000000E C=CODE     S=.text    G=(none)   M=DataBPAdd ACBP=A9
 0001:000021B4 0000000E C=CODE     S=.text    G=(none)   M=AdrBPAdd ACBP=A9
 0001:000021C4 0000000E C=CODE     S=.text    G=(none)   M=Verify   ACBP=A9
 0001:000021D4 0000000E C=CODE     S=.text    G=(none)   M=ComDebug ACBP=A9
 0001:000021E4 0000000E C=CODE     S=.text    G=(none)   M=BPModify ACBP=A9
 0001:000021F4 0000000E C=CODE     S=.text    G=(none)   M=BPAdd    ACBP=A9
 0001:00002204 0000000E C=CODE     S=.text    G=(none)   M=AdrBPModify ACBP=A9
 0001:00002214 0000000E C=CODE     S=.text    G=(none)   M=GetAddr  ACBP=A9
 0001:00002224 0000000E C=CODE     S=.text    G=(none)   M=DisView  ACBP=A9
 0001:00002234 0000000E C=CODE     S=.text    G=(none)   M=PkgProjects ACBP=A9
 0001:00002244 0000000E C=CODE     S=.text    G=(none)   M=Desktop  ACBP=A9
 0001:00002254 0000000E C=CODE     S=.text    G=(none)   M=ProjectFrm ACBP=A9
 0001:00002264 0000000E C=CODE     S=.text    G=(none)   M=TreeSearch ACBP=A9
 0001:00002274 0000000E C=CODE     S=.text    G=(none)   M=PkgEditors ACBP=A9
 0001:00002284 0000000E C=CODE     S=.text    G=(none)   M=PkgContainers ACBP=A9
 0001:00002294 0000000E C=CODE     S=.text    G=(none)   M=CompHelp ACBP=A9
 0001:000022A4 0000000E C=CODE     S=.text    G=(none)   M=WinHelpTester ACBP=A9
 0001:000022B4 0000000E C=CODE     S=.text    G=(none)   M=HelpList ACBP=A9
 0001:000022C4 0000000E C=CODE     S=.text    G=(none)   M=PrintSel ACBP=A9
 0001:000022D4 0000000E C=CODE     S=.text    G=(none)   M=HelpSelector ACBP=A9
 0001:000022E4 0000000E C=CODE     S=.text    G=(none)   M=ComPrgrs ACBP=A9
 0001:000022F4 0000000E C=CODE     S=.text    G=(none)   M=Compiler ACBP=A9
 0001:00002304 0000000E C=CODE     S=.text    G=(none)   M=PackageState ACBP=A9
 0001:00002314 00000016 C=CODE     S=.text    G=(none)   M=PakMgr   ACBP=A9
 0001:0000232C 0000000E C=CODE     S=.text    G=(none)   M=ExpertReg ACBP=A9
 0001:0000233C 0000000E C=CODE     S=.text    G=(none)   M=CompList ACBP=A9
 0001:0000234C 0000000E C=CODE     S=.text    G=(none)   M=PalMgr   ACBP=A9
 0001:0000235C 0000000E C=CODE     S=.text    G=(none)   M=ViewDlg  ACBP=A9
 0001:0000236C 0000000E C=CODE     S=.text    G=(none)   M=Palettes ACBP=A9
 0001:0000237C 0000000E C=CODE     S=.text    G=(none)   M=PakWarn  ACBP=A9
 0001:0000238C 0000000E C=CODE     S=.text    G=(none)   M=AddRequires ACBP=A9
 0001:0000239C 0000000E C=CODE     S=.text    G=(none)   M=AddContainsRequiresBase ACBP=A9
 0001:000023AC 0000000E C=CODE     S=.text    G=(none)   M=PackageAddBase ACBP=A9
 0001:000023BC 0000000E C=CODE     S=.text    G=(none)   M=AddContains ACBP=A9
 0001:000023CC 0000000E C=CODE     S=.text    G=(none)   M=AddContainsRequires ACBP=A9
 0001:000023DC 0000000E C=CODE     S=.text    G=(none)   M=PakAnaly ACBP=A9
 0001:000023EC 0000000E C=CODE     S=.text    G=(none)   M=PakList  ACBP=A9
 0001:000023FC 0000000E C=CODE     S=.text    G=(none)   M=PakRemRu ACBP=A9
 0001:0000240C 0000000E C=CODE     S=.text    G=(none)   M=InstColl ACBP=A9
 0001:0000241C 0000000E C=CODE     S=.text    G=(none)   M=Archiver ACBP=A9
 0001:0000242C 0000000E C=CODE     S=.text    G=(none)   M=ZLib     ACBP=A9
 0001:0000243C 0000000E C=CODE     S=.text    G=(none)   M=ZLibConst ACBP=A9
 0001:0000244C 0000000E C=CODE     S=.text    G=(none)   M=PCEGlobs ACBP=A9
 0001:0000245C 0000000E C=CODE     S=.text    G=(none)   M=PakCust  ACBP=A9
 0001:0000246C 0000000E C=CODE     S=.text    G=(none)   M=PkgDir   ACBP=A9
 0001:0000247C 0000000E C=CODE     S=.text    G=(none)   M=PakComp  ACBP=A9
 0001:0000248C 0000000E C=CODE     S=.text    G=(none)   M=FileHist ACBP=A9
 0001:0000249C 0000000E C=CODE     S=.text    G=(none)   M=ProjectItem ACBP=A9
 0001:000024AC 0000000E C=CODE     S=.text    G=(none)   M=PrefOptDlg ACBP=A9
 0001:000024BC 0000000E C=CODE     S=.text    G=(none)   M=ReposCfg ACBP=A9
 0001:000024CC 0000000E C=CODE     S=.text    G=(none)   M=EditTpl  ACBP=A9
 0001:000024DC 0000000E C=CODE     S=.text    G=(none)   M=Template ACBP=A9
 0001:000024EC 0000000E C=CODE     S=.text    G=(none)   M=PrjTpl   ACBP=A9
 0001:000024FC 0000000E C=CODE     S=.text    G=(none)   M=FormTpl  ACBP=A9
 0001:0000250C 0000000E C=CODE     S=.text    G=(none)   M=PalEdit  ACBP=A9
 0001:0000251C 0000000E C=CODE     S=.text    G=(none)   M=GalBrow  ACBP=A9
 0001:0000252C 0000000E C=CODE     S=.text    G=(none)   M=ExptMain ACBP=A9
 0001:0000253C 0000000E C=CODE     S=.text    G=(none)   M=ParserThread ACBP=A9
 0001:0000254C 0000000E C=CODE     S=.text    G=(none)   M=EditMain ACBP=A9
 0001:0000255C 0000000E C=CODE     S=.text    G=(none)   M=VcsMain  ACBP=A9
 0001:0000256C 0000000E C=CODE     S=.text    G=(none)   M=VcsIntf  ACBP=A9
 0001:0000257C 0000000E C=CODE     S=.text    G=(none)   M=NewFile  ACBP=A9
 0001:0000258C 0000000E C=CODE     S=.text    G=(none)   M=DisComp  ACBP=A9
 0001:0000259C 0000000E C=CODE     S=.text    G=(none)   M=SelectTh ACBP=A9
 0001:000025AC 0000000E C=CODE     S=.text    G=(none)   M=WinMsg   ACBP=A9
 0001:000025BC 0000000E C=CODE     S=.text    G=(none)   M=EdScript ACBP=A9
 0001:000025CC 0000000E C=CODE     S=.text    G=(none)   M=GotoLine ACBP=A9
 0001:000025DC 0000000E C=CODE     S=.text    G=(none)   M=VClient  ACBP=A9
 0001:000025EC 0000000E C=CODE     S=.text    G=(none)   M=SrchPrgs ACBP=A9
 0001:000025FC 0000000E C=CODE     S=.text    G=(none)   M=SrchDlg  ACBP=A9
 0001:0000260C 0000000E C=CODE     S=.text    G=(none)   M=WinList  ACBP=A9
 0001:0000261C 0000000E C=CODE     S=.text    G=(none)   M=BarFrm   ACBP=A9
 0001:0000262C 0000000E C=CODE     S=.text    G=(none)   M=BottomBarFrm ACBP=A9
 0001:0000263C 0000000E C=CODE     S=.text    G=(none)   M=RightBarFrm ACBP=A9
 0001:0000264C 0000000E C=CODE     S=.text    G=(none)   M=LeftBarFrm ACBP=A9
 0001:0000265C 0000000E C=CODE     S=.text    G=(none)   M=MainWorkFrm ACBP=A9
 0001:0000266C 0000000E C=CODE     S=.text    G=(none)   M=WorkFrm  ACBP=A9
 0001:0000267C 0000000E C=CODE     S=.text    G=(none)   M=PrintSes ACBP=A9
 0001:0000268C 0000000E C=CODE     S=.text    G=(none)   M=PrintSts ACBP=A9
 0001:0000269C 0000000E C=CODE     S=.text    G=(none)   M=OptStr   ACBP=A9
 0001:000026AC 0000000E C=CODE     S=.text    G=(none)   M=RplcDlg  ACBP=A9
 0001:000026BC 0000000E C=CODE     S=.text    G=(none)   M=FileMain ACBP=A9
 0001:000026CC 0000000E C=CODE     S=.text    G=(none)   M=WorkspaceCrtrs ACBP=A9
 0001:000026DC 000001F4 C=CODE     S=.text    G=(none)   M=ITEINTEnvironDialog ACBP=A9
 0001:000028D0 00000016 C=CODE     S=.text    G=(none)   M=ITERepository ACBP=A9
 0001:000028E8 0000000E C=CODE     S=.text    G=(none)   M=ITERepositorySearchForm ACBP=A9
 0001:000028F8 0000000E C=CODE     S=.text    G=(none)   M=ITEDialogs ACBP=A9
 0001:00002908 0000000E C=CODE     S=.text    G=(none)   M=OleCtnrs ACBP=A9
 0001:00002918 00000038 C=CODE     S=.text    G=(none)   M=OleDlg   ACBP=A9
 0001:00002950 00000016 C=CODE     S=.text    G=(none)   M=ITEPascalGenerator ACBP=A9
 0001:00002968 000018E4 C=CODE     S=.text    G=(none)   M=ITEOpts  ACBP=A9
 0001:0000424C 00000330 C=CODE     S=.text    G=(none)   M=ITESetRootDirectoryDlg ACBP=A9
 0001:0000457C 0000000E C=CODE     S=.text    G=(none)   M=AppEvnts ACBP=A9
 0001:0000458C 00000016 C=CODE     S=.text    G=(none)   M=ITECPPGenerator ACBP=A9
 0001:000045A4 00000016 C=CODE     S=.text    G=(none)   M=ITEExtAdapters ACBP=A9
 0001:000045BC 0000000E C=CODE     S=.text    G=(none)   M=xmldom   ACBP=A9
 0001:000045CC 0000000E C=CODE     S=.text    G=(none)   M=msxmldom ACBP=A9
 0001:000045DC 0000000E C=CODE     S=.text    G=(none)   M=msxml    ACBP=A9
 0001:000045EC 000004A0 C=CODE     S=.text    G=(none)   M=ITERemoveLang ACBP=A9
 0001:00004A8C 00000430 C=CODE     S=.text    G=(none)   M=ITESetActiveLang ACBP=A9
 0001:00004EBC 00000026 C=CODE     S=.text    G=(none)   M=ITEStats ACBP=A9
 0001:00004EE4 00000026 C=CODE     S=.text    G=(none)   M=ITETiming ACBP=A9
 0001:00004F0C 00000026 C=CODE     S=.text    G=(none)   M=ITEExplorer ACBP=A9
 0001:00004F34 00000026 C=CODE     S=.text    G=(none)   M=ITEProjectStatusForm ACBP=A9
 0001:00004F5C 0000000E C=CODE     S=.text    G=(none)   M=ITESearchForm ACBP=A9
 0001:00004F6C 0000000E C=CODE     S=.text    G=(none)   M=ITESelectFontDlg ACBP=A9
 0001:00004F7C 0000000E C=CODE     S=.text    G=(none)   M=ITESearchInit ACBP=A9
 0001:00004F8C 00000016 C=CODE     S=.text    G=(none)   M=ITESearchResults ACBP=A9
 0001:00004FA4 0000000E C=CODE     S=.text    G=(none)   M=ITEListBox ACBP=A9
 0001:00004FB4 00000016 C=CODE     S=.text    G=(none)   M=ITEMainForm ACBP=A9
 0001:00004FCC 0000000E C=CODE     S=.text    G=(none)   M=ITEExtOptionPage ACBP=A9
 0001:00004FDC 0000000E C=CODE     S=.text    G=(none)   M=QActnList ACBP=A9
 0001:00004FEC 0000000E C=CODE     S=.text    G=(none)   M=QImgList ACBP=A9
 0001:00004FFC 0000000E C=CODE     S=.text    G=(none)   M=QGraphics ACBP=A9
 0001:0000500C 0000000E C=CODE     S=.text    G=(none)   M=Qt       ACBP=A9
 0001:0000501C 0000000E C=CODE     S=.text    G=(none)   M=BindHelp ACBP=A9
 0001:0000502C 0000000E C=CODE     S=.text    G=(none)   M=QTypes   ACBP=A9
 0001:0000503C 0000000E C=CODE     S=.text    G=(none)   M=QConsts  ACBP=A9
 0001:0000504C 0000000E C=CODE     S=.text    G=(none)   M=QForms   ACBP=A9
 0001:0000505C 0000000E C=CODE     S=.text    G=(none)   M=QStyle   ACBP=A9
 0001:0000506C 0000000E C=CODE     S=.text    G=(none)   M=QControls ACBP=A9
 0001:0000507C 0000000E C=CODE     S=.text    G=(none)   M=QMenus   ACBP=A9
 0001:0000508C 0000000E C=CODE     S=.text    G=(none)   M=QExtCtrls ACBP=A9
 0001:0000509C 0000000E C=CODE     S=.text    G=(none)   M=QStdCtrls ACBP=A9
 0001:000050AC 0000000E C=CODE     S=.text    G=(none)   M=QClipbrd ACBP=A9
 0001:000050BC 0000000E C=CODE     S=.text    G=(none)   M=QStdActns ACBP=A9
 0001:000050CC 0000000E C=CODE     S=.text    G=(none)   M=QSearch  ACBP=A9
 0001:000050DC 0000000E C=CODE     S=.text    G=(none)   M=QDialogs ACBP=A9
 0001:000050EC 0000000E C=CODE     S=.text    G=(none)   M=ITEAbout ACBP=A9
 0001:000050FC 0000A7D6 C=CODE     S=.text    G=(none)   M=ITEResDLLWizard ACBP=A9
 0001:0000F8D4 00000C29 C=CODE     S=.text    G=(none)   M=ITEProject ACBP=A9
 0001:00010500 0000065F C=CODE     S=.text    G=(none)   M=ITEFileTypeContainer ACBP=A9
 0001:00010B60 0000020C C=CODE     S=.text    G=(none)   M=ITELangContainer ACBP=A9
 0001:00010D6C 00000598 C=CODE     S=.text    G=(none)   M=ITEProjContainer ACBP=A9
 0001:00011304 000030D0 C=CODE     S=.text    G=(none)   M=ITETranslationMgr ACBP=A9
 0001:000143D4 00000E7C C=CODE     S=.text    G=(none)   M=ITEMenu  ACBP=A9
 0001:00015250 000002FC C=CODE     S=.text    G=(none)   M=ITEAddLang ACBP=A9
 0001:0001554C 000010F5 C=CODE     S=.text    G=(none)   M=ITEINTColorOptionPage ACBP=A9
 0001:00016644 00000A37 C=CODE     S=.text    G=(none)   M=ITEINTFontOptionPage ACBP=A9
 0001:0001707C 00000609 C=CODE     S=.text    G=(none)   M=ITEINTOptionPage ACBP=A9
 0001:00017688 00000BDD C=CODE     S=.text    G=(none)   M=dclite   ACBP=A9
 0002:00000000 00000028 C=DATA     S=.data    G=DGROUP   M=SysInit  ACBP=A9
 0002:00000028 00000008 C=DATA     S=.data    G=DGROUP   M=ITEOpts  ACBP=A9
 0002:00000030 00000036 C=DATA     S=.data    G=DGROUP   M=ITEResDLLWizard ACBP=A9
 0002:00000068 00000006 C=DATA     S=.data    G=DGROUP   M=ITEProject ACBP=A9
 0002:00000070 00000004 C=DATA     S=.data    G=DGROUP   M=ITETranslationMgr ACBP=A9
 0002:00000074 0000002C C=DATA     S=.data    G=DGROUP   M=ITEMenu  ACBP=A9
 0002:000000A0 00000040 C=DATA     S=.data    G=DGROUP   M=ITEINTColorOptionPage ACBP=A9
 0002:000000E0 0000000C C=DATA     S=.data    G=DGROUP   M=ITEINTFontOptionPage ACBP=A9
 0002:00001000 00000018 C=BSS      S=.bss     G=DGROUP   M=SysInit  ACBP=A9
 0002:00001018 00000004 C=BSS      S=.bss     G=DGROUP   M=Messages ACBP=A9
 0002:0000101C 00000004 C=BSS      S=.bss     G=DGROUP   M=Windows  ACBP=A9
 0002:00001020 00000004 C=BSS      S=.bss     G=DGROUP   M=CommCtrl ACBP=A9
 0002:00001024 00000004 C=BSS      S=.bss     G=DGROUP   M=Imm      ACBP=A9
 0002:00001028 00000004 C=BSS      S=.bss     G=DGROUP   M=ShlObj   ACBP=A9
 0002:0000102C 00000004 C=BSS      S=.bss     G=DGROUP   M=UrlMon   ACBP=A9
 0002:00001030 00000004 C=BSS      S=.bss     G=DGROUP   M=WinInet  ACBP=A9
 0002:00001034 00000004 C=BSS      S=.bss     G=DGROUP   M=RegStr   ACBP=A9
 0002:00001038 00000004 C=BSS      S=.bss     G=DGROUP   M=ShellAPI ACBP=A9
 0002:0000103C 00000004 C=BSS      S=.bss     G=DGROUP   M=WinSpool ACBP=A9
 0002:00001040 00000004 C=BSS      S=.bss     G=DGROUP   M=CommDlg  ACBP=A9
 0002:00001044 00000004 C=BSS      S=.bss     G=DGROUP   M=Dlgs     ACBP=A9
 0002:00001048 00000004 C=BSS      S=.bss     G=DGROUP   M=RichEdit ACBP=A9
 0002:0000104C 00000004 C=BSS      S=.bss     G=DGROUP   M=ITEINTInit ACBP=A9
 0002:00001050 00000004 C=BSS      S=.bss     G=DGROUP   M=ITEINTEnvironDialog ACBP=A9
 0002:00001054 00000004 C=BSS      S=.bss     G=DGROUP   M=OleDlg   ACBP=A9
 0002:00001058 00000008 C=BSS      S=.bss     G=DGROUP   M=ITEOpts  ACBP=A9
 0002:00001060 00000008 C=BSS      S=.bss     G=DGROUP   M=ITESetRootDirectoryDlg ACBP=A9
 0002:00001068 00000004 C=BSS      S=.bss     G=DGROUP   M=ITERemoveLang ACBP=A9
 0002:0000106C 00000004 C=BSS      S=.bss     G=DGROUP   M=ITESetActiveLang ACBP=A9
 0002:00001070 00000035 C=BSS      S=.bss     G=DGROUP   M=ITEResDLLWizard ACBP=A9
 0002:000010A8 00000004 C=BSS      S=.bss     G=DGROUP   M=ITEProject ACBP=A9
 0002:000010AC 00000008 C=BSS      S=.bss     G=DGROUP   M=ITEFileTypeContainer ACBP=A9
 0002:000010B4 00000004 C=BSS      S=.bss     G=DGROUP   M=ITELangContainer ACBP=A9
 0002:000010B8 00000004 C=BSS      S=.bss     G=DGROUP   M=ITEProjContainer ACBP=A9
 0002:000010BC 00000014 C=BSS      S=.bss     G=DGROUP   M=ITETranslationMgr ACBP=A9
 0002:000010D0 00000008 C=BSS      S=.bss     G=DGROUP   M=ITEMenu  ACBP=A9
 0002:000010D8 00000004 C=BSS      S=.bss     G=DGROUP   M=ITEAddLang ACBP=A9
 0002:000010DC 00000004 C=BSS      S=.bss     G=DGROUP   M=ITEINTColorOptionPage ACBP=A9
 0002:000010E0 00000004 C=BSS      S=.bss     G=DGROUP   M=ITEINTFontOptionPage ACBP=A9
 0002:000010E4 00000004 C=BSS      S=.bss     G=DGROUP   M=ITEINTOptionPage ACBP=A9


  Address         Publics by Name

 0002:000010CC       .
 0002:00001024       .1
 0002:00001028       .1
 0002:0000102C       .1
 0002:00001030       .1
 0002:00001010       .1
 0002:00001034       .1
 0002:00001038       .1
 0002:00001040       .1
 0002:000010A8       .1
 0002:00001044       .1
 0002:00001048       .1
 0002:00001018       .1
 0002:0000104C       .1
 0002:00001054       .1
 0002:00001020       .1
 0002:000010AC       .2
 0002:000010B4       .2
 0002:000010B8       .2
 0002:000010D8       .2
 0002:000010DC       .2
 0002:0000106C       .2
 0002:00001064       .2
 0002:000010E0       .2
 0002:000010E4       .2
 0002:00001068       .2
 0002:00001050       .2
 0002:000010D0       .3
 0002:000010BC       .3
 0002:0000103C       .3
 0002:0000105C       .3
 0002:0000101C       .3
 0002:00001070       .8
 0001:00018240       @GetPackageInfoTable
 0001:000003D8       @InitPkg
 0001:0000043C       @PackageLoad
 0001:00018248       @PackageLoad
 0001:00018254       @PackageUnload
 0001:00000448       @PackageUnload
 0002:0000006C       Action
 0001:0000BFA0       Action
 0001:0000AE7C       ActivateProj
 0001:0000F8D4       ActivateProject
 0001:0000F944       ActiveProject
 0001:00006FDC       ActiveProjectIsResourceDLL
 0001:0000F960       ActiveProjectName
 0002:00000068       ActiveProjectSave
 0001:0000D340       AddModule
 0002:00001058       AFileListSep
 0002:00001080       AIOTAIDENotifier50
 0002:00000040       AIOTAIDENotifier50Index
 0002:0000107C       AIOTAServices
 0002:00001088       AITEAddLangExpert
 0002:0000108C       AITERemoveLangExpert
 0002:0000109C       AITERepositoryExpert
 0002:000010A0       AITEResDLLWizExpert
 0002:00001090       AITESetActiveLangExpert
 0002:00001098       AITETransMgrExpert
 0002:00001094       AITEUpdateResDLLExpert
 0001:000002D8       AllocTlsBuffer
 0001:0000A668       AppendList
 0001:0000A524       ClearList
 0001:0000F988       CloseAll
 0001:00000A14       CommCtrl
 0001:00000EF4       CommDlg
 0001:0000F9A4       CompileProject
 0001:0000A6EC       CopyVersionInfo
 0001:000080C0       CreateMeAMemoLabel
 0001:00018260       dclite
 0001:00000F2C       Dlgs
 0001:00013C5C       DoFileListLevel
 0001:00013AC8       DoFileTypeLevel
 0001:00013824       DoFinalization
 0001:0000A9A4       DoLang
 0001:000138A4       DoLanguageLevel
 0001:00011A34       DoLoad
 0001:00003838       DoSection
 0001:0000FA64       EnumProject
 0002:00000028       EvITEProjectOptionLoad
 0001:00000384       ExitProcessTLS
 0001:0000035C       ExitThreadTLS
 0001:0000806C       ExtIndexOf
 0001:0000D3D8       ExtIndexOf
 0001:00010764       ExtractFiles
 0002:000010C4       FileCtr
 0001:00007EF8       FillHintListBox
 0001:00010D34       Finalization
 0001:00010B08       Finalization
 0001:000112CC       Finalization
 0001:00010474       Finalization
 0001:00014250       Finalization
 0001:00004168       Finalization
 0001:00016FFC       Finalization
 0001:00004544       Finalization
 0001:00017624       Finalization
 0001:0000F800       Finalization
 0001:00002918       Finalization
 0001:00002898       Finalization
 0001:00000454       Finalization
 0001:00004A54       Finalization
 0001:000014C4       Finalization
 0001:0000137C       Finalization
 0001:0000070C       Finalization
 0001:00000EFC       Finalization
 0001:00000EC4       Finalization
 0001:00004E84       Finalization
 0001:00000E54       Finalization
 0001:000165E0       Finalization
 0001:00000E0C       Finalization
 0001:00000DD4       Finalization
 0001:00000D9C       Finalization
 0001:00000D64       Finalization
 0001:00000D2C       Finalization
 0001:00000C94       Finalization
 0001:00015514       Finalization
 0001:000009E4       Finalization
 0001:000007B4       Finalization
 0001:00015218       Finalization
 0001:0000FAF8       FindExeNameFromProject
 0002:00000038       ForceDRCGeneration
 0002:0000003C       ForceProjectReload
 0001:000002A0       FreeLibrary
 0002:00000030       frmResDLLWizard
 0002:00001060       frmSetRootDirectory
 0002:00000070       frmTranslationManager
 0001:0000AF98       GetDRCFileName
 0001:0000BF3C       GetInsertLoc
 0001:0000A570       GetKindList
 0001:0000BFF0       GetLangListLoc
 0001:0000E4C4       GetLangName
 0001:00004C50       GetLangName
 0001:00013E74       GetLangText
 0001:0001290C       GetNodeLangIndex
 0001:0000FB28       GetOTAProject
 0001:0000FC04       GetOTAProjectGroup
 0001:00010E10       GetResDLLProj
 0001:0000075C       GetScrollPos
 0001:0000FCE4       GetSourceBuffer
 0001:00000764       GetSystemMetrics
 0001:00000744       GetTickCount
 0001:000002E4       GetTlsSize
 0002:00000088       GlobalAddLangMenuItem
 0002:00000078       GlobalITEMenuItem
 0002:00000094       GlobalITEOptionsMenuItem
 0002:00000074       GlobalProjectMenu
 0002:0000007C       GlobalRemoveLangMenuItem
 0002:00000090       GlobalRepositoryMenuItem
 0002:00000080       GlobalSetActiveLangMenuItem
 0002:0000008C       GlobalTransMgrMenuItem
 0002:00000084       GlobalUpdateResDLLMenuItem
 0002:000000E0       GridLabel
 0001:00014554       HandleException
 0002:0000100C       HInstance
 0001:00000CC4       Imm
 0002:00001084       InActiveProjectChanged
 0001:0000076C       InflateRect
 0001:000003A8       InitializeModule
 0001:00000330       InitProcessTLS
 0001:000002EC       InitThreadTLS
 0002:00000044       InvalidData
 0001:0000FF8C       IsProject
 0001:00010018       IsSaveAllEnabled
 0001:00015544       ITEAddLang
 0001:00010B44       ITEFileTypeContainer
 0001:0001004C       ITEFindModule
 0001:000073E4       ITEForceDirectories
 0001:00016624       ITEINTColorOptionPage
 0001:000028C8       ITEINTEnvironDialog
 0001:00017054       ITEINTFontOptionPage
 0001:000014F4       ITEINTInit
 0001:00017668       ITEINTOptionPage
 0001:00010D64       ITELangContainer
 0001:00015248       ITEMenu
 0002:0000002C       ITEOptionsList
 0001:000041B8       ITEOpts
 0002:000010C8       ITEPackageListHack
 0001:000112FC       ITEProjContainer
 0001:000104CC       ITEProject
 0001:00004A84       ITERemoveLang
 0001:0000F878       ITEResDLLWizard
 0001:00004EB4       ITESetActiveLang
 0001:00004574       ITESetRootDirectoryDlg
 0001:000142B4       ITETranslationMgr
 0001:0000F7C4       ITEUpdateResDLLExpert
 0001:00000774       KillTimer
 0001:0000D8BC       LangFromRes
 0001:0000C7E8       LangIndexOf
 0001:00008C78       LangMissingSelection
 0001:00008CF0       LangPathNotDescendFromParentRoot
 0002:00000098       LanguagesSeparatorMenuItem
 0002:00000060       LastProjectNameInProjectType
 0002:000010A4       LastProjectTypeInProjectType
 0002:0000009C       LastPropertyPage
 0001:0000077C       LoadIcon
 0001:00011AEC       LoadTranslators
 0001:000002A8       LocalAlloc
 0001:000002B0       LocalFree
 0001:0000BEE8       Location
 0001:0000073C       Messages
 0002:00000000       Module
 0002:00001000       ModuleIsLib
 0002:00001001       ModuleIsPackage
 0001:00007E04       MoveToNewPage
 0001:0000074C       MulDiv
 0001:0001637C       NotAnOEMName
 0001:00008E84       NothingSelected
 0002:00001078       NotifierInfoList
 0001:00000784       OffsetRect
 0001:00002948       OleDlg
 0001:00016108       PaintSampleBlock
 0001:00015FC8       PaintSampleText
 0002:000000A0       Pal16
 0002:000010B0       Parser
 0002:00001085       ProcessingRequest
 0001:00006C10       ProjContainer
 0001:00007028       ProjectExists
 0001:00006A24       ProjectExistsInProjectGroup
 0001:00010110       ProjectFromName
 0001:00006F34       ProjectHasLangs
 0001:00006F64       ProjectMainSource
 0001:0000710C       ProjectType
 0001:00008020       ProjHasSelectedLangs
 0001:00006C28       RefreshProjContainer
 0001:00006844       Register
 0001:00000E04       RegStr
 0001:00010138       ReloadFile
 0001:000101F4       ReloadIDEFiles
 0001:000069C8       RemoveIDENotifications
 0001:00006948       RemoveOTANotifier
 0001:00006B08       RemoveProjFromPM
 0001:0000D420       RemoveUnusedProjsFromPM
 0001:00006C58       ResDLLWizardExec
 0001:00010288       RestoreActiveProject
 0001:000013AC       RichEdit
 0001:000102A8       SaveActiveProject
 0001:00010304       SearchSingleProject
 0001:00004B60       SelectedLang
 0001:00000754       SetTextAlign
 0001:0000078C       SetTimer
 0001:00000794       SetWindowText
 0001:00000E3C       ShellAPI
 0001:00000D5C       ShlObj
 0001:000095F4       ShowError
 0001:00006BC4       ShowTM
 0002:0000005C       ShowTMTimerHandle
 0001:00006BA0       ShowTMTimerProc
 0002:00000064       State
 0001:00006B7C       StopShowTMTimer
 0001:000007A4       Succeeded
 0001:00000484       SysInit
 0001:0000079C       SystemParametersInfo
 0001:00010A38       TFileTypeContainer.Create
 0001:00010A9C       TFileTypeContainer.Destroy
 0001:00010ACC       TFileTypeContainer.GetCount
 0001:00010AD8       TFileTypeContainer.GetFile
 0001:00015C38       TfrmITEColorOptionPage.ColorSchemeComboBoxChange
 0001:00015CC4       TfrmITEColorOptionPage.ElementListClick
 0001:00015CCC       TfrmITEColorOptionPage.ElementListDrawItem
 0001:0001595C       TfrmITEColorOptionPage.ITEColorOptionPageBroadcast
 0001:00015A0C       TfrmITEColorOptionPage.ITEColorOptionPageCreate
 0001:00015A74       TfrmITEColorOptionPage.ITEColorOptionPageDestroy
 0001:00015A80       TfrmITEColorOptionPage.LoadColors
 0001:00015DF4       TfrmITEColorOptionPage.PanelClick
 0001:00015E44       TfrmITEColorOptionPage.RemoveActionExecute
 0001:00015F88       TfrmITEColorOptionPage.RemoveActionUpdate
 0001:0001622C       TfrmITEColorOptionPage.SamplePaintBoxPaint
 0001:0001645C       TfrmITEColorOptionPage.SaveActionExecute
 0001:00016CAC       TfrmITEFontOptionPage.FontButtonClick
 0001:00016DC4       TfrmITEFontOptionPage.FontDialogShow
 0001:00016E70       TfrmITEFontOptionPage.GridFontsGridDrawCell
 0001:00016F70       TfrmITEFontOptionPage.GridFontsGridSelectCell
 0001:00016938       TfrmITEFontOptionPage.ITEFontOptionPageBroadcast
 0001:00016974       TfrmITEFontOptionPage.ITEFontOptionPageCreate
 0001:00016B24       TfrmITEFontOptionPage.ITEFontOptionPageDestroy
 0001:00016B40       TfrmITEFontOptionPage.ITEFontOptionPageShow
 0001:00016F80       TfrmITEFontOptionPage.RowToLangIndex
 0001:00016F98       TfrmITEFontOptionPage.UpdateSample
 0001:0001739C       TfrmITEOptionPage.ITEOptionPageBroadcast
 0001:00017520       TfrmITEOptionPage.ITEOptionPageCreate
 0001:0001752C       TfrmITEOptionPage.RepositoryBrowseClick
 0001:00007B74       TfrmResDLLWizard.AddToProjList
 0001:0000E3BC       TfrmResDLLWizard.ApplicationEvents1Idle
 0001:0000DD78       TfrmResDLLWizard.btnAddFileClick
 0001:0000D08C       TfrmResDLLWizard.btnDeselectAllClick
 0001:0000D0D0       TfrmResDLLWizard.btnEditRootDirClick
 0001:0000A2C8       TfrmResDLLWizard.btnIntlAppPathClick
 0001:0000A0A0       TfrmResDLLWizard.btnPathsPathClick
 0001:0000DF68       TfrmResDLLWizard.btnRemoveFileClick
 0001:0000A150       TfrmResDLLWizard.btnRootDirClick
 0001:0000D048       TfrmResDLLWizard.btnSelectAllClick
 0001:000095BC       TfrmResDLLWizard.CancelBtnClick
 0001:000095C4       TfrmResDLLWizard.cbBaseLangCloseUp
 0001:0000E064       TfrmResDLLWizard.cbBaseLangDrawItem
 0001:0000E1C0       TfrmResDLLWizard.cbBaseLangDropDown
 0001:0000DD58       TfrmResDLLWizard.cbBaseLangKeyPress
 0001:000095D4       TfrmResDLLWizard.cbFileTypeCloseUp
 0001:000095E4       TfrmResDLLWizard.cbUpdateModeCloseUp
 0001:0000BC84       TfrmResDLLWizard.ClearProjList
 0001:00009618       TfrmResDLLWizard.ComboBoxExit
 0001:00009BE4       TfrmResDLLWizard.DoColClick
 0001:00007CC8       TfrmResDLLWizard.FirstPage
 0001:0000D280       TfrmResDLLWizard.FormCloseQuery
 0001:0000760C       TfrmResDLLWizard.FormCreate
 0001:000076A8       TfrmResDLLWizard.FormDestroy
 0001:0000E304       TfrmResDLLWizard.FormHide
 0001:0000E30C       TfrmResDLLWizard.FormKeyDown
 0001:000076D8       TfrmResDLLWizard.FormShow
 0001:0000A354       TfrmResDLLWizard.GetCaption
 0001:0000CFDC       TfrmResDLLWizard.GetCurrProj
 0001:0000C044       TfrmResDLLWizard.GetDataFromUI
 0001:0000D98C       TfrmResDLLWizard.GetLangsForProject
 0001:0000D020       TfrmResDLLWizard.GetProj
 0001:0000BC2C       TfrmResDLLWizard.GetProjEnabled
 0001:0000BB4C       TfrmResDLLWizard.GetProjLang
 0001:0000BBBC       TfrmResDLLWizard.GetProjName
 0001:0000BCBC       TfrmResDLLWizard.HintListBoxToProj
 0001:0000CE40       TfrmResDLLWizard.hlbSelectedLanguagesClick
 0001:0000A4F0       TfrmResDLLWizard.IsNewIntlApp
 0001:00007CD4       TfrmResDLLWizard.LastPage
 0001:00007890       TfrmResDLLWizard.LoadLanguages
 0001:0000CE34       TfrmResDLLWizard.lvLanguagesClick
 0001:00009F78       TfrmResDLLWizard.lvLanguagesMouseDown
 0001:00009FD0       TfrmResDLLWizard.lvMiscFilesMouseDown
 0001:00009FA0       TfrmResDLLWizard.lvPathMouseDown
 0001:00009B74       TfrmResDLLWizard.lvProjectsGetHint
 0001:00009F18       TfrmResDLLWizard.lvProjectsMouseDown
 0001:0000DCE4       TfrmResDLLWizard.lvProjectsVScroll
 0001:0000A210       TfrmResDLLWizard.lvUpdateModeMouseDown
 0001:00007CD8       TfrmResDLLWizard.NextPage
 0001:00008238       TfrmResDLLWizard.NextPrevClick
 0001:00008F0C       TfrmResDLLWizard.OkToChange
 0001:00007A60       TfrmResDLLWizard.PaintBox1Paint
 0001:0000B888       TfrmResDLLWizard.ProcessRequest
 0001:00007B38       TfrmResDLLWizard.ProjListLoc
 0001:00007D4C       TfrmResDLLWizard.RefreshButtons
 0001:0000B178       TfrmResDLLWizard.RunUpdaters
 0001:0000C834       TfrmResDLLWizard.SetDataToUI
 0001:0000BC58       TfrmResDLLWizard.SetProjEnabled
 0001:0000BB88       TfrmResDLLWizard.SetProjLang
 0001:0000BBF8       TfrmResDLLWizard.SetProjName
 0001:0000BCF4       TfrmResDLLWizard.SortLangList
 0001:0000CFD4       TfrmResDLLWizard.Splitter1Moved
 0001:000079A8       TfrmResDLLWizard.Timer1Timer
 0001:0000D4EC       TfrmResDLLWizard.UpdateProjectFile
 0001:00004488       TfrmSetRootDirectory.Button1Click
 0001:0001310C       TfrmTranslationManager.AddLanguageExecute
 0001:00013840       TfrmTranslationManager.AddLanguageUpdate
 0001:00012F34       TfrmTranslationManager.ClearListViews
 0001:000134D4       TfrmTranslationManager.ClearSearchResults
 0001:0001314C       TfrmTranslationManager.ClickGlobalMenu
 0001:00012824       TfrmTranslationManager.ConfigureChildForm
 0001:00013284       TfrmTranslationManager.Execute
 0001:00012360       TfrmTranslationManager.ExitActionExecute
 0001:000120FC       TfrmTranslationManager.FormClose
 0001:0001206C       TfrmTranslationManager.FormCloseQuery
 0001:00011CE0       TfrmTranslationManager.FormCreate
 0001:00012134       TfrmTranslationManager.FormDestroy
 0001:00011F7C       TfrmTranslationManager.FormHide
 0001:00012BD0       TfrmTranslationManager.FormKeyDown
 0001:00012D38       TfrmTranslationManager.FormKeyPress
 0001:00012E30       TfrmTranslationManager.FormKeyUp
 0001:00011EC4       TfrmTranslationManager.FormShow
 0001:000130FC       TfrmTranslationManager.LaunchRepositoryExecute
 0001:000123F8       TfrmTranslationManager.LoadTreeView
 0001:00014060       TfrmTranslationManager.ModalOptionsExecute
 0001:00013EA8       TfrmTranslationManager.ModalPurgeExecute
 0001:00013868       TfrmTranslationManager.ModalPurgeUpdate
 0001:00012368       TfrmTranslationManager.OnAppActivate
 0001:0001236C       TfrmTranslationManager.OnAppIdle
 0001:00011E34       TfrmTranslationManager.PlaceManager
 0001:00012B64       TfrmTranslationManager.pnlWorkspaceResize
 0001:00013E0C       TfrmTranslationManager.ProcessListRequestFromNode
 0001:0001403C       TfrmTranslationManager.ProcessListRequestFromNodeCallBackFunc
 0001:000132F0       TfrmTranslationManager.RefreshTM
 0001:0001311C       TfrmTranslationManager.RemoveLanguageExecute
 0001:000131E4       TfrmTranslationManager.ResetTM
 0001:0001312C       TfrmTranslationManager.SetActiveLanguageExecute
 0001:00013434       TfrmTranslationManager.SetIconAndParents
 0001:00013328       TfrmTranslationManager.SetOneIcon
 0001:00012AE4       TfrmTranslationManager.ShowThisForm
 0001:00012F50       TfrmTranslationManager.ToggleTextLabelsExecute
 0001:00012938       TfrmTranslationManager.tvLangChange
 0001:0001286C       TfrmTranslationManager.tvLangChanging
 0001:00012154       TfrmTranslationManager.UnloadTranslators
 0001:0001313C       TfrmTranslationManager.UpdateResDLLExecute
 0001:00013458       TfrmTranslationManager.UpdateTreeViewImages
 0001:00010688       TheNextBCBComment
 0001:000105B0       TheNextDelphiComment
 0001:0000F100       TIOTAIDENotifier50.AfterCompile
 0001:0000F0FC       TIOTAIDENotifier50.AfterCompile
 0001:0000F24C       TIOTAIDENotifier50.AfterSave
 0001:0000F250       TIOTAIDENotifier50.BeforeCompile
 0001:0000F254       TIOTAIDENotifier50.BeforeCompile
 0001:0000F414       TIOTAIDENotifier50.BeforeSave
 0001:0000F418       TIOTAIDENotifier50.Destroyed
 0001:0000F424       TIOTAIDENotifier50.FileNotification
 0001:0000F654       TIOTAIDENotifier50.Modified
 0001:0000EFD4       TIOTAModuleNotifier.AfterSave
 0001:0000F028       TIOTAModuleNotifier.BeforeSave
 0001:0000F02C       TIOTAModuleNotifier.CheckOverwrite
 0001:0000F030       TIOTAModuleNotifier.Create
 0001:0000F06C       TIOTAModuleNotifier.Destroyed
 0001:0000F0C4       TIOTAModuleNotifier.Modified
 0001:0000F0C8       TIOTAModuleNotifier.ModuleRenamed
 0001:00015314       TITEAddLangExpert.DoAction
 0001:00015368       TITEAddLangExpert.Execute
 0001:0001543C       TITEAddLangExpert.GetAuthor
 0001:00015460       TITEAddLangExpert.GetComment
 0001:00015474       TITEAddLangExpert.GetGlyph
 0001:00015494       TITEAddLangExpert.GetIDString
 0001:000154C4       TITEAddLangExpert.GetMenuText
 0001:000154D4       TITEAddLangExpert.GetName
 0001:000154E8       TITEAddLangExpert.GetPage
 0001:000154F8       TITEAddLangExpert.GetState
 0001:00015508       TITEAddLangExpert.GetStyle
 0001:000145A4       TITEMenuExpert.Create
 0001:00014D74       TITEMenuExpert.Destroy
 0001:00015044       TITEMenuExpert.Execute
 0001:00014E84       TITEMenuExpert.GetAuthor
 0001:00014E40       TITEMenuExpert.GetComment
 0001:00014E54       TITEMenuExpert.GetGlyph
 0001:00014E08       TITEMenuExpert.GetIDString
 0001:00014EB8       TITEMenuExpert.GetMenuText
 0001:00014DF4       TITEMenuExpert.GetName
 0001:00014EA8       TITEMenuExpert.GetPage
 0001:00014E74       TITEMenuExpert.GetState
 0001:00014E34       TITEMenuExpert.GetStyle
 0001:00014EC8       TITEMenuExpert.ITEAddLangClick
 0001:00014F10       TITEMenuExpert.ITEOptionsClick
 0001:00014ED4       TITEMenuExpert.ITERemoveLangClick
 0001:00014F04       TITEMenuExpert.ITERepositoryClick
 0001:00014EE0       TITEMenuExpert.ITESetActiveLangClick
 0001:00014EF8       TITEMenuExpert.ITETransMgrClick
 0001:00014EEC       TITEMenuExpert.ITEUpdateResDLLClick
 0001:00002C60       TITEOptions.AddLang
 0001:00003088       TITEOptions.AddMiscFile
 0001:000033E4       TITEOptions.AddSourceFile
 0001:00003AD8       TITEOptions.Assign
 0001:00002B50       TITEOptions.Create
 0001:00003394       TITEOptions.DeleteAllLangs
 0001:000033C4       TITEOptions.DeleteAllMiscFiles
 0001:000034A8       TITEOptions.DeleteAllSourceFiles
 0001:00002C08       TITEOptions.DeleteLang
 0001:0000310C       TITEOptions.DeleteMiscFile
 0001:00003440       TITEOptions.DeleteSourceFile
 0001:00002BBC       TITEOptions.Destroy
 0001:00003B18       TITEOptions.GetActiveLangName
 0001:00003D14       TITEOptions.GetBaseDir
 0001:00003C78       TITEOptions.GetExeName
 0001:00002D9C       TITEOptions.GetLang
 0001:00002BFC       TITEOptions.GetLangCount
 0001:00003134       TITEOptions.GetMiscFile
 0001:0000327C       TITEOptions.GetMiscFileCount
 0001:00003CA8       TITEOptions.GetNeedsToCompile
 0001:00002D18       TITEOptions.IndexOfLang
 0001:00003288       TITEOptions.IndexOfMiscFile
 0001:00003600       TITEOptions.LoadFromIni
 0001:000034B4       TITEOptions.MakeDirty
 0001:00003934       TITEOptions.SaveToIni
 0001:00003C08       TITEOptions.SetActiveLang
 0001:00003D70       TITEOptions.SetBaseDir
 0001:00002FF8       TITEOptions.SetLang
 0001:00003320       TITEOptions.SetMiscFile
 0001:00003DC0       TITEOptionsList.Add
 0001:00003DF4       TITEOptionsList.Create
 0001:00003E70       TITEOptionsList.Delete
 0001:00003E44       TITEOptionsList.Delete
 0001:00003EBC       TITEOptionsList.Destroy
 0001:00003F3C       TITEOptionsList.GetITEOptions
 0001:00003F20       TITEOptionsList.GetITEOptionsFromIndex
 0001:00003F90       TITEOptionsList.IndexOf
 0001:00003F60       TITEOptionsList.IndexOf
 0001:00003FC8       TITEOptionsList.ModuleRenamed
 0001:00003FF4       TITEOptionsList.OnProjectOptionLoad
 0001:0000409C       TITEOptionsList.OnProjectOptionSave
 0001:00004144       TITEOptionsList.SetITEOptions
 0001:00003F34       TITEOptionsList.SetITEOptionsFromIndex
 0001:000140D0       TITEPackageListHack.Create
 0001:0001411C       TITEPackageListHack.Destroy
 0001:00014158       TITEPackageListHack.Loaded
 0001:000046B8       TITERemoveLangExpert.DoAction
 0001:000048B8       TITERemoveLangExpert.Execute
 0001:00004978       TITERemoveLangExpert.GetAuthor
 0001:0000499C       TITERemoveLangExpert.GetComment
 0001:000049B0       TITERemoveLangExpert.GetGlyph
 0001:000049D0       TITERemoveLangExpert.GetIDString
 0001:00004A04       TITERemoveLangExpert.GetMenuText
 0001:00004A14       TITERemoveLangExpert.GetName
 0001:00004A28       TITERemoveLangExpert.GetPage
 0001:00004A38       TITERemoveLangExpert.GetState
 0001:00004A48       TITERemoveLangExpert.GetStyle
 0001:000150F4       TITERepositoryExpert.Execute
 0001:000151D0       TITERepositoryExpert.GetAuthor
 0001:0001514C       TITERepositoryExpert.GetComment
 0001:00015160       TITERepositoryExpert.GetGlyph
 0001:0001519C       TITERepositoryExpert.GetIDString
 0001:00015208       TITERepositoryExpert.GetMenuText
 0001:00015138       TITERepositoryExpert.GetName
 0001:000151F4       TITERepositoryExpert.GetPage
 0001:0001518C       TITERepositoryExpert.GetState
 0001:00015180       TITERepositoryExpert.GetStyle
 0001:0001504C       TITERepositoryExpert.RepositoryExec
 0001:0000EC60       TITEResDLLWizExpert.Create
 0001:0000EFA8       TITEResDLLWizExpert.Destroy
 0001:0000EC04       TITEResDLLWizExpert.DoAction
 0001:0000EA84       TITEResDLLWizExpert.Execute
 0001:0000EBCC       TITEResDLLWizExpert.GetAuthor
 0001:0000EB5C       TITEResDLLWizExpert.GetComment
 0001:0000EC40       TITEResDLLWizExpert.GetDesigner
 0001:0000EB70       TITEResDLLWizExpert.GetGlyph
 0001:0000EB98       TITEResDLLWizExpert.GetIDstring
 0001:0000EB48       TITEResDLLWizExpert.GetName
 0001:0000EBF0       TITEResDLLWizExpert.GetPage
 0001:0000EB8C       TITEResDLLWizExpert.GetState
 0001:00004BB4       TITESetActiveLangExpert.DoAction
 0001:00004CB8       TITESetActiveLangExpert.Execute
 0001:00004DA4       TITESetActiveLangExpert.GetAuthor
 0001:00004DC8       TITESetActiveLangExpert.GetComment
 0001:00004DDC       TITESetActiveLangExpert.GetGlyph
 0001:00004DFC       TITESetActiveLangExpert.GetIDString
 0001:00004E34       TITESetActiveLangExpert.GetMenuText
 0001:00004E44       TITESetActiveLangExpert.GetName
 0001:00004E58       TITESetActiveLangExpert.GetPage
 0001:00004E68       TITESetActiveLangExpert.GetState
 0001:00004E78       TITESetActiveLangExpert.GetStyle
 0001:000136BC       TITETransMgrExpert.Create
 0001:00013700       TITETransMgrExpert.Execute
 0001:000137DC       TITETransMgrExpert.GetAuthor
 0001:00013750       TITETransMgrExpert.GetComment
 0001:00013764       TITETransMgrExpert.GetGlyph
 0001:000137A0       TITETransMgrExpert.GetIDString
 0001:00013814       TITETransMgrExpert.GetMenuText
 0001:0001373C       TITETransMgrExpert.GetName
 0001:00013800       TITETransMgrExpert.GetPage
 0001:00013790       TITETransMgrExpert.GetState
 0001:00013784       TITETransMgrExpert.GetStyle
 0001:000134F0       TITETransMgrExpert.TransMgrExec
 0001:0000E428       TITEUpdateResDLLExpert.Create
 0001:0000E480       TITEUpdateResDLLExpert.Destroy
 0001:0000E714       TITEUpdateResDLLExpert.DoAction
 0001:0000E82C       TITEUpdateResDLLExpert.Execute
 0001:0000E8C4       TITEUpdateResDLLExpert.GetAuthor
 0001:0000E8E8       TITEUpdateResDLLExpert.GetComment
 0001:0000E8FC       TITEUpdateResDLLExpert.GetGlyph
 0001:0000E908       TITEUpdateResDLLExpert.GetIDstring
 0001:0000E93C       TITEUpdateResDLLExpert.GetMenuText
 0001:0000E94C       TITEUpdateResDLLExpert.GetName
 0001:0000E960       TITEUpdateResDLLExpert.GetPage
 0001:0000E970       TITEUpdateResDLLExpert.GetState
 0001:0000E980       TITEUpdateResDLLExpert.GetStyle
 0001:0000E98C       TITEUpdateResDLLExpert.OnActiveProjectChanged
 0001:0000E540       TITEUpdateResDLLExpert.UpdateMenus
 0001:00010C0C       TLangContainer.Create
 0001:00010CB0       TLangContainer.Destroy
 0001:00010D04       TLangContainer.GetCount
 0001:00010D0C       TLangContainer.GetFileType
 0001:00010D30       TLangContainer.IndexOf
 0001:000002B8       TlsAlloc
 0002:00001014       tlsBuffer
 0001:000002C0       TlsFree
 0001:000002C8       TlsGetValue
 0002:00001004       TlsIndex
 0002:AFC46000       TlsLast
 0002:00000018       TlsProc
 0001:000002D0       TlsSetValue
 0001:0000F784       TNotifierInfo.Create
 0001:0000F658       TNotifierInfoList.Add
 0001:0000F680       TNotifierInfoList.Destroy
 0001:0000F708       TNotifierInfoList.GetNotifierInfo
 0001:0000F71C       TNotifierInfoList.IndexOf
 0001:0000F74C       TNotifierInfoList.IndexOf
 0001:0000F6DC       TNotifierInfoList.ModuleRenamed
 0002:000010C0       ToolServ
 0002:00001074       ToolServ
 0002:000010D4       ToolServ
 0001:00011058       TProjContainer.Create
 0001:00011204       TProjContainer.Destroy
 0001:00011258       TProjContainer.GetCount
 0001:0001126C       TProjContainer.GetLang
 0001:00011290       TProjContainer.IndexOf
 0001:000003B4       UninitializeModule
 0001:00002AAC       UpdateRegistryLocales
 0001:00000D94       UrlMon
 0001:000073DC       ValidFileName
 0001:000074C8       ValidPath
 0001:000007E4       Windows
 0001:00000DCC       WinInet
 0001:00000E84       WinSpool
 0002:00000034       WizardExecuted
 0001:000080F8       WrapMemoLabel


  Address         Publics by Value

 0002:AFC46000       TlsLast
 0001:000002A0       FreeLibrary
 0001:000002A8       LocalAlloc
 0001:000002B0       LocalFree
 0001:000002B8       TlsAlloc
 0001:000002C0       TlsFree
 0001:000002C8       TlsGetValue
 0001:000002D0       TlsSetValue
 0001:000002D8       AllocTlsBuffer
 0001:000002E4       GetTlsSize
 0001:000002EC       InitThreadTLS
 0001:00000330       InitProcessTLS
 0001:0000035C       ExitThreadTLS
 0001:00000384       ExitProcessTLS
 0001:000003A8       InitializeModule
 0001:000003B4       UninitializeModule
 0001:000003D8       @InitPkg
 0001:0000043C       @PackageLoad
 0001:00000448       @PackageUnload
 0001:00000454       Finalization
 0001:00000484       SysInit
 0001:0000070C       Finalization
 0001:0000073C       Messages
 0001:00000744       GetTickCount
 0001:0000074C       MulDiv
 0001:00000754       SetTextAlign
 0001:0000075C       GetScrollPos
 0001:00000764       GetSystemMetrics
 0001:0000076C       InflateRect
 0001:00000774       KillTimer
 0001:0000077C       LoadIcon
 0001:00000784       OffsetRect
 0001:0000078C       SetTimer
 0001:00000794       SetWindowText
 0001:0000079C       SystemParametersInfo
 0001:000007A4       Succeeded
 0001:000007B4       Finalization
 0001:000007E4       Windows
 0001:000009E4       Finalization
 0001:00000A14       CommCtrl
 0001:00000C94       Finalization
 0001:00000CC4       Imm
 0001:00000D2C       Finalization
 0001:00000D5C       ShlObj
 0001:00000D64       Finalization
 0001:00000D94       UrlMon
 0001:00000D9C       Finalization
 0001:00000DCC       WinInet
 0001:00000DD4       Finalization
 0001:00000E04       RegStr
 0001:00000E0C       Finalization
 0001:00000E3C       ShellAPI
 0001:00000E54       Finalization
 0001:00000E84       WinSpool
 0001:00000EC4       Finalization
 0001:00000EF4       CommDlg
 0001:00000EFC       Finalization
 0001:00000F2C       Dlgs
 0001:0000137C       Finalization
 0001:000013AC       RichEdit
 0001:000014C4       Finalization
 0001:000014F4       ITEINTInit
 0001:00002898       Finalization
 0001:000028C8       ITEINTEnvironDialog
 0001:00002918       Finalization
 0001:00002948       OleDlg
 0001:00002AAC       UpdateRegistryLocales
 0001:00002B50       TITEOptions.Create
 0001:00002BBC       TITEOptions.Destroy
 0001:00002BFC       TITEOptions.GetLangCount
 0001:00002C08       TITEOptions.DeleteLang
 0001:00002C60       TITEOptions.AddLang
 0001:00002D18       TITEOptions.IndexOfLang
 0001:00002D9C       TITEOptions.GetLang
 0001:00002FF8       TITEOptions.SetLang
 0001:00003088       TITEOptions.AddMiscFile
 0001:0000310C       TITEOptions.DeleteMiscFile
 0001:00003134       TITEOptions.GetMiscFile
 0001:0000327C       TITEOptions.GetMiscFileCount
 0001:00003288       TITEOptions.IndexOfMiscFile
 0001:00003320       TITEOptions.SetMiscFile
 0001:00003394       TITEOptions.DeleteAllLangs
 0001:000033C4       TITEOptions.DeleteAllMiscFiles
 0001:000033E4       TITEOptions.AddSourceFile
 0001:00003440       TITEOptions.DeleteSourceFile
 0001:000034A8       TITEOptions.DeleteAllSourceFiles
 0001:000034B4       TITEOptions.MakeDirty
 0001:00003600       TITEOptions.LoadFromIni
 0001:00003838       DoSection
 0001:00003934       TITEOptions.SaveToIni
 0001:00003AD8       TITEOptions.Assign
 0001:00003B18       TITEOptions.GetActiveLangName
 0001:00003C08       TITEOptions.SetActiveLang
 0001:00003C78       TITEOptions.GetExeName
 0001:00003CA8       TITEOptions.GetNeedsToCompile
 0001:00003D14       TITEOptions.GetBaseDir
 0001:00003D70       TITEOptions.SetBaseDir
 0001:00003DC0       TITEOptionsList.Add
 0001:00003DF4       TITEOptionsList.Create
 0001:00003E44       TITEOptionsList.Delete
 0001:00003E70       TITEOptionsList.Delete
 0001:00003EBC       TITEOptionsList.Destroy
 0001:00003F20       TITEOptionsList.GetITEOptionsFromIndex
 0001:00003F34       TITEOptionsList.SetITEOptionsFromIndex
 0001:00003F3C       TITEOptionsList.GetITEOptions
 0001:00003F60       TITEOptionsList.IndexOf
 0001:00003F90       TITEOptionsList.IndexOf
 0001:00003FC8       TITEOptionsList.ModuleRenamed
 0001:00003FF4       TITEOptionsList.OnProjectOptionLoad
 0001:0000409C       TITEOptionsList.OnProjectOptionSave
 0001:00004144       TITEOptionsList.SetITEOptions
 0001:00004168       Finalization
 0001:000041B8       ITEOpts
 0001:00004488       TfrmSetRootDirectory.Button1Click
 0001:00004544       Finalization
 0001:00004574       ITESetRootDirectoryDlg
 0001:000046B8       TITERemoveLangExpert.DoAction
 0001:000048B8       TITERemoveLangExpert.Execute
 0001:00004978       TITERemoveLangExpert.GetAuthor
 0001:0000499C       TITERemoveLangExpert.GetComment
 0001:000049B0       TITERemoveLangExpert.GetGlyph
 0001:000049D0       TITERemoveLangExpert.GetIDString
 0001:00004A04       TITERemoveLangExpert.GetMenuText
 0001:00004A14       TITERemoveLangExpert.GetName
 0001:00004A28       TITERemoveLangExpert.GetPage
 0001:00004A38       TITERemoveLangExpert.GetState
 0001:00004A48       TITERemoveLangExpert.GetStyle
 0001:00004A54       Finalization
 0001:00004A84       ITERemoveLang
 0001:00004B60       SelectedLang
 0001:00004BB4       TITESetActiveLangExpert.DoAction
 0001:00004C50       GetLangName
 0001:00004CB8       TITESetActiveLangExpert.Execute
 0001:00004DA4       TITESetActiveLangExpert.GetAuthor
 0001:00004DC8       TITESetActiveLangExpert.GetComment
 0001:00004DDC       TITESetActiveLangExpert.GetGlyph
 0001:00004DFC       TITESetActiveLangExpert.GetIDString
 0001:00004E34       TITESetActiveLangExpert.GetMenuText
 0001:00004E44       TITESetActiveLangExpert.GetName
 0001:00004E58       TITESetActiveLangExpert.GetPage
 0001:00004E68       TITESetActiveLangExpert.GetState
 0001:00004E78       TITESetActiveLangExpert.GetStyle
 0001:00004E84       Finalization
 0001:00004EB4       ITESetActiveLang
 0001:00006844       Register
 0001:00006948       RemoveOTANotifier
 0001:000069C8       RemoveIDENotifications
 0001:00006A24       ProjectExistsInProjectGroup
 0001:00006B08       RemoveProjFromPM
 0001:00006B7C       StopShowTMTimer
 0001:00006BA0       ShowTMTimerProc
 0001:00006BC4       ShowTM
 0001:00006C10       ProjContainer
 0001:00006C28       RefreshProjContainer
 0001:00006C58       ResDLLWizardExec
 0001:00006F34       ProjectHasLangs
 0001:00006F64       ProjectMainSource
 0001:00006FDC       ActiveProjectIsResourceDLL
 0001:00007028       ProjectExists
 0001:0000710C       ProjectType
 0001:000073DC       ValidFileName
 0001:000073E4       ITEForceDirectories
 0001:000074C8       ValidPath
 0001:0000760C       TfrmResDLLWizard.FormCreate
 0001:000076A8       TfrmResDLLWizard.FormDestroy
 0001:000076D8       TfrmResDLLWizard.FormShow
 0001:00007890       TfrmResDLLWizard.LoadLanguages
 0001:000079A8       TfrmResDLLWizard.Timer1Timer
 0001:00007A60       TfrmResDLLWizard.PaintBox1Paint
 0001:00007B38       TfrmResDLLWizard.ProjListLoc
 0001:00007B74       TfrmResDLLWizard.AddToProjList
 0001:00007CC8       TfrmResDLLWizard.FirstPage
 0001:00007CD4       TfrmResDLLWizard.LastPage
 0001:00007CD8       TfrmResDLLWizard.NextPage
 0001:00007D4C       TfrmResDLLWizard.RefreshButtons
 0001:00007E04       MoveToNewPage
 0001:00007EF8       FillHintListBox
 0001:00008020       ProjHasSelectedLangs
 0001:0000806C       ExtIndexOf
 0001:000080C0       CreateMeAMemoLabel
 0001:000080F8       WrapMemoLabel
 0001:00008238       TfrmResDLLWizard.NextPrevClick
 0001:00008C78       LangMissingSelection
 0001:00008CF0       LangPathNotDescendFromParentRoot
 0001:00008E84       NothingSelected
 0001:00008F0C       TfrmResDLLWizard.OkToChange
 0001:000095BC       TfrmResDLLWizard.CancelBtnClick
 0001:000095C4       TfrmResDLLWizard.cbBaseLangCloseUp
 0001:000095D4       TfrmResDLLWizard.cbFileTypeCloseUp
 0001:000095E4       TfrmResDLLWizard.cbUpdateModeCloseUp
 0001:000095F4       ShowError
 0001:00009618       TfrmResDLLWizard.ComboBoxExit
 0001:00009B74       TfrmResDLLWizard.lvProjectsGetHint
 0001:00009BE4       TfrmResDLLWizard.DoColClick
 0001:00009F18       TfrmResDLLWizard.lvProjectsMouseDown
 0001:00009F78       TfrmResDLLWizard.lvLanguagesMouseDown
 0001:00009FA0       TfrmResDLLWizard.lvPathMouseDown
 0001:00009FD0       TfrmResDLLWizard.lvMiscFilesMouseDown
 0001:0000A0A0       TfrmResDLLWizard.btnPathsPathClick
 0001:0000A150       TfrmResDLLWizard.btnRootDirClick
 0001:0000A210       TfrmResDLLWizard.lvUpdateModeMouseDown
 0001:0000A2C8       TfrmResDLLWizard.btnIntlAppPathClick
 0001:0000A354       TfrmResDLLWizard.GetCaption
 0001:0000A4F0       TfrmResDLLWizard.IsNewIntlApp
 0001:0000A524       ClearList
 0001:0000A570       GetKindList
 0001:0000A668       AppendList
 0001:0000A6EC       CopyVersionInfo
 0001:0000A9A4       DoLang
 0001:0000AE7C       ActivateProj
 0001:0000AF98       GetDRCFileName
 0001:0000B178       TfrmResDLLWizard.RunUpdaters
 0001:0000B888       TfrmResDLLWizard.ProcessRequest
 0001:0000BB4C       TfrmResDLLWizard.GetProjLang
 0001:0000BB88       TfrmResDLLWizard.SetProjLang
 0001:0000BBBC       TfrmResDLLWizard.GetProjName
 0001:0000BBF8       TfrmResDLLWizard.SetProjName
 0001:0000BC2C       TfrmResDLLWizard.GetProjEnabled
 0001:0000BC58       TfrmResDLLWizard.SetProjEnabled
 0001:0000BC84       TfrmResDLLWizard.ClearProjList
 0001:0000BCBC       TfrmResDLLWizard.HintListBoxToProj
 0001:0000BCF4       TfrmResDLLWizard.SortLangList
 0001:0000BEE8       Location
 0001:0000BF3C       GetInsertLoc
 0001:0000BFA0       Action
 0001:0000BFF0       GetLangListLoc
 0001:0000C044       TfrmResDLLWizard.GetDataFromUI
 0001:0000C7E8       LangIndexOf
 0001:0000C834       TfrmResDLLWizard.SetDataToUI
 0001:0000CE34       TfrmResDLLWizard.lvLanguagesClick
 0001:0000CE40       TfrmResDLLWizard.hlbSelectedLanguagesClick
 0001:0000CFD4       TfrmResDLLWizard.Splitter1Moved
 0001:0000CFDC       TfrmResDLLWizard.GetCurrProj
 0001:0000D020       TfrmResDLLWizard.GetProj
 0001:0000D048       TfrmResDLLWizard.btnSelectAllClick
 0001:0000D08C       TfrmResDLLWizard.btnDeselectAllClick
 0001:0000D0D0       TfrmResDLLWizard.btnEditRootDirClick
 0001:0000D280       TfrmResDLLWizard.FormCloseQuery
 0001:0000D340       AddModule
 0001:0000D3D8       ExtIndexOf
 0001:0000D420       RemoveUnusedProjsFromPM
 0001:0000D4EC       TfrmResDLLWizard.UpdateProjectFile
 0001:0000D8BC       LangFromRes
 0001:0000D98C       TfrmResDLLWizard.GetLangsForProject
 0001:0000DCE4       TfrmResDLLWizard.lvProjectsVScroll
 0001:0000DD58       TfrmResDLLWizard.cbBaseLangKeyPress
 0001:0000DD78       TfrmResDLLWizard.btnAddFileClick
 0001:0000DF68       TfrmResDLLWizard.btnRemoveFileClick
 0001:0000E064       TfrmResDLLWizard.cbBaseLangDrawItem
 0001:0000E1C0       TfrmResDLLWizard.cbBaseLangDropDown
 0001:0000E304       TfrmResDLLWizard.FormHide
 0001:0000E30C       TfrmResDLLWizard.FormKeyDown
 0001:0000E3BC       TfrmResDLLWizard.ApplicationEvents1Idle
 0001:0000E428       TITEUpdateResDLLExpert.Create
 0001:0000E480       TITEUpdateResDLLExpert.Destroy
 0001:0000E4C4       GetLangName
 0001:0000E540       TITEUpdateResDLLExpert.UpdateMenus
 0001:0000E714       TITEUpdateResDLLExpert.DoAction
 0001:0000E82C       TITEUpdateResDLLExpert.Execute
 0001:0000E8C4       TITEUpdateResDLLExpert.GetAuthor
 0001:0000E8E8       TITEUpdateResDLLExpert.GetComment
 0001:0000E8FC       TITEUpdateResDLLExpert.GetGlyph
 0001:0000E908       TITEUpdateResDLLExpert.GetIDstring
 0001:0000E93C       TITEUpdateResDLLExpert.GetMenuText
 0001:0000E94C       TITEUpdateResDLLExpert.GetName
 0001:0000E960       TITEUpdateResDLLExpert.GetPage
 0001:0000E970       TITEUpdateResDLLExpert.GetState
 0001:0000E980       TITEUpdateResDLLExpert.GetStyle
 0001:0000E98C       TITEUpdateResDLLExpert.OnActiveProjectChanged
 0001:0000EA84       TITEResDLLWizExpert.Execute
 0001:0000EB48       TITEResDLLWizExpert.GetName
 0001:0000EB5C       TITEResDLLWizExpert.GetComment
 0001:0000EB70       TITEResDLLWizExpert.GetGlyph
 0001:0000EB8C       TITEResDLLWizExpert.GetState
 0001:0000EB98       TITEResDLLWizExpert.GetIDstring
 0001:0000EBCC       TITEResDLLWizExpert.GetAuthor
 0001:0000EBF0       TITEResDLLWizExpert.GetPage
 0001:0000EC04       TITEResDLLWizExpert.DoAction
 0001:0000EC40       TITEResDLLWizExpert.GetDesigner
 0001:0000EC60       TITEResDLLWizExpert.Create
 0001:0000EFA8       TITEResDLLWizExpert.Destroy
 0001:0000EFD4       TIOTAModuleNotifier.AfterSave
 0001:0000F028       TIOTAModuleNotifier.BeforeSave
 0001:0000F02C       TIOTAModuleNotifier.CheckOverwrite
 0001:0000F030       TIOTAModuleNotifier.Create
 0001:0000F06C       TIOTAModuleNotifier.Destroyed
 0001:0000F0C4       TIOTAModuleNotifier.Modified
 0001:0000F0C8       TIOTAModuleNotifier.ModuleRenamed
 0001:0000F0FC       TIOTAIDENotifier50.AfterCompile
 0001:0000F100       TIOTAIDENotifier50.AfterCompile
 0001:0000F24C       TIOTAIDENotifier50.AfterSave
 0001:0000F250       TIOTAIDENotifier50.BeforeCompile
 0001:0000F254       TIOTAIDENotifier50.BeforeCompile
 0001:0000F414       TIOTAIDENotifier50.BeforeSave
 0001:0000F418       TIOTAIDENotifier50.Destroyed
 0001:0000F424       TIOTAIDENotifier50.FileNotification
 0001:0000F654       TIOTAIDENotifier50.Modified
 0001:0000F658       TNotifierInfoList.Add
 0001:0000F680       TNotifierInfoList.Destroy
 0001:0000F6DC       TNotifierInfoList.ModuleRenamed
 0001:0000F708       TNotifierInfoList.GetNotifierInfo
 0001:0000F71C       TNotifierInfoList.IndexOf
 0001:0000F74C       TNotifierInfoList.IndexOf
 0001:0000F784       TNotifierInfo.Create
 0001:0000F7C4       ITEUpdateResDLLExpert
 0001:0000F800       Finalization
 0001:0000F878       ITEResDLLWizard
 0001:0000F8D4       ActivateProject
 0001:0000F944       ActiveProject
 0001:0000F960       ActiveProjectName
 0001:0000F988       CloseAll
 0001:0000F9A4       CompileProject
 0001:0000FA64       EnumProject
 0001:0000FAF8       FindExeNameFromProject
 0001:0000FB28       GetOTAProject
 0001:0000FC04       GetOTAProjectGroup
 0001:0000FCE4       GetSourceBuffer
 0001:0000FF8C       IsProject
 0001:00010018       IsSaveAllEnabled
 0001:0001004C       ITEFindModule
 0001:00010110       ProjectFromName
 0001:00010138       ReloadFile
 0001:000101F4       ReloadIDEFiles
 0001:00010288       RestoreActiveProject
 0001:000102A8       SaveActiveProject
 0001:00010304       SearchSingleProject
 0001:00010474       Finalization
 0001:000104CC       ITEProject
 0001:000105B0       TheNextDelphiComment
 0001:00010688       TheNextBCBComment
 0001:00010764       ExtractFiles
 0001:00010A38       TFileTypeContainer.Create
 0001:00010A9C       TFileTypeContainer.Destroy
 0001:00010ACC       TFileTypeContainer.GetCount
 0001:00010AD8       TFileTypeContainer.GetFile
 0001:00010B08       Finalization
 0001:00010B44       ITEFileTypeContainer
 0001:00010C0C       TLangContainer.Create
 0001:00010CB0       TLangContainer.Destroy
 0001:00010D04       TLangContainer.GetCount
 0001:00010D0C       TLangContainer.GetFileType
 0001:00010D30       TLangContainer.IndexOf
 0001:00010D34       Finalization
 0001:00010D64       ITELangContainer
 0001:00010E10       GetResDLLProj
 0001:00011058       TProjContainer.Create
 0001:00011204       TProjContainer.Destroy
 0001:00011258       TProjContainer.GetCount
 0001:0001126C       TProjContainer.GetLang
 0001:00011290       TProjContainer.IndexOf
 0001:000112CC       Finalization
 0001:000112FC       ITEProjContainer
 0001:00011A34       DoLoad
 0001:00011AEC       LoadTranslators
 0001:00011CE0       TfrmTranslationManager.FormCreate
 0001:00011E34       TfrmTranslationManager.PlaceManager
 0001:00011EC4       TfrmTranslationManager.FormShow
 0001:00011F7C       TfrmTranslationManager.FormHide
 0001:0001206C       TfrmTranslationManager.FormCloseQuery
 0001:000120FC       TfrmTranslationManager.FormClose
 0001:00012134       TfrmTranslationManager.FormDestroy
 0001:00012154       TfrmTranslationManager.UnloadTranslators
 0001:00012360       TfrmTranslationManager.ExitActionExecute
 0001:00012368       TfrmTranslationManager.OnAppActivate
 0001:0001236C       TfrmTranslationManager.OnAppIdle
 0001:000123F8       TfrmTranslationManager.LoadTreeView
 0001:00012824       TfrmTranslationManager.ConfigureChildForm
 0001:0001286C       TfrmTranslationManager.tvLangChanging
 0001:0001290C       GetNodeLangIndex
 0001:00012938       TfrmTranslationManager.tvLangChange
 0001:00012AE4       TfrmTranslationManager.ShowThisForm
 0001:00012B64       TfrmTranslationManager.pnlWorkspaceResize
 0001:00012BD0       TfrmTranslationManager.FormKeyDown
 0001:00012D38       TfrmTranslationManager.FormKeyPress
 0001:00012E30       TfrmTranslationManager.FormKeyUp
 0001:00012F34       TfrmTranslationManager.ClearListViews
 0001:00012F50       TfrmTranslationManager.ToggleTextLabelsExecute
 0001:000130FC       TfrmTranslationManager.LaunchRepositoryExecute
 0001:0001310C       TfrmTranslationManager.AddLanguageExecute
 0001:0001311C       TfrmTranslationManager.RemoveLanguageExecute
 0001:0001312C       TfrmTranslationManager.SetActiveLanguageExecute
 0001:0001313C       TfrmTranslationManager.UpdateResDLLExecute
 0001:0001314C       TfrmTranslationManager.ClickGlobalMenu
 0001:000131E4       TfrmTranslationManager.ResetTM
 0001:00013284       TfrmTranslationManager.Execute
 0001:000132F0       TfrmTranslationManager.RefreshTM
 0001:00013328       TfrmTranslationManager.SetOneIcon
 0001:00013434       TfrmTranslationManager.SetIconAndParents
 0001:00013458       TfrmTranslationManager.UpdateTreeViewImages
 0001:000134D4       TfrmTranslationManager.ClearSearchResults
 0001:000134F0       TITETransMgrExpert.TransMgrExec
 0001:000136BC       TITETransMgrExpert.Create
 0001:00013700       TITETransMgrExpert.Execute
 0001:0001373C       TITETransMgrExpert.GetName
 0001:00013750       TITETransMgrExpert.GetComment
 0001:00013764       TITETransMgrExpert.GetGlyph
 0001:00013784       TITETransMgrExpert.GetStyle
 0001:00013790       TITETransMgrExpert.GetState
 0001:000137A0       TITETransMgrExpert.GetIDString
 0001:000137DC       TITETransMgrExpert.GetAuthor
 0001:00013800       TITETransMgrExpert.GetPage
 0001:00013814       TITETransMgrExpert.GetMenuText
 0001:00013824       DoFinalization
 0001:00013840       TfrmTranslationManager.AddLanguageUpdate
 0001:00013868       TfrmTranslationManager.ModalPurgeUpdate
 0001:000138A4       DoLanguageLevel
 0001:00013AC8       DoFileTypeLevel
 0001:00013C5C       DoFileListLevel
 0001:00013E0C       TfrmTranslationManager.ProcessListRequestFromNode
 0001:00013E74       GetLangText
 0001:00013EA8       TfrmTranslationManager.ModalPurgeExecute
 0001:0001403C       TfrmTranslationManager.ProcessListRequestFromNodeCallBackFunc
 0001:00014060       TfrmTranslationManager.ModalOptionsExecute
 0001:000140D0       TITEPackageListHack.Create
 0001:0001411C       TITEPackageListHack.Destroy
 0001:00014158       TITEPackageListHack.Loaded
 0001:00014250       Finalization
 0001:000142B4       ITETranslationMgr
 0001:00014554       HandleException
 0001:000145A4       TITEMenuExpert.Create
 0001:00014D74       TITEMenuExpert.Destroy
 0001:00014DF4       TITEMenuExpert.GetName
 0001:00014E08       TITEMenuExpert.GetIDString
 0001:00014E34       TITEMenuExpert.GetStyle
 0001:00014E40       TITEMenuExpert.GetComment
 0001:00014E54       TITEMenuExpert.GetGlyph
 0001:00014E74       TITEMenuExpert.GetState
 0001:00014E84       TITEMenuExpert.GetAuthor
 0001:00014EA8       TITEMenuExpert.GetPage
 0001:00014EB8       TITEMenuExpert.GetMenuText
 0001:00014EC8       TITEMenuExpert.ITEAddLangClick
 0001:00014ED4       TITEMenuExpert.ITERemoveLangClick
 0001:00014EE0       TITEMenuExpert.ITESetActiveLangClick
 0001:00014EEC       TITEMenuExpert.ITEUpdateResDLLClick
 0001:00014EF8       TITEMenuExpert.ITETransMgrClick
 0001:00014F04       TITEMenuExpert.ITERepositoryClick
 0001:00014F10       TITEMenuExpert.ITEOptionsClick
 0001:00015044       TITEMenuExpert.Execute
 0001:0001504C       TITERepositoryExpert.RepositoryExec
 0001:000150F4       TITERepositoryExpert.Execute
 0001:00015138       TITERepositoryExpert.GetName
 0001:0001514C       TITERepositoryExpert.GetComment
 0001:00015160       TITERepositoryExpert.GetGlyph
 0001:00015180       TITERepositoryExpert.GetStyle
 0001:0001518C       TITERepositoryExpert.GetState
 0001:0001519C       TITERepositoryExpert.GetIDString
 0001:000151D0       TITERepositoryExpert.GetAuthor
 0001:000151F4       TITERepositoryExpert.GetPage
 0001:00015208       TITERepositoryExpert.GetMenuText
 0001:00015218       Finalization
 0001:00015248       ITEMenu
 0001:00015314       TITEAddLangExpert.DoAction
 0001:00015368       TITEAddLangExpert.Execute
 0001:0001543C       TITEAddLangExpert.GetAuthor
 0001:00015460       TITEAddLangExpert.GetComment
 0001:00015474       TITEAddLangExpert.GetGlyph
 0001:00015494       TITEAddLangExpert.GetIDString
 0001:000154C4       TITEAddLangExpert.GetMenuText
 0001:000154D4       TITEAddLangExpert.GetName
 0001:000154E8       TITEAddLangExpert.GetPage
 0001:000154F8       TITEAddLangExpert.GetState
 0001:00015508       TITEAddLangExpert.GetStyle
 0001:00015514       Finalization
 0001:00015544       ITEAddLang
 0001:0001595C       TfrmITEColorOptionPage.ITEColorOptionPageBroadcast
 0001:00015A0C       TfrmITEColorOptionPage.ITEColorOptionPageCreate
 0001:00015A74       TfrmITEColorOptionPage.ITEColorOptionPageDestroy
 0001:00015A80       TfrmITEColorOptionPage.LoadColors
 0001:00015C38       TfrmITEColorOptionPage.ColorSchemeComboBoxChange
 0001:00015CC4       TfrmITEColorOptionPage.ElementListClick
 0001:00015CCC       TfrmITEColorOptionPage.ElementListDrawItem
 0001:00015DF4       TfrmITEColorOptionPage.PanelClick
 0001:00015E44       TfrmITEColorOptionPage.RemoveActionExecute
 0001:00015F88       TfrmITEColorOptionPage.RemoveActionUpdate
 0001:00015FC8       PaintSampleText
 0001:00016108       PaintSampleBlock
 0001:0001622C       TfrmITEColorOptionPage.SamplePaintBoxPaint
 0001:0001637C       NotAnOEMName
 0001:0001645C       TfrmITEColorOptionPage.SaveActionExecute
 0001:000165E0       Finalization
 0001:00016624       ITEINTColorOptionPage
 0001:00016938       TfrmITEFontOptionPage.ITEFontOptionPageBroadcast
 0001:00016974       TfrmITEFontOptionPage.ITEFontOptionPageCreate
 0001:00016B24       TfrmITEFontOptionPage.ITEFontOptionPageDestroy
 0001:00016B40       TfrmITEFontOptionPage.ITEFontOptionPageShow
 0001:00016CAC       TfrmITEFontOptionPage.FontButtonClick
 0001:00016DC4       TfrmITEFontOptionPage.FontDialogShow
 0001:00016E70       TfrmITEFontOptionPage.GridFontsGridDrawCell
 0001:00016F70       TfrmITEFontOptionPage.GridFontsGridSelectCell
 0001:00016F80       TfrmITEFontOptionPage.RowToLangIndex
 0001:00016F98       TfrmITEFontOptionPage.UpdateSample
 0001:00016FFC       Finalization
 0001:00017054       ITEINTFontOptionPage
 0001:0001739C       TfrmITEOptionPage.ITEOptionPageBroadcast
 0001:00017520       TfrmITEOptionPage.ITEOptionPageCreate
 0001:0001752C       TfrmITEOptionPage.RepositoryBrowseClick
 0001:00017624       Finalization
 0001:00017668       ITEINTOptionPage
 0001:00018240       @GetPackageInfoTable
 0001:00018248       @PackageLoad
 0001:00018254       @PackageUnload
 0001:00018260       dclite
 0002:00000000       Module
 0002:00000018       TlsProc
 0002:00000028       EvITEProjectOptionLoad
 0002:0000002C       ITEOptionsList
 0002:00000030       frmResDLLWizard
 0002:00000034       WizardExecuted
 0002:00000038       ForceDRCGeneration
 0002:0000003C       ForceProjectReload
 0002:00000040       AIOTAIDENotifier50Index
 0002:00000044       InvalidData
 0002:0000005C       ShowTMTimerHandle
 0002:00000060       LastProjectNameInProjectType
 0002:00000064       State
 0002:00000068       ActiveProjectSave
 0002:0000006C       Action
 0002:00000070       frmTranslationManager
 0002:00000074       GlobalProjectMenu
 0002:00000078       GlobalITEMenuItem
 0002:0000007C       GlobalRemoveLangMenuItem
 0002:00000080       GlobalSetActiveLangMenuItem
 0002:00000084       GlobalUpdateResDLLMenuItem
 0002:00000088       GlobalAddLangMenuItem
 0002:0000008C       GlobalTransMgrMenuItem
 0002:00000090       GlobalRepositoryMenuItem
 0002:00000094       GlobalITEOptionsMenuItem
 0002:00000098       LanguagesSeparatorMenuItem
 0002:0000009C       LastPropertyPage
 0002:000000A0       Pal16
 0002:000000E0       GridLabel
 0002:00001000       ModuleIsLib
 0002:00001001       ModuleIsPackage
 0002:00001004       TlsIndex
 0002:0000100C       HInstance
 0002:00001010       .1
 0002:00001014       tlsBuffer
 0002:00001018       .1
 0002:0000101C       .3
 0002:00001020       .1
 0002:00001024       .1
 0002:00001028       .1
 0002:0000102C       .1
 0002:00001030       .1
 0002:00001034       .1
 0002:00001038       .1
 0002:0000103C       .3
 0002:00001040       .1
 0002:00001044       .1
 0002:00001048       .1
 0002:0000104C       .1
 0002:00001050       .2
 0002:00001054       .1
 0002:00001058       AFileListSep
 0002:0000105C       .3
 0002:00001060       frmSetRootDirectory
 0002:00001064       .2
 0002:00001068       .2
 0002:0000106C       .2
 0002:00001070       .8
 0002:00001074       ToolServ
 0002:00001078       NotifierInfoList
 0002:0000107C       AIOTAServices
 0002:00001080       AIOTAIDENotifier50
 0002:00001084       InActiveProjectChanged
 0002:00001085       ProcessingRequest
 0002:00001088       AITEAddLangExpert
 0002:0000108C       AITERemoveLangExpert
 0002:00001090       AITESetActiveLangExpert
 0002:00001094       AITEUpdateResDLLExpert
 0002:00001098       AITETransMgrExpert
 0002:0000109C       AITERepositoryExpert
 0002:000010A0       AITEResDLLWizExpert
 0002:000010A4       LastProjectTypeInProjectType
 0002:000010A8       .1
 0002:000010AC       .2
 0002:000010B0       Parser
 0002:000010B4       .2
 0002:000010B8       .2
 0002:000010BC       .3
 0002:000010C0       ToolServ
 0002:000010C4       FileCtr
 0002:000010C8       ITEPackageListHack
 0002:000010CC       .
 0002:000010D0       .3
 0002:000010D4       ToolServ
 0002:000010D8       .2
 0002:000010DC       .2
 0002:000010E0       .2
 0002:000010E4       .2


Bound resource files

ITEINTEnvironDialog.dfm
ITESetRootDirectoryDlg.dfm
ITEResDLLWizard.dfm
ITETranslationMgr.dfm
ITEINTColorOptionPage.dfm
ITEINTFontOptionPage.dfm
ITEINTOptionPage.dfm
dclite.res
itestuff.res
C:\DOCUME~1\~storm\LOCALS~1\Temp\dtf72C3.tmp


Program entry point at 0001:00018260
