
 Start         Length     Name                   Class
 0001:00000000 00001570H .text                   CODE
 0002:00000000 0000002CH .data                   DATA
 0002:0000002C 00000051H .bss                    BSS


Detailed map of segments

 0001:00000000 0000008E C=CODE     S=.text    G=(none)   M=System   ACBP=A9
 0001:00000090 000001EC C=CODE     S=.text    G=(none)   M=SysInit  ACBP=A9
 0001:0000027C 00000038 C=CODE     S=.text    G=(none)   M=Windows  ACBP=A9
 0001:000002B4 0000000E C=CODE     S=.text    G=(none)   M=Types    ACBP=A9
 0001:000002C4 00000040 C=CODE     S=.text    G=(none)   M=ShellAPI ACBP=A9
 0001:00000304 00000046 C=CODE     S=.text    G=(none)   M=Classes  ACBP=A9
 0001:0000034C 0000000E C=CODE     S=.text    G=(none)   M=ActiveX  ACBP=A9
 0001:0000035C 00000038 C=CODE     S=.text    G=(none)   M=Messages ACBP=A9
 0001:00000394 0000000E C=CODE     S=.text    G=(none)   M=TypInfo  ACBP=A9
 0001:000003A4 0000000E C=CODE     S=.text    G=(none)   M=SysUtils ACBP=A9
 0001:000003B4 0000000E C=CODE     S=.text    G=(none)   M=SysConst ACBP=A9
 0001:000003C4 0000000E C=CODE     S=.text    G=(none)   M=Variants ACBP=A9
 0001:000003D4 0000000E C=CODE     S=.text    G=(none)   M=VarUtils ACBP=A9
 0001:000003E4 0000000E C=CODE     S=.text    G=(none)   M=RTLConsts ACBP=A9
 0001:000003F4 0000000E C=CODE     S=.text    G=(none)   M=StdCtrls ACBP=A9
 0001:00000404 0000000E C=CODE     S=.text    G=(none)   M=ActnList ACBP=A9
 0001:00000414 0000000E C=CODE     S=.text    G=(none)   M=Contnrs  ACBP=A9
 0001:00000424 0000000E C=CODE     S=.text    G=(none)   M=Math     ACBP=A9
 0001:00000434 0000000E C=CODE     S=.text    G=(none)   M=ImgList  ACBP=A9
 0001:00000444 00000038 C=CODE     S=.text    G=(none)   M=CommCtrl ACBP=A9
 0001:0000047C 0000000E C=CODE     S=.text    G=(none)   M=Graphics ACBP=A9
 0001:0000048C 0000000E C=CODE     S=.text    G=(none)   M=Consts   ACBP=A9
 0001:0000049C 00000126 C=CODE     S=.text    G=(none)   M=Forms    ACBP=A9
 0001:000005C4 0000000E C=CODE     S=.text    G=(none)   M=HelpIntfs ACBP=A9
 0001:000005D4 0000000E C=CODE     S=.text    G=(none)   M=MultiMon ACBP=A9
 0001:000005E4 000000DE C=CODE     S=.text    G=(none)   M=Controls ACBP=A9
 0001:000006C4 00000038 C=CODE     S=.text    G=(none)   M=Imm      ACBP=A9
 0001:000006FC 0000000E C=CODE     S=.text    G=(none)   M=Menus    ACBP=A9
 0001:0000070C 0000000E C=CODE     S=.text    G=(none)   M=WinHelpViewer ACBP=A9
 0001:0000071C 0000000E C=CODE     S=.text    G=(none)   M=StdActns ACBP=A9
 0001:0000072C 0000000E C=CODE     S=.text    G=(none)   M=Dialogs  ACBP=A9
 0001:0000073C 00000038 C=CODE     S=.text    G=(none)   M=ShlObj   ACBP=A9
 0001:00000774 00000038 C=CODE     S=.text    G=(none)   M=UrlMon   ACBP=A9
 0001:000007AC 00000038 C=CODE     S=.text    G=(none)   M=WinInet  ACBP=A9
 0001:000007E4 00000038 C=CODE     S=.text    G=(none)   M=RegStr   ACBP=A9
 0001:0000081C 0000000E C=CODE     S=.text    G=(none)   M=Printers ACBP=A9
 0001:0000082C 00000038 C=CODE     S=.text    G=(none)   M=WinSpool ACBP=A9
 0001:00000864 00000038 C=CODE     S=.text    G=(none)   M=CommDlg  ACBP=A9
 0001:0000089C 00000038 C=CODE     S=.text    G=(none)   M=Dlgs     ACBP=A9
 0001:000008D4 0000000E C=CODE     S=.text    G=(none)   M=ExtCtrls ACBP=A9
 0001:000008E4 0000000E C=CODE     S=.text    G=(none)   M=StrUtils ACBP=A9
 0001:000008F4 0000000E C=CODE     S=.text    G=(none)   M=Clipbrd  ACBP=A9
 0001:00000904 0000000E C=CODE     S=.text    G=(none)   M=FlatSB   ACBP=A9
 0001:00000914 00000016 C=CODE     S=.text    G=(none)   M=DesignIntf ACBP=A9
 0001:0000092C 0000000E C=CODE     S=.text    G=(none)   M=DesignMenus ACBP=A9
 0001:0000093C 0000000E C=CODE     S=.text    G=(none)   M=IniFiles ACBP=A9
 0001:0000094C 00000076 C=CODE     S=.text    G=(none)   M=DesignEditors ACBP=A9
 0001:000009C4 0000000E C=CODE     S=.text    G=(none)   M=Proxies  ACBP=A9
 0001:000009D4 0000000E C=CODE     S=.text    G=(none)   M=DesignConst ACBP=A9
 0001:000009E4 0000000E C=CODE     S=.text    G=(none)   M=NMFngr   ACBP=A9
 0001:000009F4 0000000E C=CODE     S=.text    G=(none)   M=NMConst  ACBP=A9
 0001:00000A04 0000000E C=CODE     S=.text    G=(none)   M=Psock    ACBP=A9
 0001:00000A14 00000038 C=CODE     S=.text    G=(none)   M=WinSock  ACBP=A9
 0001:00000A4C 0000000E C=CODE     S=.text    G=(none)   M=NMUUE    ACBP=A9
 0001:00000A5C 0000000E C=CODE     S=.text    G=(none)   M=NMURL    ACBP=A9
 0001:00000A6C 0000000E C=CODE     S=.text    G=(none)   M=NMUDP    ACBP=A9
 0001:00000A7C 0000000E C=CODE     S=.text    G=(none)   M=NMTime   ACBP=A9
 0001:00000A8C 0000000E C=CODE     S=.text    G=(none)   M=NMsmtp   ACBP=A9
 0001:00000A9C 0000000E C=CODE     S=.text    G=(none)   M=NMS_Stream ACBP=A9
 0001:00000AAC 0000000E C=CODE     S=.text    G=(none)   M=NMS_Huge ACBP=A9
 0001:00000ABC 0000000E C=CODE     S=.text    G=(none)   M=NMExtstr ACBP=A9
 0001:00000ACC 0000000E C=CODE     S=.text    G=(none)   M=NMpop3   ACBP=A9
 0001:00000ADC 0000000E C=CODE     S=.text    G=(none)   M=NMSTRM   ACBP=A9
 0001:00000AEC 0000000E C=CODE     S=.text    G=(none)   M=NMNNTP   ACBP=A9
 0001:00000AFC 0000000E C=CODE     S=.text    G=(none)   M=NMHttp   ACBP=A9
 0001:00000B0C 0000000E C=CODE     S=.text    G=(none)   M=NMFtp    ACBP=A9
 0001:00000B1C 0000000E C=CODE     S=.text    G=(none)   M=NMEcho   ACBP=A9
 0001:00000B2C 0000000E C=CODE     S=.text    G=(none)   M=NMDayTim ACBP=A9
 0001:00000B3C 0000000E C=CODE     S=.text    G=(none)   M=NMMSG    ACBP=A9
 0001:00000B4C 000007BC C=CODE     S=.text    G=(none)   M=NMReg    ACBP=A9
 0001:00001308 00000265 C=CODE     S=.text    G=(none)   M=dclnmf   ACBP=A9
 0002:00000000 00000028 C=DATA     S=.data    G=DGROUP   M=SysInit  ACBP=A9
 0002:00001000 00000018 C=BSS      S=.bss     G=DGROUP   M=SysInit  ACBP=A9
 0002:00001018 00000004 C=BSS      S=.bss     G=DGROUP   M=Windows  ACBP=A9
 0002:0000101C 00000004 C=BSS      S=.bss     G=DGROUP   M=ShellAPI ACBP=A9
 0002:00001020 00000004 C=BSS      S=.bss     G=DGROUP   M=Messages ACBP=A9
 0002:00001024 00000004 C=BSS      S=.bss     G=DGROUP   M=CommCtrl ACBP=A9
 0002:00001028 00000004 C=BSS      S=.bss     G=DGROUP   M=Imm      ACBP=A9
 0002:0000102C 00000004 C=BSS      S=.bss     G=DGROUP   M=ShlObj   ACBP=A9
 0002:00001030 00000004 C=BSS      S=.bss     G=DGROUP   M=UrlMon   ACBP=A9
 0002:00001034 00000004 C=BSS      S=.bss     G=DGROUP   M=WinInet  ACBP=A9
 0002:00001038 00000004 C=BSS      S=.bss     G=DGROUP   M=RegStr   ACBP=A9
 0002:0000103C 00000004 C=BSS      S=.bss     G=DGROUP   M=WinSpool ACBP=A9
 0002:00001040 00000004 C=BSS      S=.bss     G=DGROUP   M=CommDlg  ACBP=A9
 0002:00001044 00000004 C=BSS      S=.bss     G=DGROUP   M=Dlgs     ACBP=A9
 0002:00001048 00000004 C=BSS      S=.bss     G=DGROUP   M=WinSock  ACBP=A9
 0002:0000104C 00000004 C=BSS      S=.bss     G=DGROUP   M=NMReg    ACBP=A9


  Address         Publics by Name

 0002:00001028       .1
 0002:00001034       .1
 0002:00001038       .1
 0002:00001024       .1
 0002:0000104C       .1
 0002:00001010       .1
 0002:00001020       .1
 0002:0000102C       .1
 0002:00001040       .1
 0002:00001044       .1
 0002:0000101C       .1
 0002:00001030       .1
 0002:00001048       .1
 0002:00001018       .3
 0002:0000103C       .3
 0001:00001548       @GetPackageInfoTable
 0001:000001C8       @InitPkg
 0001:00001550       @PackageLoad
 0001:0000022C       @PackageLoad
 0001:00000238       @PackageUnload
 0001:0000155C       @PackageUnload
 0001:000000C8       AllocTlsBuffer
 0001:00000474       CommCtrl
 0001:00000894       CommDlg
 0001:00001568       dclnmf
 0001:000008CC       Dlgs
 0001:00000174       ExitProcessTLS
 0001:0000014C       ExitThreadTLS
 0001:00000444       Finalization
 0001:0000035C       Finalization
 0001:000002CC       Finalization
 0001:0000073C       Finalization
 0001:0000027C       Finalization
 0001:00000774       Finalization
 0001:00000244       Finalization
 0001:000007AC       Finalization
 0001:000007E4       Finalization
 0001:0000082C       Finalization
 0001:00000864       Finalization
 0001:0000089C       Finalization
 0001:00000A14       Finalization
 0001:000012D0       Finalization
 0001:000006C4       Finalization
 0001:00000090       FreeLibrary
 0001:000000D4       GetTlsSize
 0002:0000100C       HInstance
 0001:000006F4       Imm
 0001:00000198       InitializeModule
 0001:00000120       InitProcessTLS
 0001:000000DC       InitThreadTLS
 0001:00000098       LocalAlloc
 0001:000000A0       LocalFree
 0001:0000038C       Messages
 0002:00000000       Module
 0002:00001000       ModuleIsLib
 0002:00001001       ModuleIsPackage
 0001:00001300       NMReg
 0001:000010E4       Register
 0001:00000814       RegStr
 0001:000002FC       ShellAPI
 0001:000002C4       ShellExecute
 0001:0000076C       ShlObj
 0001:00000274       SysInit
 0001:000000A8       TlsAlloc
 0002:00001014       tlsBuffer
 0001:000000B0       TlsFree
 0001:000000B8       TlsGetValue
 0002:00001004       TlsIndex
 0002:AFADD000       TlsLast
 0002:00000018       TlsProc
 0001:000000C0       TlsSetValue
 0001:0000105C       TNMPropEd.Edit
 0001:000010D8       TNMPropEd.GetAttributes
 0001:000010B0       TNMPropEd.GetValue
 0001:00000FB4       TNMShow.Button1Click
 0001:00000F0C       TNMShow.Button2Click
 0001:00000EB4       TNMShow.Button3Click
 0001:00001008       TNMShow.Button4Click
 0001:00000F60       TNMShow.Button5Click
 0001:00000E68       TNMShow.Label8Click
 0001:000001A4       UninitializeModule
 0001:000007A4       UrlMon
 0001:000002AC       Windows
 0001:000007DC       WinInet
 0001:00000A44       WinSock
 0001:0000085C       WinSpool


  Address         Publics by Value

 0002:AFADD000       TlsLast
 0001:00000090       FreeLibrary
 0001:00000098       LocalAlloc
 0001:000000A0       LocalFree
 0001:000000A8       TlsAlloc
 0001:000000B0       TlsFree
 0001:000000B8       TlsGetValue
 0001:000000C0       TlsSetValue
 0001:000000C8       AllocTlsBuffer
 0001:000000D4       GetTlsSize
 0001:000000DC       InitThreadTLS
 0001:00000120       InitProcessTLS
 0001:0000014C       ExitThreadTLS
 0001:00000174       ExitProcessTLS
 0001:00000198       InitializeModule
 0001:000001A4       UninitializeModule
 0001:000001C8       @InitPkg
 0001:0000022C       @PackageLoad
 0001:00000238       @PackageUnload
 0001:00000244       Finalization
 0001:00000274       SysInit
 0001:0000027C       Finalization
 0001:000002AC       Windows
 0001:000002C4       ShellExecute
 0001:000002CC       Finalization
 0001:000002FC       ShellAPI
 0001:0000035C       Finalization
 0001:0000038C       Messages
 0001:00000444       Finalization
 0001:00000474       CommCtrl
 0001:000006C4       Finalization
 0001:000006F4       Imm
 0001:0000073C       Finalization
 0001:0000076C       ShlObj
 0001:00000774       Finalization
 0001:000007A4       UrlMon
 0001:000007AC       Finalization
 0001:000007DC       WinInet
 0001:000007E4       Finalization
 0001:00000814       RegStr
 0001:0000082C       Finalization
 0001:0000085C       WinSpool
 0001:00000864       Finalization
 0001:00000894       CommDlg
 0001:0000089C       Finalization
 0001:000008CC       Dlgs
 0001:00000A14       Finalization
 0001:00000A44       WinSock
 0001:00000E68       TNMShow.Label8Click
 0001:00000EB4       TNMShow.Button3Click
 0001:00000F0C       TNMShow.Button2Click
 0001:00000F60       TNMShow.Button5Click
 0001:00000FB4       TNMShow.Button1Click
 0001:00001008       TNMShow.Button4Click
 0001:0000105C       TNMPropEd.Edit
 0001:000010B0       TNMPropEd.GetValue
 0001:000010D8       TNMPropEd.GetAttributes
 0001:000010E4       Register
 0001:000012D0       Finalization
 0001:00001300       NMReg
 0001:00001548       @GetPackageInfoTable
 0001:00001550       @PackageLoad
 0001:0000155C       @PackageUnload
 0001:00001568       dclnmf
 0002:00000000       Module
 0002:00000018       TlsProc
 0002:00001000       ModuleIsLib
 0002:00001001       ModuleIsPackage
 0002:00001004       TlsIndex
 0002:0000100C       HInstance
 0002:00001010       .1
 0002:00001014       tlsBuffer
 0002:00001018       .3
 0002:0000101C       .1
 0002:00001020       .1
 0002:00001024       .1
 0002:00001028       .1
 0002:0000102C       .1
 0002:00001030       .1
 0002:00001034       .1
 0002:00001038       .1
 0002:0000103C       .3
 0002:00001040       .1
 0002:00001044       .1
 0002:00001048       .1
 0002:0000104C       .1


Bound resource files

nmshow.dfm
dclnmf.res
C:\DOCUME~1\~storm\LOCALS~1\Temp\dtf726F.tmp


Program entry point at 0001:00001568
