
 Start         Length     Name                   Class
 0001:00000000 0005BDD8H .text                   CODE
 0002:00000000 0000055CH .data                   DATA
 0002:0000055C 00000215H .bss                    BSS


Detailed map of segments

 0001:00000000 0000039E C=CODE     S=.text    G=(none)   M=System   ACBP=A9
 0001:000003A0 000001EC C=CODE     S=.text    G=(none)   M=SysInit  ACBP=A9
 0001:0000058C 00000290 C=CODE     S=.text    G=(none)   M=DsnConst ACBP=A9
 0001:0000081C 00000378 C=CODE     S=.text    G=(none)   M=Windows  ACBP=A9
 0001:00000B94 0000001E C=CODE     S=.text    G=(none)   M=Types    ACBP=A9
 0001:00000BB4 0000001E C=CODE     S=.text    G=(none)   M=ActiveX  ACBP=A9
 0001:00000BD4 00000038 C=CODE     S=.text    G=(none)   M=Messages ACBP=A9
 0001:00000C0C 0000017E C=CODE     S=.text    G=(none)   M=SysUtils ACBP=A9
 0001:00000D8C 0000000E C=CODE     S=.text    G=(none)   M=SysConst ACBP=A9
 0001:00000D9C 0000059E C=CODE     S=.text    G=(none)   M=Classes  ACBP=A9
 0001:0000133C 000000FE C=CODE     S=.text    G=(none)   M=TypInfo  ACBP=A9
 0001:0000143C 0000002E C=CODE     S=.text    G=(none)   M=Variants ACBP=A9
 0001:0000146C 0000000E C=CODE     S=.text    G=(none)   M=VarUtils ACBP=A9
 0001:0000147C 0000000E C=CODE     S=.text    G=(none)   M=RTLConsts ACBP=A9
 0001:0000148C 000001E4 C=CODE     S=.text    G=(none)   M=VirtIntf ACBP=A9
 0001:00001670 0000002E C=CODE     S=.text    G=(none)   M=AxCtrls  ACBP=A9
 0001:000016A0 00000196 C=CODE     S=.text    G=(none)   M=Menus    ACBP=A9
 0001:00001838 000000DE C=CODE     S=.text    G=(none)   M=ActnList ACBP=A9
 0001:00001918 00000086 C=CODE     S=.text    G=(none)   M=Contnrs  ACBP=A9
 0001:000019A0 00000016 C=CODE     S=.text    G=(none)   M=Math     ACBP=A9
 0001:000019B8 00000036 C=CODE     S=.text    G=(none)   M=ImgList  ACBP=A9
 0001:000019F0 00000040 C=CODE     S=.text    G=(none)   M=CommCtrl ACBP=A9
 0001:00001A30 000001F6 C=CODE     S=.text    G=(none)   M=Graphics ACBP=A9
 0001:00001C28 0000000E C=CODE     S=.text    G=(none)   M=Consts   ACBP=A9
 0001:00001C38 000002BE C=CODE     S=.text    G=(none)   M=Forms    ACBP=A9
 0001:00001EF8 0000000E C=CODE     S=.text    G=(none)   M=HelpIntfs ACBP=A9
 0001:00001F08 0000000E C=CODE     S=.text    G=(none)   M=MultiMon ACBP=A9
 0001:00001F18 0000059E C=CODE     S=.text    G=(none)   M=Controls ACBP=A9
 0001:000024B8 00000038 C=CODE     S=.text    G=(none)   M=Imm      ACBP=A9
 0001:000024F0 0000000E C=CODE     S=.text    G=(none)   M=WinHelpViewer ACBP=A9
 0001:00002500 0000000E C=CODE     S=.text    G=(none)   M=StdActns ACBP=A9
 0001:00002510 0000004E C=CODE     S=.text    G=(none)   M=Dialogs  ACBP=A9
 0001:00002560 00000038 C=CODE     S=.text    G=(none)   M=ShlObj   ACBP=A9
 0001:00002598 00000038 C=CODE     S=.text    G=(none)   M=UrlMon   ACBP=A9
 0001:000025D0 00000038 C=CODE     S=.text    G=(none)   M=WinInet  ACBP=A9
 0001:00002608 00000038 C=CODE     S=.text    G=(none)   M=RegStr   ACBP=A9
 0001:00002640 00000038 C=CODE     S=.text    G=(none)   M=ShellAPI ACBP=A9
 0001:00002678 0000004E C=CODE     S=.text    G=(none)   M=Printers ACBP=A9
 0001:000026C8 00000038 C=CODE     S=.text    G=(none)   M=WinSpool ACBP=A9
 0001:00002700 0000004E C=CODE     S=.text    G=(none)   M=StdCtrls ACBP=A9
 0001:00002750 00000038 C=CODE     S=.text    G=(none)   M=CommDlg  ACBP=A9
 0001:00002788 00000038 C=CODE     S=.text    G=(none)   M=Dlgs     ACBP=A9
 0001:000027C0 00000036 C=CODE     S=.text    G=(none)   M=ExtCtrls ACBP=A9
 0001:000027F8 0000000E C=CODE     S=.text    G=(none)   M=StrUtils ACBP=A9
 0001:00002808 00000036 C=CODE     S=.text    G=(none)   M=Clipbrd  ACBP=A9
 0001:00002840 0000000E C=CODE     S=.text    G=(none)   M=FlatSB   ACBP=A9
 0001:00002850 0000000E C=CODE     S=.text    G=(none)   M=StdVCL   ACBP=A9
 0001:00002860 0000000E C=CODE     S=.text    G=(none)   M=ComObj   ACBP=A9
 0001:00002870 0000000E C=CODE     S=.text    G=(none)   M=ComConst ACBP=A9
 0001:00002880 000007DC C=CODE     S=.text    G=(none)   M=IStreams ACBP=A9
 0001:0000305C 00000016 C=CODE     S=.text    G=(none)   M=IniFiles ACBP=A9
 0001:00003074 000001F0 C=CODE     S=.text    G=(none)   M=DesignMenus ACBP=A9
 0001:00003264 000013C4 C=CODE     S=.text    G=(none)   M=DesignIntf ACBP=A9
 0001:00004628 00000246 C=CODE     S=.text    G=(none)   M=ComCtrls ACBP=A9
 0001:00004870 0000000E C=CODE     S=.text    G=(none)   M=ListActns ACBP=A9
 0001:00004880 0000000E C=CODE     S=.text    G=(none)   M=ToolWin  ACBP=A9
 0001:00004890 00000038 C=CODE     S=.text    G=(none)   M=RichEdit ACBP=A9
 0001:000048C8 0000000E C=CODE     S=.text    G=(none)   M=ExtActns ACBP=A9
 0001:000048D8 0000004E C=CODE     S=.text    G=(none)   M=Registry ACBP=A9
 0001:00004928 0000000E C=CODE     S=.text    G=(none)   M=ExtDlgs  ACBP=A9
 0001:00004938 00000066 C=CODE     S=.text    G=(none)   M=Buttons  ACBP=A9
 0001:000049A0 0000000E C=CODE     S=.text    G=(none)   M=Mapi     ACBP=A9
 0001:000049B0 0000000E C=CODE     S=.text    G=(none)   M=ComStrs  ACBP=A9
 0001:000049C0 000024FC C=CODE     S=.text    G=(none)   M=ToolsAPI ACBP=A9
 0001:00006EBC 000000E8 C=CODE     S=.text    G=(none)   M=DesignConst ACBP=A9
 0001:00006FA4 000033FC C=CODE     S=.text    G=(none)   M=Designer ACBP=A9
 0001:0000A3A0 0000091F C=CODE     S=.text    G=(none)   M=Proxies  ACBP=A9
 0001:0000ACC0 00007245 C=CODE     S=.text    G=(none)   M=DesignEditors ACBP=A9
 0001:00011F08 00000170 C=CODE     S=.text    G=(none)   M=LibConst ACBP=A9
 0001:00012078 000032BC C=CODE     S=.text    G=(none)   M=Update   ACBP=A9
 0001:00015334 00000454 C=CODE     S=.text    G=(none)   M=ToolUtils ACBP=A9
 0001:00015788 000002C4 C=CODE     S=.text    G=(none)   M=Events   ACBP=A9
 0001:00015A4C 00000CD0 C=CODE     S=.text    G=(none)   M=EditIntf ACBP=A9
 0001:0001671C 00005BF4 C=CODE     S=.text    G=(none)   M=TreeIntf ACBP=A9
 0001:0001C310 000003CB C=CODE     S=.text    G=(none)   M=TopLevels ACBP=A9
 0001:0001C6DC 000125C7 C=CODE     S=.text    G=(none)   M=ComponentDesigner ACBP=A9
 0001:0002ECA4 000015AC C=CODE     S=.text    G=(none)   M=StFilSys ACBP=A9
 0001:00030250 00000410 C=CODE     S=.text    G=(none)   M=StringsEdit ACBP=A9
 0001:00030660 0000000E C=CODE     S=.text    G=(none)   M=Grids    ACBP=A9
 0001:00030670 0000000E C=CODE     S=.text    G=(none)   M=Mask     ACBP=A9
 0001:00030680 0000000E C=CODE     S=.text    G=(none)   M=MaskUtils ACBP=A9
 0001:00030690 00000016 C=CODE     S=.text    G=(none)   M=ValEdit  ACBP=A9
 0001:000306A8 000002E4 C=CODE     S=.text    G=(none)   M=ValueEdit ACBP=A9
 0001:0003098C 00000F4C C=CODE     S=.text    G=(none)   M=StrEdit  ACBP=A9
 0001:000318D8 00000038 C=CODE     S=.text    G=(none)   M=DeskStrs ACBP=A9
 0001:00031910 00001363 C=CODE     S=.text    G=(none)   M=DeskForm ACBP=A9
 0001:00032C74 00000083 C=CODE     S=.text    G=(none)   M=IDEMessages ACBP=A9
 0001:00032CF8 00000D74 C=CODE     S=.text    G=(none)   M=IDEDockPanel ACBP=A9
 0001:00033A6C 00000568 C=CODE     S=.text    G=(none)   M=IDEDockCtrls ACBP=A9
 0001:00033FD4 00000464 C=CODE     S=.text    G=(none)   M=JoinDock ACBP=A9
 0001:00034438 00000690 C=CODE     S=.text    G=(none)   M=DeskUtil ACBP=A9
 0001:00034AC8 00000B5C C=CODE     S=.text    G=(none)   M=DockForm ACBP=A9
 0001:00035624 00000908 C=CODE     S=.text    G=(none)   M=BaseDock ACBP=A9
 0001:00035F2C 000007E4 C=CODE     S=.text    G=(none)   M=TabDock  ACBP=A9
 0001:00036710 00000A3C C=CODE     S=.text    G=(none)   M=IDEMenuAction ACBP=A9
 0001:0003714C 00001780 C=CODE     S=.text    G=(none)   M=IDECommandButton ACBP=A9
 0001:000388CC 00000864 C=CODE     S=.text    G=(none)   M=ToolForm ACBP=A9
 0001:00039130 000009A0 C=CODE     S=.text    G=(none)   M=DockToolForm ACBP=A9
 0001:00039AD0 00000038 C=CODE     S=.text    G=(none)   M=LibHelp  ACBP=A9
 0001:00039B08 00000F74 C=CODE     S=.text    G=(none)   M=PicEdit  ACBP=A9
 0001:0003AA7C 00000174 C=CODE     S=.text    G=(none)   M=DsnCmds  ACBP=A9
 0001:0003ABF0 00000E30 C=CODE     S=.text    G=(none)   M=EditorViewSupport ACBP=A9
 0001:0003BA20 000000FC C=CODE     S=.text    G=(none)   M=FileIntf ACBP=A9
 0001:0003BB1C 00000784 C=CODE     S=.text    G=(none)   M=ToolIntf ACBP=A9
 0001:0003C2A0 0000019C C=CODE     S=.text    G=(none)   M=ExptIntf ACBP=A9
 0001:0003C43C 0000001E C=CODE     S=.text    G=(none)   M=Masks    ACBP=A9
 0001:0003C45C 00000CEB C=CODE     S=.text    G=(none)   M=PropertyCategories ACBP=A9
 0001:0003D148 00000568 C=CODE     S=.text    G=(none)   M=Surface  ACBP=A9
 0001:0003D6B0 00003768 C=CODE     S=.text    G=(none)   M=VCLEditors ACBP=A9
 0001:00040E18 00000BC8 C=CODE     S=.text    G=(none)   M=DMForm   ACBP=A9
 0001:000419E0 00000AE0 C=CODE     S=.text    G=(none)   M=DesignWindows ACBP=A9
 0001:000424C0 00000694 C=CODE     S=.text    G=(none)   M=ToolWnds ACBP=A9
 0001:00042B54 000028EA C=CODE     S=.text    G=(none)   M=ColnEdit ACBP=A9
 0001:00045440 00000F40 C=CODE     S=.text    G=(none)   M=VCLMenus ACBP=A9
 0001:00046380 00000E64 C=CODE     S=.text    G=(none)   M=VCLSprigs ACBP=A9
 0001:000471E4 0000780D C=CODE     S=.text    G=(none)   M=VCLSurface ACBP=A9
 0001:0004E9F4 000009BC C=CODE     S=.text    G=(none)   M=WCtlForm ACBP=A9
 0001:0004F3B0 00000118 C=CODE     S=.text    G=(none)   M=MnuConst ACBP=A9
 0001:0004F4C8 00000BA8 C=CODE     S=.text    G=(none)   M=MenuTmpl ACBP=A9
 0001:00050070 00000418 C=CODE     S=.text    G=(none)   M=MtSvDlg  ACBP=A9
 0001:00050488 00000344 C=CODE     S=.text    G=(none)   M=MnuSelct ACBP=A9
 0001:000507CC 000002CC C=CODE     S=.text    G=(none)   M=MtDeDlg  ACBP=A9
 0001:00050A98 00000320 C=CODE     S=.text    G=(none)   M=MtInDlg  ACBP=A9
 0001:00050DB8 000006C4 C=CODE     S=.text    G=(none)   M=MtMisc   ACBP=A9
 0001:0005147C 00001118 C=CODE     S=.text    G=(none)   M=MnuFile  ACBP=A9
 0001:00052594 00007148 C=CODE     S=.text    G=(none)   M=MnuBuild ACBP=A9
 0001:000596DC 00000F04 C=CODE     S=.text    G=(none)   M=MetaSupport ACBP=A9
 0001:0005A5E0 0000008E C=CODE     S=.text    G=(none)   M=OleCtrls ACBP=A9
 0001:0005A670 0000000E C=CODE     S=.text    G=(none)   M=OleConst ACBP=A9
 0001:0005A680 00001310 C=CODE     S=.text    G=(none)   M=OCXReg   ACBP=A9
 0001:0005B990 00000445 C=CODE     S=.text    G=(none)   M=designide ACBP=A9
 0002:00000000 00000028 C=DATA     S=.data    G=DGROUP   M=SysInit  ACBP=A9
 0002:00000028 00000004 C=DATA     S=.data    G=DGROUP   M=IStreams ACBP=A9
 0002:0000002C 00000002 C=DATA     S=.data    G=DGROUP   M=DesignMenus ACBP=A9
 0002:00000030 00000004 C=DATA     S=.data    G=DGROUP   M=ToolsAPI ACBP=A9
 0002:00000034 00000020 C=DATA     S=.data    G=DGROUP   M=Designer ACBP=A9
 0002:00000054 000000C0 C=DATA     S=.data    G=DGROUP   M=DesignEditors ACBP=A9
 0002:00000114 0000002C C=DATA     S=.data    G=DGROUP   M=TreeIntf ACBP=A9
 0002:00000140 0000003C C=DATA     S=.data    G=DGROUP   M=ComponentDesigner ACBP=A9
 0002:0000017C 00000004 C=DATA     S=.data    G=DGROUP   M=StFilSys ACBP=A9
 0002:00000180 0000001C C=DATA     S=.data    G=DGROUP   M=DeskForm ACBP=A9
 0002:0000019C 00000020 C=DATA     S=.data    G=DGROUP   M=DeskUtil ACBP=A9
 0002:000001BC 00000008 C=DATA     S=.data    G=DGROUP   M=DockForm ACBP=A9
 0002:000001C4 00000002 C=DATA     S=.data    G=DGROUP   M=BaseDock ACBP=A9
 0002:000001C8 00000004 C=DATA     S=.data    G=DGROUP   M=TabDock  ACBP=A9
 0002:000001CC 00000018 C=DATA     S=.data    G=DGROUP   M=IDECommandButton ACBP=A9
 0002:000001E4 00000004 C=DATA     S=.data    G=DGROUP   M=EditorViewSupport ACBP=A9
 0002:000001E8 00000008 C=DATA     S=.data    G=DGROUP   M=ExptIntf ACBP=A9
 0002:000001F0 0000011A C=DATA     S=.data    G=DGROUP   M=VCLEditors ACBP=A9
 0002:0000030C 00000008 C=DATA     S=.data    G=DGROUP   M=DMForm   ACBP=A9
 0002:00000314 00000006 C=DATA     S=.data    G=DGROUP   M=DesignWindows ACBP=A9
 0002:0000031C 00000004 C=DATA     S=.data    G=DGROUP   M=ColnEdit ACBP=A9
 0002:00000320 0000009C C=DATA     S=.data    G=DGROUP   M=VCLSurface ACBP=A9
 0002:000003BC 00000004 C=DATA     S=.data    G=DGROUP   M=MenuTmpl ACBP=A9
 0002:000003C0 00000005 C=DATA     S=.data    G=DGROUP   M=MnuBuild ACBP=A9
 0002:000003C8 0000001C C=DATA     S=.data    G=DGROUP   M=MetaSupport ACBP=A9
 0002:000003E4 00000004 C=DATA     S=.data    G=DGROUP   M=OCXReg   ACBP=A9
 0002:00001000 00000018 C=BSS      S=.bss     G=DGROUP   M=SysInit  ACBP=A9
 0002:00001018 00000004 C=BSS      S=.bss     G=DGROUP   M=DsnConst ACBP=A9
 0002:0000101C 00000004 C=BSS      S=.bss     G=DGROUP   M=Windows  ACBP=A9
 0002:00001020 00000004 C=BSS      S=.bss     G=DGROUP   M=Messages ACBP=A9
 0002:00001024 00000004 C=BSS      S=.bss     G=DGROUP   M=VirtIntf ACBP=A9
 0002:00001028 00000004 C=BSS      S=.bss     G=DGROUP   M=CommCtrl ACBP=A9
 0002:0000102C 00000004 C=BSS      S=.bss     G=DGROUP   M=Imm      ACBP=A9
 0002:00001030 00000004 C=BSS      S=.bss     G=DGROUP   M=ShlObj   ACBP=A9
 0002:00001034 00000004 C=BSS      S=.bss     G=DGROUP   M=UrlMon   ACBP=A9
 0002:00001038 00000004 C=BSS      S=.bss     G=DGROUP   M=WinInet  ACBP=A9
 0002:0000103C 00000004 C=BSS      S=.bss     G=DGROUP   M=RegStr   ACBP=A9
 0002:00001040 00000004 C=BSS      S=.bss     G=DGROUP   M=ShellAPI ACBP=A9
 0002:00001044 00000004 C=BSS      S=.bss     G=DGROUP   M=WinSpool ACBP=A9
 0002:00001048 00000004 C=BSS      S=.bss     G=DGROUP   M=CommDlg  ACBP=A9
 0002:0000104C 00000004 C=BSS      S=.bss     G=DGROUP   M=Dlgs     ACBP=A9
 0002:00001050 00000004 C=BSS      S=.bss     G=DGROUP   M=IStreams ACBP=A9
 0002:00001054 00000004 C=BSS      S=.bss     G=DGROUP   M=DesignMenus ACBP=A9
 0002:00001058 00000030 C=BSS      S=.bss     G=DGROUP   M=DesignIntf ACBP=A9
 0002:00001088 00000004 C=BSS      S=.bss     G=DGROUP   M=RichEdit ACBP=A9
 0002:0000108C 00000008 C=BSS      S=.bss     G=DGROUP   M=ToolsAPI ACBP=A9
 0002:00001094 00000004 C=BSS      S=.bss     G=DGROUP   M=DesignConst ACBP=A9
 0002:00001098 00000004 C=BSS      S=.bss     G=DGROUP   M=Designer ACBP=A9
 0002:0000109C 0000000C C=BSS      S=.bss     G=DGROUP   M=Proxies  ACBP=A9
 0002:000010A8 00000018 C=BSS      S=.bss     G=DGROUP   M=DesignEditors ACBP=A9
 0002:000010C0 00000004 C=BSS      S=.bss     G=DGROUP   M=LibConst ACBP=A9
 0002:000010C4 00000004 C=BSS      S=.bss     G=DGROUP   M=Update   ACBP=A9
 0002:000010C8 00000004 C=BSS      S=.bss     G=DGROUP   M=ToolUtils ACBP=A9
 0002:000010CC 00000004 C=BSS      S=.bss     G=DGROUP   M=Events   ACBP=A9
 0002:000010D0 00000004 C=BSS      S=.bss     G=DGROUP   M=EditIntf ACBP=A9
 0002:000010D4 0000000C C=BSS      S=.bss     G=DGROUP   M=TreeIntf ACBP=A9
 0002:000010E0 00000008 C=BSS      S=.bss     G=DGROUP   M=TopLevels ACBP=A9
 0002:000010E8 0000001C C=BSS      S=.bss     G=DGROUP   M=ComponentDesigner ACBP=A9
 0002:00001104 0000000C C=BSS      S=.bss     G=DGROUP   M=StFilSys ACBP=A9
 0002:00001110 00000004 C=BSS      S=.bss     G=DGROUP   M=StringsEdit ACBP=A9
 0002:00001114 00000004 C=BSS      S=.bss     G=DGROUP   M=ValueEdit ACBP=A9
 0002:00001118 00000004 C=BSS      S=.bss     G=DGROUP   M=StrEdit  ACBP=A9
 0002:0000111C 00000004 C=BSS      S=.bss     G=DGROUP   M=DeskStrs ACBP=A9
 0002:00001120 00000015 C=BSS      S=.bss     G=DGROUP   M=DeskForm ACBP=A9
 0002:00001138 0000000C C=BSS      S=.bss     G=DGROUP   M=IDEMessages ACBP=A9
 0002:00001144 00000004 C=BSS      S=.bss     G=DGROUP   M=IDEDockPanel ACBP=A9
 0002:00001148 00000004 C=BSS      S=.bss     G=DGROUP   M=IDEDockCtrls ACBP=A9
 0002:0000114C 00000004 C=BSS      S=.bss     G=DGROUP   M=JoinDock ACBP=A9
 0002:00001150 0000000C C=BSS      S=.bss     G=DGROUP   M=DeskUtil ACBP=A9
 0002:0000115C 00000004 C=BSS      S=.bss     G=DGROUP   M=DockForm ACBP=A9
 0002:00001160 00000008 C=BSS      S=.bss     G=DGROUP   M=BaseDock ACBP=A9
 0002:00001168 00000004 C=BSS      S=.bss     G=DGROUP   M=TabDock  ACBP=A9
 0002:0000116C 00000004 C=BSS      S=.bss     G=DGROUP   M=IDEMenuAction ACBP=A9
 0002:00001170 00000004 C=BSS      S=.bss     G=DGROUP   M=IDECommandButton ACBP=A9
 0002:00001174 00000004 C=BSS      S=.bss     G=DGROUP   M=ToolForm ACBP=A9
 0002:00001178 00000004 C=BSS      S=.bss     G=DGROUP   M=DockToolForm ACBP=A9
 0002:0000117C 00000004 C=BSS      S=.bss     G=DGROUP   M=LibHelp  ACBP=A9
 0002:00001180 00000004 C=BSS      S=.bss     G=DGROUP   M=PicEdit  ACBP=A9
 0002:00001184 00000008 C=BSS      S=.bss     G=DGROUP   M=DsnCmds  ACBP=A9
 0002:0000118C 0000000C C=BSS      S=.bss     G=DGROUP   M=EditorViewSupport ACBP=A9
 0002:00001198 00000004 C=BSS      S=.bss     G=DGROUP   M=FileIntf ACBP=A9
 0002:0000119C 00000004 C=BSS      S=.bss     G=DGROUP   M=ToolIntf ACBP=A9
 0002:000011A0 00000004 C=BSS      S=.bss     G=DGROUP   M=ExptIntf ACBP=A9
 0002:000011A4 00000008 C=BSS      S=.bss     G=DGROUP   M=PropertyCategories ACBP=A9
 0002:000011AC 00000004 C=BSS      S=.bss     G=DGROUP   M=Surface  ACBP=A9
 0002:000011B0 00000008 C=BSS      S=.bss     G=DGROUP   M=VCLEditors ACBP=A9
 0002:000011B8 00000004 C=BSS      S=.bss     G=DGROUP   M=DMForm   ACBP=A9
 0002:000011BC 00000004 C=BSS      S=.bss     G=DGROUP   M=DesignWindows ACBP=A9
 0002:000011C0 00000004 C=BSS      S=.bss     G=DGROUP   M=ToolWnds ACBP=A9
 0002:000011C4 00000004 C=BSS      S=.bss     G=DGROUP   M=ColnEdit ACBP=A9
 0002:000011C8 00000004 C=BSS      S=.bss     G=DGROUP   M=VCLMenus ACBP=A9
 0002:000011CC 00000004 C=BSS      S=.bss     G=DGROUP   M=VCLSprigs ACBP=A9
 0002:000011D0 00000014 C=BSS      S=.bss     G=DGROUP   M=VCLSurface ACBP=A9
 0002:000011E4 00000004 C=BSS      S=.bss     G=DGROUP   M=WCtlForm ACBP=A9
 0002:000011E8 00000004 C=BSS      S=.bss     G=DGROUP   M=MnuConst ACBP=A9
 0002:000011EC 00000004 C=BSS      S=.bss     G=DGROUP   M=MenuTmpl ACBP=A9
 0002:000011F0 00000004 C=BSS      S=.bss     G=DGROUP   M=MtSvDlg  ACBP=A9
 0002:000011F4 00000004 C=BSS      S=.bss     G=DGROUP   M=MnuSelct ACBP=A9
 0002:000011F8 00000004 C=BSS      S=.bss     G=DGROUP   M=MtDeDlg  ACBP=A9
 0002:000011FC 00000004 C=BSS      S=.bss     G=DGROUP   M=MtInDlg  ACBP=A9
 0002:00001200 00000004 C=BSS      S=.bss     G=DGROUP   M=MtMisc   ACBP=A9
 0002:00001204 00000004 C=BSS      S=.bss     G=DGROUP   M=MnuFile  ACBP=A9
 0002:00001208 00000004 C=BSS      S=.bss     G=DGROUP   M=MnuBuild ACBP=A9
 0002:0000120C 00000004 C=BSS      S=.bss     G=DGROUP   M=MetaSupport ACBP=A9
 0002:00001210 00000004 C=BSS      S=.bss     G=DGROUP   M=OCXReg   ACBP=A9


  Address         Publics by Name

 0002:00001098       .01
 0002:000010DC       .02
 0002:00001088       .1
 0002:00001150       .1
 0002:00001140       .1
 0002:000011D0       .1
 0002:0000117C       .1
 0002:0000120C       .1
 0002:00001048       .1
 0002:000011E8       .1
 0002:0000109C       .1
 0002:0000104C       .1
 0002:00001054       .1
 0002:00001018       .1
 0002:00001020       .1
 0002:00001204       .1
 0002:000010E0       .1
 0002:00001028       .1
 0002:0000102C       .1
 0002:000010C0       .1
 0002:00001030       .1
 0002:00001010       .1
 0002:0000103C       .1
 0002:00001200       .1
 0002:00001038       .1
 0002:00001094       .1
 0002:00001034       .1
 0002:00001040       .1
 0002:0000111C       .1
 0002:000010E8       .12
 0002:0000115C       .2
 0002:00001164       .2
 0002:00001168       .2
 0002:00001170       .2
 0002:00001174       .2
 0002:00001178       .2
 0002:00001188       .2
 0002:00001198       .2
 0002:000011AC       .2
 0002:00001024       .2
 0002:000011BC       .2
 0002:000011C0       .2
 0002:000011F8       .2
 0002:000010CC       .2
 0002:000011F4       .2
 0002:000010C8       .2
 0002:000011FC       .2
 0002:000011F0       .2
 0002:0000114C       .2
 0002:00001148       .2
 0002:00001128       .2
 0002:00001114       .2
 0002:00001110       .2
 0002:00001144       .3
 0002:000011A0       .3
 0002:0000101C       .3
 0002:000011B8       .3
 0002:000011C4       .3
 0002:00001044       .3
 0002:00001090       .3
 0002:000011E4       .3
 0002:000011EC       .3
 0002:000010C4       .4
 0002:000011A4       .4
 0002:00001118       .4
 0002:000011B4       .41
 0002:00001050       .5
 0002:0000119C       .5
 0002:00001194       .5
 0002:000010D0       .51
 0002:00001180       .6
 0002:000011C8       .6
 0002:0000116C       .6
 0002:00001084       .7
 0002:0000110C       .7
 0002:000011CC       .7
 0002:000010AC       .72
 0002:00001210       .8
 0002:00001208       .9
 0001:0005BDB0       @GetPackageInfoTable
 0001:000004D8       @InitPkg
 0001:0000053C       @PackageLoad
 0001:0005BDB8       @PackageLoad
 0001:0005BDC4       @PackageUnload
 0001:00000548       @PackageUnload
 0002:00000200       ActionClasses
 0001:0001C4BC       ActivateTopLevelComponent
 0001:0002C358       ActiveDesigner
 0001:0002C3A8       ActiveRoot
 0001:0004BB90       AddComponents
 0001:00029B50       AddComponents
 0001:0004B4FC       AddComponentVerbs
 0001:0004BB14       AddControls
 0001:0004AAB8       AddFormLocalMenu
 0002:000001AC       AddMainFormCreatedEvent
 0002:000001B4       AddMainFormShownEvent
 0001:0004AE5C       AddModuleLocalMenu
 0001:0004B2A4       AddModuleVerbs
 0001:000133C4       AddNestedObjects
 0001:0000A3A0       AddProxy
 0001:0004B3B4       AddSelectionVerbs
 0001:00015604       AddToList
 0001:0000880C       Adjust
 0001:00056318       AdjustWindowItems
 0002:00000390       Affects
 0001:0000A768       AllocMethod
 0001:000003D8       AllocTlsBuffer
 0001:00027844       AncestorInSelection
 0001:00010BE4       AncestorNameMatches
 0001:000406CC       AnotherObject
 0001:0004BAD4       ApproveControls
 0001:00035EEC       BaseDock
 0002:000001F4       BaseRegistryKey
 0001:000008BC       BeginDeferWindowPos
 0001:00031D04       BeginDesktopUpdate
 0001:000008C4       BeginPaint
 0001:00014AB8       BeginStream
 0002:0000108C       BorlandIDEServices
 0001:00053F74       BreakConnections
 0001:0004F690       BuildTemplateFileName
 0001:000213FC       CalcComponentName
 0001:00059E40       CalculatePageCount
 0001:000008CC       CallNextHookEx
 0001:00014EDC       CallUpdateds
 0001:0001C53C       CaptionFromComponent
 0001:000530B8       CaptionToName
 0001:000115E0       Cast
 0002:000003DC       cBorderColor
 0002:00000130       cDeleteStyle
 0001:00028F28       Center
 0002:000011B0       CF_COMPONENTS
 0001:0003CA64       ChangeIfNot
 0001:0000A9B4       ChangeToProxyClass
 0001:0004C37C       CharEvent
 0001:0000EC68       CheckChainCall
 0001:0004B828       CheckContainersOf
 0001:00056458       CheckForDescendants
 0001:00051194       CheckForDuplicate
 0001:000268B8       CheckForFrameComponents
 0001:00051B18       CheckForItemOption
 0001:00051AC0       CheckForLoadOption
 0001:00051C1C       CheckForMemoryOption
 0001:00024A10       CheckNoFixups
 0001:00031B7C       CheckUpdatesDisabled
 0002:00000128       CImageIndex
 0001:00010BA0       ClassInheritsFrom
 0001:0001FA70       ClearComponentDependencies
 0001:000008D4       ClientToScreen
 0001:000008DC       ClipCursor
 0002:0000002C       CLocalMenusIf
 0002:000001C4       CloseActions
 0002:000003D4       CMetaSaveExtensions
 0002:0000031C       CollectionEditorsList
 0001:0004541C       ColnEdit
 0001:0003F810       ColorToBorderColor
 0001:00001A28       CommCtrl
 0001:00002780       CommDlg
 0001:00023338       CompareEventPrefix
 0002:000000BC       ComponentClassList
 0001:0002EBD4       ComponentDesigner
 0001:0001C408       ComponentFromWindow
 0001:000563DC       ConstructList
 0002:00000320       ContainerWindowClass
 0001:0001EBC4       ContainsComponentOfClass
 0001:0003B8A0       ContextResurrect
 0001:0003B628       ContextToDesigner
 0001:0003B7CC       ContextToFilename
 0001:0003B6F4       ContextToFormEditor
 0001:0003B858       ContextToModule
 0001:0003B5B0       ContextToRootComponent
 0002:000010D4       CopySprigGlyphFunc
 0001:000405D8       CopyStreamToClipboard
 0001:00040574       CopyToClipboard
 0001:00053468       CorrectItem
 0001:000212E0       CountComponents
 0001:00029AE4       CountItems
 0001:0003EC40       CreateAction
 0001:0004E660       CreateDragTarget
 0001:0000087C       CreateFontIndirect
 0001:00014BC0       CreateFromAncestor
 0001:0003EB1C       CreateMaskedBmp
 0001:00022EE8       CreateMethods
 0001:0001FEF4       CreateNew
 0001:00053FF8       CreateNew
 0001:0000A4D4       CreateProxyClass
 0001:0000A5CC       CreateProxyMethod
 0001:00004398       CreateSelectionList
 0001:0004A970       CreateSpecialItems
 0001:0000A990       CreateSubClass
 0001:0000A8F4       CreateSubClass
 0001:0000AB2C       CreateSubClassMethod
 0001:0005123C       CreateTheTemplate
 0001:00014EC0       CreateUpdateObjects
 0001:00000B28       CreateWindow
 0001:000008E4       CreateWindowEx
 0002:00000134       CStateIndex
 0002:00000118       CUIControlImageIndex
 0002:00000370       CursorNames
 0002:000010F8       CustomModules
 0001:0003EEB8       DefaultPropertyDrawName
 0001:0003EF28       DefaultPropertyDrawValue
 0001:0003EF98       DefaultPropertyListDrawValue
 0002:0000113C       DeferDoLayoutMsg
 0002:00001138       DeferRecalcVisibleMsg
 0001:000008F4       DeferWindowPos
 0001:000008EC       DefWindowProc
 0001:00014E98       DeleteDeleted
 0001:000564C8       DeleteMenuItems
 0001:00000884       DeleteObject
 0001:00056528       DeleteWindowItems
 0002:00000034       Deltas
 0001:00006F9C       DesignConst
 0001:00011EC0       DesignEditors
 0001:0000A398       Designer
 0002:00001100       DesignerFuncs
 0001:0002C340       Designers
 0002:000001FC       DesignersList
 0001:0005BDD0       designide
 0001:00004620       DesignIntf
 0001:0000325C       DesignMenus
 0002:000010F4       DesignNotifications
 0001:000424B8       DesignWindows
 0001:00032C64       DeskForm
 0001:00031908       DeskStrs
 0002:00001154       DesktopFormClasses
 0002:0000112C       DesktopForms
 0002:00001158       DesktopProcs
 0002:00001130       DesktopUpdateCount
 0001:00034AC0       DeskUtil
 0001:00035818       DestroyDockHosts
 0001:0000A800       DestroyHook
 0001:0000A590       DestroyProxyClass
 0001:0000A6D4       DestroyProxyMethod
 0001:0000A9F8       DestroySubClass
 0001:0000ABE8       DestroySubClassMethod
 0001:000008FC       DestroyWindow
 0001:00056198       DetermineInsertPosition
 0002:000003C4       DINFileExist
 0001:00000904       DispatchMessage
 0001:000027B8       Dlgs
 0001:000419D8       DMForm
 0001:00027BCC       DoAlignToGrid
 0001:00035610       DockForm
 0002:000001BC       DockHostClasses
 0001:00039AC8       DockToolForm
 0001:0001C37C       DoComponentFromWindow
 0001:0001A0F8       DoCustomDelete
 0001:00034A10       DoDesktopLoadProcs
 0001:00034A28       DoDesktopSaveProcs
 0001:00027CE4       DoFlip
 0001:00014D9C       DoInsertInserted
 0001:00023CA0       DoMethod
 0001:00024638       DoMethod
 0001:00034A40       DoneDeskUtil
 0001:00027D28       DoRevert
 0001:0000081C       DosDateTimeToFileTime
 0001:00027CF0       DoTextDFM
 0002:000001CC       DownStyles
 0002:000011E0       DragClassRegistry
 0002:000011DC       DragTargetList
 0001:00059A24       DrawBounds
 0001:0000090C       DrawEdge
 0001:00000914       DrawFocusRect
 0001:0000091C       DrawFrameControl
 0001:00000924       DrawIconEx
 0001:0004890C       DrawMarker
 0001:0004CDD4       DrawPixels
 0001:0004894C       DrawSelection
 0001:0000092C       DrawText
 0002:000001DC       DropdownStyles
 0002:000011D4       DsgnWindowAtom
 0001:0003ABE8       DsnCmds
 0002:00001184       DsnCommands
 0001:00000814       DsnConst
 0001:00040C28       EditActionFor
 0001:00016714       EditIntf
 0002:000010BC       EditorGroupList
 0002:000001E4       EditorViewList
 0001:0003BA14       EditorViewSupport
 0002:00000174       Empty
 0002:00000150       EmptyPoint
 0002:0000030C       EmptyPoint
 0002:00000140       EmptyRect
 0001:00000934       EndDeferWindowPos
 0001:00031D14       EndDesktopUpdate
 0001:0000093C       EndPaint
 0001:00014B68       EndStream
 0001:0003E984       EnumActions
 0001:00000944       EnumWindows
 0001:00057E80       EraseAll
 0001:0002FE7C       Error
 0001:00024788       Error
 0001:0000D3A8       Error
 0001:00015A44       Events
 0002:00000170       EvRootActivatedEvent
 0002:00000028       ExceptionHandler
 0001:00000484       ExitProcessTLS
 0001:0000045C       ExitThreadTLS
 0001:00009480       ExpandRect
 0001:0003C434       ExptIntf
 0001:00007BC8       ExtractComponent
 0001:000145D0       ExtractManager
 0001:00007B44       ExtractPersistent
 0001:000440B8       FetchItems
 0001:0003BB14       FileIntf
 0001:0000094C       FillRect
 0002:000001D4       FillStyles
 0001:00039AD0       Finalization
 0001:0000AC64       Finalization
 0001:0003AA44       Finalization
 0001:00039A98       Finalization
 0001:000390F8       Finalization
 0001:00059698       Finalization
 0001:00038894       Finalization
 0001:0003ABB8       Finalization
 0001:00037114       Finalization
 0001:000366D8       Finalization
 0001:00035EB0       Finalization
 0001:000355C4       Finalization
 0001:0000A368       Finalization
 0001:00034A88       Finalization
 0001:0003B9D8       Finalization
 0001:0003BAE4       Finalization
 0001:0003C268       Finalization
 0001:00034400       Finalization
 0001:00033F9C       Finalization
 0001:0003C404       Finalization
 0001:00033A34       Finalization
 0001:00032CB8       Finalization
 0001:00032C34       Finalization
 0001:000318D8       Finalization
 0001:0003D0D8       Finalization
 0001:00000B5C       Finalization
 0001:0003D678       Finalization
 0001:000318A0       Finalization
 0001:00030954       Finalization
 0001:00000BD4       Finalization
 0001:00030628       Finalization
 0001:0003020C       Finalization
 0001:0002EB58       Finalization
 0001:00001638       Finalization
 0001:000019F8       Finalization
 0001:000024B8       Finalization
 0001:00040D70       Finalization
 0001:00002560       Finalization
 0001:000419A8       Finalization
 0001:00002598       Finalization
 0001:00042488       Finalization
 0001:000025D0       Finalization
 0001:00042B1C       Finalization
 0001:00002608       Finalization
 0001:000453D8       Finalization
 0001:00002640       Finalization
 0001:00046348       Finalization
 0001:000026C8       Finalization
 0001:000471AC       Finalization
 0001:0005255C       Finalization
 0001:00002750       Finalization
 0001:00002788       Finalization
 0001:00006F6C       Finalization
 0001:00051444       Finalization
 0001:00006E78       Finalization
 0001:0001C68C       Finalization
 0001:00050D80       Finalization
 0001:00050A60       Finalization
 0001:0001C2A0       Finalization
 0001:00003024       Finalization
 0001:00004890       Finalization
 0001:000045F0       Finalization
 0001:0000322C       Finalization
 0001:00050794       Finalization
 0001:00050450       Finalization
 0001:000007E4       Finalization
 0001:00000554       Finalization
 0001:000166E4       Finalization
 0001:0005A590       Finalization
 0001:00050004       Finalization
 0001:00015A14       Finalization
 0001:00015750       Finalization
 0001:000152FC       Finalization
 0001:0005B958       Finalization
 0001:0004E940       Finalization
 0001:00012040       Finalization
 0001:0004F378       Finalization
 0001:00011E4C       Finalization
 0001:0004F490       Finalization
 0001:00017DF0       FindBestRootSprigClass
 0001:00017DCC       FindBestRootSprigClass
 0001:00017D08       FindBestSprigClass
 0001:00017CE4       FindBestSprigClass
 0001:0001FC6C       FindComponent
 0001:0003EA64       FindComponentByClass
 0001:000241F8       FindComponentDependencies
 0001:00053CA0       FindCtlForItem
 0001:0002F398       FindFormAndComponent
 0001:00053C88       FindGenesisOfMenuItem
 0001:00053B4C       FindItemWinForMenu
 0001:00057310       FindNewBounds
 0001:000245C4       FindNewValue
 0001:000545A8       FindParentItem
 0001:0000A66C       FindProxyMethod
 0001:00021A78       FindRootClass
 0001:0004DC64       FindScanline
 0001:0001C424       FindTopComponent
 0001:00022AA4       FindUniqueMethod
 0001:00014BA4       FixupComponents
 0001:00000824       FlushFileBuffers
 0001:00017E3C       FlushSprigTypes
 0001:000348F4       FocusWindow
 0002:000001F0       FontNamePropertyDisplayFontNames
 0001:000156B4       ForEach
 0001:0004C6A0       FormClose
 0001:0003D0C0       FreeCategoryGroup
 0001:00010D20       FreeEditorGroup
 0001:000003A0       FreeLibrary
 0001:0000A790       FreeMethod
 0001:0000A7AC       FreeMethods
 0001:00055678       FreeTemplate
 0001:00000954       GetActiveWindow
 0001:000125DC       GetAncestorUpdates
 0001:00053660       GetBitMapWidth
 0001:0000088C       GetBkMode
 0001:0000095C       GetCapture
 0001:00000964       GetClassInfo
 0001:0000096C       GetClientRect
 0001:00040770       GetClipboardStream
 0001:00010128       GetComponentEditor
 0001:0000F7DC       GetComponentProperties
 0001:0000082C       GetCurrentThreadId
 0001:00000974       GetCursor
 0001:0004DC74       GetCursorHeightMargin
 0001:0000097C       GetCursorPos
 0001:0003F4D4       GetCustomColors
 0001:00000984       GetDC
 0001:00000894       GetDeviceCaps
 0001:0003EE80       GetDisplayValue
 0002:00000198       GetDockable
 0001:0000F4F4       GetEditorClass
 0001:00040CAC       GetEditStateFor
 0002:000001A0       GetFieldAddress
 0001:00000834       GetFileTime
 0001:0000098C       GetIconInfo
 0001:0000099C       GetKeyboardState
 0001:00000994       GetKeyState
 0001:00054EB4       GetMenuFont
 0001:0001F840       GetNonAncestorNames
 0001:0005ABA0       GetOleObjectClassRec
 0001:0004C41C       GetPaintInfo
 0001:000009A4       GetParent
 0001:0002D658       GetPropertyValue
 0001:000112A8       GetSelectedType
 0001:000106C8       GetSelectionEditors
 0001:00010840       GetSelectionEditors
 0001:000108B8       GetSelectionEditors
 0001:0000089C       GetStockObject
 0001:000009AC       GetSystemMetrics
 0001:000003E4       GetTlsSize
 0002:000010A8       GetTopLevelComponentFunc
 0001:00054804       GetTopLevelItem
 0001:0000083C       GetUserDefaultLCID
 0001:00011484       GetVariantStr
 0001:0004E468       GetVCLDesignSurface
 0001:000009B4       GetWindowLong
 0001:000009BC       GetWindowPlacement
 0001:000009C4       GetWindowRect
 0002:000003BC       GLoadedTemplatesFrom
 0001:00000844       GlobalAddAtom
 0001:0000084C       GlobalAlloc
 0001:00000854       GlobalLock
 0001:0000085C       GlobalSize
 0001:00000864       GlobalUnlock
 0002:00000348       GrabHandleWindowClass
 0001:00049E90       GrabHandleWndProc
 0002:00000054       GReferenceExpandable
 0001:0004E890       GroupChanged
 0001:0001EB6C       GroupChangeNotification
 0002:000010B8       GroupNotifyList
 0002:00000114       GShowClassNameInTreeView
 0002:00000058       GShowReadOnlyProps
 0001:000565B8       HandleEmptyMenu
 0001:00055AD0       HandleEscape
 0001:00008DB4       HandleEscape
 0001:0005593C       HandleHomeEnd
 0001:00057448       HandleNewItem
 0002:000010E4       Handlers
 0001:00055EA0       HandleVKRight
 0001:00054034       HideOthers
 0002:0000100C       HInstance
 0001:0004D40C       HintGetMsgHook
 0002:000011D8       HintHook
 0001:0004D4B0       HookHintHooks
 0002:00001160       HostDockFormList
 0001:000388C4       IDECommandButton
 0001:00033FCC       IDEDockCtrls
 0001:00033A64       IDEDockPanel
 0002:0000019C       IDEIniFile
 0001:00037144       IDEMenuAction
 0001:00032CE8       IDEMessages
 0001:000019F0       ImageList_Draw
 0001:00045BEC       IMainMenuFor
 0001:00045C3C       IMenuItemFor
 0001:00045C64       IMenuItemsFor
 0001:000024E8       Imm
 0001:000009CC       InflateRect
 0001:0004E4E0       InitAtom
 0001:0004B064       InitBaseMenu
 0001:00032C74       InitGlobals
 0001:0002EB0C       InitializeDesigners
 0002:00001120       InitializeForm
 0001:000004A8       InitializeModule
 0001:00000430       InitProcessTLS
 0001:000003EC       InitThreadTLS
 0001:00014E28       InsertInserted
 0001:0000F37C       InterfaceInheritsFrom
 0002:000010EC       InternalDesigners
 0001:0004B6DC       InternalFindContainer
 0002:000011A8       InternalPropertyCategoryList
 0002:0000013C       InternalRootSprigList
 0002:00000124       InternalRootSprigTypeList
 0002:00000120       InternalSprigTypeList
 0001:000009D4       InvalidateRect
 0001:00045C14       IPopupMenuFor
 0001:00025908       IsANestableModule
 0001:0001C5D0       IsComponentDesigner
 0001:0004C028       IsDblClick
 0001:0004E848       IsDesignDragObject
 0001:00031D34       IsDesktopLocked
 0001:0002418C       IsExternalLink
 0001:00053030       IsFocusable
 0001:000009DC       IsIconic
 0001:00025528       IsInterestingClass
 0001:00053084       IsItemEmpty
 0001:0001E8FC       IsNoIconComponent
 0001:00055B14       IsOkToEdit
 0001:0002406C       IsOwnedBy
 0001:00043418       IsOwnedBy
 0001:0003D014       IsPropertyInCategory
 0001:0003CFF0       IsPropertyInCategory
 0001:0000AC08       IsProxyClass
 0001:000009E4       IsRectEmpty
 0001:00054C2C       IsSelection
 0001:000547C8       IsThisAMainMenu
 0001:000530AC       IsThisChicago
 0001:00003054       IStreams
 0001:000009EC       IsWindowVisible
 0001:00048858       ItemFor
 0001:000441D8       ItemsEqual
 0001:00021DDC       IterateObjectMethods
 0001:00034430       JoinDock
 0001:0004C2A8       KeyEvent
 0002:00000398       KeyMap
 0001:000009F4       KillTimer
 0001:00012070       LibConst
 0001:00039B00       LibHelp
 0002:000001E8       LibraryExpertProc
 0002:00000030       LibraryWizardProc
 0001:0003CA78       ListedCategory
 0001:000009FC       LoadBitmap
 0001:00000A04       LoadCursor
 0001:000349A8       LoadDesktopFormClasses
 0002:00001124       LoadedDesktopFormInstances
 0001:0005245C       LoadMenuFromResource
 0001:0004FE78       LoadMenuTemplateManagerFromDisk
 0001:000003A8       LocalAlloc
 0001:0000086C       LocalFileTimeToFileTime
 0001:000003B0       LocalFree
 0001:0001AD24       MakeExpanded
 0001:0005AFC0       MapOleCustomProperty
 0001:00000A0C       MapWindowPoints
 0001:0003C778       MatchClass
 0001:0001A6B8       MatchingItem
 0001:0003C748       MatchName
 0001:0003C7B4       MatchType
 0001:00053290       MenuAutoName
 0001:00050F84       MenuClone
 0002:000003C0       MenuEditor
 0001:00050FF4       MenuTemplateDelete
 0001:00051114       MenuTemplateInsert
 0001:000512B8       MenuTemplateSave
 0001:00050040       MenuTmpl
 0001:000534C8       MenuTreeAutoName
 0001:00000A14       MessageBeep
 0001:00000C04       Messages
 0001:00059E94       MetaPrint
 0002:000003C8       MetaPrintBorderSize
 0002:000003CC       MetaPrintHeaderSize
 0002:000003D0       MetaPrintOverlapSize
 0001:00059824       MetaSave
 0001:0005A5D8       MetaSupport
 0002:000010A0       MethodNumbers
 0001:00012464       MethodsEqual
 0001:000596D4       MnuBuild
 0001:0004F4C0       MnuConst
 0001:0005258C       MnuFile
 0001:000507C4       MnuSelct
 0002:00000204       ModalResults
 0001:00053940       ModifySettings
 0002:00000000       Module
 0002:00001000       ModuleIsLib
 0002:00001001       ModuleIsPackage
 0001:0004C044       MouseEvent
 0001:0004CB64       MoveContainersFor
 0001:00008C78       MoveControls
 0001:00028D04       MoveControls
 0001:00057670       MoveDroppedMenus
 0001:00050A90       MtDeDlg
 0001:00050DB0       MtInDlg
 0001:00051474       MtMisc
 0001:00050480       MtSvDlg
 0001:00000874       MulDiv
 0001:00056094       NavTopUD
 0001:00048998       NewActionItem
 0001:0004B17C       NewContextItem
 0001:00010C70       NewEditorGroup
 0001:00053014       NewTransientMenuItem
 0002:000010F0       NoIconClasses
 0001:0000A854       NotificationHook
 0002:000001F8       NotifyActionListChange
 0001:00010CC4       NotifyGroupChange
 0001:0005B988       OCXReg
 0002:00000168       OffScreenPoint
 0002:00000158       OffScreenRect
 0001:00007AB8       OffsetRect
 0001:00000A1C       OffsetRect
 0002:000003E4       OleObjectClassList
 0001:00052FD8       OutputDebug
 0001:00052FD4       OutputDebug
 0001:0000A81C       OwnedBy
 0001:0004C47C       PaintEvent
 0001:0005214C       ParseMenu
 0001:00051C98       ParseMenuItem
 0001:00051E3C       ParsePopup
 0001:00052400       ParseResource
 0001:00000A24       PeekMessage
 0001:00055BE8       PerformSelectionActions
 0001:0003AA74       PicEdit
 0001:00007C48       PointZero
 0001:0004C5C8       PosChanged
 0001:0000C6D4       PossibleStream
 0001:00000A2C       PostMessage
 0001:00000A34       PostQuitMessage
 0002:0000005C       Precisions
 0002:00000070       PropClassMap
 0001:0003D128       PropertyCategories
 0001:0003D044       PropertyCategoryList
 0002:000010B0       PropertyClassList
 0002:000000B8       PropertyMapperList
 0001:0001E958       ProtectEnvironment
 0001:0000ACA0       Proxies
 0002:000010A4       ProxyList
 0001:00000A3C       PtInRect
 0001:00034DBC       PumpDockingMessages
 0001:00012920       ReadBinary
 0001:000008A4       Rectangle
 0001:0003E650       RegActions
 0001:000300B8       Register
 0001:0005B8AC       Register
 0001:0005965C       Register
 0001:00000A44       RegisterClass
 0001:00000A4C       RegisterClipboardFormat
 0001:00004194       RegisterComponentEditor
 0001:000100C4       RegisterComponentEditor
 0002:00001070       RegisterComponentEditorProc
 0002:0000118C       RegisterCustomEditorViewProc
 0001:0000452C       RegisterCustomModule
 0001:0001EB2C       RegisterCustomModuleImp
 0002:00001078       RegisterCustomModuleProc
 0001:000045D4       RegisterDesignDragObject
 0001:0004E7F8       RegisterDesignDragObject
 0002:00001080       RegisterDesignDragObjectProc
 0001:0001E974       RegisterDesignNotification
 0001:00004098       RegisterDesignNotification
 0002:00001058       RegisterDesignNotificationProc
 0001:00034924       RegisterDesktopFormClass
 0001:0003495C       RegisterDesktopProcs
 0001:000045AC       RegisterDragTarget
 0001:0004E6B4       RegisterDragTarget
 0002:0000107C       RegisterDragTargetProc
 0001:0003B584       RegisteredEditorViews
 0001:0002E9FC       RegisterEditors
 0001:0003B4B0       RegisterEditorView
 0002:000001A4       RegisterFieldAddress
 0001:0001C65C       RegisterHandler
 0001:0002EAC8       RegisterInitializeDesigner
 0001:0003C3E8       RegisterLibraryExpert
 0002:00000190       RegisterMainFormShown
 0002:00000180       RegisterMenu
 0001:0001E8AC       RegisterNoIcons
 0001:0005B848       RegisterOleObjectEditor
 0001:00006E2C       RegisterPackageWizard
 0001:00003FF8       RegisterPropertiesInCategory
 0001:00004048       RegisterPropertiesInCategory
 0001:00003F24       RegisterPropertiesInCategory
 0001:0000F3F8       RegisterPropertyEditor
 0001:000043C0       RegisterPropertyEditor
 0002:00001060       RegisterPropertyEditorProc
 0001:00003E6C       RegisterPropertyInCategory
 0001:00003EF8       RegisterPropertyInCategory
 0001:00003EC8       RegisterPropertyInCategory
 0001:0003D088       RegisterPropertyInCategory
 0001:00003E98       RegisterPropertyInCategory
 0002:00001068       RegisterPropertyInCategoryProc
 0001:00003E50       RegisterPropertyMapper
 0001:0000FC00       RegisterPropertyMapper
 0002:0000106C       RegisterPropertyMapperProc
 0001:00017D54       RegisterRootSprigType
 0001:00017D90       RegisterRootSprigType
 0001:0001067C       RegisterSelectionEditor
 0001:000044A4       RegisterSelectionEditor
 0002:00001074       RegisterSelectionEditorProc
 0001:00017C6C       RegisterSprigType
 0001:00017CA8       RegisterSprigType
 0001:00000A54       RegisterWindowMessage
 0001:00002638       RegStr
 0001:00000A5C       ReleaseCapture
 0001:00000A64       ReleaseDC
 0001:0000161C       ReleaseException
 0001:00057144       RelocateItemWindows
 0001:0004FE4C       RemoveComponents
 0001:00056CFC       RemoveExtraWindows
 0002:000001B0       RemoveMainFormCreatedEvent
 0002:000001B8       RemoveMainFormShownEvent
 0001:00000A6C       RemoveProp
 0001:0000A3D4       RemoveProxy
 0001:0000A42C       RenameProxyClass
 0001:000281E0       RenameRoot
 0001:0000AA9C       RenameSubClass
 0001:0000AB9C       RenameSubClassMethod
 0001:0000FDF8       ReplaceBest
 0001:000541C4       ReturnAppropriateWin
 0001:00056D34       ReturnAppropriateWindow
 0001:000048C0       RichEdit
 0001:000241B4       RootNameOfClassName
 0001:0001C020       RootSprigList
 0001:0001ECE4       SafeSave
 0001:0002880C       SameImplementation
 0001:00007B04       SameItem
 0001:0003F574       SaveCustomColors
 0001:000349D8       SaveDesktopFormClasses
 0001:00000A74       ScreenToClient
 0001:00054108       SearchForExisting
 0001:00054174       SearchForHidden
 0001:00053524       SelectAndMakeActive
 0002:000010B4       SelectionEditorDefinitionList
 0001:00040B54       SelectionMessageListOf
 0001:00029074       SelectionsAsItems
 0001:000293D0       SelectionsAsItems
 0001:000576D8       SelectItems
 0001:000008AC       SelectObject
 0001:000257B4       SendComponentsOf
 0001:00000A7C       SendMessage
 0002:000001C8       Separators
 0001:00000A84       SetActiveWindow
 0001:000008B4       SetBkMode
 0001:00000A8C       SetCapture
 0001:00022604       SetChildAncestors
 0001:00000A94       SetCursor
 0001:00000A9C       SetFocus
 0001:00055D68       SetInitialValues
 0001:00056D88       SetInitialValues
 0001:00057594       SetInitialValues
 0001:00057798       SetInitialValues
 0001:00000AA4       SetParent
 0001:00000AAC       SetProp
 0001:00050E84       SetPropertiesAndEvents
 0001:000043F4       SetPropertyEditorGroup
 0001:0000F498       SetPropertyEditorGroup
 0002:00001064       SetPropertyEditorGroupProc
 0001:0002D49C       SetPropertyValue
 0001:00000AB4       SetTimer
 0001:00000ABC       SetWindowLong
 0001:00000AC4       SetWindowPlacement
 0001:00000ACC       SetWindowPos
 0001:00000AD4       SetWindowsHookEx
 0001:00002670       ShellAPI
 0001:00002590       ShlObj
 0002:00000230       ShortCuts
 0001:00054230       ShowAndMove
 0001:00043254       ShowCollectionEditor
 0001:000430B4       ShowCollectionEditorClass
 0002:00000314       ShowCommands
 0001:0003484C       ShowDockableForm
 0001:00059A00       ShowProgress
 0001:00000ADC       ShowWindow
 0001:000249D8       SingularOrPlural
 0001:00056AD8       SizeSub
 0001:00056A10       SizeTop
 0001:000518B8       SkipComment
 0001:0005187C       SkipToEOL
 0001:00052104       SkipToMenuStart
 0001:00000B14       SmallPointToPoint
 0001:00019820       SortBySprigItemIndex
 0001:00028B60       SortItems
 0001:00028E30       SpaceEqually
 0001:00007C04       Spacing
 0001:0002F2BC       SplitComponentName
 0001:00030248       StFilSys
 0001:00013A28       StorableProperty
 0001:000318D0       StrEdit
 0001:00030658       StringsEdit
 0002:0000017C       StringsFileSystem
 0002:00001104       StringsFileSystemCounter
 0002:00001108       StringsFileSystemIndex
 0001:0003D6A8       Surface
 0001:000087E0       Swap
 0001:00000584       SysInit
 0001:00000AE4       SystemParametersInfo
 0001:00036708       TabDock
 0001:0001BF78       TAbstractCollectionSprig.Create
 0001:0001BF50       TAbstractSprig.Ghosted
 0001:0002F648       TActiveTStringsProperty.CreateNew
 0001:0002F6F0       TActiveTStringsProperty.Destroy
 0001:0002F768       TActiveTStringsProperty.Notification
 0001:0002F7B0       TActiveTStringsProperty.RenameComponent
 0001:0002F958       TActiveTStringsProperty.SetComponent
 0001:0002F8E0       TActiveTStringsProperty.SetModule
 0001:00004118       TBaseComponentEditor.Create
 0001:000044CC       TBaseCustomModule.Create
 0001:00004514       TBaseCustomModule.DesignClass
 0001:00035978       TBaseDockHostForm.CMDialogChar
 0001:000358E4       TBaseDockHostForm.Create
 0001:000359C8       TBaseDockHostForm.CreateDockParent
 0001:00035920       TBaseDockHostForm.Destroy
 0001:00035C70       TBaseDockHostForm.DoAddDockClient
 0001:00035C8C       TBaseDockHostForm.DoRemoveDockClient
 0001:000359CC       TBaseDockHostForm.DoUnDock
 0001:00035B50       TBaseDockHostForm.FormClose
 0001:00035CB4       TBaseDockHostForm.GetDockSiteControl
 0001:00035D78       TBaseDockHostForm.GetVisibleClientCount
 0001:00035B78       TBaseDockHostForm.ManualDockClient
 0001:00035BA0       TBaseDockHostForm.ResetCaption
 0001:00035CB8       TBaseDockHostForm.ResetStayOnTop
 0001:00035CB0       TBaseDockHostForm.SetDockable
 0001:00035A20       TBaseDockHostForm.UMFinalUndock
 0001:00035DB4       TBaseDockHostForm.UMNewClientFocused
 0001:00035E08       TBaseDockHostForm.WMActivate
 0001:000040D0       TBasePropertyEditor.Create
 0001:00004460       TBaseSelectionEditor.Create
 0001:0001F084       TBounder.Create
 0001:0001F2A8       TBounder.GetBounds
 0001:0001F3E0       TBounder.GetClientHeight
 0001:0001F40C       TBounder.GetClientWidth
 0001:0001F1B8       TBounder.GetHeight
 0001:0001F160       TBounder.GetLeft
 0001:0001F30C       TBounder.GetParent
 0001:0001F17C       TBounder.GetTop
 0001:0001F198       TBounder.GetWidth
 0001:0001F108       TBounder.Move
 0001:0001F2CC       TBounder.SetBounds
 0001:0001F274       TBounder.SetHeight
 0001:0001F1D8       TBounder.SetLeft
 0001:0001F20C       TBounder.SetTop
 0001:0001F240       TBounder.SetWidth
 0001:0001F3A8       TBounder.UpdateClientInfo
 0001:0003FAB4       TBrushStyleProperty.ListDrawValue
 0001:0003FC70       TBrushStyleProperty.ListMeasureHeight
 0001:0003FC3C       TBrushStyleProperty.ListMeasureWidth
 0001:0003FC88       TBrushStyleProperty.PropDrawName
 0001:0003FA20       TBrushStyleProperty.PropDrawValue
 0001:00040554       TCaptionProperty.GetAttributes
 0001:0000D4E4       TCharProperty.GetValue
 0001:0000D540       TCharProperty.SetValue
 0001:0001F4A0       TChildList.AddChild
 0001:0001F6D4       TChildrenList.AddChild
 0001:0001F700       TChildrenList.Create
 0001:0001F770       TChildrenList.ShouldInclude
 0001:00012C0C       TChildUpdateObjects.AddToAncestors
 0001:00012C38       TChildUpdateObjects.AddToDescendents
 0001:00012AAC       TChildUpdateObjects.Create
 0001:00012B50       TChildUpdateObjects.Destroy
 0001:00012B8C       TChildUpdateObjects.GetAncestor
 0001:00012BB0       TChildUpdateObjects.GetAncestorCount
 0001:00012BF0       TChildUpdateObjects.GetDescendentCount
 0001:00012BCC       TChildUpdateObjects.GetDescendents
 0001:0001F574       TClassPaletteItem.Create
 0001:0001F5C4       TClassPaletteItem.CreateComponent
 0001:0000DEEC       TClassProperty.GetAttributes
 0001:0000DF0C       TClassProperty.GetProperties
 0001:0000DFE0       TClassProperty.GetValue
 0001:00037618       TCmdButtonActionLink.AssignClient
 0001:0003763C       TCmdButtonActionLink.IsCheckedLinked
 0001:00037670       TCmdButtonActionLink.IsDropdownMenuLinked
 0001:000376A8       TCmdButtonActionLink.IsEnabledLinked
 0001:000376E0       TCmdButtonActionLink.IsEnableDropdownLinked
 0001:00037718       TCmdButtonActionLink.IsImageIndexLinked
 0001:00037750       TCmdButtonActionLink.IsPopupMenuLinked
 0001:00037784       TCmdButtonActionLink.SetChecked
 0001:000377A4       TCmdButtonActionLink.SetDropdownMenu
 0001:000377C4       TCmdButtonActionLink.SetEnabled
 0001:000377E4       TCmdButtonActionLink.SetEnableDropdown
 0001:00037808       TCmdButtonActionLink.SetImageIndex
 0001:00037828       TCmdButtonActionLink.SetPopupMenu
 0001:000433C4       TCollectionEditor.Activated
 0001:0004453C       TCollectionEditor.AddClick
 0001:00045064       TCollectionEditor.AMDeferUpdate
 0001:000453C0       TCollectionEditor.CanAdd
 0001:00043554       TCollectionEditor.CloseEditor
 0001:00044654       TCollectionEditor.DeleteClick
 0001:00043528       TCollectionEditor.DesignerClosed
 0001:000448B0       TCollectionEditor.FormClose
 0001:00044F8C       TCollectionEditor.FormCreate
 0001:00044FC0       TCollectionEditor.FormDestroy
 0001:00044838       TCollectionEditor.FormKeyPress
 0001:00044FF4       TCollectionEditor.FormResize
 0001:00043620       TCollectionEditor.GetItemName
 0001:000436F0       TCollectionEditor.GetRegKey
 0001:000437C0       TCollectionEditor.GetSelection
 0001:00043474       TCollectionEditor.ItemDeleted
 0001:00043588       TCollectionEditor.ItemsModified
 0001:00045004       TCollectionEditor.ListView1Change
 0001:00044828       TCollectionEditor.ListView1Click
 0001:00044DF0       TCollectionEditor.ListView1DragDrop
 0001:00044D94       TCollectionEditor.ListView1DragOver
 0001:0004533C       TCollectionEditor.ListView1KeyPress
 0001:000439BC       TCollectionEditor.LockState
 0001:00044C24       TCollectionEditor.MoveDownClick
 0001:00044AD4       TCollectionEditor.MoveUpClick
 0001:000451AC       TCollectionEditor.SelectAll
 0001:000450C4       TCollectionEditor.SelectAll1Click
 0001:0004516C       TCollectionEditor.SelectAllCommandUpdate
 0001:000439D0       TCollectionEditor.SelectionChanged
 0001:000450E0       TCollectionEditor.SelectionUpdate
 0001:00045274       TCollectionEditor.SelectNone
 0001:000439E4       TCollectionEditor.SetCollectionPropertyName
 0001:000433E4       TCollectionEditor.SetColOptions
 0001:00043AA8       TCollectionEditor.SetSelection
 0001:00043C2C       TCollectionEditor.UnlockState
 0001:00044304       TCollectionEditor.UpdateListbox
 0001:0001BA70       TCollectionItemSprig.AddType
 0001:0001BA94       TCollectionItemSprig.AddTypeCount
 0001:0001B9DC       TCollectionItemSprig.DragDropTo
 0001:0001BA38       TCollectionItemSprig.DragOverTo
 0001:0001B97C       TCollectionItemSprig.FigureParent
 0001:0001BAB8       TCollectionItemSprig.GetAddType
 0001:0001BAFC       TCollectionItemSprig.Ghosted
 0001:0001BA5C       TCollectionItemSprig.IncludeIndexInCaption
 0001:0001B9BC       TCollectionItemSprig.ItemIndex
 0001:0001B99C       TCollectionItemSprig.Name
 0001:0001BAE0       TCollectionItemSprig.Owner
 0001:000432C0       TCollectionProperty.Edit
 0001:00043370       TCollectionProperty.GetAttributes
 0001:000433A8       TCollectionProperty.GetColOptions
 0001:00043390       TCollectionProperty.GetEditorClass
 0001:0001B848       TCollectionSprig.AddType
 0001:0001B878       TCollectionSprig.AddTypeCount
 0001:0001B750       TCollectionSprig.Caption
 0001:0001B7F4       TCollectionSprig.Create
 0001:0001B71C       TCollectionSprig.CustomDelete
 0001:0001B708       TCollectionSprig.DeleteStyle
 0001:0001B8DC       TCollectionSprig.FigureChildren
 0001:0001B778       TCollectionSprig.FigureParent
 0001:0001B898       TCollectionSprig.GetAddType
 0001:0001B7AC       TCollectionSprig.Name
 0001:0001B8C0       TCollectionSprig.Owner
 0001:0001B798       TCollectionSprig.SortByIndex
 0001:0003F67C       TColorProperty.Edit
 0001:0003F728       TColorProperty.GetAttributes
 0001:0003F748       TColorProperty.GetValue
 0001:0003F768       TColorProperty.GetValues
 0001:0003F854       TColorProperty.ListDrawValue
 0001:0003F9E4       TColorProperty.ListMeasureHeight
 0001:0003F978       TColorProperty.ListMeasureWidth
 0001:0003F9FC       TColorProperty.PropDrawName
 0001:0003F780       TColorProperty.PropDrawValue
 0001:0003F9AC       TColorProperty.SetValue
 0001:00037974       TCommandButton.ActionChange
 0001:00037E98       TCommandButton.CalcButtonLayout
 0001:00038738       TCommandButton.CanAutoSize
 0001:00037CCC       TCommandButton.CheckMenuDropdown
 0001:00038884       TCommandButton.Click
 0001:0003880C       TCommandButton.CMDialogChar
 0001:0003784C       TCommandButton.Create
 0001:0003792C       TCommandButton.Destroy
 0001:00038194       TCommandButton.Draw
 0001:00037D3C       TCommandButton.DrawButtonGlyph
 0001:00037DCC       TCommandButton.DrawButtonText
 0001:00038208       TCommandButton.GetActionLinkClass
 0001:00037AF4       TCommandButton.ImageListChange
 0001:00038718       TCommandButton.IsImageIndexStored
 0001:00037B14       TCommandButton.Notification
 0001:00038210       TCommandButton.Paint
 0001:00037B90       TCommandButton.SetDisabledImages
 0001:00037BCC       TCommandButton.SetDropdownMenu
 0001:00037BF4       TCommandButton.SetEnabled
 0001:00037C28       TCommandButton.SetEnableDropDown
 0001:00037C38       TCommandButton.SetHotImages
 0001:00037B7C       TCommandButton.SetImageIndex
 0001:00037C74       TCommandButton.SetImages
 0001:00037CB0       TCommandButton.SetShowCaption
 0001:00037AEC       TCommandButton.UpdateImage
 0001:0003881C       TCommandButton.UpdateTracking
 0001:000385A0       TCommandButton.WMLButtonDblClk
 0001:000385D4       TCommandButton.WMLButtonDown
 0001:000386E4       TCommandButton.WMLButtonUp
 0001:0002B8EC       TCompInfo.ClearEvent
 0001:0002B7D4       TCompInfo.Create
 0001:0002B890       TCompInfo.Destroy
 0001:0002B970       TCompInfo.GetClassName
 0001:0002BA60       TCompInfo.GetComponentHandle
 0001:0002B9A4       TCompInfo.GetEventCount
 0001:0002B9C0       TCompInfo.GetEventInfo
 0001:0002BD34       TCompInfo.GetEventName
 0001:0002B9E4       TCompInfo.GetEventValue
 0001:0002BA7C       TCompInfo.GetNamePath
 0001:0002BC60       TCompInfo.GetSubInfo
 0001:0002BC10       TCompInfo.GetSubInfoCount
 0001:0002BAA0       TCompInfo.InitSubList
 0001:000413E4       TComponentContainer.CreateParams
 0001:00041334       TComponentContainer.WMHScroll
 0001:0004138C       TComponentContainer.WMVScroll
 0001:0002A098       TComponentDesigner.CancelModes
 0001:0002A0BC       TComponentDesigner.CopySelectionToStream
 0001:0002A0F0       TComponentDesigner.Create
 0001:0002A154       TComponentDesigner.DesignerOptionsChanged
 0001:0002A200       TComponentDesigner.EditAction
 0001:0002A234       TComponentDesigner.FindBaseClass
 0001:0002A2C4       TComponentDesigner.FindCustomModuleClass
 0001:0002A33C       TComponentDesigner.FindFile
 0001:0002A4CC       TComponentDesigner.FindRoot
 0001:0002A404       TComponentDesigner.FindRoot
 0001:0002A57C       TComponentDesigner.GetActiveRoot
 0001:0002A59C       TComponentDesigner.GetClassUnits
 0001:0002A6A8       TComponentDesigner.GetControlsLocked
 0001:0002A6C4       TComponentDesigner.GetEditState
 0001:0002A700       TComponentDesigner.GetFirstSelectionClass
 0001:0002A744       TComponentDesigner.GetFirstSelectionType
 0001:0002A7A4       TComponentDesigner.GetProperties
 0001:0002A828       TComponentDesigner.GetRootNames
 0001:0002A8E8       TComponentDesigner.GetRoots
 0001:0002A960       TComponentDesigner.GetRootsCount
 0001:0002A980       TComponentDesigner.GetSelection
 0001:0002A9D4       TComponentDesigner.GetSelectionName
 0001:0002AA20       TComponentDesigner.GetSelectionType
 0001:0002AA7C       TComponentDesigner.HideWindows
 0001:0002ABA4       TComponentDesigner.IsNestable
 0001:0002AC44       TComponentDesigner.IsRootBaseClass
 0001:0002ACB4       TComponentDesigner.ModalEditDone
 0001:0002ACCC       TComponentDesigner.OpenRootClass
 0001:0002ADC0       TComponentDesigner.PasteSelectionFromStream
 0001:0002ADF8       TComponentDesigner.RemoveDependenciesOn
 0001:0002AEA8       TComponentDesigner.RootActivated
 0001:0002AF64       TComponentDesigner.RootGoingDormant
 0001:0002AF94       TComponentDesigner.RootListAdd
 0001:0002AFB4       TComponentDesigner.RootListRemove
 0001:0002AFF8       TComponentDesigner.RootModified
 0001:0002B0D0       TComponentDesigner.SetControlsLocked
 0001:0002B188       TComponentDesigner.SetSelection
 0001:0002B3AC       TComponentDesigner.ShowWindows
 0001:0002B4D4       TComponentDesigner.UpdateRootDependents
 0001:0002B580       TComponentDesigner.UpdateSelections
 0001:0000FD88       TComponentEditor.Copy
 0001:0000FC58       TComponentEditor.Create
 0001:0000FCF0       TComponentEditor.Edit
 0001:0000FD78       TComponentEditor.ExecuteVerb
 0001:0000FD10       TComponentEditor.GetComponent
 0001:0000FD2C       TComponentEditor.GetDesigner
 0001:0000FD64       TComponentEditor.GetVerb
 0001:0000FD4C       TComponentEditor.GetVerbCount
 0001:0000FD94       TComponentEditor.IsInInlined
 0001:0000FDB8       TComponentEditor.PrepareItem
 0001:0002D0D8       TComponentItem.Create
 0001:0002D128       TComponentItem.FlipChildren
 0001:0002D134       TComponentItem.GetComponent
 0001:0002D150       TComponentItem.Selectable
 0001:0002D1C4       TComponentItem.ValidateDeletable
 0001:0002D210       TComponentItem.ZOrder
 0001:0000DAB4       TComponentNameProperty.GetAttributes
 0001:0000DAD4       TComponentNameProperty.GetEditLimit
 0001:00049858       TComponentObserver.Create
 0001:000498AC       TComponentObserver.Notification
 0001:0000E340       TComponentProperty.AllEqual
 0001:0000E024       TComponentProperty.Edit
 0001:0000E40C       TComponentProperty.FilterFunc
 0001:0000E088       TComponentProperty.GetAttributes
 0001:0000E3F0       TComponentProperty.GetComponentReference
 0001:0000E264       TComponentProperty.GetEditLimit
 0001:0000E194       TComponentProperty.GetProperties
 0001:0000E110       TComponentProperty.GetSelections
 0001:0000E27C       TComponentProperty.GetValue
 0001:0000E2A8       TComponentProperty.GetValues
 0001:0000E2D4       TComponentProperty.SetValue
 0001:0001F8C4       TComponentRoot.AddClassProps
 0001:00025B28       TComponentRoot.AddImportedRoot
 0001:00029140       TComponentRoot.Align
 0001:00029874       TComponentRoot.AlignToGrid
 0001:00020918       TComponentRoot.BeforeDestruction
 0001:00029780       TComponentRoot.BringToFront
 0001:00027824       TComponentRoot.CanModify
 0001:00029FB8       TComponentRoot.CanRevert
 0001:000278E4       TComponentRoot.CanRevert
 0001:00027924       TComponentRoot.CanUndelete
 0001:00026824       TComponentRoot.ChainCall
 0001:00026EA0       TComponentRoot.CheckFileDate
 0001:0001FA08       TComponentRoot.ClearDependencies
 0001:0001FC14       TComponentRoot.ClearDependenciesOn
 0001:0001F9CC       TComponentRoot.ClearDependents
 0001:00026854       TComponentRoot.ClearSelection
 0001:00028A74       TComponentRoot.Close
 0001:0002804C       TComponentRoot.Command
 0001:0001FD04       TComponentRoot.CompIndexToComponent
 0001:0001FD3C       TComponentRoot.ComponentRead
 0001:0001FE40       TComponentRoot.ComponentReadAdjust
 0001:0001FE78       TComponentRoot.CopySelectionToStream
 0001:00020024       TComponentRoot.Create
 0001:00025FF0       TComponentRoot.CreateComponent
 0001:000203A0       TComponentRoot.CreateComponent
 0001:0002611C       TComponentRoot.CreateCurrentComponent
 0001:00020408       TComponentRoot.CreateFromStream
 0001:0002515C       TComponentRoot.CreateMethod
 0001:00020530       TComponentRoot.CreateRootAs
 0001:000205B8       TComponentRoot.CreateRootInstance
 0001:00026974       TComponentRoot.DeleteSelection
 0001:00028968       TComponentRoot.Deleting
 0001:0002086C       TComponentRoot.Destroy
 0001:000280E4       TComponentRoot.Dialog
 0001:0002096C       TComponentRoot.DoCreateComponent
 0001:00027944       TComponentRoot.DoUndelete
 0001:00027BB4       TComponentRoot.DoViewAsText
 0001:00026760       TComponentRoot.Edit
 0001:000240B0       TComponentRoot.EditComponent
 0001:00029C04       TComponentRoot.EnsureSelectableComponents
 0001:00020E3C       TComponentRoot.FindAncestorRoot
 0001:00020EEC       TComponentRoot.FindCompClass
 0001:00020F4C       TComponentRoot.FindCurrentParent
 0001:00020FA4       TComponentRoot.FindCurrentParentItem
 0001:000279DC       TComponentRoot.FindGlobalComponent
 0001:00021028       TComponentRoot.FindItemParent
 0001:00021144       TComponentRoot.FindObjectMethod
 0001:0002815C       TComponentRoot.FindSelection
 0001:00021188       TComponentRoot.ForceCommonParent
 0001:00026F28       TComponentRoot.FormFileOpen
 0001:00022668       TComponentRoot.FrameCreateComponent
 0001:00026294       TComponentRoot.GetAncestorDesigner
 0001:000212A8       TComponentRoot.GetAncestorName
 0001:00029CB8       TComponentRoot.GetBaseRegKey
 0001:00021344       TComponentRoot.GetCompCount
 0001:00021364       TComponentRoot.GetCompInfo
 0001:000214C4       TComponentRoot.GetCompName
 0001:00025B4C       TComponentRoot.GetComponent
 0001:00028A54       TComponentRoot.GetComponentDesigner
 0001:00027A38       TComponentRoot.GetComponentEditor
 0001:00025C88       TComponentRoot.GetComponentName
 0001:0002599C       TComponentRoot.GetComponentNames
 0001:000215DC       TComponentRoot.GetComponentRootFor
 0001:00021540       TComponentRoot.GetComponentRootFor
 0001:00021678       TComponentRoot.GetCreateInfoFrom
 0001:00027ADC       TComponentRoot.GetCustomModule
 0001:00028770       TComponentRoot.GetCustomModuleClass
 0001:000217D4       TComponentRoot.GetDependencies
 0001:00021880       TComponentRoot.GetDependentRoots
 0001:00021934       TComponentRoot.GetDesignClassName
 0001:00021988       TComponentRoot.GetEnvironment
 0001:00026F58       TComponentRoot.GetFileName
 0001:000219AC       TComponentRoot.GetFileSystem
 0001:000219CC       TComponentRoot.GetFormEditor
 0001:00029D68       TComponentRoot.GetIDEOptions
 0001:00026258       TComponentRoot.GetIsDormant
 0001:0002813C       TComponentRoot.GetLocked
 0001:000251C8       TComponentRoot.GetMethodName
 0001:00025224       TComponentRoot.GetMethods
 0001:00026F78       TComponentRoot.GetModifyTime
 0001:00021A38       TComponentRoot.GetModule
 0001:00025D60       TComponentRoot.GetObject
 0001:00025D84       TComponentRoot.GetObjectName
 0001:00025E94       TComponentRoot.GetObjectNames
 0001:00028180       TComponentRoot.GetPaletteItem
 0001:00029D10       TComponentRoot.GetPathAndBaseExeName
 0001:0002524C       TComponentRoot.GetPrivateDirectory
 0001:00026274       TComponentRoot.GetProjectModules
 0001:00025094       TComponentRoot.GetRoot
 0001:00021A58       TComponentRoot.GetRootBaseClass
 0001:00021B1C       TComponentRoot.GetRootClass
 0001:00026E6C       TComponentRoot.GetRootClassName
 0001:00021B4C       TComponentRoot.GetRootName
 0001:00021B88       TComponentRoot.GetRootStream
 0001:000262D8       TComponentRoot.GetScrollRanges
 0001:00029C64       TComponentRoot.GetSelectableComponentCount
 0001:00029C8C       TComponentRoot.GetSelectableComponents
 0001:00027AFC       TComponentRoot.GetSelection
 0001:00027B24       TComponentRoot.GetSelectionEditors
 0001:000252A4       TComponentRoot.GetSelections
 0001:00027B98       TComponentRoot.GetTextDFM
 0001:00026F94       TComponentRoot.GetTimeAtLoad
 0001:00024D3C       TComponentRoot.GetUnits
 0001:0002878C       TComponentRoot.GetUpdateManager
 0001:00021C90       TComponentRoot.GoDormant
 0001:00029AC0       TComponentRoot.HasSelectableChildren
 0001:0002507C       TComponentRoot.Implementor
 0001:00027198       TComponentRoot.InstanceInserted
 0001:00027298       TComponentRoot.InstanceRemoved
 0001:0002639C       TComponentRoot.InternalDeinitializeDesigner
 0001:00026528       TComponentRoot.InternalInitializeDesigner
 0001:000261FC       TComponentRoot.IsComponentHidden
 0001:00025EF8       TComponentRoot.IsComponentLinkable
 0001:00021D90       TComponentRoot.IsDormant
 0001:00021DB0       TComponentRoot.IsFrame
 0001:00026C6C       TComponentRoot.IsRootSelected
 0001:000262B8       TComponentRoot.IsSourceReadOnly
 0001:00021FD4       TComponentRoot.IterateMethods
 0001:0002201C       TComponentRoot.LoadDependentModules
 0001:0002621C       TComponentRoot.MakeComponentLinkable
 0001:00025328       TComponentRoot.MethodExists
 0001:00025EB8       TComponentRoot.MethodFromAncestor
 0001:000299CC       TComponentRoot.ModalEdit
 0001:00028A28       TComponentRoot.ModifiableFrame
 0001:000221B4       TComponentRoot.Modified
 0001:000220F8       TComponentRoot.ModifiedUpdateNotification
 0001:00026D2C       TComponentRoot.ModuleFileNames
 0001:00026CC8       TComponentRoot.NoSelection
 0001:000222F4       TComponentRoot.PasteSelectionFromStream
 0001:00022340       TComponentRoot.PrepareInputStream
 0001:000223F8       TComponentRoot.ReaderAncestorNotFound
 0001:000229AC       TComponentRoot.ReaderCreateComponent
 0001:000229D8       TComponentRoot.ReaderFindComponentClass
 0001:00022BA0       TComponentRoot.ReaderFindMethod
 0001:00022BD8       TComponentRoot.ReaderObjectError
 0001:00022D20       TComponentRoot.ReaderReferenceName
 0001:00022C4C       TComponentRoot.ReaderSetName
 0001:00022D54       TComponentRoot.ReadObjectFromStream
 0001:0002308C       TComponentRoot.ReadStream
 0001:000232B0       TComponentRoot.RemoveDependenciesOn
 0001:000232D4       TComponentRoot.RemoveDependentLinks
 0001:00026FB0       TComponentRoot.Rename
 0001:000232F4       TComponentRoot.RenameComponent
 0001:00023448       TComponentRoot.RenameEvents
 0001:000235BC       TComponentRoot.RenameMethod
 0001:0002996C       TComponentRoot.RenameRootMethod
 0001:000235E4       TComponentRoot.Resurrect
 0001:000236C8       TComponentRoot.ResurrectDependentModules
 0001:000237D8       TComponentRoot.Revert
 0001:00027078       TComponentRoot.Save
 0001:000238E0       TComponentRoot.Select
 0001:000296DC       TComponentRoot.SelectAll
 0001:0002534C       TComponentRoot.SelectComponent
 0001:000280C0       TComponentRoot.SelectComponent
 0001:000250E8       TComponentRoot.SelectedComponent
 0001:000250B0       TComponentRoot.SelectedPersistent
 0001:000275A0       TComponentRoot.SelectionsChanged
 0001:00029A2C       TComponentRoot.SelectItemName
 0001:00022E60       TComponentRoot.SelectReadStream
 0001:00029794       TComponentRoot.SendToBack
 0001:000270EC       TComponentRoot.SetActive
 0001:00027168       TComponentRoot.SetControlsLocked
 0001:000239E0       TComponentRoot.SetCreateInfo
 0001:00023AD8       TComponentRoot.SetFileSystem
 0001:00023AF8       TComponentRoot.SetRootName
 0001:00023B20       TComponentRoot.SetSelection
 0001:00025440       TComponentRoot.SetSelections
 0001:00025654       TComponentRoot.ShowHelp
 0001:00025508       TComponentRoot.ShowMethod
 0001:0002949C       TComponentRoot.Size
 0001:00025128       TComponentRoot.SpecialPropertyHelp
 0001:00023E58       TComponentRoot.StreamSelection
 0001:00023F68       TComponentRoot.UniqueName
 0001:000288C4       TComponentRoot.Updated
 0001:00024458       TComponentRoot.UpdateDependencies
 0001:00024684       TComponentRoot.UpdateEvents
 0001:000287AC       TComponentRoot.UpdateManagerCreateComponent
 0001:000246A8       TComponentRoot.UpdateOptions
 0001:0002891C       TComponentRoot.Updating
 0001:00020944       TComponentRoot.ValidateComponent
 0001:00024808       TComponentRoot.ValidateInheritence
 0001:00029A84       TComponentRoot.ValidateModification
 0001:000283B0       TComponentRoot.ValidateRename
 0001:00024938       TComponentRoot.VerifyEvents
 0001:00028938       TComponentRoot.WriteComponent
 0001:00024F24       TComponentRoot.WriterFindAncestor
 0001:00024CF0       TComponentRoot.WriteRootStream
 0001:000297A8       TComponentRoot.ZOrder
 0001:00048F84       TComponentRootItem.Create
 0001:0004900C       TComponentRootItem.GetBoundsRect
 0001:00049004       TComponentRootItem.GetControl
 0001:00049008       TComponentRootItem.GetWinControl
 0001:00049020       TComponentRootItem.GlobalToLocal
 0001:0004903C       TComponentRootItem.Invalidate
 0001:00049048       TComponentRootItem.IsContainer
 0001:0004904C       TComponentRootItem.LocalToGlobal
 0001:00049068       TComponentRootItem.SetParent
 0001:0004906C       TComponentRootItem.Show
 0001:0001BE34       TComponentSprig.Create
 0001:0001BDE0       TComponentSprig.Create
 0001:0001BE90       TComponentSprig.Owner
 0001:0001BEAC       TComponentSprig.UniqueName
 0001:00049360       TComponentToolWindow.Create
 0001:000493A8       TComponentToolWindow.WndProc
 0001:00048E1C       TContainedComponentItem.Create
 0001:00048EA8       TContainedComponentItem.GetBoundsRect
 0001:00048EBC       TContainedComponentItem.GetExtendedRect
 0001:00048F18       TContainedComponentItem.GetParent
 0001:00048F2C       TContainedComponentItem.GlobalToLocal
 0001:00048F48       TContainedComponentItem.Invalidate
 0001:00048F54       TContainedComponentItem.LocalToGlobal
 0001:00048F70       TContainedComponentItem.SetBoundsRect
 0001:00048F7C       TContainedComponentItem.SetParent
 0001:00048F80       TContainedComponentItem.Show
 0001:000498E4       TContainer.Create
 0001:000499B8       TContainer.Destroy
 0001:00049A50       TContainer.GetBoundsRect
 0001:00049E8C       TContainer.GetContainer
 0001:00049A8C       TContainer.GetLeft
 0001:00049A84       TContainer.GetShowCaption
 0001:00049A28       TContainer.Position
 0001:00049AA4       TContainer.SetBoundsRect
 0001:00049B50       TContainer.SetLeft
 0001:00049AEC       TContainer.SetShowCaption
 0001:00049A00       TContainer.Sync
 0001:00049A18       TContainer.Update
 0001:00049B74       TContainer.WndProc
 0001:000494EC       TContainerCaption.Create
 0001:00049550       TContainerCaption.Destroy
 0001:00049794       TContainerCaption.GetContainer
 0001:00049694       TContainerCaption.Position
 0001:00049780       TContainerCaption.Sync
 0001:00049580       TContainerCaption.Update
 0001:000495A4       TContainerCaption.WndProc
 0001:00048A5C       TControlItem.Create
 0001:00048AA4       TControlItem.GetBoundsRect
 0001:00048AB8       TControlItem.GetControl
 0001:00048ABC       TControlItem.GetParent
 0001:00048B00       TControlItem.GlobalToLocal
 0001:00048B1C       TControlItem.Invalidate
 0001:00048B28       TControlItem.LocalToGlobal
 0001:00048B44       TControlItem.SetBoundsRect
 0001:00048B50       TControlItem.SetParent
 0001:00048B78       TControlItem.Show
 0001:00048B84       TControlItem.ZOrder
 0001:00046BEC       TControlSprig.Create
 0001:00046C30       TControlSprig.DragDropTo
 0001:00046C68       TControlSprig.DragOverTo
 0001:00046CA0       TControlSprig.PaletteOverTo
 0001:0003FF6C       TCursorProperty.GetAttributes
 0001:0003FF8C       TCursorProperty.GetValue
 0001:0003FFAC       TCursorProperty.GetValues
 0001:0003FFFC       TCursorProperty.ListDrawValue
 0001:000400EC       TCursorProperty.ListMeasureHeight
 0001:000400C0       TCursorProperty.ListMeasureWidth
 0001:0003FFC4       TCursorProperty.SetValue
 0001:0003B934       TCustomEditorView.Display
 0001:0003B948       TCustomEditorView.EditAction
 0001:0003B91C       TCustomEditorView.GetCaption
 0001:0003B964       TCustomEditorView.GetEditState
 0001:0003B9C0       TCustomEditorView.GetPriority
 0001:0003B98C       TCustomEditorView.GetStyle
 0001:0003B9A8       TCustomEditorView.Handles
 0001:0003B0C4       TCustomEditorViewInfo.Create
 0001:0003B130       TCustomEditorViewInfo.GetHasViewClass
 0001:0003B164       TCustomEditorViewInfo.GetViewClass
 0001:0003B1F4       TCustomEditorViewList.Add
 0001:0003B224       TCustomEditorViewList.Add
 0001:0003B25C       TCustomEditorViewList.Count
 0001:0003B278       TCustomEditorViewList.Create
 0001:0003B2CC       TCustomEditorViewList.Destroy
 0001:0003B308       TCustomEditorViewList.FreeEditorGroup
 0001:0003B358       TCustomEditorViewList.GetCustomEditorView
 0001:0003B384       TCustomEditorViewList.GetFileCustomEditorView
 0001:0003B408       TCustomEditorViewList.GetViewClass
 0001:0003B434       TCustomEditorViewList.Remove
 0001:0003B488       TCustomEditorViewList.Remove
 0001:00046FC4       TCustomFormRootSprig.Create
 0001:00010934       TCustomModule.Create
 0001:00010998       TCustomModule.Destroy
 0001:000109D4       TCustomModule.ExecuteVerb
 0001:000109E4       TCustomModule.GetAttributes
 0001:00010A00       TCustomModule.GetVerb
 0001:00010A1C       TCustomModule.GetVerbCount
 0001:00010A34       TCustomModule.Nestable
 0001:00010A48       TCustomModule.PrepareItem
 0001:00010A5C       TCustomModule.Saving
 0001:00010A68       TCustomModule.ValidateComponent
 0001:00010ACC       TCustomModule.ValidateComponentClass
 0001:0001EA94       TCustomModuleReg.Create
 0001:0001EAF8       TCustomModuleReg.GetBaseClassName
 0001:00036F80       TCustomPopupAction.SetDropdownMenu
 0001:00036FE4       TCustomPopupAction.SetEnableDropdown
 0001:00037048       TCustomPopupAction.SetPopupMenu
 0001:000370F4       TCustomSubMenuAction.PopulateSubMenu
 0001:00041918       TDataModuleCustomModule.CreateDesignerForm
 0001:00041958       TDataModuleCustomModule.DesignClass
 0001:000418C8       TDataModuleCustomModule.ValidateComponentClass
 0001:00041408       TDataModuleForm.Create
 0001:00041808       TDataModuleForm.DesignerClosed
 0001:00041838       TDataModuleForm.DesignerOpened
 0001:0004156C       TDataModuleForm.Destroy
 0001:00041724       TDataModuleForm.FormResize
 0001:00041970       TDataModuleForm.GetContainer
 0001:0004198C       TDataModuleForm.GetRoot
 0001:00041864       TDataModuleForm.ItemDeleted
 0001:00041878       TDataModuleForm.ItemInserted
 0001:0004188C       TDataModuleForm.ItemsModified
 0001:000418B4       TDataModuleForm.SelectionChanged
 0001:000415B0       TDataModuleForm.UpdateDesigner
 0001:000417EC       TDataModuleForm.WMMove
 0001:00047008       TDataModuleRootSprig.AcceptsClass
 0001:00047038       TDataModuleRootSprig.Create
 0001:0004707C       TDataModuleRootSprig.DragOver
 0001:000470BC       TDataModuleRootSprig.PaletteOver
 0001:0002BEBC       TDatedStreamAdapter.Create
 0001:0002BF14       TDatedStreamAdapter.GetModifyTime
 0001:0002BF30       TDatedStreamAdapter.SetModifyTime
 0001:0000EED4       TDateProperty.GetAttributes
 0001:0000EEF4       TDateProperty.GetValue
 0001:0000EF3C       TDateProperty.SetValue
 0001:0000F024       TDateTimeProperty.GetAttributes
 0001:0000F044       TDateTimeProperty.GetValue
 0001:0000F08C       TDateTimeProperty.SetValue
 0001:0000FDCC       TDefaultEditor.CheckEdit
 0001:0000FFA0       TDefaultEditor.Edit
 0001:0000FE34       TDefaultEditor.EditProperty
 0001:00007C74       TDesigner.BeginSelect
 0001:00007C8C       TDesigner.CancelDragging
 0001:00007CA0       TDesigner.ClearSelection
 0001:00007CB8       TDesigner.Close
 0001:00007CEC       TDesigner.Create
 0001:00007DE0       TDesigner.DeleteSelection
 0001:00007E00       TDesigner.Destroy
 0001:00007E34       TDesigner.DoDragCreate
 0001:00007E9C       TDesigner.DoDragMove
 0001:00007F54       TDesigner.DoDragSelect
 0001:00008034       TDesigner.DoDragSize
 0001:000080B0       TDesigner.DragBegin
 0001:00008160       TDesigner.DragBoxesMoveTo
 0001:000081B8       TDesigner.DragBoxesOff
 0001:000081E4       TDesigner.DragBoxesOn
 0001:000082E4       TDesigner.DragCancel
 0001:00008304       TDesigner.DragEnd
 0001:0000840C       TDesigner.DragTo
 0001:0000846C       TDesigner.Edit
 0001:00008484       TDesigner.EndSelect
 0001:0000849C       TDesigner.FindNearestItem
 0001:00008718       TDesigner.ForceCommonSelectParent
 0001:000087C0       TDesigner.Free
 0001:00008880       TDesigner.GetDragRect
[...]
  1449 0001:00040889  1450 0001:000408A2  1451 0001:000408A6  1452 0001:000408B6
  1453 0001:000408BC  1454 0001:000408C1  1456 0001:000408D8  1457 0001:000408E0
  1459 0001:000408EA  1460 0001:000408F0  1463 0001:0004090B  1464 0001:00040913
  1466 0001:00040920  1480 0001:00040928  1485 0001:00040A04  1486 0001:00040A26
  1487 0001:00040A51  1490 0001:00040A58  1491 0001:00040A70  1492 0001:00040A7A
  1493 0001:00040AB5  1496 0001:00040ABC  1497 0001:00040ADF  1498 0001:00040B1D
  1501 0001:00040B34  1502 0001:00040B3D  1503 0001:00040B4E  1510 0001:00040B54
  1511 0001:00040B77  1512 0001:00040B86  1513 0001:00040B9E  1514 0001:00040BC9
  1512 0001:00040BD7  1515 0001:00040BDC  1516 0001:00040C13  1521 0001:00040C28
  1522 0001:00040C34  1523 0001:00040C38  1524 0001:00040C65  1525 0001:00040C6F
  1526 0001:00040C79  1527 0001:00040C83  1528 0001:00040C8D  1529 0001:00040C97
  1531 0001:00040CA1  1533 0001:00040CA8  1536 0001:00040CAC  1537 0001:00040CC9
  1538 0001:00040CD3  1539 0001:00040CDF  1540 0001:00040CE4  1542 0001:00040CF3
  1543 0001:00040CF8  1544 0001:00040CFD  1546 0001:00040D02  1547 0001:00040D14
  1548 0001:00040D19  1549 0001:00040D3D  1550 0001:00040D64  1557 0001:00040D70
  1559 0001:00040DD7  1552 0001:00040DDC  1553 0001:00040DE8  1554 0001:00040DF8
  1556 0001:00040E02

Line numbers for DMForm(DMForm.pas) segment .text

    37 0001:00040E18    48 0001:000410A8    64 0001:00041334    65 0001:00041340
    66 0001:0004134C    67 0001:0004135A    69 0001:00041372    71 0001:00041386
    74 0001:0004138C    75 0001:00041398    76 0001:000413A4    77 0001:000413B2
    79 0001:000413CA    81 0001:000413DE    84 0001:000413E4    85 0001:000413F0
    86 0001:000413FB    88 0001:00041402    94 0001:00041408    95 0001:00041437
    96 0001:00041443    97 0001:0004144F    98 0001:0004145B   100 0001:0004146B
   101 0001:00041483   102 0001:00041494   103 0001:000414AC   105 0001:000414B8
   106 0001:000414C3   107 0001:000414D2   108 0001:000414DF   109 0001:000414EE
   110 0001:000414FB   111 0001:00041505   115 0001:00041512   116 0001:0004151A
   117 0001:00041522   118 0001:00041565   121 0001:0004156C   122 0001:0004157D
   123 0001:0004158E   124 0001:000415AA   132 0001:000415B0   133 0001:000415BA
   134 0001:000415DA   135 0001:000415EE   136 0001:000415FD   138 0001:00041615
   139 0001:0004162A   143 0001:00041641   144 0001:00041653   146 0001:00041665
   147 0001:00041680   148 0001:00041697   150 0001:000416AE   151 0001:000416C3
   154 0001:000416D8   155 0001:000416EF   156 0001:00041706   157 0001:0004171D
   162 0001:00041724   163 0001:00041730   164 0001:00041740   165 0001:0004174B
   166 0001:00041756   167 0001:00041765   169 0001:0004177D   170 0001:000417A6
   173 0001:000417E7   176 0001:000417EC   177 0001:000417F8   178 0001:00041803
   181 0001:00041808   182 0001:00041817   183 0001:00041825   184 0001:00041832
   187 0001:00041838   188 0001:00041847   189 0001:00041855   190 0001:0004185D
   193 0001:00041864   194 0001:00041873   197 0001:00041878   198 0001:00041887
   201 0001:0004188C   202 0001:00041898   203 0001:000418A6   204 0001:000418AE
   208 0001:000418B4   210 0001:000418C3   215 0001:000418C8   216 0001:000418D4
   218 0001:00041900   225 0001:00041918   226 0001:00041927   227 0001:0004193D
   228 0001:00041945   229 0001:00041952   232 0001:00041958   233 0001:00041961
   234 0001:0004196C   237 0001:00041970   238 0001:00041979   239 0001:00041988
   242 0001:0004198C   243 0001:00041995   244 0001:000419A4   246 0001:000419D8
   246 0001:000419DF

Line numbers for DesignWindows(DesignWindows.pas) segment .text

    63 0001:000419E0    70 0001:00041DE8    71 0001:00041E1A    72 0001:00041E27
    73 0001:00041E3F    74 0001:00041E50    75 0001:00041ED3    78 0001:00041ED8
    79 0001:00041EE9    80 0001:00041EFA    81 0001:00041F16    84 0001:00041F1C
    85 0001:00041F23    88 0001:00041F28    89 0001:00041F35    90 0001:00041F40
    91 0001:00041F54    92 0001:00041F60    93 0001:00041F6C    96 0001:00041F74
    97 0001:00041F81    98 0001:00041FA2   101 0001:00041FA8   102 0001:00041FC7
   103 0001:00041FD5   106 0001:0004202F   108 0001:00042058   116 0001:00042060
   117 0001:0004206F   118 0001:0004207E   119 0001:0004208C   120 0001:000420A3
   121 0001:000420B1   122 0001:000420BB   124 0001:000420D3   125 0001:000420DB
   126 0001:000420F0   122 0001:000420F3   127 0001:000420F8   129 0001:0004210D
   131 0001:0004211D   133 0001:00042132   135 0001:00042142   138 0001:00042148
   139 0001:00042151   140 0001:0004215F   143 0001:00042168   144 0001:00042174
   145 0001:0004217B   148 0001:00042180   149 0001:00042187   150 0001:00042190
   151 0001:000421A0   157 0001:000421A4   158 0001:000421AB   159 0001:000421B4
   160 0001:000421D5   163 0001:000421D8   164 0001:000421E4   165 0001:000421F5
   169 0001:000421FC   170 0001:0004221F   171 0001:00042247   172 0001:00042280
   179 0001:00042288   180 0001:00042297   181 0001:0004229F   182 0001:000422AD
   183 0001:000422C4   184 0001:000422D2   185 0001:000422E2   186 0001:000422EE
   187 0001:000422FE   189 0001:00042322   192 0001:0004233F   194 0001:0004234F
   198 0001:00042358   199 0001:00042367   202 0001:0004236C   203 0001:00042379
   204 0001:000423A1   207 0001:000423A8   209 0001:000423B7   212 0001:000423BC
   214 0001:000423CB   217 0001:000423D0   219 0001:000423DF   222 0001:000423E4
   224 0001:000423F3   227 0001:000423F8   229 0001:00042404   232 0001:00042408
   233 0001:0004242E   234 0001:00042480   236 0001:000424B8   236 0001:000424BF

Line numbers for ToolWnds(ToolWnds.pas) segment .text

    70 0001:000427D0    80 0001:000427DC    81 0001:000427EF    82 0001:00042803
    85 0001:00042808    86 0001:00042811    87 0001:00042825    90 0001:0004282C
    91 0001:00042838    92 0001:00042846    96 0001:0004284C    97 0001:0004285B
    98 0001:00042867    99 0001:00042870   100 0001:00042878   102 0001:00042883
   104 0001:0004288E   105 0001:00042896   107 0001:000428A1   108 0001:000428AA
   111 0001:000428B0   112 0001:000428BC   113 0001:000428D7   119 0001:000428DC
   120 0001:000428E8   122 0001:000428FA   124 0001:00042906   125 0001:00042917
   126 0001:00042925   128 0001:0004292B   129 0001:00042940   136 0001:0004295B
   137 0001:00042965   138 0001:00042970   140 0001:0004297B   141 0001:0004298F
   151 0001:0004299B   152 0001:000429A5   153 0001:000429B2   154 0001:000429BF
   155 0001:000429CC   158 0001:000429E3   159 0001:000429F7   162 0001:00042A07
   164 0001:00042A13   167 0001:00042A18   168 0001:00042A24   170 0001:00042A30
   171 0001:00042A56   172 0001:00042A6D   174 0001:00042A87   177 0001:00042A8C
   178 0001:00042A98   179 0001:00042AA4   180 0001:00042AB5   183 0001:00042ABC
   184 0001:00042AC8   185 0001:00042AE7   188 0001:00042AEC   189 0001:00042AF8
   190 0001:00042B15   192 0001:00042B4C   192 0001:00042B53

Line numbers for ColnEdit(ColnEdit.pas) segment .text

   136 0001:000430B4   137 0001:000430DF   138 0001:000430E8   139 0001:000430F9
   141 0001:00043111   143 0001:00043121   147 0001:00043160   148 0001:00043168
   149 0001:00043170   151 0001:00043175   139 0001:00043178   152 0001:0004317D
   153 0001:00043190   155 0001:0004319E   156 0001:000431A9   157 0001:000431B9
   158 0001:000431C5   159 0001:000431E8   160 0001:000431F4   161 0001:000431FF
   162 0001:00043207   164 0001:0004321E   166 0001:0004324B   170 0001:00043254
   171 0001:00043279   173 0001:000432B5   180 0001:000432C0   181 0001:000432DD
   183 0001:000432EC   182 0001:000432FB   184 0001:00043313   186 0001:00043369
   189 0001:00043370   190 0001:00043379   191 0001:00043387   194 0001:00043390
   195 0001:00043399   196 0001:000433A4   199 0001:000433A8   200 0001:000433B1
   201 0001:000433BC   206 0001:000433C4   207 0001:000433CB   208 0001:000433D9
   209 0001:000433E1   212 0001:000433E4   213 0001:000433F0   214 0001:000433FC
   215 0001:00043411   220 0001:00043418   221 0001:00043425   222 0001:00043429
   224 0001:00043431   223 0001:00043440   225 0001:00043460   226 0001:0004346D
   228 0001:00043474   229 0001:00043483   230 0001:0004349D   232 0001:000434EB
   233 0001:000434F5   234 0001:0004350C   235 0001:00043523   238 0001:00043528
   239 0001:00043537   240 0001:00043545   241 0001:0004354D   244 0001:00043554
   245 0001:0004355B   246 0001:00043565   247 0001:00043570   248 0001:0004357B
   249 0001:00043583   252 0001:00043588   253 0001:000435AA   254 0001:000435B6
   256 0001:000435C2   257 0001:000435CA   258 0001:000435EE   260 0001:0004361B
   263 0001:00043620   264 0001:00043644   265 0001:00043650   266 0001:0004365F
   267 0001:000436A4   268 0001:000436D7   271 0001:000436F0   272 0001:00043712
   274 0001:00043775   281 0001:000437C0   282 0001:000437DE   283 0001:000437E6
   284 0001:000437F4   286 0001:00043811   289 0001:00043821   290 0001:00043829
   291 0001:0004383A   292 0001:0004386A   295 0001:000438B6   297 0001:000438E0
   298 0001:000438E8   299 0001:000438F6   301 0001:0004390B   302 0001:0004392F
   303 0001:00043935   304 0001:00043961   305 0001:00043972   299 0001:00043975
   307 0001:00043988   309 0001:000439B5   312 0001:000439BC   313 0001:000439C3
   314 0001:000439CC   318 0001:000439D0   319 0001:000439DF   322 0001:000439E4
   323 0001:00043A06   325 0001:00043A19   326 0001:00043A29   328 0001:00043AA4
   334 0001:00043AA8   335 0001:00043AC7   336 0001:00043AD7   337 0001:00043AE5
   339 0001:00043AFE   340 0001:00043B06   341 0001:00043B14   342 0001:00043B38
   344 0001:00043B5D   345 0001:00043B78   346 0001:00043B9A   341 0001:00043B9D
   347 0001:00043BA2   350 0001:00043BB5   352 0001:00043BDB   353 0001:00043BE5
   354 0001:00043BF8   356 0001:00043C22   359 0001:00043C2C   360 0001:00043C33
   361 0001:00043C3C   370 0001:00043C40   371 0001:00043C5C   372 0001:00043C7C
   373 0001:00043C8A   374 0001:00043CBA   375 0001:00043CEA   376 0001:00043D19
   377 0001:00043D47   378 0001:00043D67   379 0001:00043D8F   380 0001:00043DA0
   381 0001:00043DBE   382 0001:00043DE5   383 0001:00043E4C   381 0001:00043E4F
   385 0001:00043E61   387 0001:00043E93   392 0001:00043EF4   393 0001:00043F0F
   399 0001:00043FA8   400 0001:00043FB9   402 0001:00043FC8   403 0001:00043FD7
   404 0001:00043FF3   406 0001:0004400D   407 0001:0004402A   409 0001:00044037
   403 0001:0004403A   410 0001:00044041   411 0001:0004405B   412 0001:00044066
   413 0001:00044075   417 0001:00044088   419 0001:000440AF   425 0001:000440B8
   426 0001:000440D9   427 0001:000440EC   428 0001:00044111   430 0001:00044126
   431 0001:00044135   432 0001:00044159   431 0001:0004417C   433 0001:00044181
   434 0001:000441A3   427 0001:000441A6   436 0001:000441D1   441 0001:000441D8
   442 0001:000441FE   443 0001:00044202   444 0001:0004421C   446 0001:00044238
   448 0001:00044260   449 0001:00044283   450 0001:000442C1   448 0001:000442C4
   454 0001:000442C9   444 0001:000442CC   455 0001:000442D5   456 0001:000442FE
   460 0001:00044304   461 0001:00044324   462 0001:00044334   463 0001:0004433C
   464 0001:0004434A   465 0001:00044359   466 0001:00044363   467 0001:00044371
   469 0001:0004439E   470 0001:000443B2   471 0001:000443C0   472 0001:000443C7
   473 0001:000443DB   474 0001:000443F7   476 0001:0004440E   477 0001:00044427
   478 0001:00044447   477 0001:0004446E   479 0001:00044473   473 0001:00044476
   481 0001:0004448C   485 0001:000444B5   486 0001:000444CD   485 0001:000444E0
   487 0001:000444E5   490 0001:00044502   492 0001:00044534   498 0001:0004453C
   499 0001:00044548   500 0001:00044552   501 0001:00044560   502 0001:0004456E
   503 0001:00044580   505 0001:0004458E   506 0001:000445A1   508 0001:000445AB
   510 0001:000445DC   512 0001:000445F2   513 0001:000445FA   515 0001:00044608
   516 0001:00044636   517 0001:00044645   518 0001:0004464F   523 0001:00044654
   524 0001:00044661   525 0001:0004466F   526 0001:0004467D   527 0001:0004468D
   528 0001:0004469F   529 0001:000446B7   530 0001:000446BE   531 0001:000446E3
   532 0001:000446F3   533 0001:00044708   534 0001:00044725   535 0001:0004474A
   533 0001:00044763   537 0001:00044776   539 0001:0004478C   540 0001:00044794
   541 0001:000447AD   542 0001:000447C5   543 0001:000447E4   544 0001:0004480B
   545 0001:00044813   546 0001:00044821   549 0001:00044828   551 0001:00044834
   554 0001:00044838   555 0001:0004485B   556 0001:00044863   557 0001:000448AB
   563 0001:000448B0   564 0001:000448D6   565 0001:000448E2   566 0001:000448F9
   567 0001:00044916   568 0001:00044924   569 0001:00044935   570 0001:00044952
   571 0001:0004496F   572 0001:0004498E   573 0001:000449B1   574 0001:000449D5
   575 0001:00044A1B   573 0001:00044A1E   577 0001:00044A30   579 0001:00044A40
   580 0001:00044A46   581 0001:00044A70   587 0001:00044AD4   588 0001:00044AE1
   591 0001:00044B23   593 0001:00044B2A   592 0001:00044B2D   594 0001:00044B52
   596 0001:00044B5B   597 0001:00044B69   598 0001:00044B77   599 0001:00044B9B
   601 0001:00044BC0   602 0001:00044BD9   603 0001:00044BDC   598 0001:00044BDF
   605 0001:00044BF1   607 0001:00044C07   608 0001:00044C0F   609 0001:00044C1D
   614 0001:00044C24   615 0001:00044C31   618 0001:00044C73   620 0001:00044C8D
   619 0001:00044C90   621 0001:00044CB5   623 0001:00044CD2   624 0001:00044CE0
   625 0001:00044CEE   626 0001:00044D0B   628 0001:00044D30   629 0001:00044D49
   630 0001:00044D4C   625 0001:00044D4F   632 0001:00044D62   634 0001:00044D78
   635 0001:00044D80   636 0001:00044D8E   642 0001:00044D94   643 0001:00044DA3
   644 0001:00044DBA   646 0001:00044DEA   654 0001:00044DF0   655 0001:00044DFF
   656 0001:00044E16   657 0001:00044E20   659 0001:00044E2B   660 0001:00044E3A
   661 0001:00044E48   662 0001:00044E6C   663 0001:00044E91   661 0001:00044EAF
   665 0001:00044EB4   666 0001:00044EC2   667 0001:00044ED0   668 0001:00044EE6
   670 0001:00044EF4   671 0001:00044EFF   672 0001:00044F0A   673 0001:00044F22
   674 0001:00044F25   667 0001:00044F28   676 0001:00044F3A   679 0001:00044F5D
   681 0001:00044F6D   682 0001:00044F75   683 0001:00044F83   687 0001:00044F8C
   688 0001:00044F98   689 0001:00044FAD   690 0001:00044FBA   693 0001:00044FC0
   694 0001:00044FCC   695 0001:00044FDA   696 0001:00044FE3   697 0001:00044FF0
   700 0001:00044FF4   703 0001:00045000   709 0001:00045004   710 0001:00045013
   711 0001:00045025   712 0001:00045047   713 0001:0004505E   716 0001:00045064
   717 0001:00045070   719 0001:0004507C   720 0001:00045085   722 0001:0004508F
   725 0001:0004509E   726 0001:000450BF   729 0001:000450C4   730 0001:000450D0
   731 0001:000450DA   736 0001:000450E0   737 0001:000450EC   738 0001:00045100
   739 0001:00045106   740 0001:00045114   741 0001:00045126   742 0001:00045142
   743 0001:00045152   744 0001:00045168   747 0001:0004516C   748 0001:00045178
   749 0001:000451A6   754 0001:000451AC   755 0001:000451B8   756 0001:000451C0
   757 0001:000451D4   758 0001:000451E2   759 0001:00045206   758 0001:0004522C
   761 0001:0004523E   762 0001:00045252   763 0001:0004525A   765 0001:00045270
   770 0001:00045274   771 0001:00045280   772 0001:00045288   773 0001:0004529C
   774 0001:000452AA   775 0001:000452CE   774 0001:000452F4   777 0001:00045306
   778 0001:0004531A   779 0001:00045322   781 0001:00045338   785 0001:0004533C
   786 0001:0004535F   788 0001:0004536A   789 0001:00045398   791 0001:000453BB
   794 0001:000453C0   795 0001:000453CC   796 0001:000453D3   802 0001:000453D8
   803 0001:000453FB   804 0001:00045417   798 0001:0004541C   799 0001:00045428
   801 0001:0004543C

Line numbers for OCXReg(OCXReg.pas) segment .text

   108 0001:0005ABA0   109 0001:0005ABD2   111 0001:0005ABE0   112 0001:0005ABFB
   114 0001:0005AC01   115 0001:0005AC09   117 0001:0005AC0F   118 0001:0005AC2B
   115 0001:0005AC33   122 0001:0005AC39   123 0001:0005AC76   129 0001:0005AC8C
   130 0001:0005ACBD   131 0001:0005ACCE   132 0001:0005AD18   135 0001:0005AD20
   136 0001:0005AD31   137 0001:0005AD3C   138 0001:0005AD58   141 0001:0005AD5C
   142 0001:0005AD6B   143 0001:0005AD79   144 0001:0005AD82   146 0001:0005AD8F
   148 0001:0005ADAC   149 0001:0005ADBF   150 0001:0005ADD8   152 0001:0005ADF1
   155 0001:0005ADFB   158 0001:0005AE04   159 0001:0005AE0B   160 0001:0005AE18
   163 0001:0005AE1C   164 0001:0005AE28   165 0001:0005AE40   168 0001:0005AE44
   169 0001:0005AE54   170 0001:0005AE65   177 0001:0005AE6C   178 0001:0005AE8E
   179 0001:0005AE9F   183 0001:0005AF2F   184 0001:0005AF4F   185 0001:0005AFAA
   189 0001:0005AFC0   190 0001:0005AFCC   191 0001:0005AFD1   193 0001:0005AFEF
   194 0001:0005B001   195 0001:0005B00B   196 0001:0005B01D   198 0001:0005B028
   203 0001:0005B02C   204 0001:0005B035   205 0001:0005B043   208 0001:0005B04C
   209 0001:0005B058   211 0001:0005B077   217 0001:0005B07C   218 0001:0005B099
   219 0001:0005B0A8   220 0001:0005B0B6   222 0001:0005B0D5   224 0001:0005B119
   226 0001:0005B146   229 0001:0005B150   230 0001:0005B15C   232 0001:0005B17B
   237 0001:0005B180   238 0001:0005B189   239 0001:0005B197   249 0001:0005B1C0
   250 0001:0005B1E5   251 0001:0005B202   253 0001:0005B218   254 0001:0005B23B
   255 0001:0005B254   256 0001:0005B274   251 0001:0005B277   257 0001:0005B27C
   258 0001:0005B289   260 0001:0005B299   261 0001:0005B2A7   262 0001:0005B2BE
   266 0001:0005B2D1   267 0001:0005B2D8   268 0001:0005B2E0   269 0001:0005B2E7
   270 0001:0005B2EE   271 0001:0005B2F9   272 0001:0005B302   273 0001:0005B308
   274 0001:0005B30F   275 0001:0005B315   276 0001:0005B31D   278 0001:0005B323
   281 0001:0005B367   286 0001:0005B378   287 0001:0005B381   288 0001:0005B38F
   291 0001:0005B398   292 0001:0005B3A4   293 0001:0005B3AD   295 0001:0005B3C7
   296 0001:0005B3D7   299 0001:0005B3DC   300 0001:0005B3E3   301 0001:0005B3FD
   304 0001:0005B404   305 0001:0005B40B   307 0001:0005B42D   310 0001:0005B430
   311 0001:0005B43C   312 0001:0005B445   314 0001:0005B45F   315 0001:0005B471
   320 0001:0005B478   321 0001:0005B493   322 0001:0005B4B7   325 0001:0005B4BC
   326 0001:0005B4E9   327 0001:0005B50E   332 0001:0005B514   333 0001:0005B541
   334 0001:0005B549   335 0001:0005B560   336 0001:0005B56E   337 0001:0005B57C
   338 0001:0005B591   340 0001:0005B5B8   342 0001:0005B5E5   351 0001:0005B5F0
   352 0001:0005B611   353 0001:0005B61C   354 0001:0005B627   356 0001:0005B62D
   357 0001:0005B63D   358 0001:0005B64B   360 0001:0005B671   362 0001:0005B681
   363 0001:0005B68F   365 0001:0005B6C2   370 0001:0005B6C8   371 0001:0005B6E7
   372 0001:0005B6F3   373 0001:0005B701   375 0001:0005B71B   377 0001:0005B728
   378 0001:0005B734   379 0001:0005B763   403 0001:0005B770   404 0001:0005B798
   405 0001:0005B7A3   406 0001:0005B7B1   409 0001:0005B7BE   410 0001:0005B7C9
   411 0001:0005B7CF   413 0001:0005B7EE   415 0001:0005B818   421 0001:0005B848
   422 0001:0005B859   423 0001:0005B86C   424 0001:0005B876   425 0001:0005B885
   426 0001:0005B893   427 0001:0005B89C   428 0001:0005B8A4   433 0001:0005B8AC
   434 0001:0005B8AF   435 0001:0005B8BF   436 0001:0005B8C9   437 0001:0005B8E1
   438 0001:0005B8F5   439 0001:0005B910   440 0001:0005B925   442 0001:0005B988
   442 0001:0005B98F

Bound resource files

StringsEdit.dfm
ValueEdit.dfm
StrEdit.dfm
DeskForm.dfm
JoinDock.dfm
DockForm.dfm
BaseDock.dfm
TabDock.dfm
ToolForm.dfm
DockToolForm.dfm
PicEdit.dfm
DsnCmds.dfm
DMForm.dfm
ToolWnds.dfm
ColnEdit.dfm
WCtlForm.dfm
MtSvDlg.dfm
MnuSelct.dfm
MtDeDlg.dfm
MtInDlg.dfm
MnuBuild.dfm
designide.res
C:\DOCUME~1\~storm\LOCALS~1\Temp\dtf70D2.tmp


Program entry point at 0001:0005BDD0
