
 Start         Length     Name                   Class
 0001:00000000 0004ABB0H .text                   CODE
 0002:00000000 000013D8H .data                   DATA
 0002:000013D8 000001D9H .bss                    BSS


Detailed map of segments

 0001:00000000 000002DE C=CODE     S=.text    G=(none)   M=System   ACBP=A9
 0001:000002E0 000001EC C=CODE     S=.text    G=(none)   M=SysInit  ACBP=A9
 0001:000004CC 000003FE C=CODE     S=.text    G=(none)   M=Classes  ACBP=A9
 0001:000008CC 0000000E C=CODE     S=.text    G=(none)   M=ActiveX  ACBP=A9
 0001:000008DC 00000038 C=CODE     S=.text    G=(none)   M=Messages ACBP=A9
 0001:00000914 000000E0 C=CODE     S=.text    G=(none)   M=Windows  ACBP=A9
 0001:000009F4 0000000E C=CODE     S=.text    G=(none)   M=Types    ACBP=A9
 0001:00000A04 0000000E C=CODE     S=.text    G=(none)   M=TypInfo  ACBP=A9
 0001:00000A14 00000186 C=CODE     S=.text    G=(none)   M=SysUtils ACBP=A9
 0001:00000B9C 0000000E C=CODE     S=.text    G=(none)   M=SysConst ACBP=A9
 0001:00000BAC 0000000E C=CODE     S=.text    G=(none)   M=Variants ACBP=A9
 0001:00000BBC 0000000E C=CODE     S=.text    G=(none)   M=VarUtils ACBP=A9
 0001:00000BCC 0000000E C=CODE     S=.text    G=(none)   M=RTLConsts ACBP=A9
 0001:00000BDC 00000D9C C=CODE     S=.text    G=(none)   M=IdException ACBP=A9
 0001:00001978 00000046 C=CODE     S=.text    G=(none)   M=Registry ACBP=A9
 0001:000019C0 0000000E C=CODE     S=.text    G=(none)   M=IniFiles ACBP=A9
 0001:000019D0 00000850 C=CODE     S=.text    G=(none)   M=IdResourceStrings ACBP=A9
 0001:00002220 00000530 C=CODE     S=.text    G=(none)   M=IdURI    ACBP=A9
 0001:00002750 000020F8 C=CODE     S=.text    G=(none)   M=IdGlobal ACBP=A9
 0001:00004848 00000120 C=CODE     S=.text    G=(none)   M=IdBaseComponent ACBP=A9
 0001:00004968 00000370 C=CODE     S=.text    G=(none)   M=IdAntiFreezeBase ACBP=A9
 0001:00004CD8 0000001E C=CODE     S=.text    G=(none)   M=Forms    ACBP=A9
 0001:00004CF8 0000000E C=CODE     S=.text    G=(none)   M=HelpIntfs ACBP=A9
 0001:00004D08 0000000E C=CODE     S=.text    G=(none)   M=Contnrs  ACBP=A9
 0001:00004D18 0000000E C=CODE     S=.text    G=(none)   M=Math     ACBP=A9
 0001:00004D28 0000000E C=CODE     S=.text    G=(none)   M=MultiMon ACBP=A9
 0001:00004D38 0000000E C=CODE     S=.text    G=(none)   M=ActnList ACBP=A9
 0001:00004D48 0000000E C=CODE     S=.text    G=(none)   M=ImgList  ACBP=A9
 0001:00004D58 00000038 C=CODE     S=.text    G=(none)   M=CommCtrl ACBP=A9
 0001:00004D90 0000000E C=CODE     S=.text    G=(none)   M=Graphics ACBP=A9
 0001:00004DA0 0000000E C=CODE     S=.text    G=(none)   M=Consts   ACBP=A9
 0001:00004DB0 0000000E C=CODE     S=.text    G=(none)   M=Controls ACBP=A9
 0001:00004DC0 00000038 C=CODE     S=.text    G=(none)   M=Imm      ACBP=A9
 0001:00004DF8 0000000E C=CODE     S=.text    G=(none)   M=Menus    ACBP=A9
 0001:00004E08 0000000E C=CODE     S=.text    G=(none)   M=WinHelpViewer ACBP=A9
 0001:00004E18 0000000E C=CODE     S=.text    G=(none)   M=StdActns ACBP=A9
 0001:00004E28 0000000E C=CODE     S=.text    G=(none)   M=Dialogs  ACBP=A9
 0001:00004E38 00000038 C=CODE     S=.text    G=(none)   M=ShlObj   ACBP=A9
 0001:00004E70 00000038 C=CODE     S=.text    G=(none)   M=UrlMon   ACBP=A9
 0001:00004EA8 00000038 C=CODE     S=.text    G=(none)   M=WinInet  ACBP=A9
 0001:00004EE0 00000038 C=CODE     S=.text    G=(none)   M=RegStr   ACBP=A9
 0001:00004F18 00000038 C=CODE     S=.text    G=(none)   M=ShellAPI ACBP=A9
 0001:00004F50 0000000E C=CODE     S=.text    G=(none)   M=Printers ACBP=A9
 0001:00004F60 00000038 C=CODE     S=.text    G=(none)   M=WinSpool ACBP=A9
 0001:00004F98 0000000E C=CODE     S=.text    G=(none)   M=StdCtrls ACBP=A9
 0001:00004FA8 00000038 C=CODE     S=.text    G=(none)   M=CommDlg  ACBP=A9
 0001:00004FE0 00000038 C=CODE     S=.text    G=(none)   M=Dlgs     ACBP=A9
 0001:00005018 0000000E C=CODE     S=.text    G=(none)   M=ExtCtrls ACBP=A9
 0001:00005028 0000000E C=CODE     S=.text    G=(none)   M=StrUtils ACBP=A9
 0001:00005038 0000000E C=CODE     S=.text    G=(none)   M=Clipbrd  ACBP=A9
 0001:00005048 0000000E C=CODE     S=.text    G=(none)   M=FlatSB   ACBP=A9
 0001:00005058 00000134 C=CODE     S=.text    G=(none)   M=IdAntiFreeze ACBP=A9
 0001:0000518C 000008AC C=CODE     S=.text    G=(none)   M=IdWinsock ACBP=A9
 0001:00005A38 00000038 C=CODE     S=.text    G=(none)   M=IdStackConsts ACBP=A9
 0001:00005A70 00001037 C=CODE     S=.text    G=(none)   M=IdStackWinsock ACBP=A9
 0001:00006AA8 00000C30 C=CODE     S=.text    G=(none)   M=IdStack  ACBP=A9
 0001:000076D8 00000534 C=CODE     S=.text    G=(none)   M=IdComponent ACBP=A9
 0001:00007C0C 00000B0C C=CODE     S=.text    G=(none)   M=IdSocketHandle ACBP=A9
 0001:00008718 00000234 C=CODE     S=.text    G=(none)   M=IdIntercept ACBP=A9
 0001:0000894C 0000227C C=CODE     S=.text    G=(none)   M=IdTCPConnection ACBP=A9
 0001:0000ABC8 00000348 C=CODE     S=.text    G=(none)   M=IdThread ACBP=A9
 0001:0000AF10 00000026 C=CODE     S=.text    G=(none)   M=SyncObjs ACBP=A9
 0001:0000AF38 000001E4 C=CODE     S=.text    G=(none)   M=IdThreadMgrDefault ACBP=A9
 0001:0000B11C 00000384 C=CODE     S=.text    G=(none)   M=IdThreadMgr ACBP=A9
 0001:0000B4A0 00000F20 C=CODE     S=.text    G=(none)   M=IdTCPServer ACBP=A9
 0001:0000C3C0 00000234 C=CODE     S=.text    G=(none)   M=IdChargenServer ACBP=A9
 0001:0000C5F4 00000F54 C=CODE     S=.text    G=(none)   M=IdCoder  ACBP=A9
 0001:0000D548 000003F8 C=CODE     S=.text    G=(none)   M=IdMIMETypes ACBP=A9
 0001:0000D940 00002CD8 C=CODE     S=.text    G=(none)   M=IdCoder3To4 ACBP=A9
 0001:00010618 000014A8 C=CODE     S=.text    G=(none)   M=IdCoderIMF ACBP=A9
 0001:00011AC0 00002070 C=CODE     S=.text    G=(none)   M=IdCoderMessageDigest ACBP=A9
 0001:00013B30 00000BA0 C=CODE     S=.text    G=(none)   M=IdCoderText ACBP=A9
 0001:000146D0 00001678 C=CODE     S=.text    G=(none)   M=IdDateTimeStamp ACBP=A9
 0001:00015D48 00000308 C=CODE     S=.text    G=(none)   M=IdSocks  ACBP=A9
 0001:00016050 0000189C C=CODE     S=.text    G=(none)   M=IdTCPClient ACBP=A9
 0001:000178EC 00000208 C=CODE     S=.text    G=(none)   M=IdDayTime ACBP=A9
 0001:00017AF4 0000029C C=CODE     S=.text    G=(none)   M=IdDayTimeServer ACBP=A9
 0001:00017D90 000009AC C=CODE     S=.text    G=(none)   M=IdDICTServer ACBP=A9
 0001:0001873C 00000188 C=CODE     S=.text    G=(none)   M=IdDiscardServer ACBP=A9
 0001:000188C4 00000760 C=CODE     S=.text    G=(none)   M=IdUDPBase ACBP=A9
 0001:00019024 000001EC C=CODE     S=.text    G=(none)   M=IdUDPClient ACBP=A9
 0001:00019210 00003848 C=CODE     S=.text    G=(none)   M=IdDNSResolver ACBP=A9
 0001:0001CA58 000002BC C=CODE     S=.text    G=(none)   M=IdEcho   ACBP=A9
 0001:0001CD14 000001DC C=CODE     S=.text    G=(none)   M=IdEchoServer ACBP=A9
 0001:0001CEF0 000007D4 C=CODE     S=.text    G=(none)   M=IdEMailAddress ACBP=A9
 0001:0001D6C4 000003EC C=CODE     S=.text    G=(none)   M=IdFinger ACBP=A9
 0001:0001DAB0 0000032C C=CODE     S=.text    G=(none)   M=IdFingerServer ACBP=A9
 0001:0001DDDC 00000354 C=CODE     S=.text    G=(none)   M=IdSimpleServer ACBP=A9
 0001:0001E130 00001614 C=CODE     S=.text    G=(none)   M=IdFTP    ACBP=A9
 0001:0001F744 00000B18 C=CODE     S=.text    G=(none)   M=IdHeaderList ACBP=A9
 0001:0002025C 00000038 C=CODE     S=.text    G=(none)   M=IdGopherConsts ACBP=A9
 0001:00020294 00001674 C=CODE     S=.text    G=(none)   M=IdGopher ACBP=A9
 0001:00021908 000006E8 C=CODE     S=.text    G=(none)   M=IdGopherServer ACBP=A9
 0001:00021FF0 000012AC C=CODE     S=.text    G=(none)   M=IdHeaderCoder ACBP=A9
 0001:0002329C 0000060C C=CODE     S=.text    G=(none)   M=IdHostnameServer ACBP=A9
 0001:000238A8 00000238 C=CODE     S=.text    G=(none)   M=IdSSLIntercept ACBP=A9
 0001:00023AE0 00002658 C=CODE     S=.text    G=(none)   M=IdHTTP   ACBP=A9
 0001:00026138 00003078 C=CODE     S=.text    G=(none)   M=IdHTTPServer ACBP=A9
 0001:000291B0 000004B0 C=CODE     S=.text    G=(none)   M=IdRawBase ACBP=A9
 0001:00029660 00000184 C=CODE     S=.text    G=(none)   M=IdRawClient ACBP=A9
 0001:000297E4 00000038 C=CODE     S=.text    G=(none)   M=IdRawHeaders ACBP=A9
 0001:0002981C 0000066C C=CODE     S=.text    G=(none)   M=IdIcmpClient ACBP=A9
 0001:00029E88 00001108 C=CODE     S=.text    G=(none)   M=IdIMAP4Server ACBP=A9
 0001:0002AF90 00000860 C=CODE     S=.text    G=(none)   M=IdIPWatch ACBP=A9
 0001:0002B7F0 0000191C C=CODE     S=.text    G=(none)   M=IdIrcServer ACBP=A9
 0001:0002D10C 00000418 C=CODE     S=.text    G=(none)   M=IdLogBase ACBP=A9
 0001:0002D524 000004EC C=CODE     S=.text    G=(none)   M=IdLogDebug ACBP=A9
 0001:0002DA10 00000528 C=CODE     S=.text    G=(none)   M=IdMappedPortTCP ACBP=A9
 0001:0002DF38 00001C44 C=CODE     S=.text    G=(none)   M=IdMessage ACBP=A9
 0001:0002FB7C 000020B8 C=CODE     S=.text    G=(none)   M=IdMessageClient ACBP=A9
 0001:00031C34 00001188 C=CODE     S=.text    G=(none)   M=IdNetworkCalculator ACBP=A9
 0001:00032DBC 0000206C C=CODE     S=.text    G=(none)   M=IdNNTP   ACBP=A9
 0001:00034E28 000013AC C=CODE     S=.text    G=(none)   M=IdNNTPServer ACBP=A9
 0001:000361D4 00000A10 C=CODE     S=.text    G=(none)   M=IdPOP3   ACBP=A9
 0001:00036BE4 000001C0 C=CODE     S=.text    G=(none)   M=IdQotd   ACBP=A9
 0001:00036DA4 0000020C C=CODE     S=.text    G=(none)   M=IdQotdServer ACBP=A9
 0001:00036FB0 000008FC C=CODE     S=.text    G=(none)   M=IdRawFunctions ACBP=A9
 0001:000378AC 00000B00 C=CODE     S=.text    G=(none)   M=IdSMTP   ACBP=A9
 0001:000383AC 000005A0 C=CODE     S=.text    G=(none)   M=IdSNTP   ACBP=A9
 0001:0003894C 00001F80 C=CODE     S=.text    G=(none)   M=IdSSLOpenSSLHeaders ACBP=A9
 0001:0003A8CC 000028D8 C=CODE     S=.text    G=(none)   M=IdSSLOpenSSL ACBP=A9
 0001:0003D1A4 000010D4 C=CODE     S=.text    G=(none)   M=IdTelnet ACBP=A9
 0001:0003E278 000008D8 C=CODE     S=.text    G=(none)   M=IdTelnetServer ACBP=A9
 0001:0003EB50 000003BC C=CODE     S=.text    G=(none)   M=IdThreadMgrPool ACBP=A9
 0001:0003EF0C 00000368 C=CODE     S=.text    G=(none)   M=IdTime   ACBP=A9
 0001:0003F274 000001F4 C=CODE     S=.text    G=(none)   M=IdTimeServer ACBP=A9
 0001:0003F468 00000380 C=CODE     S=.text    G=(none)   M=IdTrivialFTPBase ACBP=A9
 0001:0003F7E8 00000C58 C=CODE     S=.text    G=(none)   M=IdTrivialFTP ACBP=A9
 0001:00040440 0000093C C=CODE     S=.text    G=(none)   M=IdUDPServer ACBP=A9
 0001:00040D7C 00001180 C=CODE     S=.text    G=(none)   M=IdTrivialFTPServer ACBP=A9
 0001:00041EFC 000014BC C=CODE     S=.text    G=(none)   M=IdTunnelCommon ACBP=A9
 0001:000433B8 000016B8 C=CODE     S=.text    G=(none)   M=IdTunnelMaster ACBP=A9
 0001:00044A70 00001BF4 C=CODE     S=.text    G=(none)   M=IdTunnelSlave ACBP=A9
 0001:00046664 00003C1C C=CODE     S=.text    G=(none)   M=IdVCard  ACBP=A9
 0001:0004A280 0000023C C=CODE     S=.text    G=(none)   M=IdWhois  ACBP=A9
 0001:0004A4BC 0000027C C=CODE     S=.text    G=(none)   M=IdWhoIsServer ACBP=A9
 0001:0004A738 00000475 C=CODE     S=.text    G=(none)   M=indy     ACBP=A9
 0002:00000000 00000028 C=DATA     S=.data    G=DGROUP   M=SysInit  ACBP=A9
 0002:00000028 00000050 C=DATA     S=.data    G=DGROUP   M=IdGlobal ACBP=A9
 0002:00000078 00000004 C=DATA     S=.data    G=DGROUP   M=IdAntiFreezeBase ACBP=A9
 0002:0000007C 000000D0 C=DATA     S=.data    G=DGROUP   M=IdWinsock ACBP=A9
 0002:0000014C 00000008 C=DATA     S=.data    G=DGROUP   M=IdStackConsts ACBP=A9
 0002:00000154 00000008 C=DATA     S=.data    G=DGROUP   M=IdStack  ACBP=A9
 0002:0000015C 0000001C C=DATA     S=.data    G=DGROUP   M=IdComponent ACBP=A9
 0002:00000178 00000004 C=DATA     S=.data    G=DGROUP   M=IdTCPServer ACBP=A9
 0002:0000017C 0000000C C=DATA     S=.data    G=DGROUP   M=IdCoder3To4 ACBP=A9
 0002:00000188 00000210 C=DATA     S=.data    G=DGROUP   M=IdCoderMessageDigest ACBP=A9
 0002:00000398 000000BC C=DATA     S=.data    G=DGROUP   M=IdDateTimeStamp ACBP=A9
 0002:00000454 00000028 C=DATA     S=.data    G=DGROUP   M=IdDICTServer ACBP=A9
 0002:0000047C 00000040 C=DATA     S=.data    G=DGROUP   M=IdDNSResolver ACBP=A9
 0002:000004BC 0000000C C=DATA     S=.data    G=DGROUP   M=IdGopher ACBP=A9
 0002:000004C8 00000400 C=DATA     S=.data    G=DGROUP   M=IdHeaderCoder ACBP=A9
 0002:000008C8 00000024 C=DATA     S=.data    G=DGROUP   M=IdHostnameServer ACBP=A9
 0002:000008EC 00000008 C=DATA     S=.data    G=DGROUP   M=IdHTTP   ACBP=A9
 0002:000008F4 00000064 C=DATA     S=.data    G=DGROUP   M=IdIMAP4Server ACBP=A9
 0002:00000958 000000A0 C=DATA     S=.data    G=DGROUP   M=IdIrcServer ACBP=A9
 0002:000009F8 00000068 C=DATA     S=.data    G=DGROUP   M=IdNNTPServer ACBP=A9
 0002:00000A60 00000108 C=DATA     S=.data    G=DGROUP   M=IdSSLOpenSSLHeaders ACBP=A9
 0002:00000B68 00000004 C=DATA     S=.data    G=DGROUP   M=IdSSLOpenSSL ACBP=A9
 0002:00000B6C 00000210 C=DATA     S=.data    G=DGROUP   M=IdTunnelCommon ACBP=A9
 0002:00000D7C 00000110 C=DATA     S=.data    G=DGROUP   M=IdVCard  ACBP=A9
 0002:00002000 00000018 C=BSS      S=.bss     G=DGROUP   M=SysInit  ACBP=A9
 0002:00002018 00000004 C=BSS      S=.bss     G=DGROUP   M=Messages ACBP=A9
 0002:0000201C 00000004 C=BSS      S=.bss     G=DGROUP   M=Windows  ACBP=A9
 0002:00002020 00000004 C=BSS      S=.bss     G=DGROUP   M=IdException ACBP=A9
 0002:00002024 00000004 C=BSS      S=.bss     G=DGROUP   M=IdResourceStrings ACBP=A9
 0002:00002028 00000004 C=BSS      S=.bss     G=DGROUP   M=IdURI    ACBP=A9
 0002:0000202C 0000000C C=BSS      S=.bss     G=DGROUP   M=IdGlobal ACBP=A9
 0002:00002038 00000004 C=BSS      S=.bss     G=DGROUP   M=IdBaseComponent ACBP=A9
 0002:0000203C 00000004 C=BSS      S=.bss     G=DGROUP   M=IdAntiFreezeBase ACBP=A9
 0002:00002040 00000004 C=BSS      S=.bss     G=DGROUP   M=CommCtrl ACBP=A9
 0002:00002044 00000004 C=BSS      S=.bss     G=DGROUP   M=Imm      ACBP=A9
 0002:00002048 00000004 C=BSS      S=.bss     G=DGROUP   M=ShlObj   ACBP=A9
 0002:0000204C 00000004 C=BSS      S=.bss     G=DGROUP   M=UrlMon   ACBP=A9
 0002:00002050 00000004 C=BSS      S=.bss     G=DGROUP   M=WinInet  ACBP=A9
 0002:00002054 00000004 C=BSS      S=.bss     G=DGROUP   M=RegStr   ACBP=A9
 0002:00002058 00000004 C=BSS      S=.bss     G=DGROUP   M=ShellAPI ACBP=A9
 0002:0000205C 00000004 C=BSS      S=.bss     G=DGROUP   M=WinSpool ACBP=A9
 0002:00002060 00000004 C=BSS      S=.bss     G=DGROUP   M=CommDlg  ACBP=A9
 0002:00002064 00000004 C=BSS      S=.bss     G=DGROUP   M=Dlgs     ACBP=A9
 0002:00002068 00000004 C=BSS      S=.bss     G=DGROUP   M=IdAntiFreeze ACBP=A9
 0002:0000206C 00000004 C=BSS      S=.bss     G=DGROUP   M=IdWinsock ACBP=A9
 0002:00002070 00000004 C=BSS      S=.bss     G=DGROUP   M=IdStackConsts ACBP=A9
 0002:00002074 00000004 C=BSS      S=.bss     G=DGROUP   M=IdStackWinsock ACBP=A9
 0002:00002078 00000004 C=BSS      S=.bss     G=DGROUP   M=IdStack  ACBP=A9
 0002:0000207C 00000004 C=BSS      S=.bss     G=DGROUP   M=IdComponent ACBP=A9
 0002:00002080 00000004 C=BSS      S=.bss     G=DGROUP   M=IdSocketHandle ACBP=A9
 0002:00002084 00000004 C=BSS      S=.bss     G=DGROUP   M=IdIntercept ACBP=A9
 0002:00002088 00000004 C=BSS      S=.bss     G=DGROUP   M=IdTCPConnection ACBP=A9
 0002:0000208C 00000004 C=BSS      S=.bss     G=DGROUP   M=IdThread ACBP=A9
 0002:00002090 00000004 C=BSS      S=.bss     G=DGROUP   M=IdThreadMgrDefault ACBP=A9
 0002:00002094 00000004 C=BSS      S=.bss     G=DGROUP   M=IdThreadMgr ACBP=A9
 0002:00002098 00000004 C=BSS      S=.bss     G=DGROUP   M=IdTCPServer ACBP=A9
 0002:0000209C 00000004 C=BSS      S=.bss     G=DGROUP   M=IdChargenServer ACBP=A9
 0002:000020A0 00000008 C=BSS      S=.bss     G=DGROUP   M=IdCoder  ACBP=A9
 0002:000020A8 00000020 C=BSS      S=.bss     G=DGROUP   M=IdMIMETypes ACBP=A9
 0002:000020C8 00000004 C=BSS      S=.bss     G=DGROUP   M=IdCoder3To4 ACBP=A9
 0002:000020CC 00000004 C=BSS      S=.bss     G=DGROUP   M=IdCoderIMF ACBP=A9
 0002:000020D0 00000004 C=BSS      S=.bss     G=DGROUP   M=IdCoderMessageDigest ACBP=A9
 0002:000020D4 00000004 C=BSS      S=.bss     G=DGROUP   M=IdCoderText ACBP=A9
 0002:000020D8 00000004 C=BSS      S=.bss     G=DGROUP   M=IdDateTimeStamp ACBP=A9
 0002:000020DC 00000004 C=BSS      S=.bss     G=DGROUP   M=IdSocks  ACBP=A9
 0002:000020E0 00000004 C=BSS      S=.bss     G=DGROUP   M=IdTCPClient ACBP=A9
 0002:000020E4 00000004 C=BSS      S=.bss     G=DGROUP   M=IdDayTime ACBP=A9
 0002:000020E8 00000004 C=BSS      S=.bss     G=DGROUP   M=IdDayTimeServer ACBP=A9
 0002:000020EC 00000004 C=BSS      S=.bss     G=DGROUP   M=IdDICTServer ACBP=A9
 0002:000020F0 00000004 C=BSS      S=.bss     G=DGROUP   M=IdDiscardServer ACBP=A9
 0002:000020F4 00000004 C=BSS      S=.bss     G=DGROUP   M=IdUDPBase ACBP=A9
 0002:000020F8 00000004 C=BSS      S=.bss     G=DGROUP   M=IdUDPClient ACBP=A9
 0002:000020FC 00000004 C=BSS      S=.bss     G=DGROUP   M=IdDNSResolver ACBP=A9
 0002:00002100 00000004 C=BSS      S=.bss     G=DGROUP   M=IdEcho   ACBP=A9
 0002:00002104 00000004 C=BSS      S=.bss     G=DGROUP   M=IdEchoServer ACBP=A9
 0002:00002108 00000004 C=BSS      S=.bss     G=DGROUP   M=IdEMailAddress ACBP=A9
 0002:0000210C 00000004 C=BSS      S=.bss     G=DGROUP   M=IdFinger ACBP=A9
 0002:00002110 00000004 C=BSS      S=.bss     G=DGROUP   M=IdFingerServer ACBP=A9
 0002:00002114 00000004 C=BSS      S=.bss     G=DGROUP   M=IdSimpleServer ACBP=A9
 0002:00002118 00000004 C=BSS      S=.bss     G=DGROUP   M=IdFTP    ACBP=A9
 0002:0000211C 00000004 C=BSS      S=.bss     G=DGROUP   M=IdHeaderList ACBP=A9
 0002:00002120 00000004 C=BSS      S=.bss     G=DGROUP   M=IdGopherConsts ACBP=A9
 0002:00002124 00000004 C=BSS      S=.bss     G=DGROUP   M=IdGopher ACBP=A9
 0002:00002128 00000004 C=BSS      S=.bss     G=DGROUP   M=IdGopherServer ACBP=A9
 0002:0000212C 00000004 C=BSS      S=.bss     G=DGROUP   M=IdHeaderCoder ACBP=A9
 0002:00002130 00000004 C=BSS      S=.bss     G=DGROUP   M=IdHostnameServer ACBP=A9
 0002:00002134 00000004 C=BSS      S=.bss     G=DGROUP   M=IdSSLIntercept ACBP=A9
 0002:00002138 00000004 C=BSS      S=.bss     G=DGROUP   M=IdHTTP   ACBP=A9
 0002:0000213C 00000004 C=BSS      S=.bss     G=DGROUP   M=IdHTTPServer ACBP=A9
 0002:00002140 00000004 C=BSS      S=.bss     G=DGROUP   M=IdRawBase ACBP=A9
 0002:00002144 00000004 C=BSS      S=.bss     G=DGROUP   M=IdRawClient ACBP=A9
 0002:00002148 00000004 C=BSS      S=.bss     G=DGROUP   M=IdRawHeaders ACBP=A9
 0002:0000214C 00000004 C=BSS      S=.bss     G=DGROUP   M=IdIcmpClient ACBP=A9
 0002:00002150 00000004 C=BSS      S=.bss     G=DGROUP   M=IdIMAP4Server ACBP=A9
 0002:00002154 00000004 C=BSS      S=.bss     G=DGROUP   M=IdIPWatch ACBP=A9
 0002:00002158 00000004 C=BSS      S=.bss     G=DGROUP   M=IdIrcServer ACBP=A9
 0002:0000215C 00000004 C=BSS      S=.bss     G=DGROUP   M=IdLogBase ACBP=A9
 0002:00002160 00000004 C=BSS      S=.bss     G=DGROUP   M=IdLogDebug ACBP=A9
 0002:00002164 00000004 C=BSS      S=.bss     G=DGROUP   M=IdMappedPortTCP ACBP=A9
 0002:00002168 00000004 C=BSS      S=.bss     G=DGROUP   M=IdMessage ACBP=A9
 0002:0000216C 00000004 C=BSS      S=.bss     G=DGROUP   M=IdMessageClient ACBP=A9
 0002:00002170 00000004 C=BSS      S=.bss     G=DGROUP   M=IdNetworkCalculator ACBP=A9
 0002:00002174 00000004 C=BSS      S=.bss     G=DGROUP   M=IdNNTP   ACBP=A9
 0002:00002178 00000004 C=BSS      S=.bss     G=DGROUP   M=IdNNTPServer ACBP=A9
 0002:0000217C 00000004 C=BSS      S=.bss     G=DGROUP   M=IdPOP3   ACBP=A9
 0002:00002180 00000004 C=BSS      S=.bss     G=DGROUP   M=IdQotd   ACBP=A9
 0002:00002184 00000004 C=BSS      S=.bss     G=DGROUP   M=IdQotdServer ACBP=A9
 0002:00002188 00000004 C=BSS      S=.bss     G=DGROUP   M=IdRawFunctions ACBP=A9
 0002:0000218C 00000004 C=BSS      S=.bss     G=DGROUP   M=IdSMTP   ACBP=A9
 0002:00002190 00000004 C=BSS      S=.bss     G=DGROUP   M=IdSNTP   ACBP=A9
 0002:00002194 00000004 C=BSS      S=.bss     G=DGROUP   M=IdSSLOpenSSLHeaders ACBP=A9
 0002:00002198 00000004 C=BSS      S=.bss     G=DGROUP   M=IdSSLOpenSSL ACBP=A9
 0002:0000219C 00000004 C=BSS      S=.bss     G=DGROUP   M=IdTelnet ACBP=A9
 0002:000021A0 00000004 C=BSS      S=.bss     G=DGROUP   M=IdTelnetServer ACBP=A9
 0002:000021A4 00000004 C=BSS      S=.bss     G=DGROUP   M=IdThreadMgrPool ACBP=A9
 0002:000021A8 00000004 C=BSS      S=.bss     G=DGROUP   M=IdTime   ACBP=A9
 0002:000021AC 00000004 C=BSS      S=.bss     G=DGROUP   M=IdTimeServer ACBP=A9
 0002:000021B0 00000004 C=BSS      S=.bss     G=DGROUP   M=IdTrivialFTPBase ACBP=A9
 0002:000021B4 00000004 C=BSS      S=.bss     G=DGROUP   M=IdTrivialFTP ACBP=A9
 0002:000021B8 00000004 C=BSS      S=.bss     G=DGROUP   M=IdUDPServer ACBP=A9
 0002:000021BC 00000004 C=BSS      S=.bss     G=DGROUP   M=IdTrivialFTPServer ACBP=A9
 0002:000021C0 00000004 C=BSS      S=.bss     G=DGROUP   M=IdTunnelCommon ACBP=A9
 0002:000021C4 00000004 C=BSS      S=.bss     G=DGROUP   M=IdTunnelMaster ACBP=A9
 0002:000021C8 00000004 C=BSS      S=.bss     G=DGROUP   M=IdTunnelSlave ACBP=A9
 0002:000021CC 00000004 C=BSS      S=.bss     G=DGROUP   M=IdVCard  ACBP=A9
 0002:000021D0 00000004 C=BSS      S=.bss     G=DGROUP   M=IdWhois  ACBP=A9
 0002:000021D4 00000004 C=BSS      S=.bss     G=DGROUP   M=IdWhoIsServer ACBP=A9


  Address         Publics by Name

 0002:000020C8       .01
 0002:00002040       .1
 0002:00002194       .1
 0002:00002064       .1
 0002:00002010       .1
 0002:00002060       .1
 0002:00002058       .1
 0002:00002054       .1
 0002:00002050       .1
 0002:00002188       .1
 0002:00002120       .1
 0002:00002018       .1
 0002:00002070       .1
 0002:0000204C       .1
 0002:00002048       .1
 0002:000021B0       .1
 0002:00002024       .1
 0002:00002044       .1
 0002:0000212C       .1
 0002:00002198       .12
 0002:000020F8       .2
 0002:00002068       .2
 0002:00002110       .2
 0002:00002090       .2
 0002:000021AC       .2
 0002:0000217C       .2
 0002:00002028       .2
 0002:000021A4       .2
 0002:00002180       .2
 0002:00002184       .2
 0002:0000208C       .2
 0002:0000210C       .2
 0002:000020C4       .2
 0002:0000206C       .2
 0002:0000211C       .2
 0002:0000209C       .2
 0002:0000218C       .2
 0002:00002140       .2
 0002:00002144       .2
 0002:00002190       .2
 0002:0000214C       .2
 0002:00002038       .2
 0002:000021D4       .2
 0002:000020F0       .2
 0002:000020DC       .2
 0002:0000215C       .2
 0002:00002100       .2
 0002:00002128       .2
 0002:000021B4       .2
 0002:00002114       .2
 0002:000020E8       .2
 0002:000021D0       .2
 0002:00002104       .2
 0002:0000216C       .2
 0002:000020E4       .2
 0002:000021A8       .2
 0002:000021BC       .2
 0002:0000207C       .3
 0002:00002178       .3
 0002:00002084       .3
 0002:00002108       .3
 0002:00002118       .3
 0002:00002170       .3
 0002:00002164       .3
 0002:0000205C       .3
 0002:00002160       .3
 0002:00002158       .3
 0002:00002154       .3
 0002:00002150       .3
 0002:00002148       .3
 0002:000020EC       .3
 0002:00002138       .3
 0002:0000201C       .3
 0002:00002134       .3
 0002:00002130       .3
 0002:0000203C       .3
 0002:000020CC       .3
 0002:00002074       .3
 0002:000020D4       .3
 0002:0000213C       .31
 0002:00002020       .32
 0002:000020A4       .4
 0002:0000202C       .4
 0002:000021C4       .4
 0002:000021C8       .4
 0002:00002094       .4
 0002:00002124       .4
 0002:000020D0       .4
 0002:000020F4       .4
 0002:000021B8       .5
 0002:000020D8       .6
 0002:0000219C       .6
 0002:00002078       .6
 0002:000021C0       .61
 0002:000021CC       .61
 0002:00002080       .7
 0002:000021A0       .7
 0002:000020FC       .71
 0002:00002098       .8
 0002:00002174       .8
 0002:000020E0       .81
 0002:00002168       .9
 0002:00002088       .9
 0001:0004AB88       @GetPackageInfoTable
 0001:00000418       @InitPkg
 0001:0000047C       @PackageLoad
 0001:0004AB90       @PackageLoad
 0001:0004AB9C       @PackageUnload
 0001:00000488       @PackageUnload
 0002:0000007C       Accept
 0002:00000140       AcceptEx
 0001:0003C21C       AddHrs
 0001:0003C1F8       AddMins
 0001:000287E4       AddToken
 0001:00047C08       AddValueToStrings
 0001:00009C2C       AdjustStreamSize
 0001:00000318       AllocTlsBuffer
 0001:00002BD4       AnsiSameText
 0002:00002034       ATempPath
 0002:00000E54       AttribsArray
 0002:00000E70       AttribsArray
 0001:00037B7C       AuthLogin
 0001:00022040       B64
 0002:0000017C       Base64CodeTable
 0001:00026F7C       Base64Decode
 0001:0000E9EC       Base64Encode
 0002:00000868       base64_tbl
 0002:00000080       Bind
 0002:000004BC       BlockTypes
 0001:0000751C       ByteIsOk
 0001:000255F0       ChunkSize
 0001:0001E3E4       CleanDirName
 0001:00000914       CloseHandle
 0002:00000084       CloseSocket
 0002:000020A0       CoderCollective
 0001:00002ED4       CommaSeperatedToStringList
 0001:00004D88       CommCtrl
 0001:00004FD8       CommDlg
 0001:0000091C       CompareString
 0002:00000088       Connect
 0002:0000047C       cOPCodeStrs
 0001:00000924       CopyFile
 0001:00002FAC       CopyFileTo
 0002:00000494       cQClassStr
 0002:00000B6C       CRC16Table
 0002:000004A4       cRCodeStrs
 0001:0000092C       CreateFile
 0001:00002C60       CreateTRegistry
 0002:000004C8       csSPECIALS
 0001:00003FA4       CurrentProcessId
 0001:00003BC4       DateTimeToGmtOffSetStr
 0001:00002D64       DateTimeToInternetStr
 0001:00038498       DateTimeToNTP
 0001:00003FBC       DebugOutput
 0001:000223A4       Decode2022JP
 0001:0002261C       DecodeAddress
 0001:0002266C       DecodeAddresses
 0001:00022058       DecodeHeader
 0001:0000983C       DefaultRecv
 0001:0000A04C       DefaultSend
 0001:00005010       Dlgs
 0002:00000B68       DLLLoadCount
 0001:0001A978       DoDomainName
 0001:0001B3C4       DoDomainNameRData
 0001:0001B948       DoHInfoRdata
 0001:0001B2B0       DoHostAddress
 0001:0001AA58       DoHostAddress
 0001:0001BD30       DoMailBRdata
 0001:0001BA98       DoMInfoRdata
 0001:0001BBE4       DoMXRData
 0001:0001B480       DoSOARdata
 0001:0001B7F4       DoWKSRdata
 0001:000018B4       EIdProtocolReplyError.CreateError
 0001:000018FC       EIdSocketError.CreateError
 0002:00000DEC       EMailTypePropertyParameter
 0001:0002294C       Encode2022JP
 0001:00022888       EncodeAddress
 0001:000226D8       EncodeAddressItem
 0001:00030ECC       EncodeAndWriteAttachment
 0001:00030BB0       EncodeAndWriteText
 0001:00022F84       EncodeHeader
 0001:00022B88       EncodeWord
 0001:000003C4       ExitProcessTLS
 0001:0000039C       ExitThreadTLS
 0001:00005254       FD_CLR
 0001:0000527C       FD_ISSET
 0001:00005294       FD_SET
 0001:000052A4       FD_ZERO
 0001:00003744       Fetch
 0001:0000E1C4       FetchEOL
 0002:00002030       FIdPorts
 0001:00003170       FileSizeByName
 0001:000297AC       Finalization
 0001:000297E4       Finalization
 0001:00029E50       Finalization
 0001:0002AF40       Finalization
 0001:0002B7B8       Finalization
 0001:0001D68C       Finalization
 0001:00005A00       Finalization
 0001:0000D49C       Finalization
 0001:0001C9C8       Finalization
 0001:0002D0BC       Finalization
 0001:00005A38       Finalization
 0001:0002D4EC       Finalization
 0001:0002D9D8       Finalization
 0001:0002DF00       Finalization
 0001:0002FB1C       Finalization
 0001:000009BC       Finalization
 0001:00031BFC       Finalization
 0001:00008914       Finalization
 0001:00032D84       Finalization
 0001:00001940       Finalization
 0001:00034DF0       Finalization
 0001:000086E0       Finalization
 0001:000021E8       Finalization
 0001:0001CEB8       Finalization
 0001:00036184       Finalization
 0001:00036BAC       Finalization
 0001:00036D6C       Finalization
 0001:0004662C       Finalization
 0001:00036F78       Finalization
 0001:00015B7C       Finalization
 0001:00044A38       Finalization
 0001:00007B7C       Finalization
 0001:00037874       Finalization
 0001:00016018       Finalization
 0001:000076A0       Finalization
 0001:00002718       Finalization
 0001:00038374       Finalization
 0001:000178B4       Finalization
 0001:00014650       Finalization
 0001:00038914       Finalization
 0001:00043380       Finalization
 0001:00006A58       Finalization
 0001:0001CCDC       Finalization
 0001:0000D7DC       Finalization
 0001:00029628       Finalization
 0001:00029178       Finalization
 0001:00010510       Finalization
 0001:000260E8       Finalization
 0001:00041EC4       Finalization
 0001:0000AB90       Finalization
 0001:000008DC       Finalization
 0001:00023AA8       Finalization
 0001:0004A1DC       Finalization
 0001:00023858       Finalization
 0001:00000494       Finalization
 0001:0001DA78       Finalization
 0001:00023264       Finalization
 0001:0000AED8       Finalization
 0001:0003A88C       Finalization
 0001:0000B0E4       Finalization
 0001:00017ABC       Finalization
 0001:0000B468       Finalization
 0001:0001DDA4       Finalization
 0001:00040D44       Finalization
 0001:00005154       Finalization
 0001:00013A3C       Finalization
 0001:00004FE0       Finalization
 0001:00004FA8       Finalization
 0001:00040408       Finalization
 0001:00017D58       Finalization
 0001:00004F60       Finalization
 0001:00021FB8       Finalization
 0001:00004F18       Finalization
 0001:0003F7B0       Finalization
 0001:0004A484       Finalization
 0001:00004EE0       Finalization
 0001:000191D8       Finalization
 0001:00004EA8       Finalization
 0001:000218B8       Finalization
 0001:0003D164       Finalization
 0001:00004E70       Finalization
 0001:0001E0F8       Finalization
 0001:0004A700       Finalization
 0001:00004E38       Finalization
 0001:0002025C       Finalization
 0001:000186EC       Finalization
 0001:00004DC0       Finalization
 0001:00004D58       Finalization
 0001:000119EC       Finalization
 0001:00020224       Finalization
 0001:00004CA0       Finalization
 0001:0003F430       Finalization
 0001:0003E240       Finalization
 0001:00018FEC       Finalization
 0001:0000C388       Finalization
 0001:0001F70C       Finalization
 0001:00004930       Finalization
 0001:0001888C       Finalization
 0001:0003F23C       Finalization
 0001:0000C5BC       Finalization
 0001:0000473C       Finalization
 0001:0003EB18       Finalization
 0001:0003EED4       Finalization
 0001:00038468       Flip
 0001:0001F874       FoldWrapText
 0001:00019DE0       FourCharToCardinal
 0001:00002C50       FreeAndNil
 0001:00000934       FreeLibrary
 0001:000002E0       FreeLibrary
 0002:00000078       GAntiFreeze
 0002:00000144       GetAcceptExSockaddrs
 0001:00047E4C       GetAttributesAndValue
 0001:0000093C       GetCurrentProcessId
 0001:00000944       GetCurrentThreadId
 0001:0001A1D0       GetErrorStr
 0001:000060E4       GetFDSet
 0001:0000094C       GetFileSize
 0001:0002A614       GetFirstTokenDeleteFromArg
 0002:000000D8       GetHostByAddr
 0002:000000DC       GetHostByName
 0002:000000E0       GetHostName
 0001:0003C274       GetLocalTime
 0001:0003C240       GetLocalTZBias
 0001:0002FCD4       GetLongestLine
 0001:00003C80       GetMIMETypeFromFile
 0001:0002ECB8       GetMsgPriority
 0002:00000090       GetPeerName
 0001:00000954       GetProcAddress
 0002:000000F0       GetProtoByname
 0002:000000EC       GetProtoByNumber
 0001:0001A184       GetQClassStr
 0001:00019E9C       GetQTypeStr
 0001:00010E7C       GetQuotedPair
 0001:00026EC4       GetRandomString
 0001:00019E6C       GetRCodeStr
 0002:000000E8       GetServByName
 0002:000000E4       GetServByPort
 0002:00000094       GetSockName
 0002:00000098       GetSockOpt
 0001:0000313C       GetSystemLocale
 0001:0000095C       GetTempFileName
 0001:00000964       GetTempPath
 0001:0000096C       GetTickCount
 0001:00003474       GetTickCount
 0001:00000974       GetTimeZoneInformation
 0001:00000324       GetTlsSize
 0001:0000097C       GetWindowsDirectory
 0001:00003D78       GmtOffsetStrToDateTime
 0001:00003EAC       GMTToLocalDateTime
 0002:00000174       gnInstanceCount
 0002:00000158       GServeFileProc
 0002:00000154       GStack
 0002:00000D6C       HexDigits
 0002:00000B60       hIdSSL
 0002:00000B64       hIdSSLLib
 0002:0000200C       HInstance
 0001:000009B8       HiWord
 0002:0000009C       Htonl
 0002:000000A0       Htons
 0001:00005184       IdAntiFreeze
 0001:00004CD0       IdAntiFreezeBase
 0001:00004960       IdBaseComponent
 0001:0000C5EC       IdChargenServer
 0001:0000D4D8       IdCoder
 0001:00010560       IdCoder3To4
 0001:00011A1C       IdCoderIMF
 0001:00013A6C       IdCoderMessageDigest
 0001:00014680       IdCoderText
 0001:00007BF8       IdComponent
 0001:00015D34       IdDateTimeStamp
 0002:0000040C       IdDayNames
 0002:0000042C       IdDayShortNames
 0002:00000398       IdDaysInMonth
 0001:00017AEC       IdDayTime
 0001:00017D88       IdDayTimeServer
 0001:00018734       IdDICTServer
 0001:000188BC       IdDiscardServer
 0001:0001CA44       IdDNSResolver
 0001:0001CD0C       IdEcho
 0001:0001CEE8       IdEchoServer
 0001:0001D6BC       IdEMailAddress
 0001:00001970       IdException
 0001:0001DAA8       IdFinger
 0001:0001DDD4       IdFingerServer
 0001:0001F73C       IdFTP
 0001:000047AC       IdGlobal
 0001:00021900       IdGopher
 0001:0002028C       IdGopherConsts
 0001:00021FE8       IdGopherServer
 0001:00023294       IdHeaderCoder
 0001:00020254       IdHeaderList
 0001:000238A0       IdHostnameServer
 0001:00026130       IdHTTP
 0001:000291A8       IdHTTPServer
 0001:00029E80       IdIcmpClient
 0001:0002AF88       IdIMAP4Server
 0001:00008944       IdIntercept
 0001:0002B7E8       IdIPWatch
 0001:0002D104       IdIrcServer
 0001:0002D51C       IdLogBase
 0001:0002DA08       IdLogDebug
 0001:0002DF30       IdMappedPortTCP
 0001:0002FB4C       IdMessage
 0001:00031C2C       IdMessageClient
 0001:0000D824       IdMIMETypes
 0002:000003A4       IdMonthNames
 0002:000003D8       IdMonthShortNames
 0001:00032DB4       IdNetworkCalculator
 0001:00034E20       IdNNTP
 0001:000361CC       IdNNTPServer
 0001:00036BDC       IdPOP3
 0001:000034A8       IdPorts
 0001:00036D9C       IdQotd
 0001:00036FA8       IdQotdServer
 0001:00029658       IdRawBase
 0001:00036FB0       IdRawBuildArp
 0001:0003709C       IdRawBuildDns
 0001:0003716C       IdRawBuildEthernet
 0001:000372BC       IdRawBuildIcmpEcho
 0001:00037338       IdRawBuildIcmpMask
 0001:00037568       IdRawBuildIcmpRedirect
 0001:0003743C       IdRawBuildIcmpTimeExceed
 0001:000374B4       IdRawBuildIcmpTimestamp
 0001:000373C4       IdRawBuildIcmpUnreach
 0001:000375D4       IdRawBuildIgmp
 0001:000371FC       IdRawBuildIp
 0001:00037630       IdRawBuildRip
 0001:0003770C       IdRawBuildTcp
 0001:000377DC       IdRawBuildUdp
 0001:000297DC       IdRawClient
 0001:000378A4       IdRawFunctions
 0001:00029814       IdRawHeaders
 0001:00002218       IdResourceStrings
 0001:0001E128       IdSimpleServer
 0001:000383A4       IdSMTP
 0001:00038944       IdSNTP
 0001:00008710       IdSocketHandle
 0001:00016048       IdSocks
 0002:00000A9C       IdSslAccept
 0002:00000AFC       IdSslAddSslAlgorithms
 0002:00000AA0       IdSslConnect
 0002:00000A90       IdSslCtxCheckPrivateKeyFile
 0002:00000A68       IdSslCtxFree
 0002:00000B1C       IdSslCtxGetVersion
 0002:00000AF4       IdSslCtxLoadVerifyLocations
 0002:00000A64       IdSslCtxNew
 0002:00000A60       IdSslCtxSetCipherList
 0002:00000A88       IdSslCtxSetDefaultPasswdCb
 0002:00000A8C       IdSslCtxSetDefaultPasswdCbUserdata
 0002:00000B08       IdSslCtxSetInfoCallback
 0002:00000B20       IdSslCtxSetOptions
 0002:00000A84       IdSslCtxSetVerify
 0002:00000A74       IdSslCtxUseCertificateFile
 0002:00000A70       IdSslCtxUsePrivateKeyFile
 0002:00000B40       IdSslEvpMd5
 0002:00000A98       IdSslFree
 0002:00000B04       IdSslGetAppData
 0002:00000AB0       IdSslGetError
 0002:00000A80       IdSslGetPeerCertificate
 0002:00000AF8       IdSslGetSession
 0001:00023AD8       IdSSLIntercept
 0002:00000A78       IdSslLoadErrorStrings
 0002:00000AE0       IdSslMethodClientTLSV1
 0002:00000ABC       IdSslMethodClientV2
 0002:00000AD4       IdSslMethodClientV23
 0002:00000AC8       IdSslMethodClientV3
 0002:00000ADC       IdSslMethodServerTLSV1
 0002:00000AB8       IdSslMethodServerV2
 0002:00000AD0       IdSslMethodServerV23
 0002:00000AC4       IdSslMethodServerV3
 0002:00000AD8       IdSslMethodTLSV1
 0002:00000AB4       IdSslMethodV2
 0002:00000ACC       IdSslMethodV23
 0002:00000AC0       IdSslMethodV3
 0002:00000A94       IdSslNew
 0001:0003D19C       IdSSLOpenSSL
 0001:0003A8C4       IdSSLOpenSSLHeaders
 0002:00000AA8       IdSslPeek
 0002:00000B5C       IdSslRandScreen
 0002:00000AA4       IdSslRead
 0002:00000B14       IdSslSessionGetId
 0002:00000B18       IdSslSessionGetIdCtx
 0002:00000AEC       IdSslSetAcceptState
 0002:00000B00       IdSslSetAppData
 0002:00000AE8       IdSslSetConnectState
 0002:00000A6C       IdSslSetFd
 0002:00000AF0       IdSslSetShutdown
 0002:00000AE4       IdSslShutdown
 0002:00000A7C       IdSslStateStringLong
 0002:00000B10       IdSslUCTTimeDecode
 0002:00000AAC       IdSslWrite
 0002:00000B3C       IdSslX509Digest
 0002:00000B30       IdSslX509GetIssuerName
 0002:00000B48       IdSslX509GetNotAfter
 0002:00000B44       IdSslX509GetNotBefore
 0002:00000B38       IdSslX509GetSubjectName
 0002:00000B28       IdSslX509NameHash
 0002:00000B24       IdSslX509NameOneline
 0002:00000B2C       IdSslX509SetIssuerName
 0002:00000B34       IdSslX509SetSubjectName
 0002:00000B0C       IdSslX509StoreCtxGetAppData
 0002:00000B58       IdSslX509StoreCtxGetCurrentCert
 0002:00000B4C       IdSslX509StoreCtxGetError
 0002:00000B54       IdSslX509StoreCtxGetErrorDepth
 0002:00000B50       IdSslX509StoreCtxSetError
 0001:000076D0       IdStack
 0001:00005A68       IdStackConsts
 0001:00006A88       IdStackWinsock
 0002:0000015C       IdStati
 0001:000178E4       IdTCPClient
 0001:0000ABC0       IdTCPConnection
 0001:0000C3B8       IdTCPServer
 0001:0003E270       IdTelnet
 0001:0003EB48       IdTelnetServer
 0001:0000AF08       IdThread
 0001:0000B498       IdThreadMgr
 0001:0000B114       IdThreadMgrDefault
 0001:0003EF04       IdThreadMgrPool
 0001:0003F26C       IdTime
 0001:0003F460       IdTimeServer
 0001:00040438       IdTrivialFTP
 0001:0003F7E0       IdTrivialFTPBase
 0001:00041EF4       IdTrivialFTPServer
 0001:000433B0       IdTunnelCommon
 0001:00044A68       IdTunnelMaster
 0001:0004665C       IdTunnelSlave
 0001:0001901C       IdUDPBase
 0001:00019208       IdUDPClient
 0001:00040D74       IdUDPServer
 0001:00002748       IdURI
 0001:0004A278       IdVCard
 0001:0004A4B4       IdWhois
 0001:0004A730       IdWhoIsServer
 0001:00005A30       IdWinsock
 0002:00000150       Id_SO_False
 0002:0000014C       Id_SO_True
 0002:000008F4       IMAPCommands
 0001:00004DF0       Imm
 0001:00002C10       IncludeTrailingBackSlash
 0001:0000C954       IncQWord
 0001:0004ABA8       indy
 0002:00000028       IndyPos
 0002:000000A4       Inet_Addr
 0002:000000A8       Inet_Ntoa
 0001:0003C10C       InfoCallback
 0001:00022550       InitializeMime
 0001:000003E8       InitializeModule
 0001:00000370       InitProcessTLS
 0001:0000032C       InitThreadTLS
 0001:00003FD0       InMainThread
 0001:00003F5C       IntToBin
 0002:0000008C       IoctlSocket
 0001:0003202C       IP
 0001:000038A0       IsCurrentThread
 0001:00014448       IsHex
 0001:000038B0       IsNumeric
 0001:000358A0       isNumericString
 0002:000004E8       kana_tbl
 0002:00000958       KnownCommands
 0002:00000454       KnownCommands
 0002:000009F8       KnownCommands
 0002:000008C8       KnownCommands
 0001:0001AF7C       LabelsToDomainName
 0002:00000148       LibHandle
 0002:000000AC       Listen
 0001:00038A2C       Load
 0001:0003894C       LoadFunction
 0001:000389BC       LoadFunctionCLib
 0001:00000984       LoadLibrary
 0001:0003BAE8       LoadOpenSLLibrary
 0001:000052AC       LoadWinsock
 0001:000002E8       LocalAlloc
 0001:000002F0       LocalFree
 0001:0003C38C       LogicalAnd
 0002:00000178       LSleepTime
 0001:0003F4F4       MakeAckPkt
 0001:000009AC       MakeLong
 0001:00003040       MakeTempFilename
 0001:00002C70       Max
 0002:00000450       MaxMinutesAdd
 0002:0000044C       MaxWeekAdd
 0001:000446F0       MClientThread.Create
 0001:00044768       MClientThread.Destroy
 0001:000448E0       MClientThread.Execute
 0002:00000188       MD2_PI_SUBST
 0002:00000288       MD4_INIT_VALUES
 0002:00000298       MD5_SINE
 0001:0000090C       Messages
 0002:000020A8       MIMEMediaType
 0001:00002C78       Min
 0002:00000000       Module
 0002:00002000       ModuleIsLib
 0002:00002001       ModuleIsPackage
 0002:00000048       monthnames
 0001:000381CC       NeedToAuthenticate
 0001:000357F0       NotHandled
 0001:00018314       NotHandled
 0001:0002C4D8       NotHandled
 0002:000000B0       Ntohl
 0002:000000B4       Ntohs
 0001:0003855C       NTPToDateTime
 0001:00003278       OffsetFromUTC
 0001:0000098C       OutputDebugString
 0001:0004842C       ParseAddress
 0001:00021644       ParseBlock
 0001:00047CE0       ParseDateTimeStamp
 0001:00047C60       ParseDelinatorToTStrings
 0001:000489E0       ParseEMailAddress
 0001:00049060       ParseEmbeddedObject
 0001:00047FEC       ParseGeography
 0001:0004870C       ParseMailingLabel
 0001:000488A8       ParseName
 0001:00033830       ParseNewsGroup
 0001:00047F64       ParseOrg
 0001:0001B120       ParseQuestions
 0001:0001C048       ParseResource
 0001:00048150       ParseTelephone
 0001:00003D10       ParseURI
 0001:00033690       ParseXOVER
 0001:0003C040       PasswordCallback
 0001:000009A4       PeekMessage
 0001:000037DC       PosInStrArray
 0001:0004905C       ProcessAgent
 0001:0002FFBC       ProcessNotification
 0001:0001BD84       ProcessRData
 0002:000008EC       ProtocolVersionString
 0001:00002970       RawStrInternetToDateTime
 0001:00027CC8       ReadCookiesFromRequestHeader
 0001:000256A4       ReadResult
 0002:000000B8       Recv
 0002:000000BC       RecvFrom
 0001:0000C8D0       RegisterCoderClass
 0001:00004F10       RegStr
 0001:0000D55C       ReturnMIMEType
 0001:00003200       RightStr
 0001:00003FAC       ROL
 0001:00003FB4       ROR
 0001:00003088       RPos
 0001:00004734       SBPos
 0002:000000C0       Select
 0002:000000C4       Send
 0001:0003F63C       SendError
 0001:0003F694       SendError
 0001:0003F558       SendError
 0001:0003F7A0       SendError
 0002:000000C8       SendTo
 0001:00006770       ServeFile
 0001:00006120       SetFDSet
 0001:000252E0       SetHostAndPort
 0001:00000994       SetLocalTime
 0001:0000347C       SetLocalTime
 0001:000066D4       SetProp
 0002:000000CC       SetSockOpt
 0001:00004440       SetThreadPriority
 0001:00004F48       ShellAPI
 0001:00004E68       ShlObj
 0002:000000D0       ShutDown
 0002:000005E8       sj1_tbl
 0002:00000668       sj2_tbl
 0001:0000099C       Sleep
 0001:00003F54       Sleep
 0002:000000D4       Socket
 0002:000008A8       SPACES
 0001:00002E84       StrInternetToDateTime
 0001:000033A0       StrToCard
 0001:0000391C       StrToDay
 0001:00032048       StrToIP
 0001:00003A0C       StrToMonth
 0001:0003F4BC       StrToWord
 0001:000004C4       SysInit
 0001:00045F9C       TClientData.Create
 0001:00045FDC       TClientData.Destroy
 0002:00000E1C       TelephoneTypePropertyParameter
 0001:00002FD4       TempPath
 0001:0000E430       TId3To4Coder.Code3To4
 0001:0000E4B4       TId3To4Coder.Code4To3
 0001:0000E520       TId3To4Coder.CodeLine3To4
 0001:0000E77C       TId3To4Coder.CodeLine4To3
 0001:0000E5CC       TId3To4Coder.CompleteLine3To4
 0001:0000E3C8       TId3To4Coder.Create
 0001:0000E408       TId3To4Coder.Destroy
 0001:00005114       TIdAntiFreeze.Process
 0001:00004B78       TIdAntiFreezeBase.Create
 0001:00004C2C       TIdAntiFreezeBase.Destroy
 0001:00004C58       TIdAntiFreezeBase.DoProcess
 0001:0000E288       TIdASCIICoder.Create
 0001:0000E2EC       TIdASCIICoder.GetTableIndex
 0001:0000E378       TIdASCIICoder.SetCodingTable
 0001:0002F868       TIdAttachment.Assign
 0001:0002F920       TIdAttachment.Create
 0001:0002F968       TIdAttachment.GetContentDisposition
 0001:0002F99C       TIdAttachment.SaveToFile
 0001:0002F9A8       TIdAttachment.SetContentDisposition
 0001:0000EB2C       TIdBase64Decoder.Coder
 0001:0000EC70       TIdBase64Decoder.CompleteCoding
 0001:0000EABC       TIdBase64Decoder.Create
 0001:0000EB04       TIdBase64Decoder.Destroy
 0001:0000E8C8       TIdBase64Encoder.Coder
 0001:0000E920       TIdBase64Encoder.CompleteCoding
 0001:0000E858       TIdBase64Encoder.Create
 0001:0000E8A0       TIdBase64Encoder.Destroy
 0001:0000490C       TIdBaseComponent.GetVersion
 0001:0000A98C       TIdBuffer.RemoveXBytes
 0001:0004A15C       TIdCardAddressItem.Assign
 0001:0004A11C       TIdCardPhoneNumber.Assign
 0001:0000C4C4       TIdChargenServer.Create
 0001:0000C508       TIdChargenServer.DoExecute
 0001:0000CA7C       TIdCoder.Coder
 0001:0000CBB0       TIdCoder.CodeString
 0001:0000CB70       TIdCoder.CodeStringFromCoder
 0001:0000CAF0       TIdCoder.CompleteCoding
 0001:0000CCDC       TIdCoder.CompletedInput
 0001:0000C9B0       TIdCoder.Create
 0001:0000CD1C       TIdCoder.Destroy
 0001:0000D07C       TIdCoder.GetCodedData
 0001:0000CF1C       TIdCoder.GetNotification
 0001:0000CCFC       TIdCoder.IncByteCount
 0001:0000CEEC       TIdCoder.InternSetBufferSize
 0001:0000CD4C       TIdCoder.OutputNotification
 0001:0000CDF4       TIdCoder.OutputString
 0001:0000CA58       TIdCoder.Reset
 0001:0000CA74       TIdCoder.SetBufferSize
 0001:0000CD08       TIdCoder.SetKey
 0001:0000D1D8       TIdCoderCollection.Add
 0001:0000D1FC       TIdCoderCollection.AddCoder
 0001:0000D19C       TIdCoderCollection.Create
 0001:0000D1E8       TIdCoderCollection.GetCoder
 0001:0000D2FC       TIdCoderCollection.GetCoderType
 0001:0000D204       TIdCoderCollection.GetExactCoderType
 0001:00042AA0       TIdCoderCRC16.CalcCRC16
 0001:00042A68       TIdCoderCRC16.Create
 0001:00042CA0       TIdCoderCRC16.GetByte
 0001:00042B24       TIdCoderCRC16.GetString
 0001:00042BE0       TIdCoderCRC16.GetTheByte
 0001:00042AC8       TIdCoderCRC16.Process
 0001:00042B14       TIdCoderCRC16.Reset
 0001:00042B1C       TIdCoderCRC16.SetCheckSum
 0001:00011E14       TIdCoderMD2.Coder
 0001:00011EF0       TIdCoderMD2.CompleteCoding
 0001:00011D7C       TIdCoderMD2.Create
 0001:00011FDC       TIdCoderMD2.FillSamples
 0001:00011DE8       TIdCoderMD2.Reset
 0001:00011E10       TIdCoderMD2.SetBufferSize
 0001:00012374       TIdCoderMD4.Coder
 0001:00012798       TIdCoderMD4.CompleteCoding
 0001:000122B4       TIdCoderMD4.Create
 0001:00012940       TIdCoderMD4.FillSamples
 0001:00012C18       TIdCoderMD4.func_f
 0001:00012C2C       TIdCoderMD4.func_g
 0001:00012C48       TIdCoderMD4.func_h
 0001:00012330       TIdCoderMD4.Reset
 0001:00012370       TIdCoderMD4.SetBufferSize
 0001:00012C9C       TIdCoderMD5.Coder
 0001:00012C58       TIdCoderMD5.Create
 0001:00013764       TIdCoderMD5.FillSamples
 0001:00013740       TIdCoderMD5.func_g
 0001:00013754       TIdCoderMD5.func_i
 0001:00007AE4       TIdComponent.BeginWork
 0001:000079B0       TIdComponent.Create
 0001:00007A08       TIdComponent.Destroy
 0001:00007A54       TIdComponent.DoStatus
 0001:00007A60       TIdComponent.DoStatus
 0001:00007B1C       TIdComponent.DoWork
 0001:00007B4C       TIdComponent.EndWork
 0001:00007AD0       TIdComponent.GetLocalName
 0001:000088FC       TIdConnectionIntercept.Connect
 0001:000088EC       TIdConnectionIntercept.DataReceived
 0001:000088F8       TIdConnectionIntercept.DataSent
 0001:000088E4       TIdConnectionIntercept.Disconnect
 0001:000088F0       TIdConnectionIntercept.Recv
 0001:000088F4       TIdConnectionIntercept.Send
 0001:0003BDB4       TIdConnectionInterceptOpenSSL.Connect
 0001:0003BD20       TIdConnectionInterceptOpenSSL.Create
 0001:0003BF2C       TIdConnectionInterceptOpenSSL.CreateSSLContext
 0001:0003BD6C       TIdConnectionInterceptOpenSSL.Destroy
 0001:0003BDF8       TIdConnectionInterceptOpenSSL.Disconnect
 0001:0003C014       TIdConnectionInterceptOpenSSL.DoGetPassword
 0001:0003BFC0       TIdConnectionInterceptOpenSSL.DoStatusInfo
 0001:0003C028       TIdConnectionInterceptOpenSSL.DoVerifyPeer
 0001:0003BFAC       TIdConnectionInterceptOpenSSL.GetPeerCert
 0001:0003BE1C       TIdConnectionInterceptOpenSSL.Recv
 0001:0003BE74       TIdConnectionInterceptOpenSSL.Send
 0001:0002868C       TIdCookie.AddAttribute
 0001:0002873C       TIdCookie.Assign
 0001:000287A8       TIdCookie.Create
 0001:0002884C       TIdCookie.GetCookieText
 0001:0002899C       TIdCookieCollection.Add
 0001:000289A8       TIdCookieCollection.AddSrcCookie
 0001:00028B14       TIdCookieCollection.Create
 0001:00028B50       TIdCookieCollection.GetCookie
 0001:00028B78       TIdCookieCollection.GetCookieIndex
 0001:00028BCC       TIdCookieCollection.GetItem
 0001:00028BEC       TIdCookieCollection.SetItem
 0001:00014954       TIdDateTimeStamp.AddDays
 0001:00014A94       TIdDateTimeStamp.AddHours
 0001:00014ACC       TIdDateTimeStamp.AddMilliseconds
 0001:00014B3C       TIdDateTimeStamp.AddMinutes
 0001:00014B68       TIdDateTimeStamp.AddMonths
 0001:00014BDC       TIdDateTimeStamp.AddSeconds
 0001:00014C2C       TIdDateTimeStamp.AddTDateTime
 0001:00014C54       TIdDateTimeStamp.AddTIdDateTimeStamp
 0001:00014C88       TIdDateTimeStamp.AddTTimeStamp
 0001:00014CF4       TIdDateTimeStamp.AddWeeks
 0001:00014D24       TIdDateTimeStamp.AddYears
 0001:00014D3C       TIdDateTimeStamp.CheckLeapYear
 0001:000148D0       TIdDateTimeStamp.Create
 0001:0001492C       TIdDateTimeStamp.Destroy
 0001:00014D8C       TIdDateTimeStamp.GetAsISO8601Calendar
 0001:00014E64       TIdDateTimeStamp.GetAsISO8601Ordinal
 0001:00014F10       TIdDateTimeStamp.GetAsISO8601Week
 0001:00014FF4       TIdDateTimeStamp.GetAsRFC882
 0001:000151D0       TIdDateTimeStamp.GetAsTDateTime
 0001:00015250       TIdDateTimeStamp.GetAsTimeOFDay
 0001:000151F8       TIdDateTimeStamp.GetAsTTimeStamp
 0001:000153C0       TIdDateTimeStamp.GetBeatOFDay
 0001:0001540C       TIdDateTimeStamp.GetDayOfMonth
 0001:00015458       TIdDateTimeStamp.GetDayOfWeek
 0001:000154DC       TIdDateTimeStamp.GetDayOfWeekName
 0001:000154FC       TIdDateTimeStamp.GetDayOfWeekShortName
 0001:000153F8       TIdDateTimeStamp.GetDaysInYear
 0001:0001551C       TIdDateTimeStamp.GetHourOf12Day
 0001:0001552C       TIdDateTimeStamp.GetHourOf24Day
 0001:0001553C       TIdDateTimeStamp.GetIsMorning
 0001:0001554C       TIdDateTimeStamp.GetMinuteOFDay
 0001:0001555C       TIdDateTimeStamp.GetMinuteOfHour
 0001:000155F0       TIdDateTimeStamp.GetMonthName
 0001:00015578       TIdDateTimeStamp.GetMonthOFYear
 0001:00015610       TIdDateTimeStamp.GetMonthShortName
 0001:00015644       TIdDateTimeStamp.GetSecondOfMinute
 0001:00015630       TIdDateTimeStamp.GetSecondsInYear
 0001:0001565C       TIdDateTimeStamp.GetWeekOFYear
 0001:00015748       TIdDateTimeStamp.SetDay
 0001:000156D4       TIdDateTimeStamp.SetFromTDateTime
 0001:000156FC       TIdDateTimeStamp.SetFromTTimeStamp
 0001:00015754       TIdDateTimeStamp.SetMillisecond
 0001:00015760       TIdDateTimeStamp.SetSecond
 0001:0001576C       TIdDateTimeStamp.SetYear
 0001:0001577C       TIdDateTimeStamp.SubtractDays
 0001:000158D0       TIdDateTimeStamp.SubtractHours
 0001:00015908       TIdDateTimeStamp.SubtractMilliseconds
 0001:00015974       TIdDateTimeStamp.SubtractMinutes
 0001:000159A0       TIdDateTimeStamp.SubtractMonths
 0001:00015A14       TIdDateTimeStamp.SubtractSeconds
 0001:00015A5C       TIdDateTimeStamp.SubtractTDateTime
 0001:00015A84       TIdDateTimeStamp.SubtractTIdDateTimeStamp
 0001:00015AB8       TIdDateTimeStamp.SubtractTTimeStamp
 0001:00015B24       TIdDateTimeStamp.SubtractWeeks
 0001:00015B64       TIdDateTimeStamp.SubtractYears
 0001:00017A28       TIdDayTime.Create
 0001:00017A68       TIdDayTime.GetDayTimeStr
 0001:00017C2C       TIdDayTimeServer.Create
 0001:00017C8C       TIdDayTimeServer.DoExecute
 0001:000182D0       TIdDICTServer.Create
 0001:00018390       TIdDICTServer.DoExecute
 0001:0001881C       TIdDISCARDServer.Create
 0001:00018860       TIdDISCARDServer.DoExecute
 0001:0001A340       TIdDNSHeader.Create
 0001:0001A408       TIdDNSHeader.GetAA
 0001:0001A3D8       TIdDNSHeader.GetOpCode
 0001:0001A3B4       TIdDNSHeader.GetQr
 0001:0001A474       TIdDNSHeader.GetRA
 0001:0001A498       TIdDNSHeader.GetRCode
 0001:0001A450       TIdDNSHeader.GetRD
 0001:0001A42C       TIdDNSHeader.GetTC
 0001:0001A37C       TIdDNSHeader.InitializefId
 0001:0001A394       TIdDNSHeader.InitVars
 0001:0001A418       TIdDNSHeader.SetAA
 0001:0001A3EC       TIdDNSHeader.SetOpCode
 0001:0001A3C4       TIdDNSHeader.SetQr
 0001:0001A484       TIdDNSHeader.SetRA
 0001:0001A4A4       TIdDNSHeader.SetRCode
 0001:0001A460       TIdDNSHeader.SetRD
 0001:0001A43C       TIdDNSHeader.SetTC
 0001:0001A4BC       TIdDNSQuestionList.Add
 0001:0001A4C8       TIdDNSQuestionList.Create
 0001:0001A504       TIdDNSQuestionList.GetItem
 0001:0001A518       TIdDNSQuestionList.SetItem
 0001:0001A838       TIdDNSResolver.ClearVars
 0001:0001A680       TIdDNSResolver.Create
 0001:0001A874       TIdDNSResolver.CreateLabelStr
 0001:0001AB98       TIdDNSResolver.CreateQueryPacket
 0001:0001C264       TIdDNSResolver.DecodeReplyPacket
 0001:0001A730       TIdDNSResolver.Destroy
 0001:0001A798       TIdDNSResolver.ResolveDNS
 0001:0001C628       TIdDNSResolver.ResolveDomain
 0001:0001A658       TIdDNSResourceList.Add
 0001:0001A520       TIdDNSResourceList.Create
 0001:0001A594       TIdDNSResourceList.GetDNSMxExchangeNameEx
 0001:0001A55C       TIdDNSResourceList.GetDNSRDataDomainName
 0001:0001A664       TIdDNSResourceList.GetItem
 0001:0001A678       TIdDNSResourceList.SetItem
 0001:0001CB88       TIdEcho.Create
 0001:0001CBC8       TIdEcho.Echo
 0001:0001CE10       TIdECHOServer.Create
 0001:0001CE54       TIdECHOServer.DoExecute
 0001:0001D0DC       TIdEMailAddressItem.Assign
 0001:0001D11C       TIdEMailAddressItem.GetText
 0001:0001D1BC       TIdEMailAddressItem.SetText
 0001:0001D428       TIdEMailAddressList.Add
 0001:0001D434       TIdEMailAddressList.Create
 0001:0001D470       TIdEMailAddressList.FillTStrings
 0001:0001D4EC       TIdEMailAddressList.GetEMailAddresses
 0001:0001D4D8       TIdEMailAddressList.GetItem
 0001:0001D58C       TIdEMailAddressList.SetEMailAddresses
 0001:0001D584       TIdEMailAddressList.SetItem
 0001:0001D87C       TIdFinger.Create
 0001:0001D8C4       TIdFinger.Finger
 0001:0001D990       TIdFinger.GetCompleteQuery
 0001:0001D9C4       TIdFinger.SetCompleteQuery
 0001:0001DC50       TIdFingerServer.Create
 0001:0001DC94       TIdFingerServer.DoExecute
 0001:0001EBF8       TIdFTP.Abort
 0001:0001F4AC       TIdFTP.ChangeDir
 0001:0001F514       TIdFTP.ChangeDirUp
 0001:0001E488       TIdFTP.Connect
 0001:0001E438       TIdFTP.Create
 0001:0001F444       TIdFTP.Delete
 0001:0001E77C       TIdFTP.Get
 0001:0001E710       TIdFTP.Get
 0001:0001E954       TIdFTP.InternalGet
 0001:0001ED2C       TIdFTP.InternalPut
 0001:0001EBE4       TIdFTP.KillDataChannel
 0001:0001E844       TIdFTP.List
 0001:0001F308       TIdFTP.MakeDir
 0001:0001F2E8       TIdFTP.Noop
 0001:0001EFE8       TIdFTP.Put
 0001:0001F0CC       TIdFTP.Put
 0001:0001EBAC       TIdFTP.Quit
 0001:0001F3DC       TIdFTP.RemoveDir
 0001:0001F59C       TIdFTP.Rename
 0001:0001F370       TIdFTP.RetrieveCurrentDir
 0001:0001F130       TIdFTP.SendPassive
 0001:0001EC34       TIdFTP.SendPort
 0001:0001E660       TIdFTP.SendTransferType
 0001:0001EFBC       TIdFTP.SetDataChannelWorkEvents
 0001:0001E630       TIdFTP.SetTransferType
 0001:0001F534       TIdFTP.Site
 0001:0001F640       TIdFTP.Size
 0001:00020624       TIdGopher.Create
 0001:00020664       TIdGopher.DoMenu
 0001:0002114C       TIdGopher.GetExtendedMenu
 0001:00020DC0       TIdGopher.GetFile
 0001:00020FB0       TIdGopher.GetMenu
 0001:000212BC       TIdGopher.GetTextFile
 0001:000208B0       TIdGopher.LoadExtendedDirectory
 0001:00020730       TIdGopher.MenuItemFromString
 0001:00020A6C       TIdGopher.ProcessDirectory
 0001:00020C38       TIdGopher.ProcessFile
 0001:00020684       TIdGopher.ProcessGopherError
 0001:00020B8C       TIdGopher.ProcessTextFile
 0001:00020CE4       TIdGopher.Search
 0001:000214AC       TIdGopherMenu.Add
 0001:000214B8       TIdGopherMenu.Create
 0001:000214F4       TIdGopherMenu.GetItem
 0001:00021508       TIdGopherMenu.SetItem
 0001:00021510       TIdGopherMenuItem.Create
 0001:000215C0       TIdGopherMenuItem.Destroy
 0001:000216EC       TIdGopherMenuItem.DoneSettingInfoBlock
 0001:00021814       TIdGopherMenuItem.GetGeog
 0001:0002183C       TIdGopherMenuItem.GetLastModified
 0001:00021868       TIdGopherMenuItem.GetLocation
 0001:00021890       TIdGopherMenuItem.GetOrganization
 0001:00021B7C       TIdGopherServer.Create
 0001:00021C00       TIdGopherServer.DoExecute
 0001:00021E1C       TIdGopherServer.ReturnGopherItem
 0001:00021F0C       TIdGopherServer.SendDirectoryEntry
 0001:00021FB0       TIdGopherServer.SetTruncateLength
 0001:00021FA8       TIdGopherServer.SetTruncateUserFriendlyName
 0001:00024398       TIdHeaderInfo.AssignTo
 0001:00024500       TIdHeaderInfo.Clear
 0001:00024608       TIdHeaderInfo.Create
 0001:00024FD0       TIdHeaderInfo.Destroy
 0001:0002465C       TIdHeaderInfo.GetHeaders
 0001:00024FC0       TIdHeaderInfo.SetExtraHeaders
 0001:00024AD4       TIdHeaderInfo.SetHeaders
 0001:0001FAAC       TIdHeaderList.Create
 0001:0001FB10       TIdHeaderList.DeleteFoldedLines
 0001:0001FBB0       TIdHeaderList.Extract
 0001:0001FC50       TIdHeaderList.FoldAndInsert
 0001:0001FD34       TIdHeaderList.FoldLine
 0001:0001FE44       TIdHeaderList.GetName
 0001:0001FE90       TIdHeaderList.GetNameFromLine
 0001:0001FF2C       TIdHeaderList.GetValue
 0001:0001FF50       TIdHeaderList.GetValueFromLine
 0001:000200CC       TIdHeaderList.IndexOfName
 0001:00020148       TIdHeaderList.SetValue
 0001:00023608       TIdHostNameServer.Create
 0001:0002364C       TIdHostNameServer.DoExecute
 0001:00025000       TIdHTTP.Create
 0001:00025094       TIdHTTP.Destroy
 0001:000252A4       TIdHTTP.DoOnRedirect
 0001:00025FD8       TIdHTTP.DoProxyConnectMethod
 0001:00025818       TIdHTTP.DoRequest
 0001:000250DC       TIdHTTP.Get
 0001:00025F38       TIdHTTP.Get
 0001:00025134       TIdHTTP.Head
 0001:00025188       TIdHTTP.Post
 0001:00025EB4       TIdHTTP.Post
 0001:0002520C       TIdHTTP.RetrieveHeaders
 0001:00027040       TIdHTTPRequestInfo.Create
 0001:000270A4       TIdHTTPRequestInfo.DecodeAndSetParams
 0001:00027188       TIdHTTPRequestInfo.Destroy
 0001:000271C8       TIdHTTPRequestInfo.SetCookies
 0001:000271D8       TIdHTTPRequestInfo.SetHeaders
 0001:000271E8       TIdHTTPRequestInfo.SetParams
 0001:000271F8       TIdHTTPResponseInfo.Create
 0001:000272B8       TIdHTTPResponseInfo.Destroy
 0001:000272FC       TIdHTTPResponseInfo.Redirect
 0001:00027334       TIdHTTPResponseInfo.SetCookies
 0001:00027344       TIdHTTPResponseInfo.SetHeaders
 0001:00027354       TIdHTTPResponseInfo.SetResponseNo
 0001:000276A4       TIdHTTPResponseInfo.WriteContent
 0001:000277A4       TIdHTTPResponseInfo.WriteHeader
 0001:00027A8C       TIdHTTPServer.CaptureHeader
 0001:00027B18       TIdHTTPServer.Create
 0001:00027B9C       TIdHTTPServer.CreateSession
 0001:00027C8C       TIdHTTPServer.Destroy
 0001:00027D9C       TIdHTTPServer.DoExecute
 0001:000283F4       TIdHTTPServer.EndSession
 0001:00028414       TIdHTTPServer.GetSessionFromCookie
 0001:000284C8       TIdHTTPServer.ServeFile
 0001:00028568       TIdHTTPServer.SetActive
 0001:00028620       TIdHTTPServer.SetSessionState
 0001:00028F4C       TIdHTTPSession.Create
 0001:00028FB0       TIdHTTPSession.CreateInitialized
 0001:0002903C       TIdHTTPSession.Destroy
 0001:00029088       TIdHTTPSession.DoSessionEnd
 0001:000290A4       TIdHTTPSession.GetContent
 0001:000290A8       TIdHTTPSession.IsSessionStale
 0001:000290D0       TIdHTTPSession.Lock
 0001:000290DC       TIdHTTPSession.SetContent
 0001:000290EC       TIdHTTPSession.Unlock
 0001:000290F8       TIdHTTPSessionCleanerThread.AfterRun
 0001:00029110       TIdHTTPSessionCleanerThread.Create
 0001:0002915C       TIdHTTPSessionCleanerThread.Run
 0001:00028BF4       TIdHTTPSessionList.Clear
 0001:00028C98       TIdHTTPSessionList.Create
 0001:00028CF0       TIdHTTPSessionList.CreateSession
 0001:00028D18       TIdHTTPSessionList.destroy
 0001:00028D4C       TIdHTTPSessionList.GetSession
 0001:00028E20       TIdHTTPSessionList.PurgeStaleSessions
 0001:00028EAC       TIdHTTPSessionList.RemoveSession
 0001:00028F10       TIdHTTPSessionList.RemoveSessionFromLockedList
 0001:00029AC0       TIdIcmpClient.CalcCheckSum
 0001:00029A74       TIdIcmpClient.Create
 0001:00029BCC       TIdIcmpClient.DecodeResponse
 0001:00029E30       TIdIcmpClient.DoReply
 0001:00029D54       TIdIcmpClient.GetEchoReply
 0001:00029DB8       TIdIcmpClient.Ping
 0001:00029B38       TIdIcmpClient.PrepareEchoRequest
 0001:00029DE0       TIdIcmpClient.Receive
 0001:00029BB0       TIdIcmpClient.SendEchoRequest
 0001:0002A5D0       TIdIMAP4Server.Create
 0001:0002AD5C       TIdIMAP4Server.DoCommandAPPEND
 0001:0002AB4C       TIdIMAP4Server.DoCommandAUTHENTICATE
 0001:0002AAC8       TIdIMAP4Server.DoCommandCAPABILITY
 0001:0002AD88       TIdIMAP4Server.DoCommandCHECK
 0001:0002ADB4       TIdIMAP4Server.DoCommandCLOSE
 0001:0002AE90       TIdIMAP4Server.DoCommandCOPY
 0001:0002ABFC       TIdIMAP4Server.DoCommandCREATE
 0001:0002AC28       TIdIMAP4Server.DoCommandDELETE
 0001:0002AF14       TIdIMAP4Server.DoCommandError
 0001:0002ABD0       TIdIMAP4Server.DoCommandEXAMINE
 0001:0002ADE0       TIdIMAP4Server.DoCommandEXPUNGE
 0001:0002AE38       TIdIMAP4Server.DoCommandFETCH
 0001:0002ACD8       TIdIMAP4Server.DoCommandLIST
 0001:0002AB78       TIdIMAP4Server.DoCommandLOGIN
 0001:0002AB20       TIdIMAP4Server.DoCommandLOGOUT
 0001:0002AD04       TIdIMAP4Server.DoCommandLSUB
 0001:0002AAF4       TIdIMAP4Server.DoCommandNOOP
 0001:0002AC54       TIdIMAP4Server.DoCommandRENAME
 0001:0002AE0C       TIdIMAP4Server.DoCommandSEARCH
 0001:0002ABA4       TIdIMAP4Server.DoCommandSELECT
 0001:0002AD30       TIdIMAP4Server.DoCommandSTATUS
 0001:0002AE64       TIdIMAP4Server.DoCommandSTORE
 0001:0002AC80       TIdIMAP4Server.DoCommandSUBSCRIBE
 0001:0002AEBC       TIdIMAP4Server.DoCommandUID
 0001:0002ACAC       TIdIMAP4Server.DoCommandUNSUBSCRIBE
 0001:0002AEE8       TIdIMAP4Server.DoCommandX
 0001:0002A6AC       TIdIMAP4Server.DoExecute
 0001:00010AE0       TIdIMFDecoder.Coder
 0001:00010B08       TIdIMFDecoder.CompleteCoding
 0001:00010840       TIdIMFDecoder.Create
 0001:0001096C       TIdIMFDecoder.CreateDecoder
 0001:0001093C       TIdIMFDecoder.Destroy
 0001:00011734       TIdIMFDecoder.IMFBoundaryEnd
 0001:000113C8       TIdIMFDecoder.IMFMessageStart
 0001:00010B84       TIdIMFDecoder.IMFStart
 0001:00010F58       TIdIMFDecoder.ProcessHeader
 0001:000109C4       TIdIMFDecoder.RenewCoder
 0001:000109B0       TIdIMFDecoder.Reset
 0001:00011930       TIdIMFDecoder.WriteOutput
 0001:00011938       TIdIMFUUDecoder.Create
 0001:0001199C       TIdIMFUUDecoder.CreateDecoder
 0001:00011970       TIdIMFUUDecoder.Destroy
 0001:00011998       TIdIMFUUDecoder.RenewCoder
 0001:0002B208       TIdIPWatch.AddToIPHistoryList
 0001:0002B2D8       TIdIPWatch.CheckStatus
 0001:0002B4B8       TIdIPWatch.Create
 0001:0002B554       TIdIPWatch.Destroy
 0001:0002B5A4       TIdIPWatch.ForceCheck
 0001:0002B5B8       TIdIPWatch.LoadHistory
 0001:0002B650       TIdIPWatch.LocalIP
 0001:0002B6A0       TIdIPWatch.SaveHistory
 0001:0002B6BC       TIdIPWatch.SetActive
 0001:0002B724       TIdIPWatch.SetMaxHistoryEntries
 0001:0002B74C       TIdIPWatch.SetWatchInterval
 0001:0002B760       TIdIPWatchThread.Run
 0001:0002B7A8       TIdIPWatchThread.TimerEvent
 0001:0002C494       TIdIRCServer.Create
 0001:0002C554       TIdIRCServer.DoExecute
 0001:0000BFEC       TIdListenerThread.AfterRun
 0001:0000C028       TIdListenerThread.Create
 0001:0000C078       TIdListenerThread.Destroy
 0001:0000C0A8       TIdListenerThread.Run
 0001:0002D224       TIdLogBase.Connect
 0001:0002D27C       TIdLogBase.Create
 0001:0002D2BC       TIdLogBase.DataReceived
 0001:0002D33C       TIdLogBase.DataSent
 0001:0002D3BC       TIdLogBase.Disconnect
 0001:0002D414       TIdLogBase.DoLog
 0001:0002D4E8       TIdLogBase.SetActive
 0001:0002D790       TIdLogDebug.Create
 0001:0002D7CC       TIdLogDebug.Destroy
 0001:0002D7FC       TIdLogDebug.Log
 0001:0002D8D0       TIdLogDebug.SetActive
 0001:0002D954       TIdLogDebug.SetTarget
 0001:0002DC78       TIdMappedPortTCP.Create
 0001:0002DCB8       TIdMappedPortTCP.DoConnect
 0001:0002DD3C       TIdMappedPortTCP.DoExecute
 0001:0002DE8C       TIdMappedPortTCPData.Create
 0001:0002DEC8       TIdMappedPortTCPData.Destroy
 0001:0002E9B8       TIdMessage.AddHeader
 0001:0002E9C4       TIdMessage.Clear
 0001:0002E9D8       TIdMessage.ClearBody
 0001:0002E9F0       TIdMessage.ClearHeader
 0001:0002EA9C       TIdMessage.Create
 0001:0002EBAC       TIdMessage.Destroy
 0001:0002F374       TIdMessage.GenerateHeader
 0001:0002EDC8       TIdMessage.GetHeader
 0001:0002F1C0       TIdMessage.GetUseNowForDate
 0001:0002EC3C       TIdMessage.SetBody
 0001:0002F1B0       TIdMessage.SetExtraHeaders
 0001:0002EC4C       TIdMessage.SetNewsGroups
 0001:0002F1D8       TIdMessage.SetUseNowForDate
 0001:0002FDB4       TIdMessageClient.Create
 0001:000304F4       TIdMessageClient.ReceiveBody
 0001:00031BE4       TIdMessageClient.ReceiveHeader
 0001:00031BB0       TIdMessageClient.ReceiveMsg
 0001:000313B0       TIdMessageClient.SendBody
 0001:000308F8       TIdMessageClient.SendHeader
 0001:00031B08       TIdMessageClient.SendMsg
 0001:0002FE10       TIdMessageClient.WriteFoldedLine
 0001:0002F1E4       TIdMessagePart.Assign
 0001:0002F27C       TIdMessagePart.Create
 0001:0002F33C       TIdMessagePart.Destroy
 0001:0002F790       TIdMessagePart.GetContentTransfer
 0001:0002F7CC       TIdMessagePart.GetContentType
 0001:0002F7FC       TIdMessagePart.SetContentTransfer
 0001:0002F830       TIdMessagePart.SetContentType
 0001:0002F858       TIdMessagePart.SetExtraHeaders
 0001:0002EC5C       TIdMessageParts.Add
 0001:0002EC60       TIdMessageParts.Create
 0001:0002EC9C       TIdMessageParts.GetItem
 0001:0002ECB0       TIdMessageParts.SetItem
 0001:00003FE4       TIdMimeTable.BuildCache
 0001:000042AC       TIdMimeTable.Create
 0001:0000430C       TIdMimeTable.Destroy
 0001:00004344       TIdMimeTable.getDefaultFileExt
 0001:0000437C       TIdMimeTable.GetFileMIMEType
 0001:0003231C       TIdNetworkCalculator.Create
 0001:000323AC       TIdNetworkCalculator.Destroy
 0001:00032C64       TIdNetworkCalculator.EndIP
 0001:000323EC       TIdNetworkCalculator.FillIPList
 0001:0003258C       TIdNetworkCalculator.GetListIP
 0001:0003259C       TIdNetworkCalculator.IsAddressInNetwork
 0001:00032CF4       TIdNetworkCalculator.NumIP
 0001:00032608       TIdNetworkCalculator.OnNetAddressChange
 0001:000326F8       TIdNetworkCalculator.OnNetMaskChange
 0001:000327F0       TIdNetworkCalculator.SetNetworkAddress
 0001:00032800       TIdNetworkCalculator.SetNetworkMask
 0001:00032810       TIdNetworkCalculator.SetNetworkMaskLength
 0001:00032844       TIdNetworkCalculator.SetOnChange
 0001:00032830       TIdNetworkCalculator.SetOnGenIPList
 0001:00032D04       TIdNetworkCalculator.StartIP
 0001:00033A64       TIdNNTP.Connect
 0001:00034D58       TIdNNTP.ConvertDateTimeDist
 0001:000338F8       TIdNNTP.Create
 0001:00033C00       TIdNNTP.Disconnect
 0001:00033EFC       TIdNNTP.Get
 0001:000348FC       TIdNNTP.GetArticle
 0001:00034924       TIdNNTP.GetBody
 0001:0003494C       TIdNNTP.GetHeader
 0001:00034BD0       TIdNNTP.GetNewGroupsList
 0001:0003469C       TIdNNTP.GetNewGroupsList
 0001:00034C80       TIdNNTP.GetNewNewsList
 0001:00034768       TIdNNTP.GetNewNewsList
 0001:00034610       TIdNNTP.GetNewsgroupList
 0001:00034B88       TIdNNTP.GetNewsgroupList
 0001:00033C64       TIdNNTP.GetOverviewFMT
 0001:00034974       TIdNNTP.Next
 0001:00034994       TIdNNTP.Previous
 0001:000344F4       TIdNNTP.ProcessGroupList
 0001:000349B4       TIdNNTP.SelectArticle
 0001:00033DE4       TIdNNTP.SelectGroup
 0001:00034410       TIdNNTP.Send
 0001:00034130       TIdNNTP.SendCheck
 0001:00033948       TIdNNTP.SendCmd
 0001:00033FC8       TIdNNTP.SendIHAVE
 0001:00034244       TIdNNTP.SendTakeThis
 0001:00033D40       TIdNNTP.SendXHDR
 0001:00033CB8       TIdNNTP.SendXOVER
 0001:000349D4       TIdNNTP.SetArticle
 0001:00034B78       TIdNNTP.setConnectionResult
 0001:00034B80       TIdNNTP.SetModeResult
 0001:00034B70       TIdNNTP.SetModeType
 0001:000357AC       TIdNNTPServer.Create
 0001:00035900       TIdNNTPServer.DoExecute
 0001:0000C248       TIdPeerThread.AfterRun
 0001:0000C284       TIdPeerThread.BeforeRun
 0001:0000C298       TIdPeerThread.Run
 0001:0003637C       TIdPOP3.CheckMessages
 0001:00036450       TIdPOP3.Connect
 0001:00036550       TIdPOP3.Create
 0001:00036590       TIdPOP3.Delete
 0001:0003661C       TIdPOP3.Disconnect
 0001:00036674       TIdPOP3.KeepAlive
 0001:00036694       TIdPOP3.Reset
 0001:00036770       TIdPOP3.Retrieve
 0001:00036820       TIdPOP3.RetrieveHeader
 0001:00036934       TIdPOP3.RetrieveMailBoxSize
 0001:00036A5C       TIdPOP3.RetrieveMsgSize
 0001:000366C4       TIdPOP3.RetrieveRaw
 0001:00036D14       TIdQOTD.Create
 0001:00036D54       TIdQOTD.GetQuote
 0001:00036EF8       TIdQOTDServer.Create
 0001:00036F3C       TIdQOTDServer.DoExecute
 0001:00014460       TIdQuotedPrintableDecoder.Coder
 0001:000145D8       TIdQuotedPrintableDecoder.CompleteCoding
 0001:000143AC       TIdQuotedPrintableDecoder.Create
 0001:00014414       TIdQuotedPrintableDecoder.Destroy
 0001:0001443C       TIdQuotedPrintableDecoder.Reset
 0001:00013DB0       TIdQuotedPrintableEncoder.Coder
 0001:0001416C       TIdQuotedPrintableEncoder.CompleteCoding
 0001:00013D34       TIdQuotedPrintableEncoder.Create
 0001:00013D78       TIdQuotedPrintableEncoder.Destroy
 0001:00013F3C       TIdQuotedPrintableEncoder.QPOutput
 0001:00013DA0       TIdQuotedPrintableEncoder.Reset
 0001:00014330       TIdQuotedPrintableEncoder.ToQuotedPrintable
 0001:00029304       TIdRawBase.Create
 0001:00029374       TIdRawBase.Destroy
 0001:000293AC       TIdRawBase.GetBinding
 0001:000293E4       TIdRawBase.GetBufferSize
 0001:00029420       TIdRawBase.ReceiveBuffer
 0001:00029478       TIdRawBase.Send
 0001:0002951C       TIdRawBase.Send
 0001:00029570       TIdRawBase.Send
 0001:000293F4       TIdRawBase.SetBufferSize
 0001:000295FC       TIdRawBase.SetTTL
 0001:0003BBBC       TIdServerInterceptOpenSSL.Accept
 0001:0003BB20       TIdServerInterceptOpenSSL.Create
 0001:0003BC14       TIdServerInterceptOpenSSL.CreateSSLContext
 0001:0003BB68       TIdServerInterceptOpenSSL.Destroy
 0001:0003BCF4       TIdServerInterceptOpenSSL.DoGetPassword
 0001:0003BCA0       TIdServerInterceptOpenSSL.DoStatusInfo
 0001:0003BD08       TIdServerInterceptOpenSSL.DoVerifyPeer
 0001:0003BBA8       TIdServerInterceptOpenSSL.Init
 0001:0001DF64       TIdSimpleServer.Abort
 0001:0001DF6C       TIdSimpleServer.BeginListen
 0001:0001DFA0       TIdSimpleServer.Bind
 0001:0001E028       TIdSimpleServer.Create
 0001:0001E070       TIdSimpleServer.Listen
 0001:0001E0DC       TIdSimpleServer.ResetConnection
 0001:00037AF4       TIdSMTP.Assign
 0001:00037C34       TIdSMTP.Authenticate
 0001:00037C60       TIdSMTP.Connect
 0001:00037D84       TIdSMTP.Create
 0001:00037DE4       TIdSMTP.Destroy
 0001:00037E14       TIdSMTP.Disconnect
 0001:00037E80       TIdSMTP.GetAuthTypes
 0001:00037FFC       TIdSMTP.IsAuthProtocolAvailable
 0001:00038030       TIdSMTP.QuickSend
 0001:00038218       TIdSMTP.Send
 0001:00038644       TIdSNTP.Create
 0001:00038680       TIdSNTP.Disregard
 0001:000386F4       TIdSNTP.GetAdjustmentTime
 0001:00038710       TIdSNTP.GetDateTime
 0001:000388D4       TIdSNTP.SyncTime
 0001:00008388       TIdSocketHandle.Accept
 0001:00008040       TIdSocketHandle.AllocateSocket
 0001:00008564       TIdSocketHandle.Assign
 0001:000082A0       TIdSocketHandle.Bind
 0001:00008070       TIdSocketHandle.CloseSocket
 0001:000080B4       TIdSocketHandle.Connect
 0001:000083C8       TIdSocketHandle.Create
 0001:000080EC       TIdSocketHandle.Destroy
 0001:00008360       TIdSocketHandle.Listen
 0001:00008418       TIdSocketHandle.Readable
 0001:0000811C       TIdSocketHandle.Recv
 0001:00008274       TIdSocketHandle.RecvFrom
 0001:000085F8       TIdSocketHandle.Reset
 0001:00008140       TIdSocketHandle.Send
 0001:000081A4       TIdSocketHandle.SendTo
 0001:00008344       TIdSocketHandle.SetPeer
 0001:00008164       TIdSocketHandle.SetSockOpt
 0001:000085B0       TIdSocketHandle.UpdateBindingLocal
 0001:000085D4       TIdSocketHandle.UpdateBindingPeer
 0001:00008628       TIdSocketHandles.Add
 0001:00008648       TIdSocketHandles.BindingByHandle
 0001:00008688       TIdSocketHandles.Create
 0001:000086C4       TIdSocketHandles.GetItem
 0001:000086D8       TIdSocketHandles.SetItem
 0001:00023A68       TIdSSLConnectionIntercept.Create
 0001:0003C2A0       TIdSSLContext.Create
 0001:0003C344       TIdSSLContext.Destroy
 0001:0003C370       TIdSSLContext.DestroyContext
 0001:0003C4C8       TIdSSLContext.GetVerifyMode
 0001:0003C4D0       TIdSSLContext.InternalGetMethod
 0001:0003C6E4       TIdSSLContext.LoadCert
 0001:0003C720       TIdSSLContext.LoadKey
 0001:0003C774       TIdSSLContext.LoadOpenSLLibrary
 0001:0003C6A8       TIdSSLContext.LoadRootCert
 0001:0003C7A4       TIdSSLContext.SetMode
 0001:0003C494       TIdSSLContext.SetVerifyMode
 0001:0003C998       TIdSSLContext.UnLoadOpenSLLibrary
 0001:0003CA20       TIdSSLSocket.Accept
 0001:0003CB00       TIdSSLSocket.Connect
 0001:0003C9A0       TIdSSLSocket.Create
 0001:0003C9C4       TIdSSLSocket.Destroy
 0001:0003CBE0       TIdSSLSocket.GetPeerCert
 0001:0003CC18       TIdSSLSocket.GetSessionID
 0001:0003CC70       TIdSSLSocket.GetSessionIDAsString
 0001:0003BECC       TIdSSLSocket.GetSSLError
 0001:0003CD10       TIdSSLSocket.SetCipherList
 0001:00006F4C       TIdStack.CheckForSocketError
 0001:00006F58       TIdStack.CheckForSocketError
 0001:0000706C       TIdStack.Create
 0001:00006FA0       TIdStack.CreateSocketHandle
 0001:0000708C       TIdStack.CreateStack
 0001:0000761C       TIdStack.Destroy
 0001:00007548       TIdStack.IsIP
 0001:0000700C       TIdStack.RaiseSocketError
 0001:0000709C       TIdStack.ResolveHost
 0001:0000764C       TIdStack.StringToTInAddr
 0001:00007114       TIdStack.WSTranslateSocketErrorMsg
 0001:000066F4       TIdStackVersionWinsock.create
 0001:00005C1C       TIdStackWinsock.Create
 0001:00005CEC       TIdStackWinsock.Destroy
 0001:00006610       TIdStackWinsock.PopulateLocalAddresses
 0001:00005D30       TIdStackWinsock.TInAddrToString
 0001:00006838       TIdStackWinsock.TranslateStringToTInAddr
 0001:00005DE0       TIdStackWinsock.WSAccept
 0001:00005E70       TIdStackWinsock.WSBind
 0001:00005EDC       TIdStackWinsock.WSCloseSocket
 0001:00005EE8       TIdStackWinsock.WSConnect
 0001:00005F94       TIdStackWinsock.WSGetHostByAddr
 0001:00005F38       TIdStackWinsock.WSGetHostByName
 0001:00005FE4       TIdStackWinsock.WSGetHostName
 0001:000063A8       TIdStackWinsock.WSGetLastError
 0001:000066B8       TIdStackWinsock.WSGetLocalAddress
 0001:00006384       TIdStackWinsock.WSGetLocalAddresses
 0001:00006918       TIdStackWinsock.WSGetPeerName
 0001:000063E4       TIdStackWinsock.WSGetServByName
 0001:000064EC       TIdStackWinsock.WSGetServByPort
 0001:000069B8       TIdStackWinsock.WSGetSockName
 0001:000065F8       TIdStackWinsock.WSHToNL
 0001:000063CC       TIdStackWinsock.WSHToNs
 0001:00006020       TIdStackWinsock.WSListen
 0001:00006604       TIdStackWinsock.WSNToHL
 0001:000063D8       TIdStackWinsock.WSNToHs
 0001:0000602C       TIdStackWinsock.WSRecv
 0001:00006048       TIdStackWinsock.WSRecvFrom
 0001:000061C4       TIdStackWinsock.WSSelect
 0001:000062DC       TIdStackWinsock.WSSend
 0001:000062F8       TIdStackWinsock.WSSendTo
 0001:00006364       TIdStackWinsock.WSSetSockOpt
 0001:0000690C       TIdStackWinsock.WSShutdown
 0001:000063B4       TIdStackWinsock.WSSocket
 0001:00016C80       TIdTCPClient.Connect
 0001:000177B8       TIdTCPClient.ConnectAndGetAll
 0001:00017808       TIdTCPClient.Create
 0001:00017858       TIdTCPClient.Destroy
 0001:00017888       TIdTCPClient.DoOnConnected
 0001:000178A8       TIdTCPClient.SetSocksInfo
 0001:00009020       TIdTCPConnection.AllData
 0001:0000A8FC       TIdTCPConnection.CancelWriteBuffer
 0001:000090C8       TIdTCPConnection.Capture
 0001:00009278       TIdTCPConnection.CheckForDisconnect
 0001:0000A978       TIdTCPConnection.CheckForGracefulDisconnect
 0001:0000AB44       TIdTCPConnection.CheckResponse
 0001:0000A7A4       TIdTCPConnection.ClearWriteBuffer
 0001:0000A6F8       TIdTCPConnection.CloseWriteBuffer
 0001:00009314       TIdTCPConnection.Connected
 0001:0000932C       TIdTCPConnection.Create
 0001:000093B8       TIdTCPConnection.CurrentReadBuffer
 0001:000093FC       TIdTCPConnection.CurrentReadBufferSize
 0001:0000940C       TIdTCPConnection.Destroy
 0001:00009454       TIdTCPConnection.Disconnect
 0001:0000A660       TIdTCPConnection.DisconnectSocket
 0001:0000945C       TIdTCPConnection.DoOnDisconnected
 0001:0000947C       TIdTCPConnection.ExtractXBytesFromBuffer
 0001:0000A714       TIdTCPConnection.FlushWriteBuffer
 0001:00009514       TIdTCPConnection.GetCmdResult
 0001:00009548       TIdTCPConnection.GetRecvBufferSize
 0001:00009558       TIdTCPConnection.GetResponse
 0001:0000A7B0       TIdTCPConnection.InputLn
 0001:00009F10       TIdTCPConnection.Notification
 0001:0000A6D4       TIdTCPConnection.OpenWriteBuffer
 0001:0000978C       TIdTCPConnection.RaiseExceptionForCmdResult
 0001:00009734       TIdTCPConnection.RaiseExceptionForCmdResult
 0001:000097EC       TIdTCPConnection.ReadBuffer
 0001:0000AAE4       TIdTCPConnection.ReadCardinal
 0001:00009870       TIdTCPConnection.ReadFromStack
 0001:00009A14       TIdTCPConnection.ReadInteger
 0001:00009A40       TIdTCPConnection.ReadLn
 0001:00009BBC       TIdTCPConnection.ReadLnWait
 0001:0000A910       TIdTCPConnection.ReadSmallInt
 0001:00009C74       TIdTCPConnection.ReadStream
 0001:0000A8C8       TIdTCPConnection.ReadString
 0001:00009E88       TIdTCPConnection.RemoveXBytesFromBuffer
 0001:00009EA8       TIdTCPConnection.ResetConnection
[...]
 0001:0003CF60       TIdX509.RFingerprintAsString
 0001:0003D028       UTCTime2DateTime
 0001:0003D0F4       TIdX509.RnotBefore
 0001:0003D12C       TIdX509.RnotAfter
 0001:0003D164       Finalization
 0001:0003D19C       IdSSLOpenSSL
 0001:0003D7A8       TIdTelnetReadThread.Create
 0001:0003D7EC       TIdTelnet.SendCh
 0001:0003D888       TIdTelnetReadThread.Run
 0001:0003D90C       TIdTelnet.Create
 0001:0003D9C8       TIdTelnet.Disconnect
 0001:0003DA00       TIdTelnet.DoOnDataAvailable
 0001:0003DA7C       TIdTelnet.Connect
 0001:0003DB44       TIdTelnet.SendNegotiationResp
 0001:0003DB60       TIdTelnet.Handle_SB
 0001:0003DC50       TIdTelnet.Negotiate
 0001:0003E204       TIdTelnet.SetOnTelnetCommand
 0001:0003E220       TIdTelnet.DoTelnetCommand
 0001:0003E240       Finalization
 0001:0003E270       IdTelnet
 0001:0003E7E4       TIdTelnetServer.Create
 0001:0003E840       TIdTelnetServer.DoAuthenticate
 0001:0003E8C8       TIdTelnetServer.DoConnect
 0001:0003EAFC       TIdTelnetServer.DoNegotiate
 0001:0003EB18       Finalization
 0001:0003EB48       IdTelnetServer
 0001:0003EC44       TIdThreadMgrPool.Create
 0001:0003EC88       TIdThreadMgrPool.Destroy
 0001:0003ED30       TIdThreadMgrPool.GetThread
 0001:0003EE2C       TIdThreadMgrPool.ReleaseThread
 0001:0003EED4       Finalization
 0001:0003EF04       IdThreadMgrPool
 0001:0003F064       TIdTime.Create
 0001:0003F0C0       TIdTime.GetDateTime
 0001:0003F140       TIdTime.GetDateTimeCard
 0001:0003F208       TIdTime.SyncTime
 0001:0003F23C       Finalization
 0001:0003F26C       IdTime
 0001:0003F36C       TIdTimeServer.Create
 0001:0003F3C0       TIdTimeServer.DoExecute
 0001:0003F430       Finalization
 0001:0003F460       IdTimeServer
 0001:0003F4BC       StrToWord
 0001:0003F4CC       WordToStr
 0001:0003F4F4       MakeAckPkt
 0001:0003F558       SendError
 0001:0003F63C       SendError
 0001:0003F694       SendError
 0001:0003F7A0       SendError
 0001:0003F7B0       Finalization
 0001:0003F7E0       IdTrivialFTPBase
 0001:0003F988       TIdTrivialFTP.CheckOptionAck
 0001:0003FA20       TIdTrivialFTP.Create
 0001:0003FA74       TIdTrivialFTP.Get
 0001:0003FDE8       TIdTrivialFTP.Get
 0001:0003FE44       TIdTrivialFTP.ModeToStr
 0001:0003FE98       TIdTrivialFTP.Put
 0001:000401CC       TIdTrivialFTP.Put
 0001:00040228       TIdTrivialFTP.RaiseError
 0001:000403AC       TIdTrivialFTP.SendAck
 0001:00040408       Finalization
 0001:00040438       IdTrivialFTP
 0001:000407E4       TIdUDPServer.BroadcastEnabledChanged
 0001:0004082C       TIdUDPServer.CloseBinding
 0001:0004088C       TIdUDPServer.Create
 0001:000408D8       TIdUDPServer.Destroy
 0001:00040914       TIdUDPServer.DoUDPRead
 0001:00040934       TIdUDPServer.GetActive
 0001:00040960       TIdUDPServer.GetBinding
 0001:00040A78       TIdUDPServer.GetDefaultPort
 0001:00040A84       TIdUDPServer.PacketReceived
 0001:00040A98       TIdUDPServer.SetBindings
 0001:00040AA8       TIdUDPServer.SetDefaultPort
 0001:00040AB4       TIdUDPListenerThread.Create
 0001:00040B14       TIdUDPListenerThread.Destroy
 0001:00040B44       TIdUDPListenerThread.Run
 0001:00040D34       TIdUDPListenerThread.UDPRead
 0001:00040D44       Finalization
 0001:00040D74       IdUDPServer
 0001:0004116C       TIdTrivialFTPServer.Create
 0001:000411B0       TIdTrivialFTPServer.DoReadFile
 0001:000412FC       TIdTrivialFTPServer.DoTransferComplete
 0001:00041338       TIdTrivialFTPServer.DoUDPRead
 0001:000415C8       TIdTrivialFTPServer.DoWriteFile
 0001:00041718       TIdTrivialFTPServer.StrToMode
 0001:0004180C       TIdTFTPServerThread.Create
 0001:000418B0       TIdTFTPServerThread.Destroy
 0001:000418F8       TIdTFTPServerThread.Execute
 0001:00041E40       TIdTFTPServerThread.TransferComplete
 0001:00041EC4       Finalization
 0001:00041EF4       IdTrivialFTPServer
 0001:00042A68       TIdCoderCRC16.Create
 0001:00042AA0       TIdCoderCRC16.CalcCRC16
 0001:00042AC8       TIdCoderCRC16.Process
 0001:00042B14       TIdCoderCRC16.Reset
 0001:00042B1C       TIdCoderCRC16.SetCheckSum
 0001:00042B24       TIdCoderCRC16.GetString
 0001:00042BE0       TIdCoderCRC16.GetTheByte
 0001:00042CA0       TIdCoderCRC16.GetByte
 0001:00042CC0       TSender.Create
 0001:00042D2C       TSender.Destroy
 0001:00042D6C       TSender.PrepareMsg
 0001:00042E2C       TReceiver.Create
 0001:00042EB4       TReceiver.Destroy
 0001:00042EFC       TReceiver.FNewMessage
 0001:00042F00       TReceiver.SetData
 0001:0004308C       TReceiver.ShiftData
 0001:000431B4       TLogger.Create
 0001:00043298       TLogger.Destroy
 0001:000432DC       TLogger.LogEvent
 0001:00043380       Finalization
 0001:000433B0       IdTunnelCommon
 0001:00043858       TIdTunnelMaster.Create
 0001:00043910       TIdTunnelMaster.Destroy
 0001:00043970       TIdTunnelMaster.SetActive
 0001:000439A8       TIdTunnelMaster.LogEvent
 0001:000439FC       TIdTunnelMaster.GetNumSlaves
 0001:00043A10       TIdTunnelMaster.GetNumServices
 0001:00043A24       TIdTunnelMaster.GetStatistics
 0001:00043B54       TIdTunnelMaster.SetStatistics
 0001:00043CCC       TIdTunnelMaster.DoConnect
 0001:00043D40       TIdTunnelMaster.DoDisconnect
 0001:00043DB8       TIdTunnelMaster.DoExecute
 0001:00044208       TIdTunnelMaster.DoTransformRead
 0001:00044224       TIdTunnelMaster.DoTransformSend
 0001:0004424C       TIdTunnelMaster.DoInterpretMsg
 0001:00044268       TIdTunnelMaster.DisconnectAllSubThreads
 0001:00044314       TIdTunnelMaster.SendMsg
 0001:000444AC       TIdTunnelMaster.GetClientThread
 0001:00044580       TIdTunnelMaster.DisconectAllUsers
 0001:00044588       TIdTunnelMaster.ClientOperation
 0001:000446F0       MClientThread.Create
 0001:00044768       MClientThread.Destroy
 0001:000448E0       MClientThread.Execute
 0001:00044A38       Finalization
 0001:00044A68       IdTunnelMaster
 0001:00044E58       TIdTunnelSlave.Create
 0001:00044F74       TIdTunnelSlave.Destroy
 0001:00045084       TIdTunnelSlave.LogEvent
 0001:000450D8       TIdTunnelSlave.DoStatus
 0001:000450F8       TIdTunnelSlave.SetActive
 0001:00045340       TIdTunnelSlave.GetNumClients
 0001:00045354       TIdTunnelSlave.SetStatistics
 0001:000454A0       TIdTunnelSlave.GetStatistics
 0001:000455B8       TIdTunnelSlave.DoConnect
 0001:0004582C       TIdTunnelSlave.DoDisconnect
 0001:000458D4       TIdTunnelSlave.DoExecute
 0001:00045998       TIdTunnelSlave.SendMsg
 0001:00045BB4       TIdTunnelSlave.DoBeforeTunnelConnect
 0001:00045BD0       TIdTunnelSlave.DoTransformRead
 0001:00045BEC       TIdTunnelSlave.DoInterpretMsg
 0001:00045C08       TIdTunnelSlave.DoTransformSend
 0001:00045C24       TIdTunnelSlave.DoTunnelDisconnect
 0001:00045CA8       TIdTunnelSlave.OnTunnelThreadTerminate
 0001:00045CB0       TIdTunnelSlave.GetClientThread
 0001:00045DB4       TIdTunnelSlave.TerminateTunnelThread
 0001:00045E50       TIdTunnelSlave.ClientOperation
 0001:00045F94       TIdTunnelSlave.DisconectAllUsers
 0001:00045F9C       TClientData.Create
 0001:00045FDC       TClientData.Destroy
 0001:0004600C       TSlaveThread.Create
 0001:00046088       TSlaveThread.Destroy
 0001:000460C8       TSlaveThread.SetExecuted
 0001:00046118       TSlaveThread.GetExecuted
 0001:0004616C       TSlaveThread.Execute
 0001:00046184       TSlaveThread.Run
 0001:00046578       TSlaveThread.AfterRun
 0001:00046584       TSlaveThread.BeforeRun
 0001:0004662C       Finalization
 0001:0004665C       IdTunnelSlave
 0001:00047C08       AddValueToStrings
 0001:00047C60       ParseDelinatorToTStrings
 0001:00047CE0       ParseDateTimeStamp
 0001:00047E4C       GetAttributesAndValue
 0001:00047F64       ParseOrg
 0001:00047FEC       ParseGeography
 0001:00048150       ParseTelephone
 0001:0004842C       ParseAddress
 0001:0004870C       ParseMailingLabel
 0001:000488A8       ParseName
 0001:000489E0       ParseEMailAddress
 0001:00048B98       TIdVCard.Create
 0001:00048CC4       TIdVCard.Destroy
 0001:00048D70       TIdVCard.ReadFromTStrings
 0001:00048F3C       TIdVCard.SetCatagories
 0001:00048F4C       TIdVCard.SetComments
 0001:00048F5C       TIdVCard.SetURLs
 0001:00048F6C       UnfoldLines
 0001:0004905C       ProcessAgent
 0001:00049060       ParseEmbeddedObject
 0001:0004936C       TIdVCard.SetVariablesAfterRead
 0001:00049C98       TIdVCardEMailAddresses.Add
 0001:00049CA4       TIdVCardEMailAddresses.Create
 0001:00049CE0       TIdVCardEMailAddresses.GetItem
 0001:00049CF4       TIdVCardEMailAddresses.SetItem
 0001:00049CFC       TIdVCardEMailItem.Assign
 0001:00049D40       TIdVCardEMailItem.Create
 0001:00049D7C       TIdVCardAddresses.Add
 0001:00049D88       TIdVCardAddresses.Create
 0001:00049DC4       TIdVCardAddresses.GetItem
 0001:00049DD8       TIdVCardAddresses.SetItem
 0001:00049DE0       TIdVCardTelephones.Add
 0001:00049DEC       TIdVCardTelephones.Create
 0001:00049E28       TIdVCardTelephones.GetItem
 0001:00049E3C       TIdVCardTelephones.SetItem
 0001:00049E44       TIdVCardName.Create
 0001:00049E98       TIdVCardName.Destroy
 0001:00049ED0       TIdVCardName.SetNickNames
 0001:00049EE0       TIdVCardName.SetOtherNames
 0001:00049EF0       TIdVCardBusinessInfo.Create
 0001:00049F34       TIdVCardBusinessInfo.Destroy
 0001:00049F64       TIdVCardBusinessInfo.SetDivisions
 0001:00049F74       TIdVCardMailingLabelItem.Assign
 0001:00049FB0       TIdVCardMailingLabelItem.Create
 0001:00049FF4       TIdVCardMailingLabelItem.Destroy
 0001:0004A024       TIdVCardMailingLabelItem.SetMailingLabel
 0001:0004A034       TIdVCardMailingLabels.Add
 0001:0004A040       TIdVCardMailingLabels.Create
 0001:0004A07C       TIdVCardMailingLabels.GetItem
 0001:0004A090       TIdVCardMailingLabels.SetItem
 0001:0004A098       TIdVCardEmbeddedObject.Create
 0001:0004A0DC       TIdVCardEmbeddedObject.Destroy
 0001:0004A10C       TIdVCardEmbeddedObject.SetEmbeddedData
 0001:0004A11C       TIdCardPhoneNumber.Assign
 0001:0004A15C       TIdCardAddressItem.Assign
 0001:0004A1DC       Finalization
 0001:0004A278       IdVCard
 0001:0004A3B8       TIdWhois.Create
 0001:0004A424       TIdWhois.WhoIs
 0001:0004A484       Finalization
 0001:0004A4B4       IdWhois
 0001:0004A61C       TIdWhoIsServer.Create
 0001:0004A660       TIdWhoIsServer.DoExecute
 0001:0004A700       Finalization
 0001:0004A730       IdWhoIsServer
 0001:0004AB88       @GetPackageInfoTable
 0001:0004AB90       @PackageLoad
 0001:0004AB9C       @PackageUnload
 0001:0004ABA8       indy
 0002:00000000       Module
 0002:00000018       TlsProc
 0002:00000028       IndyPos
 0002:0000002C       wdays
 0002:00000048       monthnames
 0002:00000078       GAntiFreeze
 0002:0000007C       Accept
 0002:00000080       Bind
 0002:00000084       CloseSocket
 0002:00000088       Connect
 0002:0000008C       IoctlSocket
 0002:00000090       GetPeerName
 0002:00000094       GetSockName
 0002:00000098       GetSockOpt
 0002:0000009C       Htonl
 0002:000000A0       Htons
 0002:000000A4       Inet_Addr
 0002:000000A8       Inet_Ntoa
 0002:000000AC       Listen
 0002:000000B0       Ntohl
 0002:000000B4       Ntohs
 0002:000000B8       Recv
 0002:000000BC       RecvFrom
 0002:000000C0       Select
 0002:000000C4       Send
 0002:000000C8       SendTo
 0002:000000CC       SetSockOpt
 0002:000000D0       ShutDown
 0002:000000D4       Socket
 0002:000000D8       GetHostByAddr
 0002:000000DC       GetHostByName
 0002:000000E0       GetHostName
 0002:000000E4       GetServByPort
 0002:000000E8       GetServByName
 0002:000000EC       GetProtoByNumber
 0002:000000F0       GetProtoByname
 0002:000000F4       WSAStartup
 0002:000000F8       WSACleanup
 0002:000000FC       WSASetLastError
 0002:00000100       WSAGetLastError
 0002:00000104       WSAIsBlocking
 0002:00000108       WSAUnhookBlockingHook
 0002:0000010C       WSASetBlockingHook
 0002:00000110       WSACancelBlockingCall
 0002:00000114       WSAAsyncGetServByName
 0002:00000118       WSAAsyncGetServByPort
 0002:0000011C       WSAAsyncGetProtoByName
 0002:00000120       WSAAsyncGetProtoByNumber
 0002:00000124       WSAAsyncGetHostByName
 0002:00000128       WSAAsyncGetHostByAddr
 0002:0000012C       WSACancelAsyncRequest
 0002:00000130       WSAAsyncSelect
 0002:00000134       WSARecvEx
 0002:00000138       __WSAFDIsSet
 0002:0000013C       TransmitFile
 0002:00000140       AcceptEx
 0002:00000144       GetAcceptExSockaddrs
 0002:00000148       LibHandle
 0002:0000014C       Id_SO_True
 0002:00000150       Id_SO_False
 0002:00000154       GStack
 0002:00000158       GServeFileProc
 0002:0000015C       IdStati
 0002:00000174       gnInstanceCount
 0002:00000178       LSleepTime
 0002:0000017C       Base64CodeTable
 0002:00000180       UUCodeTable
 0002:00000184       XXCodeTable
 0002:00000188       MD2_PI_SUBST
 0002:00000288       MD4_INIT_VALUES
 0002:00000298       MD5_SINE
 0002:00000398       IdDaysInMonth
 0002:000003A4       IdMonthNames
 0002:000003D8       IdMonthShortNames
 0002:0000040C       IdDayNames
 0002:0000042C       IdDayShortNames
 0002:0000044C       MaxWeekAdd
 0002:00000450       MaxMinutesAdd
 0002:00000454       KnownCommands
 0002:0000047C       cOPCodeStrs
 0002:00000494       cQClassStr
 0002:000004A4       cRCodeStrs
 0002:000004BC       BlockTypes
 0002:000004C8       csSPECIALS
 0002:000004E8       kana_tbl
 0002:00000568       vkana_tbl
 0002:000005E8       sj1_tbl
 0002:00000668       sj2_tbl
 0002:00000868       base64_tbl
 0002:000008A8       SPACES
 0002:000008C8       KnownCommands
 0002:000008EC       ProtocolVersionString
 0002:000008F4       IMAPCommands
 0002:00000958       KnownCommands
 0002:000009F8       KnownCommands
 0002:00000A60       IdSslCtxSetCipherList
 0002:00000A64       IdSslCtxNew
 0002:00000A68       IdSslCtxFree
 0002:00000A6C       IdSslSetFd
 0002:00000A70       IdSslCtxUsePrivateKeyFile
 0002:00000A74       IdSslCtxUseCertificateFile
 0002:00000A78       IdSslLoadErrorStrings
 0002:00000A7C       IdSslStateStringLong
 0002:00000A80       IdSslGetPeerCertificate
 0002:00000A84       IdSslCtxSetVerify
 0002:00000A88       IdSslCtxSetDefaultPasswdCb
 0002:00000A8C       IdSslCtxSetDefaultPasswdCbUserdata
 0002:00000A90       IdSslCtxCheckPrivateKeyFile
 0002:00000A94       IdSslNew
 0002:00000A98       IdSslFree
 0002:00000A9C       IdSslAccept
 0002:00000AA0       IdSslConnect
 0002:00000AA4       IdSslRead
 0002:00000AA8       IdSslPeek
 0002:00000AAC       IdSslWrite
 0002:00000AB0       IdSslGetError
 0002:00000AB4       IdSslMethodV2
 0002:00000AB8       IdSslMethodServerV2
 0002:00000ABC       IdSslMethodClientV2
 0002:00000AC0       IdSslMethodV3
 0002:00000AC4       IdSslMethodServerV3
 0002:00000AC8       IdSslMethodClientV3
 0002:00000ACC       IdSslMethodV23
 0002:00000AD0       IdSslMethodServerV23
 0002:00000AD4       IdSslMethodClientV23
 0002:00000AD8       IdSslMethodTLSV1
 0002:00000ADC       IdSslMethodServerTLSV1
 0002:00000AE0       IdSslMethodClientTLSV1
 0002:00000AE4       IdSslShutdown
 0002:00000AE8       IdSslSetConnectState
 0002:00000AEC       IdSslSetAcceptState
 0002:00000AF0       IdSslSetShutdown
 0002:00000AF4       IdSslCtxLoadVerifyLocations
 0002:00000AF8       IdSslGetSession
 0002:00000AFC       IdSslAddSslAlgorithms
 0002:00000B00       IdSslSetAppData
 0002:00000B04       IdSslGetAppData
 0002:00000B08       IdSslCtxSetInfoCallback
 0002:00000B0C       IdSslX509StoreCtxGetAppData
 0002:00000B10       IdSslUCTTimeDecode
 0002:00000B14       IdSslSessionGetId
 0002:00000B18       IdSslSessionGetIdCtx
 0002:00000B1C       IdSslCtxGetVersion
 0002:00000B20       IdSslCtxSetOptions
 0002:00000B24       IdSslX509NameOneline
 0002:00000B28       IdSslX509NameHash
 0002:00000B2C       IdSslX509SetIssuerName
 0002:00000B30       IdSslX509GetIssuerName
 0002:00000B34       IdSslX509SetSubjectName
 0002:00000B38       IdSslX509GetSubjectName
 0002:00000B3C       IdSslX509Digest
 0002:00000B40       IdSslEvpMd5
 0002:00000B44       IdSslX509GetNotBefore
 0002:00000B48       IdSslX509GetNotAfter
 0002:00000B4C       IdSslX509StoreCtxGetError
 0002:00000B50       IdSslX509StoreCtxSetError
 0002:00000B54       IdSslX509StoreCtxGetErrorDepth
 0002:00000B58       IdSslX509StoreCtxGetCurrentCert
 0002:00000B5C       IdSslRandScreen
 0002:00000B60       hIdSSL
 0002:00000B64       hIdSSLLib
 0002:00000B68       DLLLoadCount
 0002:00000B6C       CRC16Table
 0002:00000D6C       HexDigits
 0002:00000D7C       VCardProperties
 0002:00000DEC       EMailTypePropertyParameter
 0002:00000E1C       TelephoneTypePropertyParameter
 0002:00000E54       AttribsArray
 0002:00000E70       AttribsArray
 0002:00002000       ModuleIsLib
 0002:00002001       ModuleIsPackage
 0002:00002004       TlsIndex
 0002:0000200C       HInstance
 0002:00002010       .1
 0002:00002014       tlsBuffer
 0002:00002018       .1
 0002:0000201C       .3
 0002:00002020       .32
 0002:00002024       .1
 0002:00002028       .2
 0002:0000202C       .4
 0002:00002030       FIdPorts
 0002:00002034       ATempPath
 0002:00002038       .2
 0002:0000203C       .3
 0002:00002040       .1
 0002:00002044       .1
 0002:00002048       .1
 0002:0000204C       .1
 0002:00002050       .1
 0002:00002054       .1
 0002:00002058       .1
 0002:0000205C       .3
 0002:00002060       .1
 0002:00002064       .1
 0002:00002068       .2
 0002:0000206C       .2
 0002:00002070       .1
 0002:00002074       .3
 0002:00002078       .6
 0002:0000207C       .3
 0002:00002080       .7
 0002:00002084       .3
 0002:00002088       .9
 0002:0000208C       .2
 0002:00002090       .2
 0002:00002094       .4
 0002:00002098       .8
 0002:0000209C       .2
 0002:000020A0       CoderCollective
 0002:000020A4       .4
 0002:000020A8       MIMEMediaType
 0002:000020C4       .2
 0002:000020C8       .01
 0002:000020CC       .3
 0002:000020D0       .4
 0002:000020D4       .3
 0002:000020D8       .6
 0002:000020DC       .2
 0002:000020E0       .81
 0002:000020E4       .2
 0002:000020E8       .2
 0002:000020EC       .3
 0002:000020F0       .2
 0002:000020F4       .4
 0002:000020F8       .2
 0002:000020FC       .71
 0002:00002100       .2
 0002:00002104       .2
 0002:00002108       .3
 0002:0000210C       .2
 0002:00002110       .2
 0002:00002114       .2
 0002:00002118       .3
 0002:0000211C       .2
 0002:00002120       .1
 0002:00002124       .4
 0002:00002128       .2
 0002:0000212C       .1
 0002:00002130       .3
 0002:00002134       .3
 0002:00002138       .3
 0002:0000213C       .31
 0002:00002140       .2
 0002:00002144       .2
 0002:00002148       .3
 0002:0000214C       .2
 0002:00002150       .3
 0002:00002154       .3
 0002:00002158       .3
 0002:0000215C       .2
 0002:00002160       .3
 0002:00002164       .3
 0002:00002168       .9
 0002:0000216C       .2
 0002:00002170       .3
 0002:00002174       .8
 0002:00002178       .3
 0002:0000217C       .2
 0002:00002180       .2
 0002:00002184       .2
 0002:00002188       .1
 0002:0000218C       .2
 0002:00002190       .2
 0002:00002194       .1
 0002:00002198       .12
 0002:0000219C       .6
 0002:000021A0       .7
 0002:000021A4       .2
 0002:000021A8       .2
 0002:000021AC       .2
 0002:000021B0       .1
 0002:000021B4       .2
 0002:000021B8       .5
 0002:000021BC       .2
 0002:000021C0       .61
 0002:000021C4       .4
 0002:000021C8       .4
 0002:000021CC       .61
 0002:000021D0       .2
 0002:000021D4       .2


Bound resource files

indy.res
C:\DOCUME~1\~storm\LOCALS~1\Temp\dtf71D4.tmp


Program entry point at 0001:0004ABA8
