
 Start         Length     Name                   Class
 0001:00000000 0005BAF0H .text                   CODE
 0002:00000000 00000C44H .data                   DATA
 0002:00000C44 00000331H .bss                    BSS


Detailed map of segments

 0001:00000000 000003CE C=CODE     S=.text    G=(none)   M=System   ACBP=A9
 0001:000003D0 000001EC C=CODE     S=.text    G=(none)   M=SysInit  ACBP=A9
 0001:000005BC 00000170 C=CODE     S=.text    G=(none)   M=Windows  ACBP=A9
 0001:0000072C 0000000E C=CODE     S=.text    G=(none)   M=Types    ACBP=A9
 0001:0000073C 00000038 C=CODE     S=.text    G=(none)   M=Messages ACBP=A9
 0001:00000774 00000036 C=CODE     S=.text    G=(none)   M=ActiveX  ACBP=A9
 0001:000007AC 000001E6 C=CODE     S=.text    G=(none)   M=SysUtils ACBP=A9
 0001:00000994 0000000E C=CODE     S=.text    G=(none)   M=SysConst ACBP=A9
 0001:000009A4 0000037E C=CODE     S=.text    G=(none)   M=Classes  ACBP=A9
 0001:00000D24 0000002E C=CODE     S=.text    G=(none)   M=TypInfo  ACBP=A9
 0001:00000D54 0000000E C=CODE     S=.text    G=(none)   M=Variants ACBP=A9
 0001:00000D64 0000000E C=CODE     S=.text    G=(none)   M=VarUtils ACBP=A9
 0001:00000D74 0000000E C=CODE     S=.text    G=(none)   M=RTLConsts ACBP=A9
 0001:00000D84 000000BE C=CODE     S=.text    G=(none)   M=Graphics ACBP=A9
 0001:00000E44 0000000E C=CODE     S=.text    G=(none)   M=Consts   ACBP=A9
 0001:00000E54 0000023E C=CODE     S=.text    G=(none)   M=Controls ACBP=A9
 0001:00001094 00000046 C=CODE     S=.text    G=(none)   M=ActnList ACBP=A9
 0001:000010DC 0000002E C=CODE     S=.text    G=(none)   M=Contnrs  ACBP=A9
 0001:0000110C 0000000E C=CODE     S=.text    G=(none)   M=Math     ACBP=A9
 0001:0000111C 00000026 C=CODE     S=.text    G=(none)   M=ImgList  ACBP=A9
 0001:00001144 00000038 C=CODE     S=.text    G=(none)   M=CommCtrl ACBP=A9
 0001:0000117C 000001C6 C=CODE     S=.text    G=(none)   M=Forms    ACBP=A9
 0001:00001344 0000000E C=CODE     S=.text    G=(none)   M=HelpIntfs ACBP=A9
 0001:00001354 0000000E C=CODE     S=.text    G=(none)   M=MultiMon ACBP=A9
 0001:00001364 00000038 C=CODE     S=.text    G=(none)   M=Imm      ACBP=A9
 0001:0000139C 0000005E C=CODE     S=.text    G=(none)   M=Menus    ACBP=A9
 0001:000013FC 0000000E C=CODE     S=.text    G=(none)   M=WinHelpViewer ACBP=A9
 0001:0000140C 0000000E C=CODE     S=.text    G=(none)   M=StdActns ACBP=A9
 0001:0000141C 00000046 C=CODE     S=.text    G=(none)   M=Dialogs  ACBP=A9
 0001:00001464 00000038 C=CODE     S=.text    G=(none)   M=ShlObj   ACBP=A9
 0001:0000149C 00000038 C=CODE     S=.text    G=(none)   M=UrlMon   ACBP=A9
 0001:000014D4 00000038 C=CODE     S=.text    G=(none)   M=WinInet  ACBP=A9
 0001:0000150C 00000038 C=CODE     S=.text    G=(none)   M=RegStr   ACBP=A9
 0001:00001544 00000038 C=CODE     S=.text    G=(none)   M=ShellAPI ACBP=A9
 0001:0000157C 0000000E C=CODE     S=.text    G=(none)   M=Printers ACBP=A9
 0001:0000158C 00000038 C=CODE     S=.text    G=(none)   M=WinSpool ACBP=A9
 0001:000015C4 00000076 C=CODE     S=.text    G=(none)   M=StdCtrls ACBP=A9
 0001:0000163C 00000038 C=CODE     S=.text    G=(none)   M=CommDlg  ACBP=A9
 0001:00001674 00000038 C=CODE     S=.text    G=(none)   M=Dlgs     ACBP=A9
 0001:000016AC 0000001E C=CODE     S=.text    G=(none)   M=ExtCtrls ACBP=A9
 0001:000016CC 0000001E C=CODE     S=.text    G=(none)   M=StrUtils ACBP=A9
 0001:000016EC 00000046 C=CODE     S=.text    G=(none)   M=Clipbrd  ACBP=A9
 0001:00001734 0000000E C=CODE     S=.text    G=(none)   M=FlatSB   ACBP=A9
 0001:00001744 00000076 C=CODE     S=.text    G=(none)   M=DeskForm ACBP=A9
 0001:000017BC 0000000E C=CODE     S=.text    G=(none)   M=IniFiles ACBP=A9
 0001:000017CC 00000016 C=CODE     S=.text    G=(none)   M=DesignIntf ACBP=A9
 0001:000017E4 0000000E C=CODE     S=.text    G=(none)   M=DesignMenus ACBP=A9
 0001:000017F4 0000000E C=CODE     S=.text    G=(none)   M=DeskStrs ACBP=A9
 0001:00001804 0000000E C=CODE     S=.text    G=(none)   M=dbk_tlb  ACBP=A9
 0001:00001814 0000000E C=CODE     S=.text    G=(none)   M=StdVCL   ACBP=A9
 0001:00001824 0000000E C=CODE     S=.text    G=(none)   M=OleCtrls ACBP=A9
 0001:00001834 0000000E C=CODE     S=.text    G=(none)   M=AxCtrls  ACBP=A9
 0001:00001844 0000003E C=CODE     S=.text    G=(none)   M=ComObj   ACBP=A9
 0001:00001884 0000000E C=CODE     S=.text    G=(none)   M=ComConst ACBP=A9
 0001:00001894 0000000E C=CODE     S=.text    G=(none)   M=OleConst ACBP=A9
 0001:000018A4 0000001E C=CODE     S=.text    G=(none)   M=DbkHelper ACBP=A9
 0001:000018C4 0000012E C=CODE     S=.text    G=(none)   M=Debug    ACBP=A9
 0001:000019F4 0000000E C=CODE     S=.text    G=(none)   M=IDEMessages ACBP=A9
 0001:00001A04 0000001E C=CODE     S=.text    G=(none)   M=IDEServices ACBP=A9
 0001:00001A24 00000026 C=CODE     S=.text    G=(none)   M=ToolUtils ACBP=A9
 0001:00001A4C 0000000E C=CODE     S=.text    G=(none)   M=ToolsAPI ACBP=A9
 0001:00001A5C 00000266 C=CODE     S=.text    G=(none)   M=ComCtrls ACBP=A9
 0001:00001CC4 0000000E C=CODE     S=.text    G=(none)   M=ListActns ACBP=A9
 0001:00001CD4 0000000E C=CODE     S=.text    G=(none)   M=ToolWin  ACBP=A9
 0001:00001CE4 00000038 C=CODE     S=.text    G=(none)   M=RichEdit ACBP=A9
 0001:00001D1C 0000000E C=CODE     S=.text    G=(none)   M=ExtActns ACBP=A9
 0001:00001D2C 0000005E C=CODE     S=.text    G=(none)   M=Registry ACBP=A9
 0001:00001D8C 0000000E C=CODE     S=.text    G=(none)   M=ExtDlgs  ACBP=A9
 0001:00001D9C 0000002E C=CODE     S=.text    G=(none)   M=Buttons  ACBP=A9
 0001:00001DCC 0000000E C=CODE     S=.text    G=(none)   M=Mapi     ACBP=A9
 0001:00001DDC 0000000E C=CODE     S=.text    G=(none)   M=ComStrs  ACBP=A9
 0001:00001DEC 000000DE C=CODE     S=.text    G=(none)   M=CodeMgr  ACBP=A9
 0001:00001ECC 0000001E C=CODE     S=.text    G=(none)   M=Events   ACBP=A9
 0001:00001EEC 0000000E C=CODE     S=.text    G=(none)   M=IDEModel ACBP=A9
 0001:00001EFC 0000000E C=CODE     S=.text    G=(none)   M=IDEEvent ACBP=A9
 0001:00001F0C 0000000E C=CODE     S=.text    G=(none)   M=IDEUtil  ACBP=A9
 0001:00001F1C 0000000E C=CODE     S=.text    G=(none)   M=IDEConst ACBP=A9
 0001:00001F2C 0000002E C=CODE     S=.text    G=(none)   M=ResUtils ACBP=A9
 0001:00001F5C 0000000E C=CODE     S=.text    G=(none)   M=OptIntf  ACBP=A9
 0001:00001F6C 0000000E C=CODE     S=.text    G=(none)   M=IDEHistoryManager ACBP=A9
 0001:00001F7C 0000000E C=CODE     S=.text    G=(none)   M=IDERegIniPropSet ACBP=A9
 0001:00001F8C 0000002E C=CODE     S=.text    G=(none)   M=IDEPropSet ACBP=A9
 0001:00001FBC 0000000E C=CODE     S=.text    G=(none)   M=Mask     ACBP=A9
 0001:00001FCC 0000000E C=CODE     S=.text    G=(none)   M=MaskUtils ACBP=A9
 0001:00001FDC 0000000E C=CODE     S=.text    G=(none)   M=PackageList ACBP=A9
 0001:00001FEC 00000076 C=CODE     S=.text    G=(none)   M=UIUtils  ACBP=A9
 0001:00002064 0000001E C=CODE     S=.text    G=(none)   M=VerInf   ACBP=A9
 0001:00002084 0000000E C=CODE     S=.text    G=(none)   M=ComTypes ACBP=A9
 0001:00002094 00000086 C=CODE     S=.text    G=(none)   M=Grids    ACBP=A9
 0001:0000211C 0000000E C=CODE     S=.text    G=(none)   M=IDEVersionInfo ACBP=A9
 0001:0000212C 00000026 C=CODE     S=.text    G=(none)   M=AppStrs  ACBP=A9
 0001:00002154 0000000E C=CODE     S=.text    G=(none)   M=RegistryEx ACBP=A9
 0001:00002164 0000000E C=CODE     S=.text    G=(none)   M=AppConst ACBP=A9
 0001:00002174 00000026 C=CODE     S=.text    G=(none)   M=FileCtrl ACBP=A9
 0001:0000219C 0000000E C=CODE     S=.text    G=(none)   M=EnvVariableFrame ACBP=A9
 0001:000021AC 0000000E C=CODE     S=.text    G=(none)   M=EnvVariableEntry ACBP=A9
 0001:000021BC 0000001E C=CODE     S=.text    G=(none)   M=Containers ACBP=A9
 0001:000021DC 0000000E C=CODE     S=.text    G=(none)   M=MakeObjs ACBP=A9
 0001:000021EC 0000000E C=CODE     S=.text    G=(none)   M=ProjectMgr ACBP=A9
 0001:000021FC 0000000E C=CODE     S=.text    G=(none)   M=IDEControl ACBP=A9
 0001:0000220C 0000000E C=CODE     S=.text    G=(none)   M=IDEPeer  ACBP=A9
 0001:0000221C 0000000E C=CODE     S=.text    G=(none)   M=IDEItem  ACBP=A9
 0001:0000222C 0000000E C=CODE     S=.text    G=(none)   M=IDEUIEvent ACBP=A9
 0001:0000223C 0000000E C=CODE     S=.text    G=(none)   M=IDEFixups ACBP=A9
 0001:0000224C 0000000E C=CODE     S=.text    G=(none)   M=IDEMulticast ACBP=A9
 0001:0000225C 0000000E C=CODE     S=.text    G=(none)   M=IDEViewImpl ACBP=A9
 0001:0000226C 0000000E C=CODE     S=.text    G=(none)   M=IDEUtil2 ACBP=A9
 0001:0000227C 0000000E C=CODE     S=.text    G=(none)   M=IDESubfocus ACBP=A9
 0001:0000228C 0000000E C=CODE     S=.text    G=(none)   M=IDESelection ACBP=A9
 0001:0000229C 0000000E C=CODE     S=.text    G=(none)   M=IDEModelEvent ACBP=A9
 0001:000022AC 0000000E C=CODE     S=.text    G=(none)   M=IDEViewManager ACBP=A9
 0001:000022BC 0000000E C=CODE     S=.text    G=(none)   M=IDEView  ACBP=A9
 0001:000022CC 0000000E C=CODE     S=.text    G=(none)   M=IDEItemEditors ACBP=A9
 0001:000022DC 0000000E C=CODE     S=.text    G=(none)   M=IDEItemPainters ACBP=A9
 0001:000022EC 0000000E C=CODE     S=.text    G=(none)   M=IDEGraphImpl ACBP=A9
 0001:000022FC 0000000E C=CODE     S=.text    G=(none)   M=IDEJgl   ACBP=A9
 0001:0000230C 0000000E C=CODE     S=.text    G=(none)   M=IDESelectionImpl ACBP=A9
 0001:0000231C 0000000E C=CODE     S=.text    G=(none)   M=IDESubfocusImpl ACBP=A9
 0001:0000232C 0000000E C=CODE     S=.text    G=(none)   M=IDEModelImpl ACBP=A9
 0001:0000233C 0000000E C=CODE     S=.text    G=(none)   M=IDEVectorImpl ACBP=A9
 0001:0000234C 0000000E C=CODE     S=.text    G=(none)   M=IDESingletonImpl ACBP=A9
 0001:0000235C 0000000E C=CODE     S=.text    G=(none)   M=IDEViewManagerImpl ACBP=A9
 0001:0000236C 00000356 C=CODE     S=.text    G=(none)   M=Modules  ACBP=A9
 0001:000026C4 00000016 C=CODE     S=.text    G=(none)   M=ComponentDesigner ACBP=A9
 0001:000026DC 0000000E C=CODE     S=.text    G=(none)   M=EditIntf ACBP=A9
 0001:000026EC 00000016 C=CODE     S=.text    G=(none)   M=VirtIntf ACBP=A9
 0001:00002704 0000000E C=CODE     S=.text    G=(none)   M=Update   ACBP=A9
 0001:00002714 0000000E C=CODE     S=.text    G=(none)   M=LibConst ACBP=A9
 0001:00002724 0000000E C=CODE     S=.text    G=(none)   M=DesignEditors ACBP=A9
 0001:00002734 0000000E C=CODE     S=.text    G=(none)   M=Proxies  ACBP=A9
 0001:00002744 0000000E C=CODE     S=.text    G=(none)   M=DesignConst ACBP=A9
 0001:00002754 0000000E C=CODE     S=.text    G=(none)   M=Designer ACBP=A9
 0001:00002764 0000000E C=CODE     S=.text    G=(none)   M=TopLevels ACBP=A9
 0001:00002774 0000000E C=CODE     S=.text    G=(none)   M=StFilSys ACBP=A9
 0001:00002784 0000000E C=CODE     S=.text    G=(none)   M=IStreams ACBP=A9
 0001:00002794 0000000E C=CODE     S=.text    G=(none)   M=TreeIntf ACBP=A9
 0001:000027A4 0000000E C=CODE     S=.text    G=(none)   M=EditorViewSupport ACBP=A9
 0001:000027B4 0000000E C=CODE     S=.text    G=(none)   M=CompIntf ACBP=A9
 0001:000027C4 0000000E C=CODE     S=.text    G=(none)   M=ExplorerIntf ACBP=A9
 0001:000027D4 0000001E C=CODE     S=.text    G=(none)   M=Updaters ACBP=A9
 0001:000027F4 00000046 C=CODE     S=.text    G=(none)   M=Symbols  ACBP=A9
 0001:0000283C 0000000E C=CODE     S=.text    G=(none)   M=Context  ACBP=A9
 0001:0000284C 0000000E C=CODE     S=.text    G=(none)   M=ProjectIntf ACBP=A9
 0001:0000285C 00000026 C=CODE     S=.text    G=(none)   M=ComInOut ACBP=A9
 0001:00002884 0000000E C=CODE     S=.text    G=(none)   M=SyncObjs ACBP=A9
 0001:00002894 0000000E C=CODE     S=.text    G=(none)   M=ComMgr   ACBP=A9
 0001:000028A4 00000346 C=CODE     S=.text    G=(none)   M=TypeLib  ACBP=A9
 0001:00002BEC 00000026 C=CODE     S=.text    G=(none)   M=tlberror ACBP=A9
 0001:00002C14 0000000E C=CODE     S=.text    G=(none)   M=TlbConst ACBP=A9
 0001:00002C24 00000016 C=CODE     S=.text    G=(none)   M=regutl   ACBP=A9
 0001:00002C3C 0000000E C=CODE     S=.text    G=(none)   M=TlbHash  ACBP=A9
 0001:00002C4C 0000001E C=CODE     S=.text    G=(none)   M=tlbdebug ACBP=A9
 0001:00002C6C 0000001E C=CODE     S=.text    G=(none)   M=guidutl  ACBP=A9
 0001:00002C8C 0000000E C=CODE     S=.text    G=(none)   M=ComPlusUtl ACBP=A9
 0001:00002C9C 00000026 C=CODE     S=.text    G=(none)   M=DTLWrite ACBP=A9
 0001:00002CC4 00000016 C=CODE     S=.text    G=(none)   M=TlbWrite ACBP=A9
 0001:00002CDC 0000002E C=CODE     S=.text    G=(none)   M=TlbUtils ACBP=A9
 0001:00002D0C 0000000E C=CODE     S=.text    G=(none)   M=AgeCache ACBP=A9
 0001:00002D1C 0000000E C=CODE     S=.text    G=(none)   M=StatIntf ACBP=A9
 0001:00002D2C 0000006E C=CODE     S=.text    G=(none)   M=Creators ACBP=A9
 0001:00002D9C 0000000E C=CODE     S=.text    G=(none)   M=PakLoad  ACBP=A9
 0001:00002DAC 0000000E C=CODE     S=.text    G=(none)   M=VEdOpts  ACBP=A9
 0001:00002DBC 0000000E C=CODE     S=.text    G=(none)   M=EK       ACBP=A9
 0001:00002DCC 0000002E C=CODE     S=.text    G=(none)   M=EdKrnl   ACBP=A9
 0001:00002DFC 0000000E C=CODE     S=.text    G=(none)   M=VEdTypes ACBP=A9
 0001:00002E0C 0000000E C=CODE     S=.text    G=(none)   M=IDEKbd   ACBP=A9
 0001:00002E1C 00000016 C=CODE     S=.text    G=(none)   M=KbClient ACBP=A9
 0001:00002E34 0000000E C=CODE     S=.text    G=(none)   M=MsgLines ACBP=A9
 0001:00002E44 0000000E C=CODE     S=.text    G=(none)   M=MsgLinesIntf ACBP=A9
 0001:00002E54 0000000E C=CODE     S=.text    G=(none)   M=MsgViewForm ACBP=A9
 0001:00002E64 0000000E C=CODE     S=.text    G=(none)   M=Tabs     ACBP=A9
 0001:00002E74 0000000E C=CODE     S=.text    G=(none)   M=MsgView  ACBP=A9
 0001:00002E84 0000000E C=CODE     S=.text    G=(none)   M=AppUtils ACBP=A9
 0001:00002E94 00000146 C=CODE     S=.text    G=(none)   M=Editors  ACBP=A9
 0001:00002FDC 0000000E C=CODE     S=.text    G=(none)   M=IDEMenuAction ACBP=A9
 0001:00002FEC 0000000E C=CODE     S=.text    G=(none)   M=IDEDockPanel ACBP=A9
 0001:00002FFC 0000000E C=CODE     S=.text    G=(none)   M=TabDock  ACBP=A9
 0001:0000300C 0000004E C=CODE     S=.text    G=(none)   M=DockForm ACBP=A9
 0001:0000305C 0000001E C=CODE     S=.text    G=(none)   M=DeskUtil ACBP=A9
 0001:0000307C 0000000E C=CODE     S=.text    G=(none)   M=IDEDockCtrls ACBP=A9
 0001:0000308C 0000000E C=CODE     S=.text    G=(none)   M=BaseDock ACBP=A9
 0001:0000309C 0000000E C=CODE     S=.text    G=(none)   M=JoinDock ACBP=A9
 0001:000030AC 0000000E C=CODE     S=.text    G=(none)   M=IDETabControl ACBP=A9
 0001:000030BC 00000016 C=CODE     S=.text    G=(none)   M=BaseEnvironDialog ACBP=A9
 0001:000030D4 00000046 C=CODE     S=.text    G=(none)   M=IDEPropSheet ACBP=A9
 0001:0000311C 0000000E C=CODE     S=.text    G=(none)   M=BaseModExplorerForm ACBP=A9
 0001:0000312C 0000002E C=CODE     S=.text    G=(none)   M=EnvOptions ACBP=A9
 0001:0000315C 0000000E C=CODE     S=.text    G=(none)   M=AddInEnvOptions ACBP=A9
 0001:0000316C 0000000E C=CODE     S=.text    G=(none)   M=PakUtil  ACBP=A9
 0001:0000317C 000002A6 C=CODE     S=.text    G=(none)   M=DocModul ACBP=A9
 0001:00003424 0000000E C=CODE     S=.text    G=(none)   M=ToolIntf ACBP=A9
 0001:00003434 0000000E C=CODE     S=.text    G=(none)   M=FileIntf ACBP=A9
 0001:00003444 0000000E C=CODE     S=.text    G=(none)   M=VirtFile ACBP=A9
 0001:00003454 0000000E C=CODE     S=.text    G=(none)   M=ToolMain ACBP=A9
 0001:00003464 0000004E C=CODE     S=.text    G=(none)   M=Gallery  ACBP=A9
 0001:000034B4 0000000E C=CODE     S=.text    G=(none)   M=CmdConst ACBP=A9
 0001:000034C4 0000000E C=CODE     S=.text    G=(none)   M=EdTrackr ACBP=A9
 0001:000034D4 0000000E C=CODE     S=.text    G=(none)   M=EdProcs  ACBP=A9
 0001:000034E4 0000000E C=CODE     S=.text    G=(none)   M=EdToken  ACBP=A9
 0001:000034F4 0000000E C=CODE     S=.text    G=(none)   M=MsgWnds  ACBP=A9
 0001:00003504 0000000E C=CODE     S=.text    G=(none)   M=FileFind ACBP=A9
 0001:00003514 0000001E C=CODE     S=.text    G=(none)   M=DebugOpts ACBP=A9
 0001:00003534 00000036 C=CODE     S=.text    G=(none)   M=ExprDlg  ACBP=A9
 0001:0000356C 0000000E C=CODE     S=.text    G=(none)   M=IDEPropCtrls ACBP=A9
 0001:0000357C 0000000E C=CODE     S=.text    G=(none)   M=ColorGrd ACBP=A9
 0001:0000358C 0000000E C=CODE     S=.text    G=(none)   M=EvalMod  ACBP=A9
 0001:0000359C 0000000E C=CODE     S=.text    G=(none)   M=DockToolForm ACBP=A9
 0001:000035AC 0000001E C=CODE     S=.text    G=(none)   M=IDECommandButton ACBP=A9
 0001:000035CC 0000000E C=CODE     S=.text    G=(none)   M=IDEIntf  ACBP=A9
 0001:000035DC 0000000E C=CODE     S=.text    G=(none)   M=ExptIntf ACBP=A9
 0001:000035EC 0000000E C=CODE     S=.text    G=(none)   M=DebugFindFile ACBP=A9
 0001:000035FC 0000000E C=CODE     S=.text    G=(none)   M=DataBPModify ACBP=A9
 0001:0000360C 0000000E C=CODE     S=.text    G=(none)   M=DataBPAdd ACBP=A9
 0001:0000361C 0000000E C=CODE     S=.text    G=(none)   M=AdrBPAdd ACBP=A9
 0001:0000362C 0000001E C=CODE     S=.text    G=(none)   M=Verify   ACBP=A9
 0001:0000364C 00000026 C=CODE     S=.text    G=(none)   M=ComDebug ACBP=A9
 0001:00003674 0000000E C=CODE     S=.text    G=(none)   M=BPModify ACBP=A9
 0001:00003684 0000000E C=CODE     S=.text    G=(none)   M=BPAdd    ACBP=A9
 0001:00003694 0000000E C=CODE     S=.text    G=(none)   M=AdrBPModify ACBP=A9
 0001:000036A4 0000000E C=CODE     S=.text    G=(none)   M=GetAddr  ACBP=A9
 0001:000036B4 00000016 C=CODE     S=.text    G=(none)   M=DisView  ACBP=A9
 0001:000036CC 0000000E C=CODE     S=.text    G=(none)   M=PkgProjects ACBP=A9
 0001:000036DC 0000001E C=CODE     S=.text    G=(none)   M=Desktop  ACBP=A9
 0001:000036FC 0000000E C=CODE     S=.text    G=(none)   M=ProjectFrm ACBP=A9
 0001:0000370C 0000000E C=CODE     S=.text    G=(none)   M=TreeSearch ACBP=A9
 0001:0000371C 0000000E C=CODE     S=.text    G=(none)   M=PkgEditors ACBP=A9
 0001:0000372C 0000000E C=CODE     S=.text    G=(none)   M=PkgContainers ACBP=A9
 0001:0000373C 0000000E C=CODE     S=.text    G=(none)   M=CompHelp ACBP=A9
 0001:0000374C 0000000E C=CODE     S=.text    G=(none)   M=WinHelpTester ACBP=A9
 0001:0000375C 0000000E C=CODE     S=.text    G=(none)   M=HelpList ACBP=A9
 0001:0000376C 0000000E C=CODE     S=.text    G=(none)   M=PrintSel ACBP=A9
 0001:0000377C 0000000E C=CODE     S=.text    G=(none)   M=HelpSelector ACBP=A9
 0001:0000378C 0000000E C=CODE     S=.text    G=(none)   M=ComPrgrs ACBP=A9
 0001:0000379C 0000000E C=CODE     S=.text    G=(none)   M=Compiler ACBP=A9
 0001:000037AC 0000000E C=CODE     S=.text    G=(none)   M=PackageState ACBP=A9
 0001:000037BC 0000001E C=CODE     S=.text    G=(none)   M=PakMgr   ACBP=A9
 0001:000037DC 0000000E C=CODE     S=.text    G=(none)   M=ExpertReg ACBP=A9
 0001:000037EC 0000000E C=CODE     S=.text    G=(none)   M=CompList ACBP=A9
 0001:000037FC 00000016 C=CODE     S=.text    G=(none)   M=PalMgr   ACBP=A9
 0001:00003814 0000000E C=CODE     S=.text    G=(none)   M=ViewDlg  ACBP=A9
 0001:00003824 0000000E C=CODE     S=.text    G=(none)   M=Palettes ACBP=A9
 0001:00003834 0000000E C=CODE     S=.text    G=(none)   M=PakWarn  ACBP=A9
 0001:00003844 0000000E C=CODE     S=.text    G=(none)   M=AddRequires ACBP=A9
 0001:00003854 0000000E C=CODE     S=.text    G=(none)   M=AddContainsRequiresBase ACBP=A9
 0001:00003864 0000000E C=CODE     S=.text    G=(none)   M=PackageAddBase ACBP=A9
 0001:00003874 0000000E C=CODE     S=.text    G=(none)   M=AddContains ACBP=A9
 0001:00003884 0000000E C=CODE     S=.text    G=(none)   M=AddContainsRequires ACBP=A9
 0001:00003894 0000000E C=CODE     S=.text    G=(none)   M=PakAnaly ACBP=A9
 0001:000038A4 0000001E C=CODE     S=.text    G=(none)   M=PakList  ACBP=A9
 0001:000038C4 0000001E C=CODE     S=.text    G=(none)   M=CheckLst ACBP=A9
 0001:000038E4 0000000E C=CODE     S=.text    G=(none)   M=PakRemRu ACBP=A9
 0001:000038F4 0000000E C=CODE     S=.text    G=(none)   M=InstColl ACBP=A9
 0001:00003904 0000000E C=CODE     S=.text    G=(none)   M=Archiver ACBP=A9
 0001:00003914 0000000E C=CODE     S=.text    G=(none)   M=ZLib     ACBP=A9
 0001:00003924 0000000E C=CODE     S=.text    G=(none)   M=ZLibConst ACBP=A9
 0001:00003934 0000000E C=CODE     S=.text    G=(none)   M=PCEGlobs ACBP=A9
 0001:00003944 0000000E C=CODE     S=.text    G=(none)   M=PakCust  ACBP=A9
 0001:00003954 0000000E C=CODE     S=.text    G=(none)   M=PkgDir   ACBP=A9
 0001:00003964 0000000E C=CODE     S=.text    G=(none)   M=PakComp  ACBP=A9
 0001:00003974 00000036 C=CODE     S=.text    G=(none)   M=FileHist ACBP=A9
 0001:000039AC 0000000E C=CODE     S=.text    G=(none)   M=ProjectItem ACBP=A9
 0001:000039BC 0000000E C=CODE     S=.text    G=(none)   M=PrefOptDlg ACBP=A9
 0001:000039CC 0000000E C=CODE     S=.text    G=(none)   M=ReposCfg ACBP=A9
 0001:000039DC 0000000E C=CODE     S=.text    G=(none)   M=EditTpl  ACBP=A9
 0001:000039EC 0000000E C=CODE     S=.text    G=(none)   M=Template ACBP=A9
 0001:000039FC 0000000E C=CODE     S=.text    G=(none)   M=PrjTpl   ACBP=A9
 0001:00003A0C 0000000E C=CODE     S=.text    G=(none)   M=FormTpl  ACBP=A9
 0001:00003A1C 0000000E C=CODE     S=.text    G=(none)   M=PalEdit  ACBP=A9
 0001:00003A2C 0000000E C=CODE     S=.text    G=(none)   M=GalBrow  ACBP=A9
 0001:00003A3C 0000000E C=CODE     S=.text    G=(none)   M=ExptMain ACBP=A9
 0001:00003A4C 00000026 C=CODE     S=.text    G=(none)   M=ParserThread ACBP=A9
 0001:00003A74 00000016 C=CODE     S=.text    G=(none)   M=EditMain ACBP=A9
 0001:00003A8C 0000000E C=CODE     S=.text    G=(none)   M=VcsMain  ACBP=A9
 0001:00003A9C 0000000E C=CODE     S=.text    G=(none)   M=VcsIntf  ACBP=A9
 0001:00003AAC 0000000E C=CODE     S=.text    G=(none)   M=NewFile  ACBP=A9
 0001:00003ABC 00000106 C=CODE     S=.text    G=(none)   M=DisComp  ACBP=A9
 0001:00003BC4 0000000E C=CODE     S=.text    G=(none)   M=SelectTh ACBP=A9
 0001:00003BD4 0000000E C=CODE     S=.text    G=(none)   M=WinMsg   ACBP=A9
 0001:00003BE4 0000000E C=CODE     S=.text    G=(none)   M=EdScript ACBP=A9
 0001:00003BF4 0000000E C=CODE     S=.text    G=(none)   M=GotoLine ACBP=A9
 0001:00003C04 0000000E C=CODE     S=.text    G=(none)   M=VClient  ACBP=A9
 0001:00003C14 0000000E C=CODE     S=.text    G=(none)   M=SrchPrgs ACBP=A9
 0001:00003C24 0000000E C=CODE     S=.text    G=(none)   M=SrchDlg  ACBP=A9
 0001:00003C34 0000000E C=CODE     S=.text    G=(none)   M=WinList  ACBP=A9
 0001:00003C44 0000000E C=CODE     S=.text    G=(none)   M=BarFrm   ACBP=A9
 0001:00003C54 0000000E C=CODE     S=.text    G=(none)   M=BottomBarFrm ACBP=A9
 0001:00003C64 0000000E C=CODE     S=.text    G=(none)   M=RightBarFrm ACBP=A9
 0001:00003C74 0000000E C=CODE     S=.text    G=(none)   M=LeftBarFrm ACBP=A9
 0001:00003C84 0000000E C=CODE     S=.text    G=(none)   M=MainWorkFrm ACBP=A9
 0001:00003C94 0000000E C=CODE     S=.text    G=(none)   M=WorkFrm  ACBP=A9
 0001:00003CA4 0000000E C=CODE     S=.text    G=(none)   M=PrintSes ACBP=A9
 0001:00003CB4 0000000E C=CODE     S=.text    G=(none)   M=PrintSts ACBP=A9
 0001:00003CC4 0000000E C=CODE     S=.text    G=(none)   M=OptStr   ACBP=A9
 0001:00003CD4 0000000E C=CODE     S=.text    G=(none)   M=RplcDlg  ACBP=A9
 0001:00003CE4 0000000E C=CODE     S=.text    G=(none)   M=FileMain ACBP=A9
 0001:00003CF4 0000000E C=CODE     S=.text    G=(none)   M=WorkspaceCrtrs ACBP=A9
 0001:00003D04 000002C0 C=CODE     S=.text    G=(none)   M=DebugLogOptDlg ACBP=A9
 0001:00003FC4 00000C08 C=CODE     S=.text    G=(none)   M=DbgLog   ACBP=A9
 0001:00004BCC 0000010E C=CODE     S=.text    G=(none)   M=IDEInspListBox ACBP=A9
 0001:00004CDC 0000000E C=CODE     S=.text    G=(none)   M=PropertyCategories ACBP=A9
 0001:00004CEC 0000000E C=CODE     S=.text    G=(none)   M=Masks    ACBP=A9
 0001:00004CFC 0000000E C=CODE     S=.text    G=(none)   M=VCLEditors ACBP=A9
 0001:00004D0C 0000000E C=CODE     S=.text    G=(none)   M=IDEXEdit ACBP=A9
 0001:00004D1C 00000046 C=CODE     S=.text    G=(none)   M=IDEListBtns ACBP=A9
 0001:00004D64 0000075C C=CODE     S=.text    G=(none)   M=Range    ACBP=A9
 0001:000054C0 00006194 C=CODE     S=.text    G=(none)   M=DbgInsp  ACBP=A9
 0001:0000B654 00001BDC C=CODE     S=.text    G=(none)   M=LocalVars ACBP=A9
 0001:0000D230 00000016 C=CODE     S=.text    G=(none)   M=IDEToDoIntf ACBP=A9
 0001:0000D248 0000000E C=CODE     S=.text    G=(none)   M=IDEExGrid ACBP=A9
 0001:0000D258 00000F94 C=CODE     S=.text    G=(none)   M=IDEToDoUtils ACBP=A9
 0001:0000E1EC 0000001E C=CODE     S=.text    G=(none)   M=SHDocVw  ACBP=A9
 0001:0000E20C 0000003E C=CODE     S=.text    G=(none)   M=OleServer ACBP=A9
 0001:0000E24C 0000003E C=CODE     S=.text    G=(none)   M=PasMgr   ACBP=A9
 0001:0000E28C 0000000E C=CODE     S=.text    G=(none)   M=PasSym   ACBP=A9
 0001:0000E29C 0000000E C=CODE     S=.text    G=(none)   M=RemovMod ACBP=A9
 0001:0000E2AC 00001147 C=CODE     S=.text    G=(none)   M=IDEToDoUpdaters ACBP=A9
 0001:0000F3F4 00002294 C=CODE     S=.text    G=(none)   M=FpuView  ACBP=A9
 0001:00011688 0000002E C=CODE     S=.text    G=(none)   M=Deploy   ACBP=A9
 0001:000116B8 00000046 C=CODE     S=.text    G=(none)   M=DepFiles ACBP=A9
 0001:00011700 0000000E C=CODE     S=.text    G=(none)   M=ImageHlp ACBP=A9
 0001:00011710 0000000E C=CODE     S=.text    G=(none)   M=DepProg  ACBP=A9
 0001:00011720 00003927 C=CODE     S=.text    G=(none)   M=DepOpt   ACBP=A9
 0001:00015048 000014D4 C=CODE     S=.text    G=(none)   M=AxCtlExp ACBP=A9
 0001:0001651C 00000458 C=CODE     S=.text    G=(none)   M=BaseComExpt ACBP=A9
 0001:00016974 0000031C C=CODE     S=.text    G=(none)   M=AutoExpt ACBP=A9
 0001:00016C90 000002D8 C=CODE     S=.text    G=(none)   M=ASPExpt  ACBP=A9
 0001:00016F68 0000001E C=CODE     S=.text    G=(none)   M=ComBrows ACBP=A9
 0001:00016F88 0000175C C=CODE     S=.text    G=(none)   M=SelIntfWiz ACBP=A9
 0001:000186E4 00000D64 C=CODE     S=.text    G=(none)   M=ComExpt  ACBP=A9
 0001:00019448 00000218 C=CODE     S=.text    G=(none)   M=TlbIface ACBP=A9
 0001:00019660 0000003E C=CODE     S=.text    G=(none)   M=ToolForm ACBP=A9
 0001:000196A0 00000026 C=CODE     S=.text    G=(none)   M=UIWrite  ACBP=A9
 0001:000196C8 0000002E C=CODE     S=.text    G=(none)   M=TlbParse ACBP=A9
 0001:000196F8 0000000E C=CODE     S=.text    G=(none)   M=IDEXGrid ACBP=A9
 0001:00019708 0000000E C=CODE     S=.text    G=(none)   M=TlbLang  ACBP=A9
 0001:00019718 0000000E C=CODE     S=.text    G=(none)   M=IDLParse ACBP=A9
 0001:00019728 0000000E C=CODE     S=.text    G=(none)   M=IDLWrite ACBP=A9
 0001:00019738 00003610 C=CODE     S=.text    G=(none)   M=TlbModul ACBP=A9
 0001:0001CD48 00000016 C=CODE     S=.text    G=(none)   M=IDLCreators ACBP=A9
 0001:0001CD60 00000ABC C=CODE     S=.text    G=(none)   M=TlbFlags ACBP=A9
 0001:0001D81C 00001F0C C=CODE     S=.text    G=(none)   M=COMAdmin_TLB ACBP=A9
 0001:0001F728 0000D714 C=CODE     S=.text    G=(none)   M=TlibEdit ACBP=A9
 0001:0002CE3C 00000016 C=CODE     S=.text    G=(none)   M=importutl ACBP=A9
 0001:0002CE54 00005CD3 C=CODE     S=.text    G=(none)   M=AxNew    ACBP=A9
 0001:00032B28 0000000E C=CODE     S=.text    G=(none)   M=EditorActions ACBP=A9
 0001:00032B38 0000000E C=CODE     S=.text    G=(none)   M=WatchWin ACBP=A9
 0001:00032B48 0000000E C=CODE     S=.text    G=(none)   M=WatchEd  ACBP=A9
 0001:00032B58 000009CC C=CODE     S=.text    G=(none)   M=AttachDlg ACBP=A9
 0001:00033524 0000000E C=CODE     S=.text    G=(none)   M=CallStac ACBP=A9
 0001:00033534 00000016 C=CODE     S=.text    G=(none)   M=CodCmplt ACBP=A9
 0001:0003354C 0000000E C=CODE     S=.text    G=(none)   M=CodCmpltIDE ACBP=A9
 0001:0003355C 0000000E C=CODE     S=.text    G=(none)   M=Completers ACBP=A9
 0001:0003356C 0000000E C=CODE     S=.text    G=(none)   M=TokenWin ACBP=A9
 0001:0003357C 00003844 C=CODE     S=.text    G=(none)   M=DTDParser ACBP=A9
 0001:00036DC0 0000A6FF C=CODE     S=.text    G=(none)   M=HTMLCodCmplt ACBP=A9
 0001:000414C0 000026AD C=CODE     S=.text    G=(none)   M=ProCmd   ACBP=A9
 0001:00043B70 000007A0 C=CODE     S=.text    G=(none)   M=IDEToDoAddDlg ACBP=A9
 0001:00044310 00002074 C=CODE     S=.text    G=(none)   M=IDEToDoMgr ACBP=A9
 0001:00046384 0000274E C=CODE     S=.text    G=(none)   M=IDEToDoList ACBP=A9
 0001:00048AD4 00000016 C=CODE     S=.text    G=(none)   M=HostIE   ACBP=A9
 0001:00048AEC 0000000E C=CODE     S=.text    G=(none)   M=MSHTML   ACBP=A9
 0001:00048AFC 0000000E C=CODE     S=.text    G=(none)   M=IDocIntf ACBP=A9
 0001:00048B0C 0000292C C=CODE     S=.text    G=(none)   M=IDEToDoTable ACBP=A9
 0001:0004B438 000005D4 C=CODE     S=.text    G=(none)   M=IDEToDoFilter ACBP=A9
 0001:0004BA0C 000026C4 C=CODE     S=.text    G=(none)   M=IDEToDoForm ACBP=A9
 0001:0004E0D0 000005F0 C=CODE     S=.text    G=(none)   M=DebuggerLogOptions ACBP=A9
 0001:0004E6C0 00000CFB C=CODE     S=.text    G=(none)   M=ResFormMgr ACBP=A9
 0001:0004F3BC 000003A3 C=CODE     S=.text    G=(none)   M=TypeLibraryOptionsPage ACBP=A9
 0001:0004F760 00000D68 C=CODE     S=.text    G=(none)   M=MTSADMIN ACBP=A9
 0001:000504C8 000000C0 C=CODE     S=.text    G=(none)   M=MtsConst ACBP=A9
 0001:00050588 00000C4C C=CODE     S=.text    G=(none)   M=mtspack  ACBP=A9
 0001:000511D4 00003014 C=CODE     S=.text    G=(none)   M=mtsinst  ACBP=A9
 0001:000541E8 00000244 C=CODE     S=.text    G=(none)   M=MtsExpt  ACBP=A9
 0001:0005442C 000008AC C=CODE     S=.text    G=(none)   M=MtsNew   ACBP=A9
 0001:00054CD8 00000340 C=CODE     S=.text    G=(none)   M=MtsCmd   ACBP=A9
 0001:00055018 00000CA4 C=CODE     S=.text    G=(none)   M=COMPLUSPack ACBP=A9
 0001:00055CBC 000042DC C=CODE     S=.text    G=(none)   M=complusinst ACBP=A9
 0001:00059F98 0000031C C=CODE     S=.text    G=(none)   M=compluscmd ACBP=A9
 0001:0005A2B4 000006F8 C=CODE     S=.text    G=(none)   M=ComPlusEventExp ACBP=A9
 0001:0005A9AC 0000052C C=CODE     S=.text    G=(none)   M=ComPlusEventBase ACBP=A9
 0001:0005AED8 00000C15 C=CODE     S=.text    G=(none)   M=proide   ACBP=A9
 0002:00000000 00000028 C=DATA     S=.data    G=DGROUP   M=SysInit  ACBP=A9
 0002:00000028 00000204 C=DATA     S=.data    G=DGROUP   M=IDEToDoUtils ACBP=A9
 0002:0000022C 00000012 C=DATA     S=.data    G=DGROUP   M=DepOpt   ACBP=A9
 0002:00000240 00000020 C=DATA     S=.data    G=DGROUP   M=AxCtlExp ACBP=A9
 0002:00000260 00000010 C=DATA     S=.data    G=DGROUP   M=TlbModul ACBP=A9
 0002:00000270 00000018 C=DATA     S=.data    G=DGROUP   M=TlbFlags ACBP=A9
 0002:00000288 00000124 C=DATA     S=.data    G=DGROUP   M=COMAdmin_TLB ACBP=A9
 0002:000003AC 00000010 C=DATA     S=.data    G=DGROUP   M=TlibEdit ACBP=A9
 0002:000003BC 00000390 C=DATA     S=.data    G=DGROUP   M=AxNew    ACBP=A9
 0002:0000074C 00000004 C=DATA     S=.data    G=DGROUP   M=DTDParser ACBP=A9
 0002:00000750 000000AC C=DATA     S=.data    G=DGROUP   M=HTMLCodCmplt ACBP=A9
 0002:000007FC 00000004 C=DATA     S=.data    G=DGROUP   M=ProCmd   ACBP=A9
 0002:00000800 00000010 C=DATA     S=.data    G=DGROUP   M=IDEToDoList ACBP=A9
 0002:00000810 0000006C C=DATA     S=.data    G=DGROUP   M=IDEToDoTable ACBP=A9
 0002:0000087C 00000018 C=DATA     S=.data    G=DGROUP   M=IDEToDoFilter ACBP=A9
 0002:00000894 00000030 C=DATA     S=.data    G=DGROUP   M=IDEToDoForm ACBP=A9
 0002:000008C4 00000080 C=DATA     S=.data    G=DGROUP   M=MTSADMIN ACBP=A9
 0002:00001000 00000018 C=BSS      S=.bss     G=DGROUP   M=SysInit  ACBP=A9
 0002:00001018 00000004 C=BSS      S=.bss     G=DGROUP   M=Windows  ACBP=A9
 0002:0000101C 00000004 C=BSS      S=.bss     G=DGROUP   M=Messages ACBP=A9
 0002:00001020 00000004 C=BSS      S=.bss     G=DGROUP   M=CommCtrl ACBP=A9
 0002:00001024 00000004 C=BSS      S=.bss     G=DGROUP   M=Imm      ACBP=A9
 0002:00001028 00000004 C=BSS      S=.bss     G=DGROUP   M=ShlObj   ACBP=A9
 0002:0000102C 00000004 C=BSS      S=.bss     G=DGROUP   M=UrlMon   ACBP=A9
 0002:00001030 00000004 C=BSS      S=.bss     G=DGROUP   M=WinInet  ACBP=A9
 0002:00001034 00000004 C=BSS      S=.bss     G=DGROUP   M=RegStr   ACBP=A9
 0002:00001038 00000004 C=BSS      S=.bss     G=DGROUP   M=ShellAPI ACBP=A9
 0002:0000103C 00000004 C=BSS      S=.bss     G=DGROUP   M=WinSpool ACBP=A9
 0002:00001040 00000004 C=BSS      S=.bss     G=DGROUP   M=CommDlg  ACBP=A9
 0002:00001044 00000004 C=BSS      S=.bss     G=DGROUP   M=Dlgs     ACBP=A9
 0002:00001048 00000004 C=BSS      S=.bss     G=DGROUP   M=RichEdit ACBP=A9
 0002:0000104C 00000004 C=BSS      S=.bss     G=DGROUP   M=DebugLogOptDlg ACBP=A9
 0002:00001050 00000004 C=BSS      S=.bss     G=DGROUP   M=DbgLog   ACBP=A9
 0002:00001054 00000004 C=BSS      S=.bss     G=DGROUP   M=Range    ACBP=A9
 0002:00001058 00000004 C=BSS      S=.bss     G=DGROUP   M=DbgInsp  ACBP=A9
 0002:0000105C 00000004 C=BSS      S=.bss     G=DGROUP   M=LocalVars ACBP=A9
 0002:00001060 00000004 C=BSS      S=.bss     G=DGROUP   M=IDEToDoUtils ACBP=A9
 0002:00001064 0000000C C=BSS      S=.bss     G=DGROUP   M=IDEToDoUpdaters ACBP=A9
 0002:00001070 00000004 C=BSS      S=.bss     G=DGROUP   M=FpuView  ACBP=A9
 0002:00001074 00000004 C=BSS      S=.bss     G=DGROUP   M=DepOpt   ACBP=A9
 0002:00001078 00000004 C=BSS      S=.bss     G=DGROUP   M=AxCtlExp ACBP=A9
 0002:0000107C 00000004 C=BSS      S=.bss     G=DGROUP   M=BaseComExpt ACBP=A9
 0002:00001080 00000004 C=BSS      S=.bss     G=DGROUP   M=AutoExpt ACBP=A9
 0002:00001084 00000004 C=BSS      S=.bss     G=DGROUP   M=ASPExpt  ACBP=A9
 0002:00001088 0000000C C=BSS      S=.bss     G=DGROUP   M=SelIntfWiz ACBP=A9
 0002:00001094 00000004 C=BSS      S=.bss     G=DGROUP   M=ComExpt  ACBP=A9
 0002:00001098 00000004 C=BSS      S=.bss     G=DGROUP   M=TlbIface ACBP=A9
 0002:0000109C 00000008 C=BSS      S=.bss     G=DGROUP   M=TlbModul ACBP=A9
 0002:000010A4 00000004 C=BSS      S=.bss     G=DGROUP   M=TlbFlags ACBP=A9
 0002:000010A8 00000004 C=BSS      S=.bss     G=DGROUP   M=COMAdmin_TLB ACBP=A9
 0002:000010AC 0000000C C=BSS      S=.bss     G=DGROUP   M=TlibEdit ACBP=A9
 0002:000010B8 00000020 C=BSS      S=.bss     G=DGROUP   M=AxNew    ACBP=A9
 0002:000010D8 00000004 C=BSS      S=.bss     G=DGROUP   M=AttachDlg ACBP=A9
 0002:000010DC 00000004 C=BSS      S=.bss     G=DGROUP   M=DTDParser ACBP=A9
 0002:000010E0 00000008 C=BSS      S=.bss     G=DGROUP   M=HTMLCodCmplt ACBP=A9
 0002:000010E8 00000008 C=BSS      S=.bss     G=DGROUP   M=ProCmd   ACBP=A9
 0002:000010F0 00000008 C=BSS      S=.bss     G=DGROUP   M=IDEToDoAddDlg ACBP=A9
 0002:000010F8 00000004 C=BSS      S=.bss     G=DGROUP   M=IDEToDoMgr ACBP=A9
 0002:000010FC 00000008 C=BSS      S=.bss     G=DGROUP   M=IDEToDoList ACBP=A9
 0002:00001104 000001D8 C=BSS      S=.bss     G=DGROUP   M=IDEToDoTable ACBP=A9
 0002:000012DC 00000004 C=BSS      S=.bss     G=DGROUP   M=IDEToDoFilter ACBP=A9
 0002:000012E0 00000004 C=BSS      S=.bss     G=DGROUP   M=IDEToDoForm ACBP=A9
 0002:000012E4 00000004 C=BSS      S=.bss     G=DGROUP   M=DebuggerLogOptions ACBP=A9
 0002:000012E8 0000000C C=BSS      S=.bss     G=DGROUP   M=ResFormMgr ACBP=A9
 0002:000012F4 00000008 C=BSS      S=.bss     G=DGROUP   M=TypeLibraryOptionsPage ACBP=A9
 0002:000012FC 00000004 C=BSS      S=.bss     G=DGROUP   M=MTSADMIN ACBP=A9
 0002:00001300 00000004 C=BSS      S=.bss     G=DGROUP   M=MtsConst ACBP=A9
 0002:00001304 00000004 C=BSS      S=.bss     G=DGROUP   M=mtspack  ACBP=A9
 0002:00001308 00000004 C=BSS      S=.bss     G=DGROUP   M=mtsinst  ACBP=A9
 0002:0000130C 00000008 C=BSS      S=.bss     G=DGROUP   M=MtsExpt  ACBP=A9
 0002:00001314 00000004 C=BSS      S=.bss     G=DGROUP   M=MtsNew   ACBP=A9
 0002:00001318 00000004 C=BSS      S=.bss     G=DGROUP   M=MtsCmd   ACBP=A9
 0002:0000131C 00000004 C=BSS      S=.bss     G=DGROUP   M=COMPLUSPack ACBP=A9
 0002:00001320 00000004 C=BSS      S=.bss     G=DGROUP   M=complusinst ACBP=A9
 0002:00001324 00000004 C=BSS      S=.bss     G=DGROUP   M=compluscmd ACBP=A9
 0002:00001328 00000004 C=BSS      S=.bss     G=DGROUP   M=ComPlusEventExp ACBP=A9
 0002:0000132C 00000004 C=BSS      S=.bss     G=DGROUP   M=ComPlusEventBase ACBP=A9


  Address         Publics by Name

 0002:00001044       .1
 0002:0000102C       .1
 0002:00001020       .1
 0002:00001030       .1
 0002:00001028       .1
 0002:00001034       .1
 0002:00001048       .1
 0002:00001038       .1
 0002:000010E0       .1
 0002:0000101C       .1
 0002:00001024       .1
 0002:00001300       .1
 0002:00001040       .1
 0002:00001010       .1
 0002:00001050       .2
 0002:00001318       .2
 0002:0000104C       .2
 0002:00001098       .2
 0002:000010D8       .2
 0002:000010F4       .2
 0002:0000131C       .2
 0002:00001074       .2
 0002:000012DC       .2
 0002:00001094       .2
 0002:00001078       .2
 0002:00001328       .2
 0002:00001310       .2
 0002:0000107C       .2
 0002:00001054       .2
 0002:00001324       .2
 0002:00001304       .2
 0002:00001058       .2
 0002:00001080       .2
 0002:000012F8       .2
 0002:00001084       .2
 0002:000012E4       .2
 0002:0000132C       .2
 0002:000010A4       .2
 0002:000012E0       .2
 0002:000010E8       .2
 0002:00001320       .21
 0002:00001308       .21
 0002:000010A0       .3
 0002:0000103C       .3
 0002:000012E8       .3
 0002:000010AC       .3
 0002:00001018       .3
 0002:000010FC       .4
 0002:00001090       .4
 0002:00001314       .4
 0002:0000105C       .4
 0002:0000110C       .4
 0002:00001064       .5
 0002:00001070       .5
 0002:000010DC       .51
 0002:00001060       .6
 0002:000010F8       .7
 0002:000010A8       .7
 0002:000010C0       .71
 0002:000012FC       .8
 0001:0005BAC8       @GetPackageInfoTable
 0001:00000508       @InitPkg
 0001:0000056C       @PackageLoad
 0001:0005BAD0       @PackageLoad
 0001:00000578       @PackageUnload
 0001:0005BADC       @PackageUnload
 0001:000301C4       AboutBoxFormName
 0001:000301A0       AboutBoxPrefixName
 0002:00000758       AcceptLiteral
 0001:000427A4       AddActionMenu
 0001:00030794       AddComObjectToProject
 0001:00024648       AddEntry
 0001:000282EC       AddInterfaces
 0001:00057424       AddNewApplications
 0001:00052898       AddNewPackages
 0001:0002E6EC       AddStdVclTypeLib
 0002:000010F0       AddToDoItemForm
 0001:0002410C       AddTypeName
 0001:000063A0       AdjustFormHeightForListBox
 0002:00000828       Alignments
 0002:00000860       AlignTag
 0001:00000408       AllocTlsBuffer
 0001:0003C8C8       AllowsExpansion
 0002:000010BC       AncestorExcludes
 0001:00016F60       ASPExpt
 0001:0003351C       AttachDlg
 0001:00016C88       AutoExpt
 0001:00016508       AxCtlExp
 0001:00032ADC       AxNew
 0002:00000740       AxSources
 0002:0000073C       AxSourceText
 0001:0001696C       BaseComExpt
 0002:000004AC       bComma
 0002:000004B4       bSpace
 0001:0002BE34       CanDeleteParameter
 0001:000566AC       CanInstallCOMPLUSObjects
 0001:00051AFC       CanInstallMTSObjects
 0001:0002C008       CanMoveParameter
 0002:0000109C       CanSwapTlibEditLanguage
 0002:0000087C       Captions
 0002:00000888       Captions
 0002:00000240       CaptionStrs
 0002:00000778       cCanvasColor
 0002:00000750       cClassItem
 0002:0000074C       cExprFirstSet
 0002:00000228       CFileHandlers
 0002:000010B0       CF_TYPEOBJECT
 0002:00000128       CharClass
 0002:00000028       CharValue
 0002:000008A8       CheckedStr
 0002:000008B0       CheckIdx
 0001:00042848       CheckJITRegistry
 0002:000008D4       Class_Catalog
 0002:000008F4       Class_CatalogCollection
 0002:000008E4       Class_CatalogObject
 0002:000002A8       CLASS_COMAdminCatalog
 0002:000002E8       CLASS_COMAdminCatalogCollection
 0002:000002C8       CLASS_COMAdminCatalogObject
 0002:00000904       Class_ComponentUtil
 0002:00000914       Class_PackageUtil
 0002:00000924       Class_RemoteComponentUtil
 0002:00000934       Class_RoleAssociationUtil
 0001:00013614       ClearFilesOfList
 0001:0004FE54       CoCatalog.Create
 0001:0004FEB8       CoCatalog.CreateRemote
 0001:0005001C       CoCatalogCollection.Create
 0001:00050080       CoCatalogCollection.CreateRemote
 0001:0004FF38       CoCatalogObject.Create
 0001:0004FF9C       CoCatalogObject.CreateRemote
 0001:0001DE3C       CoCOMAdminCatalog.Create
 0001:0001DEA0       CoCOMAdminCatalog.CreateRemote
 0001:0001EF18       CoCOMAdminCatalogCollection.Create
 0001:0001EF7C       CoCOMAdminCatalogCollection.CreateRemote
 0001:0001EA0C       CoCOMAdminCatalogObject.Create
 0001:0001EA70       CoCOMAdminCatalogObject.CreateRemote
 0001:00050100       CoComponentUtil.Create
 0001:00050164       CoComponentUtil.CreateRemote
 0001:00049684       ColorStr
 0001:00041010       ColorToWebColor
 0001:0001F720       COMAdmin_TLB
 0001:00019440       ComExpt
 0001:00001174       CommCtrl
 0001:0000166C       CommDlg
 0001:00046DCC       Compare
 0001:0005A2AC       compluscmd
 0001:0005AED0       ComPlusEventBase
 0001:0005A9A4       ComPlusEventExp
 0001:00059F90       complusinst
 0001:00055CB4       COMPLUSPack
 0002:000010B8       ComponentExcludes
 0001:0001241C       ConfigureDeployment
 0001:000501E4       CoPackageUtil.Create
 0001:00050248       CoPackageUtil.CreateRemote
 0001:000502C8       CoRemoteComponentUtil.Create
 0001:0005032C       CoRemoteComponentUtil.CreateRemote
 0001:000503AC       CoRoleAssociationUtil.Create
 0001:00050410       CoRoleAssociationUtil.CreateRemote
 0001:0003062C       CreateAboutBoxForm
 0001:000306A8       CreateAboutBoxFormFile
 0001:000302D4       CreateAboutBoxFormText
 0001:0002E718       CreateActiveLibrary
 0001:0000AE74       CreateDebugInspector
 0001:0001CA54       CreateNamedTypeLibModule
 0001:0002EE54       CreateNewTypeLib
 0001:000005CC       CreateProcess
 0001:0001CA34       CreateTypeLibModule
 0002:000012F0       CreateUpdater
 0002:000002F8       CServerData
 0002:00000370       CServerData
 0002:00000334       CServerData
 0002:000008C0       CursorType
 0002:0000077C       cWebColors
 0001:0000B64C       DbgInsp
 0001:00004B94       DbgLog
 0001:0004E6AC       DebuggerLogOptions
 0001:00003FBC       DebugLogOptDlg
 0002:00000894       DefWidths
 0001:00015030       DepOpt
 0002:00000238       Destinations
 0001:000016A4       Dlgs
 0001:0000D8D0       DoDone
 0001:0001CC98       DoneTlbModule
 0001:0002B164       DrawCaption
 0001:0004C530       DrawString
 0001:0003C1F8       DrawText
 0001:00000634       DrawText
 0001:0000063C       DrawTextA
 0001:0002B12C       DrawValue
 0001:00036DB8       DTDParser
 0001:0001D0A4       EditParameterFlags
 0002:0000022C       EnabledColors
 0002:00000234       EnabledPages
 0001:0002EC44       EnsureAxLibProj
 0001:000283C4       EnumImplTypes
 0001:00007564       EnumInspectors
 0001:0002AF54       EnumModifiers
 0001:00000644       EnumWindows
 0001:0002E700       Error
 0002:000010CC       EventExcludes
 0002:000006BC       ExcludeEvents
 0002:000004BC       ExcludeMethods
 0002:000005EC       ExcludeProperties
 0001:000004B4       ExitProcessTLS
 0001:0000048C       ExitThreadTLS
 0001:000174C0       ExtractInterfaceGUIDs
 0001:0000062C       ExtTextOutA
 0001:0002E9C8       FileNameFromCoClassName
 0001:0000B61C       Finalization
 0001:00032A24       Finalization
 0001:000334EC       Finalization
 0001:00036D88       Finalization
 0001:0000D1C8       Finalization
 0001:0004140C       Finalization
 0001:0002CDCC       Finalization
 0001:00043AF4       Finalization
 0001:000442D8       Finalization
 0001:00046328       Finalization
 0001:00048A24       Finalization
 0001:0004B36C       Finalization
 0001:0004B970       Finalization
 0001:0004E03C       Finalization
 0001:0004E670       Finalization
 0001:0001F6F0       Finalization
 0001:0004F33C       Finalization
 0001:0004F6DC       Finalization
 0001:0000E1B4       Finalization
 0001:00005488       Finalization
 0001:00050490       Finalization
 0001:00050550       Finalization
 0001:0005119C       Finalization
 0001:00004B64       Finalization
 0001:000541B0       Finalization
 0001:000543F4       Finalization
 0001:00054CA0       Finalization
 0001:00003F8C       Finalization
 0001:00054FE0       Finalization
 0001:00001CE4       Finalization
 0001:00001674       Finalization
 0001:0000163C       Finalization
 0001:0000158C       Finalization
 0001:00055C84       Finalization
 0001:00001544       Finalization
 0001:0000150C       Finalization
 0001:000014D4       Finalization
 0001:0000149C       Finalization
 0001:00001464       Finalization
 0001:00001364       Finalization
 0001:00001144       Finalization
 0001:0000073C       Finalization
 0001:000006F4       Finalization
 0001:0001D7E4       Finalization
 0001:0001CD08       Finalization
 0001:00019628       Finalization
 0001:00019410       Finalization
 0001:000186AC       Finalization
 0001:00016F30       Finalization
 0001:00059F60       Finalization
 0001:00016C58       Finalization
 0001:0000F2F4       Finalization
 0001:0001693C       Finalization
 0001:00016470       Finalization
 0001:0005A27C       Finalization
 0001:00000584       Finalization
 0001:00015000       Finalization
 0001:0005A974       Finalization
 0001:0005AEA0       Finalization
 0001:00011624       Finalization
 0001:00057338       FindApplication
 0001:00043A48       FindCoClassInfo
 0001:00057FC4       FindComponentInApplication
 0001:00057E98       FindComponentInApplicationInternal
 0001:0005801C       FindComponentIndexInApplication
 0001:00052C14       FindComponentIndexInPackage
 0001:00052BBC       FindComponentInPackage
 0001:00052A90       FindComponentInPackageInternal
 0001:00056A5C       FindComponentsInApplications
 0001:00051EC0       FindComponentsInPackages
 0001:00043ADC       FindDefaultInterface
 0001:000527AC       FindPackage
 0001:000005D4       FindResource
 0001:00040F88       FixColor
 0002:0000108C       FormResizeWidth
 0001:00011654       FpuView
 0001:000489C8       FreeAndNilCreatorList
 0001:000003D0       FreeLibrary
 0001:0002EB90       FreeSymbolTables
 0002:000010E4       FTagManager
 0001:0003CC08       GetAttributes
 0001:0003C9F0       GetAttributeValues
 0001:0002EF80       GetAXSafeComponents
 0001:000006F0       GetBValue
 0001:0002B510       GetCellText
 0001:0000DEE0       GetCFileHandler
 0001:0005761C       GetCoClassInfo
 0001:000456F4       GetCommentType
 0001:00056954       GetComponentsOfProject
 0001:00051DBC       GetComponentsOfProject
 0001:00030168       GetControlBitmap
 0002:00000264       GetCORBADTLWriterClass
 0001:000005DC       GetCurrentProcessId
 0001:0000064C       GetCursorPos
 0001:00013670       GetDefaultLang
 0001:0001B62C       GetDiskAge
 0002:00000260       GetDTLWriterClass
 0001:0003C930       GetExpandedText
 0001:000135B8       GetFileTypeOfList
 0001:0001214C       GetFullPackagePath
 0001:000006EC       GetGValue
 0001:00000654       GetInputState
 0001:000135D4       GetIsFileOfList
 0001:00021A3C       GetLCIDName
 0001:00012278       GetLibrariesList
 0001:000005E4       GetLocaleInfo
 0001:000006E8       GetRValue
 0001:00038150       GetSchemaFileName
 0001:0000065C       GetSystemMetrics
 0001:0004C170       GetText
 0001:00000414       GetTlsSize
 0001:000005EC       GetUserDefaultLCID
 0001:00000664       GetWindow
 0001:000005F4       GlobalAlloc
 0001:000005FC       GlobalFree
 0001:00000604       GlobalLock
 0001:0000060C       GlobalUnlock
 0001:00038640       Hash
 0001:0005676C       HaveCOMPLUSInstallableObjects
 0001:00051BB4       HaveMTSInstallableObjects
 0002:0000100C       HInstance
 0001:000006D4       HiWord
 0001:00041484       HTMLCodCmplt
 0002:000007FC       HTMLKibitzIndex
 0001:0003CA30       IdentIsNotDTDType
 0001:000432A8       IDERegister
 0001:0004F2C0       IDERegister
 0001:00044308       IDEToDoAddDlg
 0001:0004B9F8       IDEToDoFilter
 0001:0004E084       IDEToDoForm
 0001:00048A94       IDEToDoList
 0001:00046358       IDEToDoMgr
 0001:0004B424       IDEToDoTable
 0001:0000F368       IDEToDoUpdaters
 0001:0000E1E4       IDEToDoUtils
 0002:000002D8       IID_ICatalogCollection
 0002:000002B8       IID_ICatalogObject
 0002:00000298       IID_ICOMAdminCatalog
 0001:00001394       Imm
 0001:00030818       InitCodeGen
 0001:000004D8       InitializeModule
 0001:00042734       InitIndecies
 0001:00000460       InitProcessTLS
 0001:0000041C       InitThreadTLS
 0001:0001CC48       InitTlbModule
 0001:0000AF64       Inspect
 0001:00005DC0       InspectFlagsToInteger
 0001:00052E08       InstallComponents
 0001:00058200       InstallComponents
 0002:00001088       IntfSelWizard
 0001:00005018       IntVal
 0001:0000066C       InvalidateRect
 0001:00022EC4       IsChildInterface
 0001:00000674       IsClipboardFormatAvailable
 0001:0002E7D0       IsExcludedComponent
 0001:0000067C       IsIconic
 0001:000301EC       IsParameterIgnored
 0001:0002BB2C       IsUniqueParameterName
 0001:00000684       IsWindowVisible
 0002:00000288       LIBID_COMAdmin
 0002:000008C4       LIBID_MTSAdmin
 0001:000274C4       LineNoToOffsets
 0001:0002411C       ListMemberTypes
 0001:0000068C       LoadBitmap
 0001:00000614       LoadResource
 0001:0002E9FC       LoadSymbolTables
 0001:000003D8       LocalAlloc
 0001:000003E0       LocalFree
 0001:0000D1F8       LocalVars
 0001:0000061C       LockResource
 0001:00038128       MarkupLanguageManager
 0001:00000694       MessageBox
 0001:0000076C       Messages
 0002:000010C8       MethodExcludes
 0002:000010B4       MinHeight
 0002:00000250       ModExt
 0002:00000000       Module
 0002:00001000       ModuleIsLib
 0002:00001001       ModuleIsPackage
 0001:0000ACD8       MoveBy
 0001:0002C098       MoveParameter
 0001:000504C0       MTSADMIN
 0002:0000130C       MTSAutoObjectExpert
 0001:00055010       MtsCmd
 0001:00050580       MtsConst
 0001:00054424       MtsExpt
 0001:000541E0       mtsinst
 0001:00054CD0       MtsNew
 0001:000511CC       mtspack
 0002:00000848       Names
 0001:0002BBD0       NewParamName
 0001:0001A5CC       NewTypeLibFilename
 0001:0004EB7C       NoSourceError
 0001:00022B98       OffsetToXY
 0001:0001CA20       OpenTypeLib
 0001:000457A8       OptionEnd
 0001:00045854       OptionStart
 0001:000069E8       Passed
 0002:0000023C       PathDelims
 0001:000567D8       PopulateComponentsInApplication
 0001:00051C1C       PopulateComponentsInPackage
 0001:0000069C       PostMessage
 0001:00046DBC       PriorityValue
 0001:00043B58       ProCmd
 0002:000010EC       ProductStartup
 0001:0005BAE8       proide
 0002:00000258       ProjTitles
 0002:00000248       ProjTitles
 0002:000010D0       PropertyDispids
 0002:000010C4       PropertyExcludes
 0001:000006A4       PtInRect
 0001:0000DF9C       QuickSort
 0001:000054B8       Range
 0001:0000D8FC       ReadBuffer
 0001:00048260       ReadData
 0001:00017660       ReadInterfaceFromRegistry
 0001:000177A0       ReadTypeLibFromRegistry
 0001:0001D274       Reconcile
 0001:00013714       ReconcileFilesOfList
 0001:000005BC       RegEnumKey
 0001:0000DE80       RegisterCFileHandler
 0001:000006AC       RegisterClipboardFormat
 0001:000328DC       RegisterNonActiveXComps
 0001:0004662C       RegisterToDoManagerCreator
 0001:0001C9D8       RegisterTypeLibFileHandler
 0001:000005C4       RegQueryValue
 0001:0000153C       RegStr
 0001:000006B4       ReleaseCapture
 0001:000175D0       RemoveNumberFromEndOfFileName
 0001:0004F38C       ResFormMgr
 0001:00058438       RestoreComponentState
 0001:00053018       RestoreComponentState
 0001:00001D14       RichEdit
 0002:000010D4       SaveRegNonActiveX
 0001:00000624       SearchPath
 0001:00026A28       SelectedInvKind
 0001:000186DC       SelIntfWiz
 0001:000006BC       SendMessage
 0001:00034448       SetAttList
 0001:000343B4       SetAttributeElement
 0001:00034404       SetAttributes
 0001:000006C4       SetCapture
 0001:000223E4       SetColumnAttributes
 0001:00034C04       SetElement
 0001:000006CC       SetForegroundWindow
 0001:0002EBC4       SetupLibrary
 0001:00001574       ShellAPI
 0001:00001494       ShlObj
 0001:00028290       ShouldExclude
 0001:0004DA08       ShowHint
 0001:0000B1F8       ShowInspector
 0001:000359E0       SkipWhiteSpace
 0002:000012F4       SKU
 0002:00000800       Status
 0002:000006C4       StockProperties
 0002:000012EC       StubMethod
 0001:000006D8       Succeeded
 0001:00015E64       SyncToKeys
 0001:000005B4       SysInit
 0002:00001108       Table
 0002:00001104       TableOptionsDlg
 0001:00016E80       TActiveServerObjectExpert.FormCreate
 0001:00016F1C       TActiveServerObjectExpert.HelpButtonClick
 0001:0002FFAC       TActiveXControlCreator.CreateControl
 0001:0002F014       TActiveXControlCreator.CreateEnumFromSymbol
 0001:0002F878       TActiveXControlCreator.CreateMember
 0001:0002F858       TActiveXControlCreator.Exclude
 0001:0002FED0       TActiveXControlCreator.ProcessSymbols
 0001:0002F728       TActiveXControlCreator.SymbolToVarType
 0001:0002F3D8       TActiveXControlCreator.TranslateVCLType
 0001:00015E28       TActiveXControlExpert.FormCreate
 0001:00015E4C       TActiveXControlExpert.HelpButtonClick
 0001:00016124       TActiveXControlExpert.MakeBaseName
 0001:0001616C       TActiveXControlExpert.MakeNewImplName
 0001:000162B8       TActiveXControlExpert.MakeNewProjName
 0001:00015698       TActiveXControlExpert.NewAncestorTypeChange
 0001:00015F60       TActiveXControlExpert.NewAncestorTypeKeyDown
 0001:00016074       TActiveXControlExpert.NewClassNameChange
 0001:0001635C       TActiveXControlExpert.NewProjNameEnter
 0001:000163CC       TActiveXControlExpert.NewProjNameExit
 0001:00015838       TActiveXControlExpert.OKButtonClick
 0001:00015430       TActiveXControlExpert.ShowAxExpert
 0001:00016054       TActiveXControlExpert.Timer
 0001:00016088       TActiveXControlExpert.UpdateImplName
 0001:000161EC       TActiveXControlExpert.UpdateProjName
 0001:00015BB0       TActiveXControlExpert.ValidateControls
 0001:00043F84       TAddToDoItemForm.Add
 0001:000440B0       TAddToDoItemForm.Edit
 0001:000442BC       TAddToDoItemForm.FormCreate
 0001:0004424C       TAddToDoItemForm.FormShow
 0001:00043F60       TAddToDoItemForm.MemoKeyUp
 0001:00043E2C       TAddToDoItemForm.OKButtonClick
 0001:00058A40       TApplicationList.Add
 0001:00058A60       TApplicationList.Find
 0001:00058A4C       TApplicationList.GetItem
 0001:0003F4AC       TAsciiCharList.AddEntity
 0001:0003F4B8       TAsciiCharList.AlphaSort
 0001:0003F4C4       TAsciiCharList.Clear
 0001:0003F4D0       TAsciiCharList.Create
 0001:0003F534       TAsciiCharList.Destroy
 0001:0003F564       TAsciiCharList.FindIndex
 0001:0003F5EC       TAsciiCharList.GetAsciiVal
 0001:0003F604       TAsciiCharList.GetCount
 0001:0003F62C       TAsciiCharList.GetItem
 0001:0003F648       TAsciiCharList.SetFilter
 0001:00033444       TAttachDialog.cbShowSystemProcsClick
 0001:00032ED8       TAttachDialog.FormActivate
 0001:00033380       TAttachDialog.FormCreate
 0001:00033368       TAttachDialog.HelpButtonClick
 0001:00032E98       TAttachDialog.MachineNameChange
 0001:00032EB8       TAttachDialog.MachineNameExit
 0001:00033324       TAttachDialog.ProcessListChange
 0001:000332D0       TAttachDialog.ProcessListColumnClick
 0001:0003341C       TAttachDialog.ProcessListDblClick
 0001:00032EF0       TAttachDialog.ProcessListItemCompare
 0001:00033360       TAttachDialog.RefreshButtonClick
 0001:00032FD4       TAttachDialog.UpdateProcessList
 0001:00016C38       TAutoObjectExpert.FormCreate
 0001:00016B50       TAutoObjectExpert.GetOptionsVisible
 0001:00016B5C       TAutoObjectExpert.GetThreadingModelName
 0001:00016B84       TAutoObjectExpert.SetOptionsVisible
 0001:00016BC8       TAutoObjectExpert.ValidateControls
 0001:000315C0       TAxNewComponentBrowser.Create
 0001:00016910       TBaseComObjectExpert.FormCreate
 0001:000168F8       TBaseComObjectExpert.HelpButtonClick
 0001:00016858       TBaseComObjectExpert.OKButtonClick
 0001:000167AC       TBaseComObjectExpert.ValidateControls
 0001:0000DF28       TCFileHandler.CanHandleFile
 0001:0000DF58       TCFileHandler.Create
 0001:0003F3C0       TClosingTag.AddTag
 0001:0003F3C4       TClosingTag.AlphaSort
 0001:0003F3C8       TClosingTag.ClearAttrs
 0001:0003F3CC       TClosingTag.ClearTags
 0001:0003F3D0       TClosingTag.Create
 0001:0003F414       TClosingTag.FindAttribute
 0001:0003F420       TClosingTag.FindSymbol
 0001:0003F424       TClosingTag.GetAny
 0001:0003F428       TClosingTag.GetAttribute
 0001:0003F434       TClosingTag.GetAttributeCount
 0001:0003F438       TClosingTag.GetEmpty
 0001:0003F43C       TClosingTag.GetFilter
 0001:0003F448       TClosingTag.GetIsChild
 0001:0003F44C       TClosingTag.GetLineNumber
 0001:0003F450       TClosingTag.GetName
 0001:0003F464       TClosingTag.GetPureTagCount
 0001:0003F46C       TClosingTag.GetRequiresClosingTag
 0001:0003F470       TClosingTag.GetRequiresOpeningTag
 0001:0003F474       TClosingTag.GetShowAttributes
 0001:0003F478       TClosingTag.GetStartIndex
 0001:0003F47C       TClosingTag.GetTagCount
 0001:0003F480       TClosingTag.GetTags
 0001:0003F48C       TClosingTag.LookupTag
 0001:0003F498       TClosingTag.RemoveTag
 0001:0003F49C       TClosingTag.SetFilter
 0001:0003F4A0       TClosingTag.SetIsChild
 0001:0003F4A4       TClosingTag.SetLineNumber
 0001:0003F4A8       TClosingTag.SetShowAttributes
 0001:0001E6EC       TCOMAdminCatalog.BackupREGDB
 0001:0001DF2C       TCOMAdminCatalog.Connect
 0001:0001E19C       TCOMAdminCatalog.Connect1
 0001:0001DF94       TCOMAdminCatalog.ConnectTo
 0001:0001E01C       TCOMAdminCatalog.Create
 0001:0001E054       TCOMAdminCatalog.Destroy
 0001:0001DFE8       TCOMAdminCatalog.Disconnect
 0001:0001E374       TCOMAdminCatalog.ExportApplication
 0001:0001E13C       TCOMAdminCatalog.GetCollection
 0001:0001E1FC       TCOMAdminCatalog.GetCollectionByQuery
 0001:0001DFFC       TCOMAdminCatalog.GetDefaultInterface
 0001:0001E9A4       TCOMAdminCatalog.GetEventClassesForIID
 0001:0001E630       TCOMAdminCatalog.GetMultipleComponentsInfo
 0001:0001E07C       TCOMAdminCatalog.Get_MajorVersion
 0001:0001E0DC       TCOMAdminCatalog.Get_MinorVersion
 0001:0001E260       TCOMAdminCatalog.ImportComponent
 0001:0001DF20       TCOMAdminCatalog.InitServerData
 0001:0001E3D4       TCOMAdminCatalog.InstallApplication
 0001:0001E2BC       TCOMAdminCatalog.InstallComponent
 0001:0001E940       TCOMAdminCatalog.InstallEventClass
 0001:0001E5D0       TCOMAdminCatalog.InstallMultipleComponents
 0001:0001E8E0       TCOMAdminCatalog.InstallMultipleEventClasses
 0001:0001E794       TCOMAdminCatalog.QueryApplicationFile
 0001:0001E69C       TCOMAdminCatalog.RefreshComponents
 0001:0001E490       TCOMAdminCatalog.RefreshRouter
 0001:0001E740       TCOMAdminCatalog.RestoreREGDB
 0001:0001E87C       TCOMAdminCatalog.ServiceCheck
 0001:0001E320       TCOMAdminCatalog.ShutdownApplication
 0001:0001E828       TCOMAdminCatalog.StartApplication
 0001:0001E580       TCOMAdminCatalog.StartIMDB
 0001:0001E4E0       TCOMAdminCatalog.StartRouter
 0001:0001E530       TCOMAdminCatalog.StopIMDB
 0001:0001E440       TCOMAdminCatalog.StopRouter
 0001:0001F448       TCOMAdminCatalogCollection.Add
 0001:0001F008       TCOMAdminCatalogCollection.Connect
 0001:0001F070       TCOMAdminCatalogCollection.ConnectTo
 0001:0001F0F8       TCOMAdminCatalogCollection.Create
 0001:0001F130       TCOMAdminCatalogCollection.Destroy
 0001:0001F0C4       TCOMAdminCatalogCollection.Disconnect
 0001:0001F554       TCOMAdminCatalogCollection.GetCollection
 0001:0001F0D8       TCOMAdminCatalogCollection.GetDefaultInterface
 0001:0001F5E4       TCOMAdminCatalogCollection.GetUtilInterface
 0001:0001F274       TCOMAdminCatalogCollection.Get_AddEnabled
 0001:0001F1B8       TCOMAdminCatalogCollection.Get_Count
 0001:0001F334       TCOMAdminCatalogCollection.Get_DataStoreMajorVersion
 0001:0001F394       TCOMAdminCatalogCollection.Get_DataStoreMinorVersion
 0001:0001F158       TCOMAdminCatalogCollection.Get_Item
 0001:0001F218       TCOMAdminCatalogCollection.Get_Name
 0001:0001F2D4       TCOMAdminCatalogCollection.Get_RemoveEnabled
 0001:0001EFFC       TCOMAdminCatalogCollection.InitServerData
 0001:0001F4A4       TCOMAdminCatalogCollection.Populate
 0001:0001F640       TCOMAdminCatalogCollection.PopulateByKey
 0001:0001F694       TCOMAdminCatalogCollection.PopulateByQuery
 0001:0001F3F4       TCOMAdminCatalogCollection.Remove
 0001:0001F4F4       TCOMAdminCatalogCollection.SaveChanges
 0001:0001EAFC       TCOMAdminCatalogObject.Connect
 0001:0001EB64       TCOMAdminCatalogObject.ConnectTo
 0001:0001EBEC       TCOMAdminCatalogObject.Create
 0001:0001EC24       TCOMAdminCatalogObject.Destroy
 0001:0001EBB8       TCOMAdminCatalogObject.Disconnect
 0001:0001EBCC       TCOMAdminCatalogObject.GetDefaultInterface
 0001:0001ED30       TCOMAdminCatalogObject.Get_Key
 0001:0001ED8C       TCOMAdminCatalogObject.Get_Name
 0001:0001EDE8       TCOMAdminCatalogObject.Get_Valid
 0001:0001EC4C       TCOMAdminCatalogObject.Get_Value
 0001:0001EAF0       TCOMAdminCatalogObject.InitServerData
 0001:0001EE48       TCOMAdminCatalogObject.IsPropertyReadOnly
 0001:0001EEB0       TCOMAdminCatalogObject.IsPropertyWriteOnly
 0001:0001ECAC       TCOMAdminCatalogObject.Set_Value
 0001:0000D888       TCommentScanner.GetHashCode
 0001:0000D960       TCommentScanner.NextToken
 0001:0000DA6C       TCommentScanner.ScannerStarted
 0001:00018A98       TComObjectExpert.cbIncludeTypeLibClick
 0001:00018DE4       TComObjectExpert.FormCreate
 0001:000193A4       TComObjectExpert.ImplementBaseClick
 0001:0001902C       TComObjectExpert.ImplIntfsChange
 0001:00019260       TComObjectExpert.ImplIntfsKeyDown
 0001:00018E80       TComObjectExpert.ListInterfacesClick
 0001:000190E4       TComObjectExpert.NewClassNameChange
 0001:00019208       TComObjectExpert.NewClassNameKeyDown
 0001:000192B8       TComObjectExpert.ValidateControls
 0001:00018B44       TComObjectExpert.ValidateInterfaceName
 0001:00055B9C       TCOMPLUSApplicationDlg.ApplicationExists
 0001:00055B48       TCOMPLUSApplicationDlg.EnableButtons
 0001:00055B40       TCOMPLUSApplicationDlg.ExistingComboChange
 0001:00055884       TCOMPLUSApplicationDlg.ExistingComboClick
 0001:00055398       TCOMPLUSApplicationDlg.FormCreate
 0001:000554E8       TCOMPLUSApplicationDlg.GetApplicationName
 0001:00055C6C       TCOMPLUSApplicationDlg.HelpButtonClick
 0001:00055C64       TCOMPLUSApplicationDlg.NewEditChange
 0001:00055A30       TCOMPLUSApplicationDlg.OKButtonClick
 0001:00055BBC       TCOMPLUSApplicationDlg.PageControlChange
 0001:00055648       TCOMPLUSApplicationDlg.PopulateApplicationNamesList
 0001:000553E8       TCOMPLUSApplicationDlg.SetApplicationList
 0001:00055524       TCOMPLUSApplicationDlg.SetApplicationName
 0001:00055404       TCOMPLUSApplicationDlg.SetInstallMode
 0001:0005588C       TCOMPLUSApplicationDlg.ShowDescription
 0001:0005555C       TCOMPLUSApplicationDlg.ValidateApplicationName
 0001:0005A14C       TCOMPLUSCommands.COMPLUSInstall
 0001:0005A144       TCOMPLUSCommands.RunCOMPLUSInstallCommandExecute
 0001:0005A0F8       TCOMPLUSCommands.RunCOMPLUSInstallCommandUpdate
 0001:0005A6C4       TComPlusEventExpert.ceoCancelClick
 0001:0005A95C       TComPlusEventExpert.ceoHelpClick
 0001:0005A5D4       TComPlusEventExpert.ceoOkClick
 0001:0005A7EC       TComPlusEventExpert.ClassNameChange
 0001:0005A8F0       TComPlusEventExpert.ClassNameKeyDown
 0001:0005A6D0       TComPlusEventExpert.FormCreate
 0001:0005A948       TComPlusEventExpert.FormKeyDown
 0001:00057294       TCOMPLUSInstallDlg.ApplicationNameOfComponents
 0001:000586B8       TCOMPLUSInstallDlg.Apply
 0001:00058968       TCOMPLUSInstallDlg.ComponentListViewChange
 0001:000589E8       TCOMPLUSInstallDlg.ComponentListViewClick
 0001:00058924       TCOMPLUSInstallDlg.EnableButtons
 0001:00056850       TCOMPLUSInstallDlg.FormCreate
 0001:00056938       TCOMPLUSInstallDlg.FormDestroy
 0001:000588F8       TCOMPLUSInstallDlg.GetComponentItem
 0001:00058920       TCOMPLUSInstallDlg.GetComponentItemOfItem
 0001:00056FE0       TCOMPLUSInstallDlg.GetComponentLocations
 0001:0005710C       TCOMPLUSInstallDlg.GetNewApplication
 0001:00059F48       TCOMPLUSInstallDlg.HelpButtonClick
 0001:000570E0       TCOMPLUSInstallDlg.MoveBtnClick
 0001:00057330       TCOMPLUSInstallDlg.OKButtonClick
 0001:00057030       TCOMPLUSInstallDlg.PopulateComponentListView
 0001:000570A8       TCOMPLUSInstallDlg.UpdateComponentListItem
 0001:00058BC8       TComponentItem.Create
 0001:000537B8       TComponentItem.Create
 0001:00058C14       TComponentItem.Destroy
 0001:00053804       TComponentItem.Destroy
 0001:0005932C       TComponentItem.RestoreValues
 0001:00053968       TComponentItem.RestoreValues
 0001:00058C40       TComponentItem.SaveValues
 0001:00053830       TComponentItem.SaveValues
 0001:00058B48       TComponentList.Add
 0001:00053738       TComponentList.Add
 0001:00058B54       TComponentList.GetItem
 0001:00053744       TComponentList.GetItem
 0001:0000FDA0       TDbkFPUControlFlags.Update
 0001:0000FDDC       TDbkFPURegs.SetExtReg
 0001:0000FE40       TDbkFPURegs.SetWordReg
 0001:0000FDA8       TDbkFPURegs.Update
 0001:0000FD98       TDbkFPUStatusFlags.Update
 0001:00003EC4       TDebuggerLogOptDialog.FormShow
 0001:0004E64C       TDebuggerLogOptionsPage.cbUnlimitedClick
 0001:0004E3EC       TDebuggerLogOptionsPage.DebuggerLogOptionsPageBroadcast
 0001:0004E394       TDebuggerLogOptionsPage.EnableDebugControls
 0001:00005FB8       TDebugGetMember.DoGetMember
 0001:00006098       TDebugGetMember.GetComplete
 0001:00005F10       TDebugGetMember.GetMember
 0001:00006230       TDebugGetProperty.DoGetProperty
 0001:00006318       TDebugGetProperty.GetComplete
 0001:0000618C       TDebugGetProperty.GetProperty
 0001:00005E28       TDebugGetSomething.DeferDebugResult
 0001:000075D8       TDebugInspector.AcceptEdit
 0001:0000A140       TDebugInspector.Activate
 0001:00006BEC       TDebugInspector.ChangeItemClick
 0001:00007E70       TDebugInspector.ChangeMemberComplete
 0001:00007F4C       TDebugInspector.ChangePropertyComplete
 0001:0000A0E8       TDebugInspector.ChangeStayOnTopState
 0001:0000A6F8       TDebugInspector.CloseWindowItemClick
 0001:0000A284       TDebugInspector.CMCompleteChangeProperty
 0001:0000A204       TDebugInspector.CMCompleteInspect
 0001:0000A23C       TDebugInspector.CMCompleteReplace
 0001:00008028       TDebugInspector.CMContinueInspect
 0001:0000845C       TDebugInspector.CMContinueUpdate
 0001:0000A298       TDebugInspector.CMPropertyError
 0001:00009CC4       TDebugInspector.CMUpdateInspector
 0001:00009EE8       TDebugInspector.CMUpdateInspector2
 0001:0000B598       TDebugInspector.DataPropListDragDrop
 0001:0000B5D8       TDebugInspector.DataPropListDragOver
 0001:00007954       TDebugInspector.DebugOptionsChanged
 0001:0000A020       TDebugInspector.DebugUpdate
 0001:00008524       TDebugInspector.DeferDebugResult
 0001:0000A738       TDebugInspector.DeleteDBKInspect
 0001:00007120       TDebugInspector.DescendItemClick
 0001:0000B4BC       TDebugInspector.EditAction
 0001:0000A790       TDebugInspector.EditDblClick
 0001:0000B2EC       TDebugInspector.FormClose
 0001:0000A670       TDebugInspector.FormCloseQuery
 0001:00006404       TDebugInspector.FormCreate
 0001:00006644       TDebugInspector.FormDestroy
 0001:0000A320       TDebugInspector.FormMouseDown
 0001:000094E4       TDebugInspector.GetActivePropFlag
 0001:000093B4       TDebugInspector.GetActivePropName
 0001:0000944C       TDebugInspector.GetActivePropValue
 0001:0000B58C       TDebugInspector.GetEditState
 0001:000085F0       TDebugInspector.GetItemProperty
 0001:000088B8       TDebugInspector.GetProperties
 0001:00009574       TDebugInspector.GetTabVisible
 0001:000075C0       TDebugInspector.GetTopinspector
 0001:00008120       TDebugInspector.InspectComplete
 0001:00009BFC       TDebugInspector.InstanceAccept
 0001:00009CA0       TDebugInspector.InstanceCancel
 0001:000098E4       TDebugInspector.InstanceDropDown
 0001:0000B5FC       TDebugInspector.IsBlankOrBad
 0001:0000A410       TDebugInspector.LoadWindowState
 0001:00006E40       TDebugInspector.LocalInspectItemClick
 0001:0000A698       TDebugInspector.LocalMenuItemClick
 0001:00006768       TDebugInspector.LocalPopupMenuPopup
 0001:0000A468       TDebugInspector.MarkDirty
 0001:00007428       TDebugInspector.NewExpressionItemClick
 0001:0000A8C8       TDebugInspector.PropListButtonClick
 0001:0000A7DC       TDebugInspector.PropListGetProperties
 0001:0000ADD4       TDebugInspector.PropListKeyDown
 0001:0000AB30       TDebugInspector.PropListUpdateDirtyData
 0001:0000A8AC       TDebugInspector.PropNCHitTest
 0001:0000A998       TDebugInspector.PropQueryButtonClick
 0001:000069F4       TDebugInspector.RangeItemClick
 0001:000081A4       TDebugInspector.RefreshInspectComplete
 0001:00009914       TDebugInspector.RefreshInstanceList
 0001:00007A48       TDebugInspector.ReplaceItem
 0001:000079A0       TDebugInspector.ReplaceItemForce
 0001:0000A3C8       TDebugInspector.SaveWindowState
 0001:0000A730       TDebugInspector.SelectItemClick
 0001:00008ED8       TDebugInspector.SetData
 0001:000081D4       TDebugInspector.SetDefaultItem
 0001:00009704       TDebugInspector.SetInstanceAddr
 0001:00009644       TDebugInspector.SetInstanceName
 0001:0000965C       TDebugInspector.SetInstanceType
 0001:0000795C       TDebugInspector.SetKernelOptions
 0001:00007C64       TDebugInspector.SetNewItemData
 0001:00008D9C       TDebugInspector.SetPosition
 0001:0000971C       TDebugInspector.SetTabVisible
 0001:0000B2F0       TDebugInspector.ShowFullyQualifiedNamesItemClick
 0001:00007424       TDebugInspector.ShowGetterPropsItemClick
 0001:0000734C       TDebugInspector.ShowInheritedItemClick
 0001:0000B3C4       TDebugInspector.SortByDeclarationOrderItemClick
 0001:0000A684       TDebugInspector.TabControlChanging
 0001:0000A4BC       TDebugInspector.TabControlClick
 0001:0000A068       TDebugInspector.ThreadListChanged
 0001:000098A4       TDebugInspector.TopPanelResize
 0001:00007448       TDebugInspector.TypeCastItemClick
 0001:000076A0       TDebugInspector.UpdateCaption
 0001:000099E4       TDebugInspector.UpdateInstanceLabel
 0001:00009AB8       TDebugInspector.UpdateInstanceList
 0001:0000822C       TDebugInspector.UpdateItem
 0001:0000AC24       TDebugInspector.UpdatePropItemData
 0001:000075EC       TDebugInspector.UpdateStatusBar
 0001:0000A164       TDebugInspector.WMNCLButtonDown
 0001:0000A19C       TDebugInspector.WMSizing
 0001:0000A6EC       TDebugInspector.ZoomWindowItemClick
 0001:000047DC       TDebugLogView.AddCommentItemClick
 0001:0000449C       TDebugLogView.ClearLogItemClick
 0001:000048B4       TDebugLogView.CloseWindowItemClick
 0001:000048C4       TDebugLogView.EditAction
 0001:00004378       TDebugLogView.FormCreate
 0001:00004624       TDebugLogView.FormResize
 0001:000048BC       TDebugLogView.FormShow
 0001:00004B24       TDebugLogView.GetEditState
 0001:00004B44       TDebugLogView.GetEvent
 0001:00004860       TDebugLogView.LocalMenuItemClick
 0001:0000440C       TDebugLogView.LogListChanged
 0001:00004738       TDebugLogView.LogListDrawCell
 0001:000045B0       TDebugLogView.LogPopupMenuPopup
 0001:0000460C       TDebugLogView.OptionsItemClick
 0001:000044BC       TDebugLogView.SaveLogItemClick
 0001:0004117C       TDefaultAttributeEditor.Execute
 0001:00041228       TDefaultAttributeEditor.GetValue
 0001:0004123C       TDefaultAttributeEditor.InvokeCodeCompletion
 0001:00041240       TDefaultAttributeEditor.RelativeMoveCaretPos
 0001:00014004       TDepOptDlg.AddBtnClick
 0001:000126B0       TDepOptDlg.AssociateBrowseButtons
 0001:00014418       TDepOptDlg.CredBrowseClick
 0001:00014984       TDepOptDlg.DeployDirChange
 0001:00014C34       TDepOptDlg.DeployDirComboBoxChange
 0001:00014D30       TDepOptDlg.DeployDirEnter
 0001:000149F0       TDepOptDlg.DeployURLChange
 0001:00014C88       TDepOptDlg.DeployURLComboBoxChange
 0001:00014E20       TDepOptDlg.DeployURLEnter
 0001:00014700       TDepOptDlg.DepOptPagesChange
 0001:0001270C       TDepOptDlg.EnableCodeSignSheet
 0001:00012894       TDepOptDlg.EnableFileSheet
 0001:00012A54       TDepOptDlg.EnablePackageSheet
 0001:00014594       TDepOptDlg.FileCabGroupClick
 0001:000142B4       TDepOptDlg.FileLBClick
 0001:00012BE4       TDepOptDlg.FileListUpdate
 0001:00012D18       TDepOptDlg.FillPackageAndFileLists
 0001:00012DF8       TDepOptDlg.FillRecordDefaults
 0001:00014570       TDepOptDlg.FormCloseQuery
 0001:00013B3C       TDepOptDlg.FormCreate
 0001:00013FDC       TDepOptDlg.FormDestroy
 0001:00012ECC       TDepOptDlg.GetCodeSignPage
 0001:00012FD4       TDepOptDlg.GetDeploymentData
 0001:0001481C       TDepOptDlg.HelpButtonClick
 0001:00013A14       TDepOptDlg.HtmlBrowseClick
 0001:00014CDC       TDepOptDlg.HtmlDirComboBoxChange
 0001:00014F10       TDepOptDlg.HtmlDirEnter
 0001:000144C4       TDepOptDlg.KeyBrowseClick
 0001:000145B0       TDepOptDlg.PackageLBClick
 0001:000130E8       TDepOptDlg.PackageListUpdate
 0001:00014578       TDepOptDlg.PackCabGroupClick
 0001:000141D0       TDepOptDlg.RemoveBtnClick
 0001:0001321C       TDepOptDlg.SetCodeSignPage
 0001:000132D4       TDepOptDlg.SetDeploymentData
 0001:0001491C       TDepOptDlg.TimeServerChange
 0001:00014834       TDepOptDlg.TimestampRadioClick
 0001:00014A5C       TDepOptDlg.UpdateFileListTargets
 0001:00013958       TDepOptDlg.UpdateLibrariesList
 0001:000133F8       TDepOptDlg.ValidatePath
 0001:000134D0       TDepOptDlg.VerifyDlg
 0001:00032880       TDispidSymbol.Create
 0001:0001D6F0       TDlgParameterFlags.DefaultValueChange
 0001:0001D660       TDlgParameterFlags.DefaultValueClick
 0001:0001D654       TDlgParameterFlags.FormCreate
 0001:0001D4B8       TDlgParameterFlags.GetFlags
 0001:0001D63C       TDlgParameterFlags.HelpButtonClick
 0001:0001D690       TDlgParameterFlags.InParamClick
 0001:0001D240       TDlgParameterFlags.IsRequiredCombination
 0001:0001D20C       TDlgParameterFlags.IsValidCombination
 0001:0001D6D8       TDlgParameterFlags.LCIDParamClick
 0001:0001D6F8       TDlgParameterFlags.OkButtonClick
 0001:0001D678       TDlgParameterFlags.OptParamClick
 0001:0001D6A8       TDlgParameterFlags.OutParamClick
 0001:0001D6C0       TDlgParameterFlags.RetValParamClick
 0001:0001D340       TDlgParameterFlags.SetFlags
 0001:0001D4C4       TDlgParameterFlags.WriteFlags
 0001:00036C64       TDTDAttribute.Destroy
 0001:00036C9C       TDTDAttribute.SetAttr
 0001:00036D3C       TDTDElement.EnterSymbol
 0001:00036D58       TDTDElement.LookupSymbol
 0001:00036CE4       TDTDEntity.AddValue
 0001:00036D28       TDTDEntity.GetValues
 0001:00036BD8       TDTDExprList.AddExpr
 0001:00036C1C       TDTDExprList.Assign
 0001:00036C50       TDTDExprList.GetExpr
 0001:0003401C       TDTDParser.ClearTable
 0001:00034074       TDTDParser.Create
 0001:000340C0       TDTDParser.CreateExpr
 0001:000340F0       TDTDParser.Destroy
 0001:00034128       TDTDParser.EnterSymbol
 0001:000341F8       TDTDParser.GetSymbol
 0001:00034204       TDTDParser.LoadFromFile
 0001:00034268       TDTDParser.LoadFromStream
 0001:00034284       TDTDParser.LookupSymbol
 0001:000342E8       TDTDParser.MakeSymArray
 0001:0003432C       TDTDParser.Parse
 0001:000344B0       TDTDParser.ParseAttList
 0001:0003460C       TDTDParser.ParseAttribute
 0001:000348A0       TDTDParser.ParseCharRefs
 0001:00034A00       TDTDParser.ParseDocument
 0001:00034CBC       TDTDParser.ParseElement
 0001:00034EF0       TDTDParser.ParseEntity
 0001:000351A8       TDTDParser.ParseError
 0001:00035254       TDTDParser.ParseErrorExpected
 0001:000352C8       TDTDParser.ParseExpr
 0001:000353A4       TDTDParser.ParseExprBody
 0001:00035510       TDTDParser.RemoveExpr
 0001:00036948       TDTDScanner.BeginIgnore
 0001:000355E0       TDTDScanner.ClearKeywordTable
 0001:00035610       TDTDScanner.Create
 0001:000356B8       TDTDScanner.Destroy
 0001:00036950       TDTDScanner.EndIgnore
 0001:000356E4       TDTDScanner.EndOfStream
 0001:000358F8       TDTDScanner.EnterKeywordSymbol
 0001:00035944       TDTDScanner.FillBuffer
 0001:00035AF4       TDTDScanner.GetToken
 0001:00036960       TDTDScanner.HandleEditors
 0001:000362F4       TDTDScanner.HandleGlobalComment
 0001:000363BC       TDTDScanner.HandleInlineComment
 0001:000366C0       TDTDScanner.HandleString
 0001:00036900       TDTDScanner.Ignore
 0001:00036460       TDTDScanner.LoadFromStream
 0001:0003647C       TDTDScanner.LookupKeywordSymbol
 0001:000364B8       TDTDScanner.ParseError
 0001:000357A8       TDTDScanner.PushIncludeFile
 0001:000364F8       TDTDScanner.PushParameterizedEntity
 0001:00035548       TDTDSymbol.Create
 0001:0003558C       TDTDSymbol.Destroy
 0001:000355C0       TDTDSymbol.GetExprList
 0002:00001110       TempFile
 0001:0004D994       TextClipped
 0001:00021948       TextToVerNums
 0002:00000270       TFlags
 0001:00010A68       TFPUWindow.Change
 0001:00010650       TFPUWindow.ChangeDisplayAs
 0001:00010D7C       TFPUWindow.ChangeRadix
 0001:000105B4       TFPUWindow.ChangeShowRegisters
 0001:00010D20       TFPUWindow.CloseWindowItemClick
 0001:000111E8       TFPUWindow.ControlFlagsViewHintShow
 0001:000101C4       TFPUWindow.DebugUpdate
 0001:00011490       TFPUWindow.EditAction
 0001:0000FE8C       TFPUWindow.FormCreate
 0001:00010008       TFPUWindow.FormDestroy
 0001:00010138       TFPUWindow.FormHide
 0001:000100A4       TFPUWindow.FormShow
 0001:000108BC       TFPUWindow.FPUChangeItemClick
 0001:00010414       TFPUWindow.FPUDisplayAsItemClick
 0001:0001083C       TFPUWindow.FPUEmptyItemClick
 0001:00010404       TFPUWindow.FPULongDoublesItemClick
 0001:00010D28       TFPUWindow.FPURadixItemClick
 0001:0001050C       TFPUWindow.FPUShowItemClick
 0001:00010760       TFPUWindow.FPUZeroItemClick
 0001:00011598       TFPUWindow.GetEditState
 0001:00010CAC       TFPUWindow.LeftPaneItemClick
 0001:00010E2C       TFPUWindow.LoadWindowState
 0001:00010C14       TFPUWindow.LocalMenuItemClick
 0001:0001035C       TFPUWindow.OptionsChanged
 0001:000103E8       TFPUWindow.ProcessTerminated
 0001:000108C4       TFPUWindow.RegisterChangeProcedure
 0001:00010BBC       TFPUWindow.RegisterPopupMenuPopup
 0001:00010CE0       TFPUWindow.RightPaneItemClick
 0001:000115DC       TFPUWindow.RunStepOverItemClick
 0001:00011600       TFPUWindow.RunTraceIntoItemClick
 0001:00010DB4       TFPUWindow.SaveWindowState
 0001:000115A4       TFPUWindow.StayOnTopItemClick
 0001:00010704       TFPUWindow.ToggleControlFlagItemClick
 0001:000106A8       TFPUWindow.ToggleStatusFlagItemClick
 0001:00010F08       TFPUWindow.UpdateCaption
 0001:00010D14       TFPUWindow.ZoomWindowItemClick
 0001:000535E0       TGuidList.Destroy
 0001:000589F0       TGuidList.Destroy
 0001:000408B4       THTMLAttribute.AddValue
 0001:000408D0       THTMLAttribute.Create
 0001:00040924       THTMLAttribute.Destroy
 0001:00040954       THTMLAttribute.FindSymbol
 0001:00040A00       THTMLAttribute.GetCount
 0001:00040A28       THTMLAttribute.GetFilter
 0001:00040A3C       THTMLAttribute.GetFixed
[...]
 0001:0004E394       TDebuggerLogOptionsPage.EnableDebugControls
 0001:0004E3EC       TDebuggerLogOptionsPage.DebuggerLogOptionsPageBroadcast
 0001:0004E64C       TDebuggerLogOptionsPage.cbUnlimitedClick
 0001:0004E670       Finalization
 0001:0004E6AC       DebuggerLogOptions
 0001:0004EB7C       NoSourceError
 0001:0004EB94       TResourceFormUpdaters.CanHandleFile
 0001:0004EC58       TResourceFormUpdaters.CreateFormUpdater
 0001:0004ECBC       TResourceFormUpdaters.CreateModuleUpdater
 0001:0004ED20       TResourceFormUpdater.Create
 0001:0004EDE8       TResourceFormUpdater.FindField
 0001:0004EDEC       TResourceFormUpdater.FindMethod
 0001:0004EDF4       TResourceFormUpdater.GetAncestorClassName
 0001:0004EE54       TResourceFormUpdater.GetAncestorForm
 0001:0004EEA4       TResourceFormUpdater.GetCompanionFileName
 0001:0004EEB0       TResourceFormUpdater.GetFieldType
 0001:0004EEBC       TResourceFormUpdater.GetFormClassName
 0001:0004EEE0       TResourceFormUpdater.GetFormName
 0001:0004EEF4       TResourceFormUpdater.GetIsEditable
 0001:0004EF04       TResourceFormUpdater.GetMethod
 0001:0004EF10       TResourceFormUpdater.GetModuleName
 0001:0004EF78       TResourceFormUpdater.GetModuleTab
 0001:0004EF8C       TResourceFormUpdater.HasCompanionFile
 0001:0004EF90       TResourceFormUpdater.HasForm
 0001:0004F028       TResourceFormUpdater.GetAdditionalFiles
 0001:0004F02C       TResourceFormUpdater.Imports
 0001:0004F030       TResourceFormUpdater.MethodExists
 0001:0004F034       TResourceFormUpdater.SourceIsValid
 0001:0004F038       TResourceFormUpdater.AddMethods
 0001:0004F078       TResourceFormUpdater.EnsureUnitsUsed
 0001:0004F07C       TResourceFormUpdater.FilterUsedUnits
 0001:0004F080       TResourceFormUpdater.GetFields
 0001:0004F084       TResourceFormUpdater.GetImportedForms
 0001:0004F08C       TResourceFormUpdater.GetMethods
 0001:0004F094       TResourceFormUpdater.GetUsedInterfaceUnits
 0001:0004F098       TResourceFormUpdater.GetUsedImplementationUnits
 0001:0004F09C       TResourceFormUpdater.GetUsedPackages
 0001:0004F0A0       TResourceFormUpdater.ImportUnit
 0001:0004F0A8       TResourceFormUpdater.InsertCall
 0001:0004F0B0       TResourceFormUpdater.InsertMethod
 0001:0004F0C8       TResourceFormUpdater.Modified
 0001:0004F0CC       TResourceFormUpdater.RemoveEmptyMethods
 0001:0004F0D0       TResourceFormUpdater.RenameComponent
 0001:0004F0EC       TResourceFormUpdater.RenameForm
 0001:0004F104       TResourceFormUpdater.RenameMethod
 0001:0004F11C       TResourceFormUpdater.SetAncestorClassName
 0001:0004F120       TResourceFormUpdater.SetFieldType
 0001:0004F138       TResourceFormUpdater.SetModuleName
 0001:0004F150       TResourceFormUpdater.ShowMethod
 0001:0004F168       TResourceFormUpdater.Validate
 0001:0004F16C       TResourceFormUpdater.ValidateFormEdit
 0001:0004F174       TResourceFormUpdater.IsResForm
 0001:0004F18C       TResourceFormUpdater.FindUsesEntry
 0001:0004F298       TResourceFormUpdater.ShowSource
 0001:0004F2B0       TResourceFormUpdater.GetReadOnly
 0001:0004F2B4       TResourceFormUpdater.ValidateIdent
 0001:0004F2BC       TResourceFormUpdater.ModuleClosed
 0001:0004F2C0       IDERegister
 0001:0004F338       TResourceFormUpdater.ClassHasGlobalVar
 0001:0004F33C       Finalization
 0001:0004F38C       ResFormMgr
 0001:0004F5E4       TTypeLibOptions.TypeLibOptionsBroadcast
 0001:0004F608       TTypeLibOptions.OverrideCheckClick
 0001:0004F6DC       Finalization
 0001:0004F72C       TypeLibraryOptionsPage
 0001:0004FE54       CoCatalog.Create
 0001:0004FEB8       CoCatalog.CreateRemote
 0001:0004FF38       CoCatalogObject.Create
 0001:0004FF9C       CoCatalogObject.CreateRemote
 0001:0005001C       CoCatalogCollection.Create
 0001:00050080       CoCatalogCollection.CreateRemote
 0001:00050100       CoComponentUtil.Create
 0001:00050164       CoComponentUtil.CreateRemote
 0001:000501E4       CoPackageUtil.Create
 0001:00050248       CoPackageUtil.CreateRemote
 0001:000502C8       CoRemoteComponentUtil.Create
 0001:0005032C       CoRemoteComponentUtil.CreateRemote
 0001:000503AC       CoRoleAssociationUtil.Create
 0001:00050410       CoRoleAssociationUtil.CreateRemote
 0001:00050490       Finalization
 0001:000504C0       MTSADMIN
 0001:00050550       Finalization
 0001:00050580       MtsConst
 0001:000508B4       TMtsPackageDlg.FormCreate
 0001:000508FC       TMtsPackageDlg.SetPackageList
 0001:00050918       TMtsPackageDlg.SetInstallMode
 0001:000509FC       TMtsPackageDlg.GetPackageName
 0001:00050A38       TMtsPackageDlg.SetPackageName
 0001:00050A70       TMtsPackageDlg.ValidatePackageName
 0001:00050B5C       TMtsPackageDlg.PopulatePackageNamesList
 0001:00050D88       TMtsPackageDlg.ExistingComboClick
 0001:00050D90       TMtsPackageDlg.ShowDescription
 0001:00050F34       TMtsPackageDlg.OKButtonClick
 0001:00051044       TMtsPackageDlg.ExistingComboChange
 0001:0005104C       TMtsPackageDlg.EnableButtons
 0001:000510A0       TMtsPackageDlg.PackageExists
 0001:000510C0       TMtsPackageDlg.PageControlChange
 0001:0005117C       TMtsPackageDlg.NewEditChange
 0001:00051184       TMtsPackageDlg.HelpButtonClick
 0001:0005119C       Finalization
 0001:000511CC       mtspack
 0001:00051AFC       CanInstallMTSObjects
 0001:00051BB4       HaveMTSInstallableObjects
 0001:00051C1C       PopulateComponentsInPackage
 0001:00051CB8       TMtsInstallDlg.FormCreate
 0001:00051DA0       TMtsInstallDlg.FormDestroy
 0001:00051DBC       GetComponentsOfProject
 0001:00051EC0       FindComponentsInPackages
 0001:00052454       TMtsInstallDlg.GetComponentLocations
 0001:000524A4       TMtsInstallDlg.PopulateComponentListView
 0001:0005251C       TMtsInstallDlg.UpdateComponentListItem
 0001:00052554       TMtsInstallDlg.MoveBtnClick
 0001:00052580       TMtsInstallDlg.GetNewPackage
 0001:00052708       TMtsInstallDlg.PackageNameOfComponents
 0001:000527A4       TMtsInstallDlg.OKButtonClick
 0001:000527AC       FindPackage
 0001:00052898       AddNewPackages
 0001:00052A90       FindComponentInPackageInternal
 0001:00052BBC       FindComponentInPackage
 0001:00052C14       FindComponentIndexInPackage
 0001:00052C7C       UninstallComponent
 0001:00052DB8       UninstallComponents
 0001:00052E08       InstallComponents
 0001:00053018       RestoreComponentState
 0001:000532B8       TMtsInstallDlg.Apply
 0001:000534E8       TMtsInstallDlg.GetComponentItem
 0001:00053510       TMtsInstallDlg.GetComponentItemOfItem
 0001:00053514       TMtsInstallDlg.EnableButtons
 0001:00053558       TMtsInstallDlg.ComponentListViewChange
 0001:000535D8       TMtsInstallDlg.ComponentListViewClick
 0001:000535E0       TGuidList.Destroy
 0001:00053630       TPackageList.Add
 0001:0005363C       TPackageList.GetItem
 0001:00053650       TPackageList.Find
 0001:00053694       TObjectList.Create
 0001:000536D8       TObjectList.Destroy
 0001:00053730       TObjectList.GetCount
 0001:00053738       TComponentList.Add
 0001:00053744       TComponentList.GetItem
 0001:00053758       TInterfaceItem.Create
 0001:00053794       TInterfaceItem.Destroy
 0001:000537B8       TComponentItem.Create
 0001:00053804       TComponentItem.Destroy
 0001:00053830       TComponentItem.SaveValues
 0001:00053968       TComponentItem.RestoreValues
 0001:00053AAC       TInterfaceList.Add
 0001:00053AB8       TInterfaceList.GetItem
 0001:00053ACC       TInterfaceList.SaveInterfaces
 0001:00053CF8       TInterfaceList.RestoreInterfaces
 0001:00053F5C       TRoleList.Add
 0001:00053F68       TRoleList.GetItem
 0001:00053F7C       TRoleList.SaveRoles
 0001:00054088       TRoleList.RestoreRoles
 0001:00054198       TMtsInstallDlg.HelpButtonClick
 0001:000541B0       Finalization
 0001:000541E0       mtsinst
 0001:000543A4       TMTSAutoObjectExpert.FormCreate
 0001:000543C4       TMTSAutoObjectExpert.GetThreadingModelName
 0001:000543F4       Finalization
 0001:00054424       MtsExpt
 0001:00054728       TNewMTSAutoObjectBase.CustomizeCoClass
 0001:00054734       TNewMTSAutoObjectBase.CanCreateObject
 0001:00054858       TNewMTSAutoObjectBase.ReadExpert
 0001:00054904       TNewMTSAutoObjectBase.ShowMTSAutoObjectExpert
 0001:00054A2C       TNewMTSAutoObject.ShowExpert
 0001:00054AA0       TNewMTSAutoObject.CreateObject
 0001:00054AFC       TNewMTSRemoteDataModule.ShowExpert
 0001:00054B70       TNewMTSRemoteDataModule.CanCreateObject
 0001:00054C48       TNewMTSRemoteDataModule.GetParentInterface
 0001:00054C70       TNewMTSRemoteDataModule.IsItemVisible
 0001:00054CA0       Finalization
 0001:00054CD0       MtsNew
 0001:00054E1C       TMtsCommands.RunMTSInstallCommandUpdate
 0001:00054E74       TMtsCommands.RunMTSInstallCommandExecute
 0001:00054E7C       TMtsCommands.MTSInstall
 0001:00054FE0       Finalization
 0001:00055010       MtsCmd
 0001:00055398       TCOMPLUSApplicationDlg.FormCreate
 0001:000553E8       TCOMPLUSApplicationDlg.SetApplicationList
 0001:00055404       TCOMPLUSApplicationDlg.SetInstallMode
 0001:000554E8       TCOMPLUSApplicationDlg.GetApplicationName
 0001:00055524       TCOMPLUSApplicationDlg.SetApplicationName
 0001:0005555C       TCOMPLUSApplicationDlg.ValidateApplicationName
 0001:00055648       TCOMPLUSApplicationDlg.PopulateApplicationNamesList
 0001:00055884       TCOMPLUSApplicationDlg.ExistingComboClick
 0001:0005588C       TCOMPLUSApplicationDlg.ShowDescription
 0001:00055A30       TCOMPLUSApplicationDlg.OKButtonClick
 0001:00055B40       TCOMPLUSApplicationDlg.ExistingComboChange
 0001:00055B48       TCOMPLUSApplicationDlg.EnableButtons
 0001:00055B9C       TCOMPLUSApplicationDlg.ApplicationExists
 0001:00055BBC       TCOMPLUSApplicationDlg.PageControlChange
 0001:00055C64       TCOMPLUSApplicationDlg.NewEditChange
 0001:00055C6C       TCOMPLUSApplicationDlg.HelpButtonClick
 0001:00055C84       Finalization
 0001:00055CB4       COMPLUSPack
 0001:000566AC       CanInstallCOMPLUSObjects
 0001:0005676C       HaveCOMPLUSInstallableObjects
 0001:000567D8       PopulateComponentsInApplication
 0001:00056850       TCOMPLUSInstallDlg.FormCreate
 0001:00056938       TCOMPLUSInstallDlg.FormDestroy
 0001:00056954       GetComponentsOfProject
 0001:00056A5C       FindComponentsInApplications
 0001:00056FE0       TCOMPLUSInstallDlg.GetComponentLocations
 0001:00057030       TCOMPLUSInstallDlg.PopulateComponentListView
 0001:000570A8       TCOMPLUSInstallDlg.UpdateComponentListItem
 0001:000570E0       TCOMPLUSInstallDlg.MoveBtnClick
 0001:0005710C       TCOMPLUSInstallDlg.GetNewApplication
 0001:00057294       TCOMPLUSInstallDlg.ApplicationNameOfComponents
 0001:00057330       TCOMPLUSInstallDlg.OKButtonClick
 0001:00057338       FindApplication
 0001:00057424       AddNewApplications
 0001:0005761C       GetCoClassInfo
 0001:000576F0       UpdateDefaultComponentSettingsInApplication
 0001:00057E98       FindComponentInApplicationInternal
 0001:00057FC4       FindComponentInApplication
 0001:0005801C       FindComponentIndexInApplication
 0001:00058084       UninstallComponent
 0001:000581B0       UninstallComponents
 0001:00058200       InstallComponents
 0001:00058438       RestoreComponentState
 0001:000586B8       TCOMPLUSInstallDlg.Apply
 0001:000588F8       TCOMPLUSInstallDlg.GetComponentItem
 0001:00058920       TCOMPLUSInstallDlg.GetComponentItemOfItem
 0001:00058924       TCOMPLUSInstallDlg.EnableButtons
 0001:00058968       TCOMPLUSInstallDlg.ComponentListViewChange
 0001:000589E8       TCOMPLUSInstallDlg.ComponentListViewClick
 0001:000589F0       TGuidList.Destroy
 0001:00058A40       TApplicationList.Add
 0001:00058A4C       TApplicationList.GetItem
 0001:00058A60       TApplicationList.Find
 0001:00058AA4       TObjectList.Create
 0001:00058AE8       TObjectList.Destroy
 0001:00058B40       TObjectList.GetCount
 0001:00058B48       TComponentList.Add
 0001:00058B54       TComponentList.GetItem
 0001:00058B68       TInterfaceItem.Create
 0001:00058BA4       TInterfaceItem.Destroy
 0001:00058BC8       TComponentItem.Create
 0001:00058C14       TComponentItem.Destroy
 0001:00058C40       TComponentItem.SaveValues
 0001:0005932C       TComponentItem.RestoreValues
 0001:00059A68       TInterfaceList.Add
 0001:00059A74       TInterfaceList.GetItem
 0001:00059A88       TInterfaceList.SaveInterfaces
 0001:00059C94       TInterfaceList.RestoreInterfaces
 0001:00059ED8       TRoleList.Add
 0001:00059EE4       TRoleList.GetItem
 0001:00059EF8       TRoleList.SaveRoles
 0001:00059F20       TRoleList.RestoreRoles
 0001:00059F48       TCOMPLUSInstallDlg.HelpButtonClick
 0001:00059F60       Finalization
 0001:00059F90       complusinst
 0001:0005A0F8       TCOMPLUSCommands.RunCOMPLUSInstallCommandUpdate
 0001:0005A144       TCOMPLUSCommands.RunCOMPLUSInstallCommandExecute
 0001:0005A14C       TCOMPLUSCommands.COMPLUSInstall
 0001:0005A27C       Finalization
 0001:0005A2AC       compluscmd
 0001:0005A5D4       TComPlusEventExpert.ceoOkClick
 0001:0005A6C4       TComPlusEventExpert.ceoCancelClick
 0001:0005A6D0       TComPlusEventExpert.FormCreate
 0001:0005A7EC       TComPlusEventExpert.ClassNameChange
 0001:0005A8F0       TComPlusEventExpert.ClassNameKeyDown
 0001:0005A948       TComPlusEventExpert.FormKeyDown
 0001:0005A95C       TComPlusEventExpert.ceoHelpClick
 0001:0005A974       Finalization
 0001:0005A9A4       ComPlusEventExp
 0001:0005AAEC       TNewComPlusEventBase.Selected
 0001:0005AB04       TNewComPlusEventBase.GetInfo
 0001:0005AB68       TNewComPlusEventBase.ShowExpert
 0001:0005ABA0       TNewComPlusEventBase.ReadExpert
 0001:0005AC30       TNewComPlusEventBase.GetUnitCreator
 0001:0005AC34       TNewComPlusEventBase.CreateObject
 0001:0005ADAC       TNewComPlusEventBase.VerifyValidDLL
 0001:0005AEA0       Finalization
 0001:0005AED0       ComPlusEventBase
 0001:0005BAC8       @GetPackageInfoTable
 0001:0005BAD0       @PackageLoad
 0001:0005BADC       @PackageUnload
 0001:0005BAE8       proide
 0002:00000000       Module
 0002:00000018       TlsProc
 0002:00000028       CharValue
 0002:00000128       CharClass
 0002:00000228       CFileHandlers
 0002:0000022C       EnabledColors
 0002:00000234       EnabledPages
 0002:00000238       Destinations
 0002:0000023C       PathDelims
 0002:00000240       CaptionStrs
 0002:00000248       ProjTitles
 0002:00000250       ModExt
 0002:00000258       ProjTitles
 0002:00000260       GetDTLWriterClass
 0002:00000264       GetCORBADTLWriterClass
 0002:00000268       TypeLibFileHandler
 0002:0000026C       TypeLibFormhandler
 0002:00000270       TFlags
 0002:00000288       LIBID_COMAdmin
 0002:00000298       IID_ICOMAdminCatalog
 0002:000002A8       CLASS_COMAdminCatalog
 0002:000002B8       IID_ICatalogObject
 0002:000002C8       CLASS_COMAdminCatalogObject
 0002:000002D8       IID_ICatalogCollection
 0002:000002E8       CLASS_COMAdminCatalogCollection
 0002:000002F8       CServerData
 0002:00000334       CServerData
 0002:00000370       CServerData
 0002:000003AC       TypeDescVoid
 0002:000003B4       TypeDescHResult
 0002:000003BC       TTypeCodeToVarType
 0002:0000040C       TTypeCodeToString
 0002:000004AC       bComma
 0002:000004B4       bSpace
 0002:000004BC       ExcludeMethods
 0002:000005EC       ExcludeProperties
 0002:000006BC       ExcludeEvents
 0002:000006C4       StockProperties
 0002:0000073C       AxSourceText
 0002:00000740       AxSources
 0002:0000074C       cExprFirstSet
 0002:00000750       cClassItem
 0002:00000758       AcceptLiteral
 0002:00000778       cCanvasColor
 0002:0000077C       cWebColors
 0002:000007FC       HTMLKibitzIndex
 0002:00000800       Status
 0002:00000808       ToDoList
 0002:0000080C       ToDoManagerCreators
 0002:00000810       Titles
 0002:00000828       Alignments
 0002:00000830       Widths
 0002:00000848       Names
 0002:00000860       AlignTag
 0002:0000086C       VAlignTag
 0002:0000087C       Captions
 0002:00000888       Captions
 0002:00000894       DefWidths
 0002:000008A8       CheckedStr
 0002:000008B0       CheckIdx
 0002:000008C0       CursorType
 0002:000008C4       LIBID_MTSAdmin
 0002:000008D4       Class_Catalog
 0002:000008E4       Class_CatalogObject
 0002:000008F4       Class_CatalogCollection
 0002:00000904       Class_ComponentUtil
 0002:00000914       Class_PackageUtil
 0002:00000924       Class_RemoteComponentUtil
 0002:00000934       Class_RoleAssociationUtil
 0002:00001000       ModuleIsLib
 0002:00001001       ModuleIsPackage
 0002:00001004       TlsIndex
 0002:0000100C       HInstance
 0002:00001010       .1
 0002:00001014       tlsBuffer
 0002:00001018       .3
 0002:0000101C       .1
 0002:00001020       .1
 0002:00001024       .1
 0002:00001028       .1
 0002:0000102C       .1
 0002:00001030       .1
 0002:00001034       .1
 0002:00001038       .1
 0002:0000103C       .3
 0002:00001040       .1
 0002:00001044       .1
 0002:00001048       .1
 0002:0000104C       .2
 0002:00001050       .2
 0002:00001054       .2
 0002:00001058       .2
 0002:0000105C       .4
 0002:00001060       .6
 0002:00001064       .5
 0002:00001068       ToDoCreateUpdaters
 0002:0000106C       ToDoContainerCreator
 0002:00001070       .5
 0002:00001074       .2
 0002:00001078       .2
 0002:0000107C       .2
 0002:00001080       .2
 0002:00001084       .2
 0002:00001088       IntfSelWizard
 0002:0000108C       FormResizeWidth
 0002:00001090       .4
 0002:00001094       .2
 0002:00001098       .2
 0002:0000109C       CanSwapTlibEditLanguage
 0002:000010A0       .3
 0002:000010A4       .2
 0002:000010A8       .7
 0002:000010AC       .3
 0002:000010B0       CF_TYPEOBJECT
 0002:000010B4       MinHeight
 0002:000010B8       ComponentExcludes
 0002:000010BC       AncestorExcludes
 0002:000010C0       .71
 0002:000010C4       PropertyExcludes
 0002:000010C8       MethodExcludes
 0002:000010CC       EventExcludes
 0002:000010D0       PropertyDispids
 0002:000010D4       SaveRegNonActiveX
 0002:000010D8       .2
 0002:000010DC       .51
 0002:000010E0       .1
 0002:000010E4       FTagManager
 0002:000010E8       .2
 0002:000010EC       ProductStartup
 0002:000010F0       AddToDoItemForm
 0002:000010F4       .2
 0002:000010F8       .7
 0002:000010FC       .4
 0002:00001100       ToDoParseThread
 0002:00001104       TableOptionsDlg
 0002:00001108       Table
 0002:0000110C       .4
 0002:00001110       TempFile
 0002:000012DC       .2
 0002:000012E0       .2
 0002:000012E4       .2
 0002:000012E8       .3
 0002:000012EC       StubMethod
 0002:000012F0       CreateUpdater
 0002:000012F4       SKU
 0002:000012F8       .2
 0002:000012FC       .8
 0002:00001300       .1
 0002:00001304       .2
 0002:00001308       .21
 0002:0000130C       MTSAutoObjectExpert
 0002:00001310       .2
 0002:00001314       .4
 0002:00001318       .2
 0002:0000131C       .2
 0002:00001320       .21
 0002:00001324       .2
 0002:00001328       .2
 0002:0000132C       .2


Bound resource files

DebugLogOptDlg.dfm
DbgLog.dfm
Range.dfm
DbgInsp.dfm
LocalVars.dfm
FpuView.dfm
DepOpt.dfm
AxCtlExp.dfm
BaseComExpt.dfm
AutoExpt.dfm
ASPExpt.dfm
SelIntfWiz.DFM
ComExpt.DFM
TlbIface.dfm
TlbFlags.dfm
TlibEdit.dfm
AxGen.res
AttachDlg.dfm
ProCmd.dfm
IDEToDoAddDlg.dfm
IDEToDoTable.dfm
IDEToDoFilter.dfm
IDEToDoForm.dfm
DebuggerLogOptions.dfm
TypeLibraryOptionsPage.dfm
c:\bcb\mts\mtspack.dfm
c:\bcb\mts\mtsinst.dfm
c:\bcb\mts\MtsExpt.dfm
c:\bcb\mts\mtsnew.res
c:\bcb\mts\MtsCmd.dfm
c:\bcb\mts\COMPLUSPack.dfm
c:\bcb\mts\complusinst.dfm
c:\bcb\mts\compluscmd.dfm
ComPlusEventExp.dfm
proide.res
C:\DOCUME~1\~storm\LOCALS~1\Temp\dtf719F.tmp


Program entry point at 0001:0005BAE8
